[0.005s][info][nmt] NMT initialized: off
[0.005s][info][nmt] Preinit state: 
[0.005s][info][nmt] entries: 532 (primary: 527, empties: 7392), sum bytes: 15073, longest chain length: 2
[0.005s][info][nmt] pre-init mallocs: 545, pre-init reallocs: 1, pre-init frees: 13
[0.005s][info][nmt] 
[0.005s][debug][os ] Initial active processor count set to 16
[0.005s][trace][gc,heap]   Maximum heap size 8589934592
[0.005s][trace][gc,heap]   Initial heap size 536870912
[0.005s][trace][gc,heap]   Minimum heap size 6815736
[0.005s][trace][gc     ] MarkStackSize: 4096k  MarkStackSizeMax: 524288k
[0.005s][info ][metaspace] Initialized with strategy: balanced reclaim.
[0.005s][info ][metaspace]  - commit_granule_bytes: 65536.
[0.005s][info ][metaspace]  - commit_granule_words: 8192.
[0.005s][info ][metaspace]  - virtual_space_node_default_size: 8388608.
[0.005s][info ][metaspace]  - enlarge_chunks_in_place: 1.
[0.005s][info ][metaspace]  - new_chunks_are_fully_committed: 0.
[0.005s][info ][metaspace]  - uncommit_free_chunks: 1.
[0.005s][info ][metaspace]  - use_allocation_guard: 0.
[0.005s][info ][metaspace]  - handle_deallocations: 1.
[0.005s][info ][os       ] Use of CLOCK_MONOTONIC is supported
[0.005s][info ][os       ] Use of pthread_condattr_setclock is not supported
[0.005s][info ][os       ] Relative timed-wait using pthread_cond_timedwait is associated with the default clock
[0.005s][info ][os       ] SafePoint Polling address, bad (protected) page:0x0000000106f98000, good (unprotected) page:0x0000000106f99000
[0.005s][debug][perf,memops] PerfDataMemorySize = 32768, os::vm_allocation_granularity = 4096, adjusted size = 32768
[0.008s][info ][perf,memops] Trying to open /var/folders/x2/xr3jk0010ng7pggryjq94tq1mbq0f6/T//hsperfdata_vnfedorova/5225
[0.009s][info ][perf,memops] Successfully opened
[0.009s][debug][perf,memops] PerfMemory created: address = 0x0000000106f9a000, size = 32768
[0.009s][info ][os,thread  ] Thread attached (tid: 10243, pthread id: 123145542668288, stack: 0x000070000e539000 - 0x000070000e439000 (1024K) ).
[0.009s][debug][os,thread  ] Thread 10243 stack guard pages activated: 0x000070000e439000-0x000070000e43d000.
[0.009s][debug][perf,datacreation] name = sun.rt._sync_Inflations, dtype = 11, variability = 2, units = 4, dsize = 8, vlen = 0, pad_length = 4, size = 56, on_c_heap = FALSE, address = 0x0000000106f9a020, data address = 0x0000000106f9a050
[0.009s][debug][perf,datacreation] name = sun.rt._sync_Deflations, dtype = 11, variability = 2, units = 4, dsize = 8, vlen = 0, pad_length = 4, size = 56, on_c_heap = FALSE, address = 0x0000000106f9a058, data address = 0x0000000106f9a088
[0.009s][debug][perf,datacreation] name = sun.rt._sync_ContendedLockAttempts, dtype = 11, variability = 2, units = 4, dsize = 8, vlen = 0, pad_length = 1, size = 64, on_c_heap = FALSE, address = 0x0000000106f9a090, data address = 0x0000000106f9a0c8
[0.009s][debug][perf,datacreation] name = sun.rt._sync_FutileWakeups, dtype = 11, variability = 2, units = 4, dsize = 8, vlen = 0, pad_length = 1, size = 56, on_c_heap = FALSE, address = 0x0000000106f9a0d0, data address = 0x0000000106f9a100
[0.009s][debug][perf,datacreation] name = sun.rt._sync_Parks, dtype = 11, variability = 2, units = 4, dsize = 8, vlen = 0, pad_length = 1, size = 48, on_c_heap = FALSE, address = 0x0000000106f9a108, data address = 0x0000000106f9a130
[0.009s][debug][perf,datacreation] name = sun.rt._sync_Notifications, dtype = 11, variability = 2, units = 4, dsize = 8, vlen = 0, pad_length = 1, size = 56, on_c_heap = FALSE, address = 0x0000000106f9a138, data address = 0x0000000106f9a168
[0.009s][debug][perf,datacreation] name = sun.rt._sync_MonExtant, dtype = 11, variability = 3, units = 4, dsize = 8, vlen = 0, pad_length = 5, size = 56, on_c_heap = FALSE, address = 0x0000000106f9a170, data address = 0x0000000106f9a1a0
[0.009s][debug][perf,datacreation] name = sun.rt.createVmBeginTime, dtype = 11, variability = 3, units = 1, dsize = 8, vlen = 0, pad_length = 3, size = 56, on_c_heap = FALSE, address = 0x0000000106f9a1a8, data address = 0x0000000106f9a1d8
[0.009s][debug][perf,datacreation] name = sun.rt.createVmEndTime, dtype = 11, variability = 3, units = 1, dsize = 8, vlen = 0, pad_length = 5, size = 56, on_c_heap = FALSE, address = 0x0000000106f9a1e0, data address = 0x0000000106f9a210
[0.010s][debug][perf,datacreation] name = sun.rt.vmInitDoneTime, dtype = 11, variability = 3, units = 1, dsize = 8, vlen = 0, pad_length = 6, size = 56, on_c_heap = FALSE, address = 0x0000000106f9a218, data address = 0x0000000106f9a248
[0.010s][debug][perf,datacreation] name = java.threads.started, dtype = 11, variability = 2, units = 4, dsize = 8, vlen = 0, pad_length = 7, size = 56, on_c_heap = FALSE, address = 0x0000000106f9a250, data address = 0x0000000106f9a280
[0.010s][debug][perf,datacreation] name = java.threads.live, dtype = 11, variability = 3, units = 1, dsize = 8, vlen = 0, pad_length = 2, size = 48, on_c_heap = FALSE, address = 0x0000000106f9a288, data address = 0x0000000106f9a2b0
[0.010s][debug][perf,datacreation] name = java.threads.livePeak, dtype = 11, variability = 3, units = 1, dsize = 8, vlen = 0, pad_length = 6, size = 56, on_c_heap = FALSE, address = 0x0000000106f9a2b8, data address = 0x0000000106f9a2e8
[0.010s][debug][perf,datacreation] name = java.threads.daemon, dtype = 11, variability = 3, units = 1, dsize = 8, vlen = 0, pad_length = 0, size = 48, on_c_heap = FALSE, address = 0x0000000106f9a2f0, data address = 0x0000000106f9a318
[0.010s][debug][perf,datacreation] name = sun.rt.safepointSyncTime, dtype = 11, variability = 2, units = 3, dsize = 8, vlen = 0, pad_length = 3, size = 56, on_c_heap = FALSE, address = 0x0000000106f9a320, data address = 0x0000000106f9a350
[0.010s][debug][perf,datacreation] name = sun.rt.safepoints, dtype = 11, variability = 2, units = 4, dsize = 8, vlen = 0, pad_length = 2, size = 48, on_c_heap = FALSE, address = 0x0000000106f9a358, data address = 0x0000000106f9a380
[0.010s][debug][perf,datacreation] name = sun.rt.safepointTime, dtype = 11, variability = 2, units = 3, dsize = 8, vlen = 0, pad_length = 7, size = 56, on_c_heap = FALSE, address = 0x0000000106f9a388, data address = 0x0000000106f9a3b8
[0.010s][debug][perf,datacreation] name = sun.rt.applicationTime, dtype = 11, variability = 2, units = 3, dsize = 8, vlen = 0, pad_length = 5, size = 56, on_c_heap = FALSE, address = 0x0000000106f9a3c0, data address = 0x0000000106f9a3f0
[0.010s][debug][perf,datacreation] name = sun.rt.jvmVersion, dtype = 11, variability = 1, units = 1, dsize = 8, vlen = 0, pad_length = 2, size = 48, on_c_heap = FALSE, address = 0x0000000106f9a3f8, data address = 0x0000000106f9a420
[0.010s][debug][perf,datacreation] name = sun.rt.jvmCapabilities, dtype = 8, variability = 1, units = 5, dsize = 1, vlen = 65, pad_length = 0, size = 112, on_c_heap = FALSE, address = 0x0000000106f9a428, data address = 0x0000000106f9a453
[0.010s][debug][perf,datacreation] name = java.cls.loadedClasses, dtype = 11, variability = 2, units = 4, dsize = 8, vlen = 0, pad_length = 5, size = 56, on_c_heap = FALSE, address = 0x0000000106f9a498, data address = 0x0000000106f9a4c8
[0.010s][debug][perf,datacreation] name = java.cls.unloadedClasses, dtype = 11, variability = 2, units = 4, dsize = 8, vlen = 0, pad_length = 3, size = 56, on_c_heap = FALSE, address = 0x0000000106f9a4d0, data address = 0x0000000106f9a500
[0.010s][debug][perf,datacreation] name = java.cls.sharedLoadedClasses, dtype = 11, variability = 2, units = 4, dsize = 8, vlen = 0, pad_length = 7, size = 64, on_c_heap = FALSE, address = 0x0000000106f9a508, data address = 0x0000000106f9a540
[0.010s][debug][perf,datacreation] name = java.cls.sharedUnloadedClasses, dtype = 11, variability = 2, units = 4, dsize = 8, vlen = 0, pad_length = 5, size = 64, on_c_heap = FALSE, address = 0x0000000106f9a548, data address = 0x0000000106f9a580
[0.010s][debug][perf,datacreation] name = sun.cls.loadedBytes, dtype = 11, variability = 2, units = 2, dsize = 8, vlen = 0, pad_length = 0, size = 48, on_c_heap = FALSE, address = 0x0000000106f9a588, data address = 0x0000000106f9a5b0
[0.010s][debug][perf,datacreation] name = sun.cls.unloadedBytes, dtype = 11, variability = 2, units = 2, dsize = 8, vlen = 0, pad_length = 6, size = 56, on_c_heap = FALSE, address = 0x0000000106f9a5b8, data address = 0x0000000106f9a5e8
[0.010s][debug][perf,datacreation] name = sun.cls.sharedLoadedBytes, dtype = 11, variability = 2, units = 2, dsize = 8, vlen = 0, pad_length = 2, size = 56, on_c_heap = FALSE, address = 0x0000000106f9a5f0, data address = 0x0000000106f9a620
[0.010s][debug][perf,datacreation] name = sun.cls.sharedUnloadedBytes, dtype = 11, variability = 2, units = 2, dsize = 8, vlen = 0, pad_length = 0, size = 56, on_c_heap = FALSE, address = 0x0000000106f9a628, data address = 0x0000000106f9a658
[0.010s][debug][perf,datacreation] name = sun.cls.methodBytes, dtype = 11, variability = 3, units = 2, dsize = 8, vlen = 0, pad_length = 0, size = 48, on_c_heap = FALSE, address = 0x0000000106f9a660, data address = 0x0000000106f9a688
[0.010s][debug][perf,datacreation] name = sun.cls.time, dtype = 11, variability = 2, units = 3, dsize = 8, vlen = 0, pad_length = 7, size = 48, on_c_heap = FALSE, address = 0x0000000106f9a690, data address = 0x0000000106f9a6b8
[0.010s][debug][perf,datacreation] name = sun.cls.classInitTime, dtype = 11, variability = 2, units = 3, dsize = 8, vlen = 0, pad_length = 6, size = 56, on_c_heap = FALSE, address = 0x0000000106f9a6c0, data address = 0x0000000106f9a6f0
[0.010s][debug][perf,datacreation] name = sun.cls.classInitTime.self, dtype = 11, variability = 2, units = 3, dsize = 8, vlen = 0, pad_length = 1, size = 56, on_c_heap = FALSE, address = 0x0000000106f9a6f8, data address = 0x0000000106f9a728
[0.010s][debug][perf,datacreation] name = sun.cls.classVerifyTime, dtype = 11, variability = 2, units = 3, dsize = 8, vlen = 0, pad_length = 4, size = 56, on_c_heap = FALSE, address = 0x0000000106f9a730, data address = 0x0000000106f9a760
[0.010s][debug][perf,datacreation] name = sun.cls.classVerifyTime.self, dtype = 11, variability = 2, units = 3, dsize = 8, vlen = 0, pad_length = 7, size = 64, on_c_heap = FALSE, address = 0x0000000106f9a768, data address = 0x0000000106f9a7a0
[0.010s][debug][perf,datacreation] name = sun.cls.classLinkedTime, dtype = 11, variability = 2, units = 3, dsize = 8, vlen = 0, pad_length = 4, size = 56, on_c_heap = FALSE, address = 0x0000000106f9a7a8, data address = 0x0000000106f9a7d8
[0.010s][debug][perf,datacreation] name = sun.cls.classLinkedTime.self, dtype = 11, variability = 2, units = 3, dsize = 8, vlen = 0, pad_length = 7, size = 64, on_c_heap = FALSE, address = 0x0000000106f9a7e0, data address = 0x0000000106f9a818
[0.010s][debug][perf,datacreation] name = sun.cls.initializedClasses, dtype = 11, variability = 2, units = 4, dsize = 8, vlen = 0, pad_length = 1, size = 56, on_c_heap = FALSE, address = 0x0000000106f9a820, data address = 0x0000000106f9a850
[0.010s][debug][perf,datacreation] name = sun.cls.linkedClasses, dtype = 11, variability = 2, units = 4, dsize = 8, vlen = 0, pad_length = 6, size = 56, on_c_heap = FALSE, address = 0x0000000106f9a858, data address = 0x0000000106f9a888
[0.010s][debug][perf,datacreation] name = sun.cls.verifiedClasses, dtype = 11, variability = 2, units = 4, dsize = 8, vlen = 0, pad_length = 4, size = 56, on_c_heap = FALSE, address = 0x0000000106f9a890, data address = 0x0000000106f9a8c0
[0.010s][debug][perf,datacreation] name = sun.cls.lookupSysClassTime, dtype = 11, variability = 2, units = 3, dsize = 8, vlen = 0, pad_length = 1, size = 56, on_c_heap = FALSE, address = 0x0000000106f9a8c8, data address = 0x0000000106f9a8f8
[0.010s][debug][perf,datacreation] name = sun.cls.sharedClassLoadTime, dtype = 11, variability = 2, units = 3, dsize = 8, vlen = 0, pad_length = 0, size = 56, on_c_heap = FALSE, address = 0x0000000106f9a900, data address = 0x0000000106f9a930
[0.010s][debug][perf,datacreation] name = sun.cls.sysClassLoadTime, dtype = 11, variability = 2, units = 3, dsize = 8, vlen = 0, pad_length = 3, size = 56, on_c_heap = FALSE, address = 0x0000000106f9a938, data address = 0x0000000106f9a968
[0.010s][debug][perf,datacreation] name = sun.cls.appClassLoadTime, dtype = 11, variability = 2, units = 3, dsize = 8, vlen = 0, pad_length = 3, size = 56, on_c_heap = FALSE, address = 0x0000000106f9a970, data address = 0x0000000106f9a9a0
[0.010s][debug][perf,datacreation] name = sun.cls.appClassLoadTime.self, dtype = 11, variability = 2, units = 3, dsize = 8, vlen = 0, pad_length = 6, size = 64, on_c_heap = FALSE, address = 0x0000000106f9a9a8, data address = 0x0000000106f9a9e0
[0.010s][debug][perf,datacreation] name = sun.cls.appClassLoadCount, dtype = 11, variability = 2, units = 4, dsize = 8, vlen = 0, pad_length = 2, size = 56, on_c_heap = FALSE, address = 0x0000000106f9a9e8, data address = 0x0000000106f9aa18
[0.010s][debug][perf,datacreation] name = sun.cls.defineAppClasses, dtype = 11, variability = 2, units = 3, dsize = 8, vlen = 0, pad_length = 3, size = 56, on_c_heap = FALSE, address = 0x0000000106f9aa20, data address = 0x0000000106f9aa50
[0.010s][debug][perf,datacreation] name = sun.cls.defineAppClassTime, dtype = 11, variability = 2, units = 3, dsize = 8, vlen = 0, pad_length = 1, size = 56, on_c_heap = FALSE, address = 0x0000000106f9aa58, data address = 0x0000000106f9aa88
[0.010s][debug][perf,datacreation] name = sun.cls.defineAppClassTime.self, dtype = 11, variability = 2, units = 3, dsize = 8, vlen = 0, pad_length = 4, size = 64, on_c_heap = FALSE, address = 0x0000000106f9aa90, data address = 0x0000000106f9aac8
[0.010s][debug][perf,datacreation] name = sun.cls.appClassBytes, dtype = 11, variability = 2, units = 2, dsize = 8, vlen = 0, pad_length = 6, size = 56, on_c_heap = FALSE, address = 0x0000000106f9aad0, data address = 0x0000000106f9ab00
[0.010s][debug][perf,datacreation] name = sun.cls.sysClassBytes, dtype = 11, variability = 2, units = 2, dsize = 8, vlen = 0, pad_length = 6, size = 56, on_c_heap = FALSE, address = 0x0000000106f9ab08, data address = 0x0000000106f9ab38
[0.010s][debug][perf,datacreation] name = sun.cls.unsafeDefineClassCalls, dtype = 11, variability = 2, units = 4, dsize = 8, vlen = 0, pad_length = 5, size = 64, on_c_heap = FALSE, address = 0x0000000106f9ab40, data address = 0x0000000106f9ab78
[0.010s][info ][os               ] attempting shared library load of /Users/vnfedorova/Library/Java/JavaVirtualMachines/jbr-17.0.11/Contents/Home/lib/libjava.dylib
[0.013s][info ][os               ] shared library load of /Users/vnfedorova/Library/Java/JavaVirtualMachines/jbr-17.0.11/Contents/Home/lib/libjava.dylib was successful
[0.013s][info ][class,path       ] bootstrap loader class path=/Users/vnfedorova/Library/Java/JavaVirtualMachines/jbr-17.0.11/Contents/Home/lib/modules
[0.013s][info ][pagesize         ] CodeHeap 'non-nmethods':  min=2496K max=7428K base=0x00000001143de000 page_size=4K size=7428K
[0.013s][info ][pagesize         ] CodeHeap 'profiled nmethods':  min=2496K max=119164K base=0x000000010cf7f000 page_size=4K size=119164K
[0.013s][info ][pagesize         ] CodeHeap 'non-profiled nmethods':  min=2496K max=119168K base=0x0000000114b1f000 page_size=4K size=119168K
[0.013s][info ][os,cpu           ] CPU: total 16 (initial active 16) (8 cores per cpu, 2 threads per core) family 6 model 158 stepping 13 microcode 0xfa, cx8, cmov, fxsr, ht, mmx, 3dnowpref, sse, sse2, sse3, ssse3, sse4.1, sse4.2, popcnt, lzcnt, tsc, tscinvbit, avx, avx2, aes, erms, clmul, bmi1, bmi2, adx, fma, vzeroupper, clflush, clflushopt
[0.013s][info ][os,cpu           ] machdep.cpu.brand_string:Intel(R) Core(TM) i9-9880H CPU @ 2.30GHz
[0.013s][info ][os,cpu           ] hw.cpufrequency:2300000000
[0.013s][info ][os,cpu           ] hw.cpufrequency_min:2300000000
[0.013s][info ][os,cpu           ] hw.cpufrequency_max:2300000000
[0.013s][info ][os,cpu           ] hw.cachelinesize:64
[0.013s][info ][os,cpu           ] hw.l1icachesize:32768
[0.013s][info ][os,cpu           ] hw.l1dcachesize:32768
[0.013s][info ][os,cpu           ] hw.l2cachesize:262144
[0.013s][info ][os,cpu           ] hw.l3cachesize:16777216
[0.014s][info ][startuptime      ] StubRoutines generation 1, 0.0003326 secs
[0.014s][debug][gc,heap          ] Minimum heap 8388608  Initial heap 536870912  Maximum heap 8589934592
[0.014s][debug][perf,datacreation] name = sun.gc.cause, dtype = 8, variability = 3, units = 5, dsize = 1, vlen = 81, pad_length = 0, size = 120, on_c_heap = FALSE, address = 0x0000000106f9ab80, data address = 0x0000000106f9aba1
[0.014s][debug][perf,datacreation] name = sun.gc.lastCause, dtype = 8, variability = 3, units = 5, dsize = 1, vlen = 81, pad_length = 0, size = 120, on_c_heap = FALSE, address = 0x0000000106f9abf8, data address = 0x0000000106f9ac1d
[0.014s][debug][perf,datacreation] name = sun.gc.policy.name, dtype = 8, variability = 1, units = 5, dsize = 1, vlen = 13, pad_length = 0, size = 56, on_c_heap = FALSE, address = 0x0000000106f9ac70, data address = 0x0000000106f9ac97
[0.014s][debug][perf,datacreation] name = sun.gc.policy.collectors, dtype = 11, variability = 1, units = 1, dsize = 8, vlen = 0, pad_length = 3, size = 56, on_c_heap = FALSE, address = 0x0000000106f9aca8, data address = 0x0000000106f9acd8
[0.014s][debug][perf,datacreation] name = sun.gc.policy.generations, dtype = 11, variability = 1, units = 1, dsize = 8, vlen = 0, pad_length = 2, size = 56, on_c_heap = FALSE, address = 0x0000000106f9ace0, data address = 0x0000000106f9ad10
[0.014s][debug][perf,datacreation] name = sun.gc.policy.maxTenuringThreshold, dtype = 11, variability = 1, units = 1, dsize = 8, vlen = 0, pad_length = 1, size = 64, on_c_heap = FALSE, address = 0x0000000106f9ad18, data address = 0x0000000106f9ad50
[0.014s][debug][perf,datacreation] name = sun.gc.policy.tenuringThreshold, dtype = 11, variability = 3, units = 1, dsize = 8, vlen = 0, pad_length = 4, size = 64, on_c_heap = FALSE, address = 0x0000000106f9ad58, data address = 0x0000000106f9ad90
[0.014s][debug][perf,datacreation] name = sun.gc.policy.desiredSurvivorSize, dtype = 11, variability = 3, units = 2, dsize = 8, vlen = 0, pad_length = 2, size = 64, on_c_heap = FALSE, address = 0x0000000106f9ad98, data address = 0x0000000106f9add0
[0.014s][debug][perf,datacreation] name = sun.gc.policy.gcTimeLimitExceeded, dtype = 11, variability = 3, units = 4, dsize = 8, vlen = 0, pad_length = 2, size = 64, on_c_heap = FALSE, address = 0x0000000106f9add8, data address = 0x0000000106f9ae10
[0.014s][debug][perf,datacreation] name = sun.gc.generation.0.agetable.bytes.00, dtype = 11, variability = 3, units = 2, dsize = 8, vlen = 0, pad_length = 6, size = 72, on_c_heap = FALSE, address = 0x0000000106f9ae18, data address = 0x0000000106f9ae58
[0.014s][debug][perf,datacreation] name = sun.gc.generation.0.agetable.bytes.01, dtype = 11, variability = 3, units = 2, dsize = 8, vlen = 0, pad_length = 6, size = 72, on_c_heap = FALSE, address = 0x0000000106f9ae60, data address = 0x0000000106f9aea0
[0.014s][debug][perf,datacreation] name = sun.gc.generation.0.agetable.bytes.02, dtype = 11, variability = 3, units = 2, dsize = 8, vlen = 0, pad_length = 6, size = 72, on_c_heap = FALSE, address = 0x0000000106f9aea8, data address = 0x0000000106f9aee8
[0.014s][debug][perf,datacreation] name = sun.gc.generation.0.agetable.bytes.03, dtype = 11, variability = 3, units = 2, dsize = 8, vlen = 0, pad_length = 6, size = 72, on_c_heap = FALSE, address = 0x0000000106f9aef0, data address = 0x0000000106f9af30
[0.014s][debug][perf,datacreation] name = sun.gc.generation.0.agetable.bytes.04, dtype = 11, variability = 3, units = 2, dsize = 8, vlen = 0, pad_length = 6, size = 72, on_c_heap = FALSE, address = 0x0000000106f9af38, data address = 0x0000000106f9af78
[0.014s][debug][perf,datacreation] name = sun.gc.generation.0.agetable.bytes.05, dtype = 11, variability = 3, units = 2, dsize = 8, vlen = 0, pad_length = 6, size = 72, on_c_heap = FALSE, address = 0x0000000106f9af80, data address = 0x0000000106f9afc0
[0.014s][debug][perf,datacreation] name = sun.gc.generation.0.agetable.bytes.06, dtype = 11, variability = 3, units = 2, dsize = 8, vlen = 0, pad_length = 6, size = 72, on_c_heap = FALSE, address = 0x0000000106f9afc8, data address = 0x0000000106f9b008
[0.014s][debug][perf,datacreation] name = sun.gc.generation.0.agetable.bytes.07, dtype = 11, variability = 3, units = 2, dsize = 8, vlen = 0, pad_length = 6, size = 72, on_c_heap = FALSE, address = 0x0000000106f9b010, data address = 0x0000000106f9b050
[0.014s][debug][perf,datacreation] name = sun.gc.generation.0.agetable.bytes.08, dtype = 11, variability = 3, units = 2, dsize = 8, vlen = 0, pad_length = 6, size = 72, on_c_heap = FALSE, address = 0x0000000106f9b058, data address = 0x0000000106f9b098
[0.014s][debug][perf,datacreation] name = sun.gc.generation.0.agetable.bytes.09, dtype = 11, variability = 3, units = 2, dsize = 8, vlen = 0, pad_length = 6, size = 72, on_c_heap = FALSE, address = 0x0000000106f9b0a0, data address = 0x0000000106f9b0e0
[0.014s][debug][perf,datacreation] name = sun.gc.generation.0.agetable.bytes.10, dtype = 11, variability = 3, units = 2, dsize = 8, vlen = 0, pad_length = 6, size = 72, on_c_heap = FALSE, address = 0x0000000106f9b0e8, data address = 0x0000000106f9b128
[0.014s][debug][perf,datacreation] name = sun.gc.generation.0.agetable.bytes.11, dtype = 11, variability = 3, units = 2, dsize = 8, vlen = 0, pad_length = 6, size = 72, on_c_heap = FALSE, address = 0x0000000106f9b130, data address = 0x0000000106f9b170
[0.014s][debug][perf,datacreation] name = sun.gc.generation.0.agetable.bytes.12, dtype = 11, variability = 3, units = 2, dsize = 8, vlen = 0, pad_length = 6, size = 72, on_c_heap = FALSE, address = 0x0000000106f9b178, data address = 0x0000000106f9b1b8
[0.014s][debug][perf,datacreation] name = sun.gc.generation.0.agetable.bytes.13, dtype = 11, variability = 3, units = 2, dsize = 8, vlen = 0, pad_length = 6, size = 72, on_c_heap = FALSE, address = 0x0000000106f9b1c0, data address = 0x0000000106f9b200
[0.014s][debug][perf,datacreation] name = sun.gc.generation.0.agetable.bytes.14, dtype = 11, variability = 3, units = 2, dsize = 8, vlen = 0, pad_length = 6, size = 72, on_c_heap = FALSE, address = 0x0000000106f9b208, data address = 0x0000000106f9b248
[0.014s][debug][perf,datacreation] name = sun.gc.generation.0.agetable.bytes.15, dtype = 11, variability = 3, units = 2, dsize = 8, vlen = 0, pad_length = 6, size = 72, on_c_heap = FALSE, address = 0x0000000106f9b250, data address = 0x0000000106f9b290
[0.014s][debug][perf,datacreation] name = sun.gc.generation.0.agetable.size, dtype = 11, variability = 1, units = 1, dsize = 8, vlen = 0, pad_length = 2, size = 64, on_c_heap = FALSE, address = 0x0000000106f9b298, data address = 0x0000000106f9b2d0
[0.014s][info ][gc               ] Using G1
[0.014s][trace][gc,heap,coops    ] Trying to allocate at address 0x0000000600000000 heap of size 0x200000000
[0.014s][debug][gc,heap,coops    ] Heap address: 0x0000000600000000, size: 8192 MB, Compressed Oops mode: Zero based, Oop shift amount: 3
[0.014s][info ][pagesize         ] Heap:  min=8M max=8G base=0x0000000600000000 page_size=4K size=8G
[0.014s][info ][pagesize         ] Block Offset Table: req_size=16M base=0x0000000107541000 page_size=4K alignment=4K size=16M
[0.014s][info ][pagesize         ] Card Table: req_size=16M base=0x000000011bf7f000 page_size=4K alignment=4K size=16M
[0.014s][info ][pagesize         ] Card Counts Table: req_size=16M base=0x000000011cf7f000 page_size=4K alignment=4K size=16M
[0.014s][info ][pagesize         ] Prev Bitmap: req_size=128M base=0x000000011df7f000 page_size=4K alignment=4K size=128M
[0.014s][info ][pagesize         ] Next Bitmap: req_size=128M base=0x0000000125f7f000 page_size=4K alignment=4K size=128M
[0.014s][trace][gc,barrier       ] G1CardTable::G1CardTable: 
[0.014s][trace][gc,barrier       ]     &_byte_map[0]: 0x000000011bf7f000  &_byte_map[_last_valid_index]: 0x000000011cf7efff
[0.014s][trace][gc,barrier       ]     _byte_map_base: 0x0000000118f7f000
[0.014s][trace][gc,bot           ] G1BlockOffsetTable::G1BlockOffsetTable: 
[0.014s][trace][gc,bot           ]     rs.base(): 0x0000000107541000  rs.size(): 16777216  rs end(): 0x0000000108541000
[0.015s][info ][os,thread        ] Thread "GC Thread#0" started (pthread id: 123145543729152, attributes: stacksize: 1024k, guardsize: 4k, detached). 
[0.015s][trace][gc,task          ] WorkerManager::add_workers() : created_workers: 1
[0.015s][trace][gc,task          ] Adding initial GC Thread(s) previously created workers 0 active workers 1 total created workers 1
[0.015s][info ][os,thread        ] Thread is alive (tid: 13827, pthread id: 123145543729152).
[0.015s][debug][os,thread        ] Thread 13827 stack dimensions: 0x000070000e53c000-0x000070000e63c000 (1024k).
[0.015s][info ][os,thread        ] Thread "G1 high.skill.girl.learns.jvm.main.Main Marker" started (pthread id: 123145544790016, attributes: stacksize: 1024k, guardsize: 4k, detached).
[0.015s][debug][gc               ] ConcGCThreads: 3 offset 29
[0.015s][debug][gc               ] ParallelGCThreads: 13
[0.015s][info ][os,thread        ] Thread is alive (tid: 14339, pthread id: 123145544790016).
[0.015s][debug][os,thread        ] Thread 14339 stack dimensions: 0x000070000e63f000-0x000070000e73f000 (1024k).
[0.015s][info ][os,thread        ] Thread "G1 Conc#0" started (pthread id: 123145545850880, attributes: stacksize: 1024k, guardsize: 4k, detached). 
[0.015s][trace][gc,task          ] WorkerManager::add_workers() : created_workers: 1
[0.015s][trace][gc,task          ] Adding initial G1 Conc(s) previously created workers 0 active workers 1 total created workers 1
[0.015s][debug][gc               ] Initialize mark stack with 4096 chunks, maximum 524288
[0.015s][info ][os,thread        ] Thread is alive (tid: 16387, pthread id: 123145545850880).
[0.015s][debug][gc,ergo,heap     ] Expand the heap. requested expansion amount: 536870912B expansion amount: 536870912B
[0.015s][debug][os,thread        ] Thread 16387 stack dimensions: 0x000070000e742000-0x000070000e842000 (1024k).
[0.016s][trace][gc,region        ] G1HR COMMIT(FREE) [0x0000000600000000, 0x0000000600000000, 0x0000000600400000]
[0.016s][trace][gc,region        ] G1HR COMMIT(FREE) [0x0000000600400000, 0x0000000600400000, 0x0000000600800000]
[0.016s][trace][gc,region        ] G1HR COMMIT(FREE) [0x0000000600800000, 0x0000000600800000, 0x0000000600c00000]
[0.016s][trace][gc,region        ] G1HR COMMIT(FREE) [0x0000000600c00000, 0x0000000600c00000, 0x0000000601000000]
[0.016s][trace][gc,region        ] G1HR COMMIT(FREE) [0x0000000601000000, 0x0000000601000000, 0x0000000601400000]
[0.016s][trace][gc,region        ] G1HR COMMIT(FREE) [0x0000000601400000, 0x0000000601400000, 0x0000000601800000]
[0.016s][trace][gc,region        ] G1HR COMMIT(FREE) [0x0000000601800000, 0x0000000601800000, 0x0000000601c00000]
[0.016s][trace][gc,region        ] G1HR COMMIT(FREE) [0x0000000601c00000, 0x0000000601c00000, 0x0000000602000000]
[0.016s][trace][gc,region        ] G1HR COMMIT(FREE) [0x0000000602000000, 0x0000000602000000, 0x0000000602400000]
[0.016s][trace][gc,region        ] G1HR COMMIT(FREE) [0x0000000602400000, 0x0000000602400000, 0x0000000602800000]
[0.016s][trace][gc,region        ] G1HR COMMIT(FREE) [0x0000000602800000, 0x0000000602800000, 0x0000000602c00000]
[0.016s][trace][gc,region        ] G1HR COMMIT(FREE) [0x0000000602c00000, 0x0000000602c00000, 0x0000000603000000]
[0.016s][trace][gc,region        ] G1HR COMMIT(FREE) [0x0000000603000000, 0x0000000603000000, 0x0000000603400000]
[0.016s][trace][gc,region        ] G1HR COMMIT(FREE) [0x0000000603400000, 0x0000000603400000, 0x0000000603800000]
[0.016s][trace][gc,region        ] G1HR COMMIT(FREE) [0x0000000603800000, 0x0000000603800000, 0x0000000603c00000]
[0.016s][trace][gc,region        ] G1HR COMMIT(FREE) [0x0000000603c00000, 0x0000000603c00000, 0x0000000604000000]
[0.016s][trace][gc,region        ] G1HR COMMIT(FREE) [0x0000000604000000, 0x0000000604000000, 0x0000000604400000]
[0.016s][trace][gc,region        ] G1HR COMMIT(FREE) [0x0000000604400000, 0x0000000604400000, 0x0000000604800000]
[0.016s][trace][gc,region        ] G1HR COMMIT(FREE) [0x0000000604800000, 0x0000000604800000, 0x0000000604c00000]
[0.016s][trace][gc,region        ] G1HR COMMIT(FREE) [0x0000000604c00000, 0x0000000604c00000, 0x0000000605000000]
[0.016s][trace][gc,region        ] G1HR COMMIT(FREE) [0x0000000605000000, 0x0000000605000000, 0x0000000605400000]
[0.016s][trace][gc,region        ] G1HR COMMIT(FREE) [0x0000000605400000, 0x0000000605400000, 0x0000000605800000]
[0.016s][trace][gc,region        ] G1HR COMMIT(FREE) [0x0000000605800000, 0x0000000605800000, 0x0000000605c00000]
[0.016s][trace][gc,region        ] G1HR COMMIT(FREE) [0x0000000605c00000, 0x0000000605c00000, 0x0000000606000000]
[0.016s][trace][gc,region        ] G1HR COMMIT(FREE) [0x0000000606000000, 0x0000000606000000, 0x0000000606400000]
[0.016s][trace][gc,region        ] G1HR COMMIT(FREE) [0x0000000606400000, 0x0000000606400000, 0x0000000606800000]
[0.016s][trace][gc,region        ] G1HR COMMIT(FREE) [0x0000000606800000, 0x0000000606800000, 0x0000000606c00000]
[0.016s][trace][gc,region        ] G1HR COMMIT(FREE) [0x0000000606c00000, 0x0000000606c00000, 0x0000000607000000]
[0.016s][trace][gc,region        ] G1HR COMMIT(FREE) [0x0000000607000000, 0x0000000607000000, 0x0000000607400000]
[0.016s][trace][gc,region        ] G1HR COMMIT(FREE) [0x0000000607400000, 0x0000000607400000, 0x0000000607800000]
[0.016s][trace][gc,region        ] G1HR COMMIT(FREE) [0x0000000607800000, 0x0000000607800000, 0x0000000607c00000]
[0.016s][trace][gc,region        ] G1HR COMMIT(FREE) [0x0000000607c00000, 0x0000000607c00000, 0x0000000608000000]
[0.016s][trace][gc,region        ] G1HR COMMIT(FREE) [0x0000000608000000, 0x0000000608000000, 0x0000000608400000]
[0.016s][trace][gc,region        ] G1HR COMMIT(FREE) [0x0000000608400000, 0x0000000608400000, 0x0000000608800000]
[0.016s][trace][gc,region        ] G1HR COMMIT(FREE) [0x0000000608800000, 0x0000000608800000, 0x0000000608c00000]
[0.016s][trace][gc,region        ] G1HR COMMIT(FREE) [0x0000000608c00000, 0x0000000608c00000, 0x0000000609000000]
[0.016s][trace][gc,region        ] G1HR COMMIT(FREE) [0x0000000609000000, 0x0000000609000000, 0x0000000609400000]
[0.016s][trace][gc,region        ] G1HR COMMIT(FREE) [0x0000000609400000, 0x0000000609400000, 0x0000000609800000]
[0.016s][trace][gc,region        ] G1HR COMMIT(FREE) [0x0000000609800000, 0x0000000609800000, 0x0000000609c00000]
[0.016s][trace][gc,region        ] G1HR COMMIT(FREE) [0x0000000609c00000, 0x0000000609c00000, 0x000000060a000000]
[0.016s][trace][gc,region        ] G1HR COMMIT(FREE) [0x000000060a000000, 0x000000060a000000, 0x000000060a400000]
[0.017s][trace][gc,region        ] G1HR COMMIT(FREE) [0x000000060a400000, 0x000000060a400000, 0x000000060a800000]
[0.017s][trace][gc,region        ] G1HR COMMIT(FREE) [0x000000060a800000, 0x000000060a800000, 0x000000060ac00000]
[0.017s][trace][gc,region        ] G1HR COMMIT(FREE) [0x000000060ac00000, 0x000000060ac00000, 0x000000060b000000]
[0.017s][trace][gc,region        ] G1HR COMMIT(FREE) [0x000000060b000000, 0x000000060b000000, 0x000000060b400000]
[0.017s][trace][gc,region        ] G1HR COMMIT(FREE) [0x000000060b400000, 0x000000060b400000, 0x000000060b800000]
[0.017s][trace][gc,region        ] G1HR COMMIT(FREE) [0x000000060b800000, 0x000000060b800000, 0x000000060bc00000]
[0.017s][trace][gc,region        ] G1HR COMMIT(FREE) [0x000000060bc00000, 0x000000060bc00000, 0x000000060c000000]
[0.017s][trace][gc,region        ] G1HR COMMIT(FREE) [0x000000060c000000, 0x000000060c000000, 0x000000060c400000]
[0.017s][trace][gc,region        ] G1HR COMMIT(FREE) [0x000000060c400000, 0x000000060c400000, 0x000000060c800000]
[0.017s][trace][gc,region        ] G1HR COMMIT(FREE) [0x000000060c800000, 0x000000060c800000, 0x000000060cc00000]
[0.017s][trace][gc,region        ] G1HR COMMIT(FREE) [0x000000060cc00000, 0x000000060cc00000, 0x000000060d000000]
[0.017s][trace][gc,region        ] G1HR COMMIT(FREE) [0x000000060d000000, 0x000000060d000000, 0x000000060d400000]
[0.017s][trace][gc,region        ] G1HR COMMIT(FREE) [0x000000060d400000, 0x000000060d400000, 0x000000060d800000]
[0.017s][trace][gc,region        ] G1HR COMMIT(FREE) [0x000000060d800000, 0x000000060d800000, 0x000000060dc00000]
[0.017s][trace][gc,region        ] G1HR COMMIT(FREE) [0x000000060dc00000, 0x000000060dc00000, 0x000000060e000000]
[0.017s][trace][gc,region        ] G1HR COMMIT(FREE) [0x000000060e000000, 0x000000060e000000, 0x000000060e400000]
[0.017s][trace][gc,region        ] G1HR COMMIT(FREE) [0x000000060e400000, 0x000000060e400000, 0x000000060e800000]
[0.017s][trace][gc,region        ] G1HR COMMIT(FREE) [0x000000060e800000, 0x000000060e800000, 0x000000060ec00000]
[0.017s][trace][gc,region        ] G1HR COMMIT(FREE) [0x000000060ec00000, 0x000000060ec00000, 0x000000060f000000]
[0.017s][trace][gc,region        ] G1HR COMMIT(FREE) [0x000000060f000000, 0x000000060f000000, 0x000000060f400000]
[0.017s][trace][gc,region        ] G1HR COMMIT(FREE) [0x000000060f400000, 0x000000060f400000, 0x000000060f800000]
[0.017s][trace][gc,region        ] G1HR COMMIT(FREE) [0x000000060f800000, 0x000000060f800000, 0x000000060fc00000]
[0.017s][trace][gc,region        ] G1HR COMMIT(FREE) [0x000000060fc00000, 0x000000060fc00000, 0x0000000610000000]
[0.017s][trace][gc,region        ] G1HR COMMIT(FREE) [0x0000000610000000, 0x0000000610000000, 0x0000000610400000]
[0.017s][trace][gc,region        ] G1HR COMMIT(FREE) [0x0000000610400000, 0x0000000610400000, 0x0000000610800000]
[0.017s][trace][gc,region        ] G1HR COMMIT(FREE) [0x0000000610800000, 0x0000000610800000, 0x0000000610c00000]
[0.017s][trace][gc,region        ] G1HR COMMIT(FREE) [0x0000000610c00000, 0x0000000610c00000, 0x0000000611000000]
[0.017s][trace][gc,region        ] G1HR COMMIT(FREE) [0x0000000611000000, 0x0000000611000000, 0x0000000611400000]
[0.017s][trace][gc,region        ] G1HR COMMIT(FREE) [0x0000000611400000, 0x0000000611400000, 0x0000000611800000]
[0.017s][trace][gc,region        ] G1HR COMMIT(FREE) [0x0000000611800000, 0x0000000611800000, 0x0000000611c00000]
[0.017s][trace][gc,region        ] G1HR COMMIT(FREE) [0x0000000611c00000, 0x0000000611c00000, 0x0000000612000000]
[0.017s][trace][gc,region        ] G1HR COMMIT(FREE) [0x0000000612000000, 0x0000000612000000, 0x0000000612400000]
[0.017s][trace][gc,region        ] G1HR COMMIT(FREE) [0x0000000612400000, 0x0000000612400000, 0x0000000612800000]
[0.017s][trace][gc,region        ] G1HR COMMIT(FREE) [0x0000000612800000, 0x0000000612800000, 0x0000000612c00000]
[0.017s][trace][gc,region        ] G1HR COMMIT(FREE) [0x0000000612c00000, 0x0000000612c00000, 0x0000000613000000]
[0.017s][trace][gc,region        ] G1HR COMMIT(FREE) [0x0000000613000000, 0x0000000613000000, 0x0000000613400000]
[0.017s][trace][gc,region        ] G1HR COMMIT(FREE) [0x0000000613400000, 0x0000000613400000, 0x0000000613800000]
[0.017s][trace][gc,region        ] G1HR COMMIT(FREE) [0x0000000613800000, 0x0000000613800000, 0x0000000613c00000]
[0.017s][trace][gc,region        ] G1HR COMMIT(FREE) [0x0000000613c00000, 0x0000000613c00000, 0x0000000614000000]
[0.017s][trace][gc,region        ] G1HR COMMIT(FREE) [0x0000000614000000, 0x0000000614000000, 0x0000000614400000]
[0.017s][trace][gc,region        ] G1HR COMMIT(FREE) [0x0000000614400000, 0x0000000614400000, 0x0000000614800000]
[0.017s][trace][gc,region        ] G1HR COMMIT(FREE) [0x0000000614800000, 0x0000000614800000, 0x0000000614c00000]
[0.017s][trace][gc,region        ] G1HR COMMIT(FREE) [0x0000000614c00000, 0x0000000614c00000, 0x0000000615000000]
[0.017s][trace][gc,region        ] G1HR COMMIT(FREE) [0x0000000615000000, 0x0000000615000000, 0x0000000615400000]
[0.017s][trace][gc,region        ] G1HR COMMIT(FREE) [0x0000000615400000, 0x0000000615400000, 0x0000000615800000]
[0.017s][trace][gc,region        ] G1HR COMMIT(FREE) [0x0000000615800000, 0x0000000615800000, 0x0000000615c00000]
[0.017s][trace][gc,region        ] G1HR COMMIT(FREE) [0x0000000615c00000, 0x0000000615c00000, 0x0000000616000000]
[0.017s][trace][gc,region        ] G1HR COMMIT(FREE) [0x0000000616000000, 0x0000000616000000, 0x0000000616400000]
[0.017s][trace][gc,region        ] G1HR COMMIT(FREE) [0x0000000616400000, 0x0000000616400000, 0x0000000616800000]
[0.017s][trace][gc,region        ] G1HR COMMIT(FREE) [0x0000000616800000, 0x0000000616800000, 0x0000000616c00000]
[0.017s][trace][gc,region        ] G1HR COMMIT(FREE) [0x0000000616c00000, 0x0000000616c00000, 0x0000000617000000]
[0.017s][trace][gc,region        ] G1HR COMMIT(FREE) [0x0000000617000000, 0x0000000617000000, 0x0000000617400000]
[0.017s][trace][gc,region        ] G1HR COMMIT(FREE) [0x0000000617400000, 0x0000000617400000, 0x0000000617800000]
[0.017s][trace][gc,region        ] G1HR COMMIT(FREE) [0x0000000617800000, 0x0000000617800000, 0x0000000617c00000]
[0.017s][trace][gc,region        ] G1HR COMMIT(FREE) [0x0000000617c00000, 0x0000000617c00000, 0x0000000618000000]
[0.017s][trace][gc,region        ] G1HR COMMIT(FREE) [0x0000000618000000, 0x0000000618000000, 0x0000000618400000]
[0.018s][trace][gc,region        ] G1HR COMMIT(FREE) [0x0000000618400000, 0x0000000618400000, 0x0000000618800000]
[0.018s][trace][gc,region        ] G1HR COMMIT(FREE) [0x0000000618800000, 0x0000000618800000, 0x0000000618c00000]
[0.018s][trace][gc,region        ] G1HR COMMIT(FREE) [0x0000000618c00000, 0x0000000618c00000, 0x0000000619000000]
[0.018s][trace][gc,region        ] G1HR COMMIT(FREE) [0x0000000619000000, 0x0000000619000000, 0x0000000619400000]
[0.018s][trace][gc,region        ] G1HR COMMIT(FREE) [0x0000000619400000, 0x0000000619400000, 0x0000000619800000]
[0.018s][trace][gc,region        ] G1HR COMMIT(FREE) [0x0000000619800000, 0x0000000619800000, 0x0000000619c00000]
[0.018s][trace][gc,region        ] G1HR COMMIT(FREE) [0x0000000619c00000, 0x0000000619c00000, 0x000000061a000000]
[0.018s][trace][gc,region        ] G1HR COMMIT(FREE) [0x000000061a000000, 0x000000061a000000, 0x000000061a400000]
[0.018s][trace][gc,region        ] G1HR COMMIT(FREE) [0x000000061a400000, 0x000000061a400000, 0x000000061a800000]
[0.018s][trace][gc,region        ] G1HR COMMIT(FREE) [0x000000061a800000, 0x000000061a800000, 0x000000061ac00000]
[0.018s][trace][gc,region        ] G1HR COMMIT(FREE) [0x000000061ac00000, 0x000000061ac00000, 0x000000061b000000]
[0.018s][trace][gc,region        ] G1HR COMMIT(FREE) [0x000000061b000000, 0x000000061b000000, 0x000000061b400000]
[0.018s][trace][gc,region        ] G1HR COMMIT(FREE) [0x000000061b400000, 0x000000061b400000, 0x000000061b800000]
[0.018s][trace][gc,region        ] G1HR COMMIT(FREE) [0x000000061b800000, 0x000000061b800000, 0x000000061bc00000]
[0.018s][trace][gc,region        ] G1HR COMMIT(FREE) [0x000000061bc00000, 0x000000061bc00000, 0x000000061c000000]
[0.018s][trace][gc,region        ] G1HR COMMIT(FREE) [0x000000061c000000, 0x000000061c000000, 0x000000061c400000]
[0.018s][trace][gc,region        ] G1HR COMMIT(FREE) [0x000000061c400000, 0x000000061c400000, 0x000000061c800000]
[0.018s][trace][gc,region        ] G1HR COMMIT(FREE) [0x000000061c800000, 0x000000061c800000, 0x000000061cc00000]
[0.018s][trace][gc,region        ] G1HR COMMIT(FREE) [0x000000061cc00000, 0x000000061cc00000, 0x000000061d000000]
[0.018s][trace][gc,region        ] G1HR COMMIT(FREE) [0x000000061d000000, 0x000000061d000000, 0x000000061d400000]
[0.018s][trace][gc,region        ] G1HR COMMIT(FREE) [0x000000061d400000, 0x000000061d400000, 0x000000061d800000]
[0.018s][trace][gc,region        ] G1HR COMMIT(FREE) [0x000000061d800000, 0x000000061d800000, 0x000000061dc00000]
[0.018s][trace][gc,region        ] G1HR COMMIT(FREE) [0x000000061dc00000, 0x000000061dc00000, 0x000000061e000000]
[0.018s][trace][gc,region        ] G1HR COMMIT(FREE) [0x000000061e000000, 0x000000061e000000, 0x000000061e400000]
[0.018s][trace][gc,region        ] G1HR COMMIT(FREE) [0x000000061e400000, 0x000000061e400000, 0x000000061e800000]
[0.018s][trace][gc,region        ] G1HR COMMIT(FREE) [0x000000061e800000, 0x000000061e800000, 0x000000061ec00000]
[0.018s][trace][gc,region        ] G1HR COMMIT(FREE) [0x000000061ec00000, 0x000000061ec00000, 0x000000061f000000]
[0.018s][trace][gc,region        ] G1HR COMMIT(FREE) [0x000000061f000000, 0x000000061f000000, 0x000000061f400000]
[0.018s][trace][gc,region        ] G1HR COMMIT(FREE) [0x000000061f400000, 0x000000061f400000, 0x000000061f800000]
[0.018s][trace][gc,region        ] G1HR COMMIT(FREE) [0x000000061f800000, 0x000000061f800000, 0x000000061fc00000]
[0.018s][trace][gc,region        ] G1HR COMMIT(FREE) [0x000000061fc00000, 0x000000061fc00000, 0x0000000620000000]
[0.018s][debug][gc,heap,region   ] Activate regions [0, 128)
[0.018s][trace][gc,region        ] G1HR ACTIVE(FREE) [0x0000000600000000, 0x0000000600000000, 0x0000000600400000]
[0.018s][trace][gc,region        ] G1HR ACTIVE(FREE) [0x0000000600400000, 0x0000000600400000, 0x0000000600800000]
[0.018s][trace][gc,region        ] G1HR ACTIVE(FREE) [0x0000000600800000, 0x0000000600800000, 0x0000000600c00000]
[0.018s][trace][gc,region        ] G1HR ACTIVE(FREE) [0x0000000600c00000, 0x0000000600c00000, 0x0000000601000000]
[0.018s][trace][gc,region        ] G1HR ACTIVE(FREE) [0x0000000601000000, 0x0000000601000000, 0x0000000601400000]
[0.018s][trace][gc,region        ] G1HR ACTIVE(FREE) [0x0000000601400000, 0x0000000601400000, 0x0000000601800000]
[0.018s][trace][gc,region        ] G1HR ACTIVE(FREE) [0x0000000601800000, 0x0000000601800000, 0x0000000601c00000]
[0.018s][trace][gc,region        ] G1HR ACTIVE(FREE) [0x0000000601c00000, 0x0000000601c00000, 0x0000000602000000]
[0.018s][trace][gc,region        ] G1HR ACTIVE(FREE) [0x0000000602000000, 0x0000000602000000, 0x0000000602400000]
[0.018s][trace][gc,region        ] G1HR ACTIVE(FREE) [0x0000000602400000, 0x0000000602400000, 0x0000000602800000]
[0.018s][trace][gc,region        ] G1HR ACTIVE(FREE) [0x0000000602800000, 0x0000000602800000, 0x0000000602c00000]
[0.018s][trace][gc,region        ] G1HR ACTIVE(FREE) [0x0000000602c00000, 0x0000000602c00000, 0x0000000603000000]
[0.018s][trace][gc,region        ] G1HR ACTIVE(FREE) [0x0000000603000000, 0x0000000603000000, 0x0000000603400000]
[0.018s][trace][gc,region        ] G1HR ACTIVE(FREE) [0x0000000603400000, 0x0000000603400000, 0x0000000603800000]
[0.018s][trace][gc,region        ] G1HR ACTIVE(FREE) [0x0000000603800000, 0x0000000603800000, 0x0000000603c00000]
[0.018s][trace][gc,region        ] G1HR ACTIVE(FREE) [0x0000000603c00000, 0x0000000603c00000, 0x0000000604000000]
[0.018s][trace][gc,region        ] G1HR ACTIVE(FREE) [0x0000000604000000, 0x0000000604000000, 0x0000000604400000]
[0.018s][trace][gc,region        ] G1HR ACTIVE(FREE) [0x0000000604400000, 0x0000000604400000, 0x0000000604800000]
[0.018s][trace][gc,region        ] G1HR ACTIVE(FREE) [0x0000000604800000, 0x0000000604800000, 0x0000000604c00000]
[0.018s][trace][gc,region        ] G1HR ACTIVE(FREE) [0x0000000604c00000, 0x0000000604c00000, 0x0000000605000000]
[0.018s][trace][gc,region        ] G1HR ACTIVE(FREE) [0x0000000605000000, 0x0000000605000000, 0x0000000605400000]
[0.018s][trace][gc,region        ] G1HR ACTIVE(FREE) [0x0000000605400000, 0x0000000605400000, 0x0000000605800000]
[0.018s][trace][gc,region        ] G1HR ACTIVE(FREE) [0x0000000605800000, 0x0000000605800000, 0x0000000605c00000]
[0.018s][trace][gc,region        ] G1HR ACTIVE(FREE) [0x0000000605c00000, 0x0000000605c00000, 0x0000000606000000]
[0.018s][trace][gc,region        ] G1HR ACTIVE(FREE) [0x0000000606000000, 0x0000000606000000, 0x0000000606400000]
[0.018s][trace][gc,region        ] G1HR ACTIVE(FREE) [0x0000000606400000, 0x0000000606400000, 0x0000000606800000]
[0.018s][trace][gc,region        ] G1HR ACTIVE(FREE) [0x0000000606800000, 0x0000000606800000, 0x0000000606c00000]
[0.018s][trace][gc,region        ] G1HR ACTIVE(FREE) [0x0000000606c00000, 0x0000000606c00000, 0x0000000607000000]
[0.018s][trace][gc,region        ] G1HR ACTIVE(FREE) [0x0000000607000000, 0x0000000607000000, 0x0000000607400000]
[0.018s][trace][gc,region        ] G1HR ACTIVE(FREE) [0x0000000607400000, 0x0000000607400000, 0x0000000607800000]
[0.018s][trace][gc,region        ] G1HR ACTIVE(FREE) [0x0000000607800000, 0x0000000607800000, 0x0000000607c00000]
[0.018s][trace][gc,region        ] G1HR ACTIVE(FREE) [0x0000000607c00000, 0x0000000607c00000, 0x0000000608000000]
[0.018s][trace][gc,region        ] G1HR ACTIVE(FREE) [0x0000000608000000, 0x0000000608000000, 0x0000000608400000]
[0.018s][trace][gc,region        ] G1HR ACTIVE(FREE) [0x0000000608400000, 0x0000000608400000, 0x0000000608800000]
[0.018s][trace][gc,region        ] G1HR ACTIVE(FREE) [0x0000000608800000, 0x0000000608800000, 0x0000000608c00000]
[0.018s][trace][gc,region        ] G1HR ACTIVE(FREE) [0x0000000608c00000, 0x0000000608c00000, 0x0000000609000000]
[0.018s][trace][gc,region        ] G1HR ACTIVE(FREE) [0x0000000609000000, 0x0000000609000000, 0x0000000609400000]
[0.018s][trace][gc,region        ] G1HR ACTIVE(FREE) [0x0000000609400000, 0x0000000609400000, 0x0000000609800000]
[0.018s][trace][gc,region        ] G1HR ACTIVE(FREE) [0x0000000609800000, 0x0000000609800000, 0x0000000609c00000]
[0.018s][trace][gc,region        ] G1HR ACTIVE(FREE) [0x0000000609c00000, 0x0000000609c00000, 0x000000060a000000]
[0.018s][trace][gc,region        ] G1HR ACTIVE(FREE) [0x000000060a000000, 0x000000060a000000, 0x000000060a400000]
[0.018s][trace][gc,region        ] G1HR ACTIVE(FREE) [0x000000060a400000, 0x000000060a400000, 0x000000060a800000]
[0.018s][trace][gc,region        ] G1HR ACTIVE(FREE) [0x000000060a800000, 0x000000060a800000, 0x000000060ac00000]
[0.018s][trace][gc,region        ] G1HR ACTIVE(FREE) [0x000000060ac00000, 0x000000060ac00000, 0x000000060b000000]
[0.019s][trace][gc,region        ] G1HR ACTIVE(FREE) [0x000000060b000000, 0x000000060b000000, 0x000000060b400000]
[0.019s][trace][gc,region        ] G1HR ACTIVE(FREE) [0x000000060b400000, 0x000000060b400000, 0x000000060b800000]
[0.019s][trace][gc,region        ] G1HR ACTIVE(FREE) [0x000000060b800000, 0x000000060b800000, 0x000000060bc00000]
[0.019s][trace][gc,region        ] G1HR ACTIVE(FREE) [0x000000060bc00000, 0x000000060bc00000, 0x000000060c000000]
[0.019s][trace][gc,region        ] G1HR ACTIVE(FREE) [0x000000060c000000, 0x000000060c000000, 0x000000060c400000]
[0.019s][trace][gc,region        ] G1HR ACTIVE(FREE) [0x000000060c400000, 0x000000060c400000, 0x000000060c800000]
[0.019s][trace][gc,region        ] G1HR ACTIVE(FREE) [0x000000060c800000, 0x000000060c800000, 0x000000060cc00000]
[0.019s][trace][gc,region        ] G1HR ACTIVE(FREE) [0x000000060cc00000, 0x000000060cc00000, 0x000000060d000000]
[0.019s][trace][gc,region        ] G1HR ACTIVE(FREE) [0x000000060d000000, 0x000000060d000000, 0x000000060d400000]
[0.019s][trace][gc,region        ] G1HR ACTIVE(FREE) [0x000000060d400000, 0x000000060d400000, 0x000000060d800000]
[0.019s][trace][gc,region        ] G1HR ACTIVE(FREE) [0x000000060d800000, 0x000000060d800000, 0x000000060dc00000]
[0.019s][trace][gc,region        ] G1HR ACTIVE(FREE) [0x000000060dc00000, 0x000000060dc00000, 0x000000060e000000]
[0.019s][trace][gc,region        ] G1HR ACTIVE(FREE) [0x000000060e000000, 0x000000060e000000, 0x000000060e400000]
[0.019s][trace][gc,region        ] G1HR ACTIVE(FREE) [0x000000060e400000, 0x000000060e400000, 0x000000060e800000]
[0.019s][trace][gc,region        ] G1HR ACTIVE(FREE) [0x000000060e800000, 0x000000060e800000, 0x000000060ec00000]
[0.019s][trace][gc,region        ] G1HR ACTIVE(FREE) [0x000000060ec00000, 0x000000060ec00000, 0x000000060f000000]
[0.019s][trace][gc,region        ] G1HR ACTIVE(FREE) [0x000000060f000000, 0x000000060f000000, 0x000000060f400000]
[0.019s][trace][gc,region        ] G1HR ACTIVE(FREE) [0x000000060f400000, 0x000000060f400000, 0x000000060f800000]
[0.019s][trace][gc,region        ] G1HR ACTIVE(FREE) [0x000000060f800000, 0x000000060f800000, 0x000000060fc00000]
[0.019s][trace][gc,region        ] G1HR ACTIVE(FREE) [0x000000060fc00000, 0x000000060fc00000, 0x0000000610000000]
[0.019s][trace][gc,region        ] G1HR ACTIVE(FREE) [0x0000000610000000, 0x0000000610000000, 0x0000000610400000]
[0.019s][trace][gc,region        ] G1HR ACTIVE(FREE) [0x0000000610400000, 0x0000000610400000, 0x0000000610800000]
[0.019s][trace][gc,region        ] G1HR ACTIVE(FREE) [0x0000000610800000, 0x0000000610800000, 0x0000000610c00000]
[0.019s][trace][gc,region        ] G1HR ACTIVE(FREE) [0x0000000610c00000, 0x0000000610c00000, 0x0000000611000000]
[0.019s][trace][gc,region        ] G1HR ACTIVE(FREE) [0x0000000611000000, 0x0000000611000000, 0x0000000611400000]
[0.019s][trace][gc,region        ] G1HR ACTIVE(FREE) [0x0000000611400000, 0x0000000611400000, 0x0000000611800000]
[0.019s][trace][gc,region        ] G1HR ACTIVE(FREE) [0x0000000611800000, 0x0000000611800000, 0x0000000611c00000]
[0.019s][trace][gc,region        ] G1HR ACTIVE(FREE) [0x0000000611c00000, 0x0000000611c00000, 0x0000000612000000]
[0.019s][trace][gc,region        ] G1HR ACTIVE(FREE) [0x0000000612000000, 0x0000000612000000, 0x0000000612400000]
[0.019s][trace][gc,region        ] G1HR ACTIVE(FREE) [0x0000000612400000, 0x0000000612400000, 0x0000000612800000]
[0.019s][trace][gc,region        ] G1HR ACTIVE(FREE) [0x0000000612800000, 0x0000000612800000, 0x0000000612c00000]
[0.019s][trace][gc,region        ] G1HR ACTIVE(FREE) [0x0000000612c00000, 0x0000000612c00000, 0x0000000613000000]
[0.019s][trace][gc,region        ] G1HR ACTIVE(FREE) [0x0000000613000000, 0x0000000613000000, 0x0000000613400000]
[0.019s][trace][gc,region        ] G1HR ACTIVE(FREE) [0x0000000613400000, 0x0000000613400000, 0x0000000613800000]
[0.019s][trace][gc,region        ] G1HR ACTIVE(FREE) [0x0000000613800000, 0x0000000613800000, 0x0000000613c00000]
[0.019s][trace][gc,region        ] G1HR ACTIVE(FREE) [0x0000000613c00000, 0x0000000613c00000, 0x0000000614000000]
[0.019s][trace][gc,region        ] G1HR ACTIVE(FREE) [0x0000000614000000, 0x0000000614000000, 0x0000000614400000]
[0.019s][trace][gc,region        ] G1HR ACTIVE(FREE) [0x0000000614400000, 0x0000000614400000, 0x0000000614800000]
[0.019s][trace][gc,region        ] G1HR ACTIVE(FREE) [0x0000000614800000, 0x0000000614800000, 0x0000000614c00000]
[0.019s][trace][gc,region        ] G1HR ACTIVE(FREE) [0x0000000614c00000, 0x0000000614c00000, 0x0000000615000000]
[0.019s][trace][gc,region        ] G1HR ACTIVE(FREE) [0x0000000615000000, 0x0000000615000000, 0x0000000615400000]
[0.019s][trace][gc,region        ] G1HR ACTIVE(FREE) [0x0000000615400000, 0x0000000615400000, 0x0000000615800000]
[0.019s][trace][gc,region        ] G1HR ACTIVE(FREE) [0x0000000615800000, 0x0000000615800000, 0x0000000615c00000]
[0.019s][trace][gc,region        ] G1HR ACTIVE(FREE) [0x0000000615c00000, 0x0000000615c00000, 0x0000000616000000]
[0.019s][trace][gc,region        ] G1HR ACTIVE(FREE) [0x0000000616000000, 0x0000000616000000, 0x0000000616400000]
[0.019s][trace][gc,region        ] G1HR ACTIVE(FREE) [0x0000000616400000, 0x0000000616400000, 0x0000000616800000]
[0.019s][trace][gc,region        ] G1HR ACTIVE(FREE) [0x0000000616800000, 0x0000000616800000, 0x0000000616c00000]
[0.019s][trace][gc,region        ] G1HR ACTIVE(FREE) [0x0000000616c00000, 0x0000000616c00000, 0x0000000617000000]
[0.019s][trace][gc,region        ] G1HR ACTIVE(FREE) [0x0000000617000000, 0x0000000617000000, 0x0000000617400000]
[0.019s][trace][gc,region        ] G1HR ACTIVE(FREE) [0x0000000617400000, 0x0000000617400000, 0x0000000617800000]
[0.019s][trace][gc,region        ] G1HR ACTIVE(FREE) [0x0000000617800000, 0x0000000617800000, 0x0000000617c00000]
[0.019s][trace][gc,region        ] G1HR ACTIVE(FREE) [0x0000000617c00000, 0x0000000617c00000, 0x0000000618000000]
[0.019s][trace][gc,region        ] G1HR ACTIVE(FREE) [0x0000000618000000, 0x0000000618000000, 0x0000000618400000]
[0.019s][trace][gc,region        ] G1HR ACTIVE(FREE) [0x0000000618400000, 0x0000000618400000, 0x0000000618800000]
[0.019s][trace][gc,region        ] G1HR ACTIVE(FREE) [0x0000000618800000, 0x0000000618800000, 0x0000000618c00000]
[0.019s][trace][gc,region        ] G1HR ACTIVE(FREE) [0x0000000618c00000, 0x0000000618c00000, 0x0000000619000000]
[0.019s][trace][gc,region        ] G1HR ACTIVE(FREE) [0x0000000619000000, 0x0000000619000000, 0x0000000619400000]
[0.019s][trace][gc,region        ] G1HR ACTIVE(FREE) [0x0000000619400000, 0x0000000619400000, 0x0000000619800000]
[0.019s][trace][gc,region        ] G1HR ACTIVE(FREE) [0x0000000619800000, 0x0000000619800000, 0x0000000619c00000]
[0.019s][trace][gc,region        ] G1HR ACTIVE(FREE) [0x0000000619c00000, 0x0000000619c00000, 0x000000061a000000]
[0.019s][trace][gc,region        ] G1HR ACTIVE(FREE) [0x000000061a000000, 0x000000061a000000, 0x000000061a400000]
[0.019s][trace][gc,region        ] G1HR ACTIVE(FREE) [0x000000061a400000, 0x000000061a400000, 0x000000061a800000]
[0.019s][trace][gc,region        ] G1HR ACTIVE(FREE) [0x000000061a800000, 0x000000061a800000, 0x000000061ac00000]
[0.019s][trace][gc,region        ] G1HR ACTIVE(FREE) [0x000000061ac00000, 0x000000061ac00000, 0x000000061b000000]
[0.019s][trace][gc,region        ] G1HR ACTIVE(FREE) [0x000000061b000000, 0x000000061b000000, 0x000000061b400000]
[0.019s][trace][gc,region        ] G1HR ACTIVE(FREE) [0x000000061b400000, 0x000000061b400000, 0x000000061b800000]
[0.019s][trace][gc,region        ] G1HR ACTIVE(FREE) [0x000000061b800000, 0x000000061b800000, 0x000000061bc00000]
[0.019s][trace][gc,region        ] G1HR ACTIVE(FREE) [0x000000061bc00000, 0x000000061bc00000, 0x000000061c000000]
[0.019s][trace][gc,region        ] G1HR ACTIVE(FREE) [0x000000061c000000, 0x000000061c000000, 0x000000061c400000]
[0.019s][trace][gc,region        ] G1HR ACTIVE(FREE) [0x000000061c400000, 0x000000061c400000, 0x000000061c800000]
[0.019s][trace][gc,region        ] G1HR ACTIVE(FREE) [0x000000061c800000, 0x000000061c800000, 0x000000061cc00000]
[0.019s][trace][gc,region        ] G1HR ACTIVE(FREE) [0x000000061cc00000, 0x000000061cc00000, 0x000000061d000000]
[0.019s][trace][gc,region        ] G1HR ACTIVE(FREE) [0x000000061d000000, 0x000000061d000000, 0x000000061d400000]
[0.019s][trace][gc,region        ] G1HR ACTIVE(FREE) [0x000000061d400000, 0x000000061d400000, 0x000000061d800000]
[0.019s][trace][gc,region        ] G1HR ACTIVE(FREE) [0x000000061d800000, 0x000000061d800000, 0x000000061dc00000]
[0.019s][trace][gc,region        ] G1HR ACTIVE(FREE) [0x000000061dc00000, 0x000000061dc00000, 0x000000061e000000]
[0.019s][trace][gc,region        ] G1HR ACTIVE(FREE) [0x000000061e000000, 0x000000061e000000, 0x000000061e400000]
[0.019s][trace][gc,region        ] G1HR ACTIVE(FREE) [0x000000061e400000, 0x000000061e400000, 0x000000061e800000]
[0.019s][trace][gc,region        ] G1HR ACTIVE(FREE) [0x000000061e800000, 0x000000061e800000, 0x000000061ec00000]
[0.019s][trace][gc,region        ] G1HR ACTIVE(FREE) [0x000000061ec00000, 0x000000061ec00000, 0x000000061f000000]
[0.019s][trace][gc,region        ] G1HR ACTIVE(FREE) [0x000000061f000000, 0x000000061f000000, 0x000000061f400000]
[0.019s][trace][gc,region        ] G1HR ACTIVE(FREE) [0x000000061f400000, 0x000000061f400000, 0x000000061f800000]
[0.019s][trace][gc,region        ] G1HR ACTIVE(FREE) [0x000000061f800000, 0x000000061f800000, 0x000000061fc00000]
[0.019s][trace][gc,region        ] G1HR ACTIVE(FREE) [0x000000061fc00000, 0x000000061fc00000, 0x0000000620000000]
[0.019s][debug][gc,ihop          ] Target occupancy update: old: 0B, new: 536870912B
[0.019s][debug][gc,ergo,refine   ] Initial Refinement Zones: green: 3328, yellow: 9984, red: 16640, min yellow size: 6656
[0.019s][info ][os,thread        ] Thread "G1 Refine#0" started (pthread id: 123145546911744, attributes: stacksize: 1024k, guardsize: 4k, detached). 
[0.019s][info ][os,thread        ] Thread "G1 Service" started (pthread id: 123145547972608, attributes: stacksize: 1024k, guardsize: 4k, detached). 
[0.019s][info ][os,thread        ] Thread is alive (tid: 21251, pthread id: 123145546911744).
[0.020s][debug][os,thread        ] Thread 21251 stack dimensions: 0x000070000e845000-0x000070000e945000 (1024k).
[0.020s][debug][gc,task          ] G1 Service Thread (Remembered Set Sampling Task) (register)
[0.020s][info ][os,thread        ] Thread is alive (tid: 16899, pthread id: 123145547972608).
[0.020s][trace][gc,task          ] G1 Service Thread (Remembered Set Sampling Task) (schedule) @0.020s
[0.020s][debug][os,thread        ] Thread 16899 stack dimensions: 0x000070000e948000-0x000070000ea48000 (1024k).
[0.020s][debug][gc,task          ] G1 Service Thread (Periodic GC Task) (register)
[0.020s][trace][gc,task          ] G1 Service Thread (Periodic GC Task) (schedule) @0.020s
[0.020s][debug][perf,datacreation] name = sun.gc.collector.0.name, dtype = 8, variability = 1, units = 5, dsize = 1, vlen = 27, pad_length = 0, size = 72, on_c_heap = FALSE, address = 0x0000000106f9b2d8, data address = 0x0000000106f9b304
[0.020s][debug][perf,datacreation] name = sun.gc.collector.0.invocations, dtype = 11, variability = 2, units = 4, dsize = 8, vlen = 0, pad_length = 5, size = 64, on_c_heap = FALSE, address = 0x0000000106f9b320, data address = 0x0000000106f9b358
[0.020s][debug][perf,datacreation] name = sun.gc.collector.0.time, dtype = 11, variability = 2, units = 3, dsize = 8, vlen = 0, pad_length = 4, size = 56, on_c_heap = FALSE, address = 0x0000000106f9b360, data address = 0x0000000106f9b390
[0.020s][debug][perf,datacreation] name = sun.gc.collector.0.lastEntryTime, dtype = 11, variability = 3, units = 3, dsize = 8, vlen = 0, pad_length = 3, size = 64, on_c_heap = FALSE, address = 0x0000000106f9b398, data address = 0x0000000106f9b3d0
[0.020s][debug][perf,datacreation] name = sun.gc.collector.0.lastExitTime, dtype = 11, variability = 3, units = 3, dsize = 8, vlen = 0, pad_length = 4, size = 64, on_c_heap = FALSE, address = 0x0000000106f9b3d8, data address = 0x0000000106f9b410
[0.020s][debug][perf,datacreation] name = sun.gc.collector.1.name, dtype = 8, variability = 1, units = 5, dsize = 1, vlen = 26, pad_length = 0, size = 72, on_c_heap = FALSE, address = 0x0000000106f9b418, data address = 0x0000000106f9b444
[0.020s][debug][perf,datacreation] name = sun.gc.collector.1.invocations, dtype = 11, variability = 2, units = 4, dsize = 8, vlen = 0, pad_length = 5, size = 64, on_c_heap = FALSE, address = 0x0000000106f9b460, data address = 0x0000000106f9b498
[0.020s][debug][perf,datacreation] name = sun.gc.collector.1.time, dtype = 11, variability = 2, units = 3, dsize = 8, vlen = 0, pad_length = 4, size = 56, on_c_heap = FALSE, address = 0x0000000106f9b4a0, data address = 0x0000000106f9b4d0
[0.020s][debug][perf,datacreation] name = sun.gc.collector.1.lastEntryTime, dtype = 11, variability = 3, units = 3, dsize = 8, vlen = 0, pad_length = 3, size = 64, on_c_heap = FALSE, address = 0x0000000106f9b4d8, data address = 0x0000000106f9b510
[0.020s][debug][perf,datacreation] name = sun.gc.collector.1.lastExitTime, dtype = 11, variability = 3, units = 3, dsize = 8, vlen = 0, pad_length = 4, size = 64, on_c_heap = FALSE, address = 0x0000000106f9b518, data address = 0x0000000106f9b550
[0.020s][debug][perf,datacreation] name = sun.gc.collector.2.name, dtype = 8, variability = 1, units = 5, dsize = 1, vlen = 27, pad_length = 0, size = 72, on_c_heap = FALSE, address = 0x0000000106f9b558, data address = 0x0000000106f9b584
[0.020s][debug][perf,datacreation] name = sun.gc.collector.2.invocations, dtype = 11, variability = 2, units = 4, dsize = 8, vlen = 0, pad_length = 5, size = 64, on_c_heap = FALSE, address = 0x0000000106f9b5a0, data address = 0x0000000106f9b5d8
[0.020s][debug][perf,datacreation] name = sun.gc.collector.2.time, dtype = 11, variability = 2, units = 3, dsize = 8, vlen = 0, pad_length = 4, size = 56, on_c_heap = FALSE, address = 0x0000000106f9b5e0, data address = 0x0000000106f9b610
[0.020s][debug][perf,datacreation] name = sun.gc.collector.2.lastEntryTime, dtype = 11, variability = 3, units = 3, dsize = 8, vlen = 0, pad_length = 3, size = 64, on_c_heap = FALSE, address = 0x0000000106f9b618, data address = 0x0000000106f9b650
[0.020s][debug][perf,datacreation] name = sun.gc.collector.2.lastExitTime, dtype = 11, variability = 3, units = 3, dsize = 8, vlen = 0, pad_length = 4, size = 64, on_c_heap = FALSE, address = 0x0000000106f9b658, data address = 0x0000000106f9b690
[0.020s][debug][perf,datacreation] name = sun.gc.generation.1.name, dtype = 8, variability = 1, units = 5, dsize = 1, vlen = 4, pad_length = 0, size = 56, on_c_heap = FALSE, address = 0x0000000106f9b698, data address = 0x0000000106f9b6c5
[0.020s][debug][perf,datacreation] name = sun.gc.generation.1.spaces, dtype = 11, variability = 1, units = 1, dsize = 8, vlen = 0, pad_length = 1, size = 56, on_c_heap = FALSE, address = 0x0000000106f9b6d0, data address = 0x0000000106f9b700
[0.020s][debug][perf,datacreation] name = sun.gc.generation.1.minCapacity, dtype = 11, variability = 1, units = 2, dsize = 8, vlen = 0, pad_length = 4, size = 64, on_c_heap = FALSE, address = 0x0000000106f9b708, data address = 0x0000000106f9b740
[0.020s][debug][perf,datacreation] name = sun.gc.generation.1.maxCapacity, dtype = 11, variability = 1, units = 2, dsize = 8, vlen = 0, pad_length = 4, size = 64, on_c_heap = FALSE, address = 0x0000000106f9b748, data address = 0x0000000106f9b780
[0.020s][debug][perf,datacreation] name = sun.gc.generation.1.capacity, dtype = 11, variability = 3, units = 2, dsize = 8, vlen = 0, pad_length = 7, size = 64, on_c_heap = FALSE, address = 0x0000000106f9b788, data address = 0x0000000106f9b7c0
[0.020s][debug][perf,datacreation] name = sun.gc.generation.1.space.0.name, dtype = 8, variability = 1, units = 5, dsize = 1, vlen = 6, pad_length = 0, size = 64, on_c_heap = FALSE, address = 0x0000000106f9b7c8, data address = 0x0000000106f9b7fd
[0.020s][debug][perf,datacreation] name = sun.gc.generation.1.space.0.maxCapacity, dtype = 11, variability = 1, units = 2, dsize = 8, vlen = 0, pad_length = 4, size = 72, on_c_heap = FALSE, address = 0x0000000106f9b808, data address = 0x0000000106f9b848
[0.020s][debug][perf,datacreation] name = sun.gc.generation.1.space.0.capacity, dtype = 11, variability = 3, units = 2, dsize = 8, vlen = 0, pad_length = 7, size = 72, on_c_heap = FALSE, address = 0x0000000106f9b850, data address = 0x0000000106f9b890
[0.020s][debug][perf,datacreation] name = sun.gc.generation.1.space.0.used, dtype = 11, variability = 3, units = 2, dsize = 8, vlen = 0, pad_length = 3, size = 64, on_c_heap = FALSE, address = 0x0000000106f9b898, data address = 0x0000000106f9b8d0
[0.020s][debug][perf,datacreation] name = sun.gc.generation.1.space.0.initCapacity, dtype = 11, variability = 1, units = 2, dsize = 8, vlen = 0, pad_length = 3, size = 72, on_c_heap = FALSE, address = 0x0000000106f9b8d8, data address = 0x0000000106f9b918
[0.020s][debug][perf,datacreation] name = sun.gc.generation.0.name, dtype = 8, variability = 1, units = 5, dsize = 1, vlen = 6, pad_length = 0, size = 56, on_c_heap = FALSE, address = 0x0000000106f9b920, data address = 0x0000000106f9b94d
[0.020s][debug][perf,datacreation] name = sun.gc.generation.0.spaces, dtype = 11, variability = 1, units = 1, dsize = 8, vlen = 0, pad_length = 1, size = 56, on_c_heap = FALSE, address = 0x0000000106f9b958, data address = 0x0000000106f9b988
[0.020s][debug][perf,datacreation] name = sun.gc.generation.0.minCapacity, dtype = 11, variability = 1, units = 2, dsize = 8, vlen = 0, pad_length = 4, size = 64, on_c_heap = FALSE, address = 0x0000000106f9b990, data address = 0x0000000106f9b9c8
[0.020s][debug][perf,datacreation] name = sun.gc.generation.0.maxCapacity, dtype = 11, variability = 1, units = 2, dsize = 8, vlen = 0, pad_length = 4, size = 64, on_c_heap = FALSE, address = 0x0000000106f9b9d0, data address = 0x0000000106f9ba08
[0.020s][debug][perf,datacreation] name = sun.gc.generation.0.capacity, dtype = 11, variability = 3, units = 2, dsize = 8, vlen = 0, pad_length = 7, size = 64, on_c_heap = FALSE, address = 0x0000000106f9ba10, data address = 0x0000000106f9ba48
[0.020s][debug][perf,datacreation] name = sun.gc.generation.0.space.0.name, dtype = 8, variability = 1, units = 5, dsize = 1, vlen = 5, pad_length = 0, size = 64, on_c_heap = FALSE, address = 0x0000000106f9ba50, data address = 0x0000000106f9ba85
[0.020s][debug][perf,datacreation] name = sun.gc.generation.0.space.0.maxCapacity, dtype = 11, variability = 1, units = 2, dsize = 8, vlen = 0, pad_length = 4, size = 72, on_c_heap = FALSE, address = 0x0000000106f9ba90, data address = 0x0000000106f9bad0
[0.020s][debug][perf,datacreation] name = sun.gc.generation.0.space.0.capacity, dtype = 11, variability = 3, units = 2, dsize = 8, vlen = 0, pad_length = 7, size = 72, on_c_heap = FALSE, address = 0x0000000106f9bad8, data address = 0x0000000106f9bb18
[0.020s][debug][perf,datacreation] name = sun.gc.generation.0.space.0.used, dtype = 11, variability = 3, units = 2, dsize = 8, vlen = 0, pad_length = 3, size = 64, on_c_heap = FALSE, address = 0x0000000106f9bb20, data address = 0x0000000106f9bb58
[0.020s][debug][perf,datacreation] name = sun.gc.generation.0.space.0.initCapacity, dtype = 11, variability = 1, units = 2, dsize = 8, vlen = 0, pad_length = 3, size = 72, on_c_heap = FALSE, address = 0x0000000106f9bb60, data address = 0x0000000106f9bba0
[0.020s][debug][perf,datacreation] name = sun.gc.generation.0.space.1.name, dtype = 8, variability = 1, units = 5, dsize = 1, vlen = 3, pad_length = 0, size = 56, on_c_heap = FALSE, address = 0x0000000106f9bba8, data address = 0x0000000106f9bbdd
[0.020s][debug][perf,datacreation] name = sun.gc.generation.0.space.1.maxCapacity, dtype = 11, variability = 1, units = 2, dsize = 8, vlen = 0, pad_length = 4, size = 72, on_c_heap = FALSE, address = 0x0000000106f9bbe0, data address = 0x0000000106f9bc20
[0.020s][debug][perf,datacreation] name = sun.gc.generation.0.space.1.capacity, dtype = 11, variability = 3, units = 2, dsize = 8, vlen = 0, pad_length = 7, size = 72, on_c_heap = FALSE, address = 0x0000000106f9bc28, data address = 0x0000000106f9bc68
[0.020s][debug][perf,datacreation] name = sun.gc.generation.0.space.1.used, dtype = 11, variability = 3, units = 2, dsize = 8, vlen = 0, pad_length = 3, size = 64, on_c_heap = FALSE, address = 0x0000000106f9bc70, data address = 0x0000000106f9bca8
[0.020s][debug][perf,datacreation] name = sun.gc.generation.0.space.1.initCapacity, dtype = 11, variability = 1, units = 2, dsize = 8, vlen = 0, pad_length = 3, size = 72, on_c_heap = FALSE, address = 0x0000000106f9bcb0, data address = 0x0000000106f9bcf0
[0.020s][debug][perf,datacreation] name = sun.gc.generation.0.space.2.name, dtype = 8, variability = 1, units = 5, dsize = 1, vlen = 3, pad_length = 0, size = 56, on_c_heap = FALSE, address = 0x0000000106f9bcf8, data address = 0x0000000106f9bd2d
[0.020s][debug][perf,datacreation] name = sun.gc.generation.0.space.2.maxCapacity, dtype = 11, variability = 1, units = 2, dsize = 8, vlen = 0, pad_length = 4, size = 72, on_c_heap = FALSE, address = 0x0000000106f9bd30, data address = 0x0000000106f9bd70
[0.020s][debug][perf,datacreation] name = sun.gc.generation.0.space.2.capacity, dtype = 11, variability = 3, units = 2, dsize = 8, vlen = 0, pad_length = 7, size = 72, on_c_heap = FALSE, address = 0x0000000106f9bd78, data address = 0x0000000106f9bdb8
[0.020s][debug][perf,datacreation] name = sun.gc.generation.0.space.2.used, dtype = 11, variability = 3, units = 2, dsize = 8, vlen = 0, pad_length = 3, size = 64, on_c_heap = FALSE, address = 0x0000000106f9bdc0, data address = 0x0000000106f9bdf8
[0.020s][debug][perf,datacreation] name = sun.gc.generation.0.space.2.initCapacity, dtype = 11, variability = 1, units = 2, dsize = 8, vlen = 0, pad_length = 3, size = 72, on_c_heap = FALSE, address = 0x0000000106f9be00, data address = 0x0000000106f9be40
[0.020s][info ][gc,init          ] Version: 17.0.11+1-b1312.2 (release)
[0.020s][info ][gc,init          ] CPUs: 16 total, 16 available
[0.020s][info ][gc,init          ] Memory: 32768M
[0.020s][info ][gc,init          ] Large Page Support: Disabled
[0.020s][info ][gc,init          ] NUMA Support: Disabled
[0.020s][info ][gc,init          ] Compressed Oops: Enabled (Zero based)
[0.020s][info ][gc,init          ] Heap Region Size: 4M
[0.020s][info ][gc,init          ] Heap Min Capacity: 8M
[0.020s][info ][gc,init          ] Heap Initial Capacity: 512M
[0.020s][info ][gc,init          ] Heap Max Capacity: 8G
[0.020s][info ][gc,init          ] Pre-touch: Disabled
[0.020s][info ][gc,init          ] Parallel Workers: 13
[0.020s][info ][gc,init          ] Concurrent Workers: 3
[0.020s][info ][gc,init          ] Concurrent Refinement Workers: 13
[0.020s][info ][gc,init          ] Periodic GC: Disabled
[0.020s][debug][perf,datacreation] name = sun.gc.tlab.allocThreads, dtype = 11, variability = 3, units = 1, dsize = 8, vlen = 0, pad_length = 3, size = 56, on_c_heap = FALSE, address = 0x0000000106f9be48, data address = 0x0000000106f9be78
[0.020s][debug][perf,datacreation] name = sun.gc.tlab.fills, dtype = 11, variability = 3, units = 1, dsize = 8, vlen = 0, pad_length = 2, size = 48, on_c_heap = FALSE, address = 0x0000000106f9be80, data address = 0x0000000106f9bea8
[0.020s][debug][perf,datacreation] name = sun.gc.tlab.maxFills, dtype = 11, variability = 3, units = 1, dsize = 8, vlen = 0, pad_length = 7, size = 56, on_c_heap = FALSE, address = 0x0000000106f9beb0, data address = 0x0000000106f9bee0
[0.020s][debug][perf,datacreation] name = sun.gc.tlab.alloc, dtype = 11, variability = 3, units = 2, dsize = 8, vlen = 0, pad_length = 2, size = 48, on_c_heap = FALSE, address = 0x0000000106f9bee8, data address = 0x0000000106f9bf10
[0.020s][debug][perf,datacreation] name = sun.gc.tlab.gcWaste, dtype = 11, variability = 3, units = 2, dsize = 8, vlen = 0, pad_length = 0, size = 48, on_c_heap = FALSE, address = 0x0000000106f9bf18, data address = 0x0000000106f9bf40
[0.020s][debug][perf,datacreation] name = sun.gc.tlab.maxGcWaste, dtype = 11, variability = 3, units = 2, dsize = 8, vlen = 0, pad_length = 5, size = 56, on_c_heap = FALSE, address = 0x0000000106f9bf48, data address = 0x0000000106f9bf78
[0.020s][debug][perf,datacreation] name = sun.gc.tlab.refillWaste, dtype = 11, variability = 3, units = 2, dsize = 8, vlen = 0, pad_length = 4, size = 56, on_c_heap = FALSE, address = 0x0000000106f9bf80, data address = 0x0000000106f9bfb0
[0.021s][debug][perf,datacreation] name = sun.gc.tlab.maxRefillWaste, dtype = 11, variability = 3, units = 2, dsize = 8, vlen = 0, pad_length = 1, size = 56, on_c_heap = FALSE, address = 0x0000000106f9bfb8, data address = 0x0000000106f9bfe8
[0.021s][debug][perf,datacreation] name = sun.gc.tlab.slowAlloc, dtype = 11, variability = 3, units = 1, dsize = 8, vlen = 0, pad_length = 6, size = 56, on_c_heap = FALSE, address = 0x0000000106f9bff0, data address = 0x0000000106f9c020
[0.021s][debug][perf,datacreation] name = sun.gc.tlab.maxSlowAlloc, dtype = 11, variability = 3, units = 1, dsize = 8, vlen = 0, pad_length = 3, size = 56, on_c_heap = FALSE, address = 0x0000000106f9c028, data address = 0x0000000106f9c058
[0.021s][info ][cds              ] trying to map /Users/vnfedorova/Library/Java/JavaVirtualMachines/jbr-17.0.11/Contents/Home/lib/server/classes.jsa
[0.021s][info ][cds              ] Opened archive /Users/vnfedorova/Library/Java/JavaVirtualMachines/jbr-17.0.11/Contents/Home/lib/server/classes.jsa.
[0.021s][info ][cds              ] Archive was created with UseCompressedOops = 1, UseCompressedClassPointers = 1
[0.021s][info ][cds              ] Core region alignment: 4096
[0.021s][info ][cds              ] ArchiveRelocationMode == 1: always map archive(s) at an alternative address
[0.021s][info ][cds              ] Try to map archive(s) at an alternative address
[0.021s][info ][cds              ] Reserved archive_space_rs [0x0000000130000000 - 0x0000000131000000] (16777216) bytes
[0.021s][info ][cds              ] Reserved class_space_rs   [0x0000000131000000 - 0x0000000171000000] (1073741824) bytes
[0.022s][info ][cds              ] Mapped static  region #0 at base 0x0000000130000000 top 0x00000001304af000 (ReadWrite)
[0.022s][info ][cds              ] Mapped static  region #1 at base 0x00000001304af000 top 0x0000000130c19000 (ReadOnly)
[0.022s][debug][cds,reloc        ] runtime archive relocation start
[0.022s][info ][cds              ] Mapped static  region #2 at base 0x00000001072ac000 top 0x00000001072e4000 (Bitmap)
[0.022s][debug][cds,reloc        ] mapped relocation bitmap @ 0x00000001072ac000 (1585228 bits)
[0.022s][debug][cds,reloc        ] SharedDataRelocator::_patch_base     = 0x0000000130000000
[0.022s][debug][cds,reloc        ] SharedDataRelocator::_patch_end      = 0x0000000130c19000
[0.022s][debug][cds,reloc        ] SharedDataRelocator::_valid_old_base = 0x0000000800000000
[0.022s][debug][cds,reloc        ] SharedDataRelocator::_valid_old_end  = 0x0000000800c19000
[0.022s][debug][cds,reloc        ] SharedDataRelocator::_valid_new_base = 0x0000000130000000
[0.022s][debug][cds,reloc        ] SharedDataRelocator::_valid_new_end  = 0x0000000130c19000
[0.031s][debug][cds,reloc        ] runtime archive relocation done
[0.031s][info ][class,path       ] Expecting BOOT path=/Users/vnfedorova/Library/Java/JavaVirtualMachines/jbr-17.0.11/Contents/Home/lib/modules
[0.031s][info ][class,path       ] Expecting -Djava.class.path=
[0.031s][info ][class,path       ] checking shared classpath entry: /Users/vnfedorova/Library/Java/JavaVirtualMachines/jbr-17.0.11/Contents/Home/lib/modules
[0.031s][info ][class,path       ] ok
[0.031s][debug][metaspace        ] VsListNode @0x00006000036b4000 base 0x0000000131000000 : born (word_size 134217728).
[0.031s][info ][cds              ] CDS archive was created with max heap size = 1024M, and the following configuration:
[0.031s][info ][cds              ]     narrow_klass_base = 0x0000000130000000, narrow_klass_shift = 0
[0.032s][info ][cds              ]     narrow_oop_mode = 1, narrow_oop_base = 0x0000000000000000, narrow_oop_shift = 3
[0.032s][info ][cds              ]     heap range = [0x0000000780000000 - 0x00000007c0000000]
[0.032s][info ][cds              ] The current max heap size = 8192M, HeapRegion::GrainBytes = 4194304
[0.032s][info ][cds              ]     narrow_klass_base = 0x0000000130000000, narrow_klass_shift = 0
[0.032s][info ][cds              ]     narrow_oop_mode = 1, narrow_oop_base = 0x0000000000000000, narrow_oop_shift = 3
[0.032s][info ][cds              ]     heap range = [0x0000000600000000 - 0x0000000800000000]
[0.032s][info ][cds              ] CDS heap data needs to be relocated to the end of the runtime heap to reduce fragmentation
[0.032s][info ][cds              ] CDS heap data relocation delta = 1073741824 bytes
[0.032s][info ][cds              ] CDS heap data needs to be relocated lower by a further 3145728 bytes to 1070596096 to be aligned with HeapRegion::GrainBytes
[0.032s][info ][cds              ] Trying to map heap data: region[3] at 0x00000007ffc00000, size =   475136 bytes
[0.032s][trace][gc,region        ] G1HR COMMIT(FREE) [0x00000007ffc00000, 0x00000007ffc00000, 0x0000000800000000]
[0.032s][debug][gc,heap,region   ] Activate regions [2047, 2048)
[0.032s][trace][gc,region        ] G1HR ACTIVE(FREE) [0x00000007ffc00000, 0x00000007ffc00000, 0x0000000800000000]
[0.032s][debug][gc,ergo,heap     ] Attempt heap expansion (allocate archive regions). Total size: 4194304B
[0.032s][trace][gc,region        ] G1HR ALLOC(CARC) [0x00000007ffc00000, 0x00000007ffc00000, 0x0000000800000000]
[0.032s][info ][cds              ] Trying to map heap data: region[5] at 0x00000007ffb00000, size =   475136 bytes
[0.032s][trace][gc,region        ] G1HR COMMIT(FREE) [0x00000007ff800000, 0x00000007ff800000, 0x00000007ffc00000]
[0.032s][debug][gc,heap,region   ] Activate regions [2046, 2047)
[0.032s][trace][gc,region        ] G1HR ACTIVE(FREE) [0x00000007ff800000, 0x00000007ff800000, 0x00000007ffc00000]
[0.032s][debug][gc,ergo,heap     ] Attempt heap expansion (allocate archive regions). Total size: 4194304B
[0.032s][trace][gc,region        ] G1HR ALLOC(OARC) [0x00000007ff800000, 0x00000007ff800000, 0x00000007ffc00000]
[0.032s][info ][cds              ] optimized module handling: enabled
[0.032s][info ][cds              ] full module graph: enabled
[0.032s][debug][metaspace        ] ChkMgr @0x00007f8f3cf042e0 (class-space): requested chunk: pref_level: lv14, max_level: lv14, min committed size: 0.
[0.032s][debug][metaspace        ] VsListNode @0x00006000036b4000 base 0x0000000131000000 : new root chunk @0x00007f8f2d80ae10, f, base 0x0000000131000000, level lv00.
[0.032s][debug][metaspace        ] ChkMgr @0x00007f8f3cf042e0 (class-space): allocated new root chunk.
[0.032s][debug][metaspace        ] ChkMgr @0x00007f8f3cf042e0 (class-space): splitting chunk @0x00007f8f2d80ae10, f, base 0x0000000131000000, level lv00 to lv14.
[0.032s][trace][metaspace        ] Splitting chunk: @0x00007f8f2d80ae10, f, base 0x0000000131000000, level lv00 (2097152), used: 0, committed: 0, committed-free: 0.
[0.032s][trace][metaspace        ] .. Result chunk: @0x00007f8f2d80ae10, f, base 0x0000000131000000, level lv01 (1048576), used: 0, committed: 0, committed-free: 0.
[0.032s][trace][metaspace        ] .. Splinter chunk: @0x00007f8f2d80ae58, f, base 0x0000000131800000, level lv01 (1048576), used: 0, committed: 0, committed-free: 0.
[0.032s][trace][metaspace        ] Splitting chunk: @0x00007f8f2d80ae10, f, base 0x0000000131000000, level lv01 (1048576), used: 0, committed: 0, committed-free: 0.
[0.032s][trace][metaspace        ] .. Result chunk: @0x00007f8f2d80ae10, f, base 0x0000000131000000, level lv02 (524288), used: 0, committed: 0, committed-free: 0.
[0.032s][trace][metaspace        ] .. Splinter chunk: @0x00007f8f2d80aea0, f, base 0x0000000131400000, level lv02 (524288), used: 0, committed: 0, committed-free: 0.
[0.032s][trace][metaspace        ] Splitting chunk: @0x00007f8f2d80ae10, f, base 0x0000000131000000, level lv02 (524288), used: 0, committed: 0, committed-free: 0.
[0.032s][trace][metaspace        ] .. Result chunk: @0x00007f8f2d80ae10, f, base 0x0000000131000000, level lv03 (262144), used: 0, committed: 0, committed-free: 0.
[0.032s][trace][metaspace        ] .. Splinter chunk: @0x00007f8f2d80aee8, f, base 0x0000000131200000, level lv03 (262144), used: 0, committed: 0, committed-free: 0.
[0.032s][trace][metaspace        ] Splitting chunk: @0x00007f8f2d80ae10, f, base 0x0000000131000000, level lv03 (262144), used: 0, committed: 0, committed-free: 0.
[0.032s][trace][metaspace        ] .. Result chunk: @0x00007f8f2d80ae10, f, base 0x0000000131000000, level lv04 (131072), used: 0, committed: 0, committed-free: 0.
[0.032s][trace][metaspace        ] .. Splinter chunk: @0x00007f8f2d80af30, f, base 0x0000000131100000, level lv04 (131072), used: 0, committed: 0, committed-free: 0.
[0.032s][trace][metaspace        ] Splitting chunk: @0x00007f8f2d80ae10, f, base 0x0000000131000000, level lv04 (131072), used: 0, committed: 0, committed-free: 0.
[0.032s][trace][metaspace        ] .. Result chunk: @0x00007f8f2d80ae10, f, base 0x0000000131000000, level lv05 (65536), used: 0, committed: 0, committed-free: 0.
[0.032s][trace][metaspace        ] .. Splinter chunk: @0x00007f8f2d80af78, f, base 0x0000000131080000, level lv05 (65536), used: 0, committed: 0, committed-free: 0.
[0.032s][trace][metaspace        ] Splitting chunk: @0x00007f8f2d80ae10, f, base 0x0000000131000000, level lv05 (65536), used: 0, committed: 0, committed-free: 0.
[0.032s][trace][metaspace        ] .. Result chunk: @0x00007f8f2d80ae10, f, base 0x0000000131000000, level lv06 (32768), used: 0, committed: 0, committed-free: 0.
[0.032s][trace][metaspace        ] .. Splinter chunk: @0x00007f8f2d80afc0, f, base 0x0000000131040000, level lv06 (32768), used: 0, committed: 0, committed-free: 0.
[0.032s][trace][metaspace        ] Splitting chunk: @0x00007f8f2d80ae10, f, base 0x0000000131000000, level lv06 (32768), used: 0, committed: 0, committed-free: 0.
[0.032s][trace][metaspace        ] .. Result chunk: @0x00007f8f2d80ae10, f, base 0x0000000131000000, level lv07 (16384), used: 0, committed: 0, committed-free: 0.
[0.032s][trace][metaspace        ] .. Splinter chunk: @0x00007f8f2d80b008, f, base 0x0000000131020000, level lv07 (16384), used: 0, committed: 0, committed-free: 0.
[0.032s][trace][metaspace        ] Splitting chunk: @0x00007f8f2d80ae10, f, base 0x0000000131000000, level lv07 (16384), used: 0, committed: 0, committed-free: 0.
[0.032s][trace][metaspace        ] .. Result chunk: @0x00007f8f2d80ae10, f, base 0x0000000131000000, level lv08 (8192), used: 0, committed: 0, committed-free: 0.
[0.032s][trace][metaspace        ] .. Splinter chunk: @0x00007f8f2d80b050, f, base 0x0000000131010000, level lv08 (8192), used: 0, committed: 0, committed-free: 0.
[0.032s][trace][metaspace        ] Splitting chunk: @0x00007f8f2d80ae10, f, base 0x0000000131000000, level lv08 (8192), used: 0, committed: 0, committed-free: 0.
[0.033s][trace][metaspace        ] .. Result chunk: @0x00007f8f2d80ae10, f, base 0x0000000131000000, level lv09 (4096), used: 0, committed: 0, committed-free: 0.
[0.033s][trace][metaspace        ] .. Splinter chunk: @0x00007f8f2d80b098, f, base 0x0000000131008000, level lv09 (4096), used: 0, committed: 0, committed-free: 0.
[0.033s][trace][metaspace        ] Splitting chunk: @0x00007f8f2d80ae10, f, base 0x0000000131000000, level lv09 (4096), used: 0, committed: 0, committed-free: 0.
[0.033s][trace][metaspace        ] .. Result chunk: @0x00007f8f2d80ae10, f, base 0x0000000131000000, level lv10 (2048), used: 0, committed: 0, committed-free: 0.
[0.033s][trace][metaspace        ] .. Splinter chunk: @0x00007f8f2d80b0e0, f, base 0x0000000131004000, level lv10 (2048), used: 0, committed: 0, committed-free: 0.
[0.033s][trace][metaspace        ] Splitting chunk: @0x00007f8f2d80ae10, f, base 0x0000000131000000, level lv10 (2048), used: 0, committed: 0, committed-free: 0.
[0.033s][trace][metaspace        ] .. Result chunk: @0x00007f8f2d80ae10, f, base 0x0000000131000000, level lv11 (1024), used: 0, committed: 0, committed-free: 0.
[0.033s][trace][metaspace        ] .. Splinter chunk: @0x00007f8f2d80b128, f, base 0x0000000131002000, level lv11 (1024), used: 0, committed: 0, committed-free: 0.
[0.033s][trace][metaspace        ] Splitting chunk: @0x00007f8f2d80ae10, f, base 0x0000000131000000, level lv11 (1024), used: 0, committed: 0, committed-free: 0.
[0.033s][trace][metaspace        ] .. Result chunk: @0x00007f8f2d80ae10, f, base 0x0000000131000000, level lv12 (512), used: 0, committed: 0, committed-free: 0.
[0.033s][trace][metaspace        ] .. Splinter chunk: @0x00007f8f2d80b170, f, base 0x0000000131001000, level lv12 (512), used: 0, committed: 0, committed-free: 0.
[0.033s][trace][metaspace        ] Splitting chunk: @0x00007f8f2d80ae10, f, base 0x0000000131000000, level lv12 (512), used: 0, committed: 0, committed-free: 0.
[0.033s][trace][metaspace        ] .. Result chunk: @0x00007f8f2d80ae10, f, base 0x0000000131000000, level lv13 (256), used: 0, committed: 0, committed-free: 0.
[0.033s][trace][metaspace        ] .. Splinter chunk: @0x00007f8f2d80b1b8, f, base 0x0000000131000800, level lv13 (256), used: 0, committed: 0, committed-free: 0.
[0.033s][trace][metaspace        ] Splitting chunk: @0x00007f8f2d80ae10, f, base 0x0000000131000000, level lv13 (256), used: 0, committed: 0, committed-free: 0.
[0.033s][trace][metaspace        ] .. Result chunk: @0x00007f8f2d80ae10, f, base 0x0000000131000000, level lv14 (128), used: 0, committed: 0, committed-free: 0.
[0.033s][trace][metaspace        ] .. Splinter chunk: @0x00007f8f2d80b200, f, base 0x0000000131000400, level lv14 (128), used: 0, committed: 0, committed-free: 0.
[0.033s][debug][metaspace        ] ChkMgr @0x00007f8f3cf042e0 (class-space): handing out chunk @0x00007f8f2d80ae10, u, base 0x0000000131000000, level lv14.
[0.033s][info ][gc,metaspace     ] CDS archive(s) mapped at: [0x0000000130000000-0x0000000130c19000-0x0000000130c19000), size 12685312, SharedBaseAddress: 0x0000000130000000, ArchiveRelocationMode: 1.
[0.033s][info ][gc,metaspace     ] Compressed class space mapped at: 0x0000000131000000-0x0000000171000000, reserved size: 1073741824
[0.033s][info ][gc,metaspace     ] Narrow klass base: 0x0000000130000000, Narrow klass shift: 0, Narrow klass range: 0x100000000
[0.033s][debug][perf,datacreation] name = sun.gc.metaspace.minCapacity, dtype = 11, variability = 1, units = 2, dsize = 8, vlen = 0, pad_length = 7, size = 64, on_c_heap = FALSE, address = 0x0000000106f9c060, data address = 0x0000000106f9c098
[0.033s][debug][perf,datacreation] name = sun.gc.metaspace.capacity, dtype = 11, variability = 3, units = 2, dsize = 8, vlen = 0, pad_length = 2, size = 56, on_c_heap = FALSE, address = 0x0000000106f9c0a0, data address = 0x0000000106f9c0d0
[0.033s][debug][perf,datacreation] name = sun.gc.metaspace.maxCapacity, dtype = 11, variability = 3, units = 2, dsize = 8, vlen = 0, pad_length = 7, size = 64, on_c_heap = FALSE, address = 0x0000000106f9c0d8, data address = 0x0000000106f9c110
[0.033s][debug][perf,datacreation] name = sun.gc.metaspace.used, dtype = 11, variability = 3, units = 2, dsize = 8, vlen = 0, pad_length = 6, size = 56, on_c_heap = FALSE, address = 0x0000000106f9c118, data address = 0x0000000106f9c148
[0.033s][debug][perf,datacreation] name = sun.gc.compressedclassspace.minCapacity, dtype = 11, variability = 1, units = 2, dsize = 8, vlen = 0, pad_length = 4, size = 72, on_c_heap = FALSE, address = 0x0000000106f9c150, data address = 0x0000000106f9c190
[0.033s][debug][perf,datacreation] name = sun.gc.compressedclassspace.capacity, dtype = 11, variability = 3, units = 2, dsize = 8, vlen = 0, pad_length = 7, size = 72, on_c_heap = FALSE, address = 0x0000000106f9c198, data address = 0x0000000106f9c1d8
[0.033s][debug][perf,datacreation] name = sun.gc.compressedclassspace.maxCapacity, dtype = 11, variability = 3, units = 2, dsize = 8, vlen = 0, pad_length = 4, size = 72, on_c_heap = FALSE, address = 0x0000000106f9c1e0, data address = 0x0000000106f9c220
[0.033s][debug][perf,datacreation] name = sun.gc.compressedclassspace.used, dtype = 11, variability = 3, units = 2, dsize = 8, vlen = 0, pad_length = 3, size = 64, on_c_heap = FALSE, address = 0x0000000106f9c228, data address = 0x0000000106f9c260
[0.033s][trace][class,loader,data] create loader data: 0x00006000032ac000 of 'bootstrap'
[0.033s][debug][oopstorage,blocks] VM Global: new block 0x00007f8f3cf04c00
[0.033s][trace][oopstorage,blocks] VM Global: block not empty 0x00007f8f3cf04c00
[0.033s][trace][oopstorage,ref   ] VM Global: allocated 0x00007f8f3cf04c00
[0.033s][trace][oopstorage,ref   ] VM Global: allocated 0x00007f8f3cf04c08
[0.033s][trace][oopstorage,ref   ] VM Global: allocated 0x00007f8f3cf04c10
[0.033s][trace][oopstorage,ref   ] VM Global: allocated 0x00007f8f3cf04c18
[0.033s][trace][oopstorage,ref   ] VM Global: allocated 0x00007f8f3cf04c20
[0.033s][trace][oopstorage,ref   ] VM Global: allocated 0x00007f8f3cf04c28
[0.033s][trace][oopstorage,ref   ] VM Global: allocated 0x00007f8f3cf04c30
[0.033s][trace][oopstorage,ref   ] VM Global: allocated 0x00007f8f3cf04c38
[0.033s][trace][oopstorage,ref   ] VM Global: allocated 0x00007f8f3cf04c40
[0.033s][debug][cds,vtables      ] Copying  14 vtable entries for ConstantPool
[0.033s][debug][cds,vtables      ] Copying  42 vtable entries for InstanceKlass
[0.033s][debug][cds,vtables      ] Copying  42 vtable entries for InstanceClassLoaderKlass
[0.033s][debug][cds,vtables      ] Copying  42 vtable entries for InstanceMirrorKlass
[0.033s][debug][cds,vtables      ] Copying  42 vtable entries for InstanceRefKlass
[0.033s][debug][cds,vtables      ] Copying  14 vtable entries for Method
[0.033s][debug][cds,vtables      ] Copying  43 vtable entries for ObjArrayKlass
[0.033s][debug][cds,vtables      ] Copying  43 vtable entries for TypeArrayKlass
[0.033s][info ][cds              ] use_full_module_graph = true; java.base = 0x00000001304a8660
[0.033s][trace][symboltable      ] Start size: 32768 (15)
[0.033s][info ][cds              ] patching heap embedded pointers
[0.035s][info ][cds              ] Unmapping region #2 at base 0x00000001072ac000 (Bitmap)
[0.035s][trace][stringtable      ] Start size: 65536 (16)
[0.035s][trace][membername,table ] Start size: 1024 (10)
[0.036s][info ][startuptime      ] Genesis, 0.0219166 secs
[0.036s][trace][module           ] Setting package: class: java.lang.Object, package: java/lang, loader: 'bootstrap', module: java.base
[0.036s][trace][cds,unshareable  ] restore: java.lang.Object
[0.036s][trace][class,loader,data] Adding k: 0x0000000130000db8 java.lang.Object to loader data: 0x00006000032ac000 of 'bootstrap'
[0.036s][debug][cds,mirror       ] java.lang.Object has raw archived mirror
[0.036s][trace][cds,unshareable  ] restore: [Ljava.lang.Object;
[0.036s][trace][class,loader,data] Adding k: 0x0000000130001668 [Ljava.lang.Object; to loader data: 0x00006000032ac000 of 'bootstrap'
[0.036s][debug][cds,mirror       ] [Ljava.lang.Object; has raw archived mirror
[0.036s][trace][cds,unshareable  ] restore: [[Ljava.lang.Object;
[0.036s][trace][class,loader,data] Adding k: 0x00000001301ae100 [[Ljava.lang.Object; to loader data: 0x00006000032ac000 of 'bootstrap'
[0.036s][debug][cds,mirror       ] [[Ljava.lang.Object; has raw archived mirror
[0.036s][info ][class,load       ] java.lang.Object source: shared objects file
[0.036s][debug][class,load       ]  klass: 0x0000000130000db8 super: 0x0000000000000000 loader: [loader data: 0x00006000032ac000 of 'bootstrap']
[0.036s][trace][oopstorage,ref   ] VM Global: allocated 0x00007f8f3cf04c48
[0.036s][debug][cds,heap         ] Clearing root 18: was 0x00000007ffb00938
[0.036s][trace][module           ] Setting package: class: java.io.Serializable, package: java/io, loader: 'bootstrap', module: java.base
[0.036s][trace][cds,unshareable  ] restore: java.io.Serializable
[0.036s][trace][class,loader,data] Adding k: 0x00000001300037c0 java.io.Serializable to loader data: 0x00006000032ac000 of 'bootstrap'
[0.036s][debug][cds,mirror       ] java.io.Serializable has raw archived mirror
[0.036s][trace][cds,unshareable  ] restore: [Ljava.io.Serializable;
[0.036s][trace][class,loader,data] Adding k: 0x00000001300039e8 [Ljava.io.Serializable; to loader data: 0x00006000032ac000 of 'bootstrap'
[0.036s][debug][cds,mirror       ] [Ljava.io.Serializable; has raw archived mirror
[0.036s][info ][class,load       ] java.io.Serializable source: shared objects file
[0.036s][debug][class,load       ]  klass: 0x00000001300037c0 super: 0x0000000130000db8 loader: [loader data: 0x00006000032ac000 of 'bootstrap']
[0.036s][trace][module           ] Setting package: class: java.lang.Comparable, package: java/lang, loader: 'bootstrap', module: java.base
[0.036s][trace][cds,unshareable  ] restore: java.lang.Comparable
[0.036s][trace][class,loader,data] Adding k: 0x00000001300098f8 java.lang.Comparable to loader data: 0x00006000032ac000 of 'bootstrap'
[0.036s][debug][cds,mirror       ] java.lang.Comparable has raw archived mirror
[0.036s][trace][cds,unshareable  ] restore: [Ljava.lang.Comparable;
[0.036s][trace][class,loader,data] Adding k: 0x0000000130007d40 [Ljava.lang.Comparable; to loader data: 0x00006000032ac000 of 'bootstrap'
[0.036s][debug][cds,mirror       ] [Ljava.lang.Comparable; has raw archived mirror
[0.036s][info ][class,load       ] java.lang.Comparable source: shared objects file
[0.036s][debug][class,load       ]  klass: 0x00000001300098f8 super: 0x0000000130000db8 loader: [loader data: 0x00006000032ac000 of 'bootstrap']
[0.036s][trace][module           ] Setting package: class: java.lang.CharSequence, package: java/lang, loader: 'bootstrap', module: java.base
[0.036s][trace][cds,unshareable  ] restore: java.lang.CharSequence
[0.036s][trace][class,loader,data] Adding k: 0x0000000130063dd8 java.lang.CharSequence to loader data: 0x00006000032ac000 of 'bootstrap'
[0.036s][debug][cds,mirror       ] java.lang.CharSequence has raw archived mirror
[0.036s][debug][cds,heap         ] Clearing root 97: was 0x00000007ffb02a08
[0.037s][trace][cds,unshareable  ] restore: [Ljava.lang.CharSequence;
[0.037s][trace][class,loader,data] Adding k: 0x0000000130064068 [Ljava.lang.CharSequence; to loader data: 0x00006000032ac000 of 'bootstrap'
[0.037s][debug][cds,mirror       ] [Ljava.lang.CharSequence; has raw archived mirror
[0.037s][info ][class,load       ] java.lang.CharSequence source: shared objects file
[0.037s][debug][class,load       ]  klass: 0x0000000130063dd8 super: 0x0000000130000db8 loader: [loader data: 0x00006000032ac000 of 'bootstrap']
[0.037s][trace][module           ] Setting package: class: java.lang.constant.Constable, package: java/lang/constant, loader: 'bootstrap', module: java.base
[0.037s][trace][cds,unshareable  ] restore: java.lang.constant.Constable
[0.037s][trace][class,loader,data] Adding k: 0x0000000130003090 java.lang.constant.Constable to loader data: 0x00006000032ac000 of 'bootstrap'
[0.037s][debug][cds,mirror       ] java.lang.constant.Constable has raw archived mirror
[0.037s][trace][cds,unshareable  ] restore: [Ljava.lang.constant.Constable;
[0.037s][trace][class,loader,data] Adding k: 0x0000000130007b20 [Ljava.lang.constant.Constable; to loader data: 0x00006000032ac000 of 'bootstrap'
[0.037s][debug][cds,mirror       ] [Ljava.lang.constant.Constable; has raw archived mirror
[0.037s][info ][class,load       ] java.lang.constant.Constable source: shared objects file
[0.037s][debug][class,load       ]  klass: 0x0000000130003090 super: 0x0000000130000db8 loader: [loader data: 0x00006000032ac000 of 'bootstrap']
[0.037s][trace][module           ] Setting package: class: java.lang.constant.ConstantDesc, package: java/lang/constant, loader: 'bootstrap', module: java.base
[0.037s][trace][cds,unshareable  ] restore: java.lang.constant.ConstantDesc
[0.037s][trace][class,loader,data] Adding k: 0x0000000130042470 java.lang.constant.ConstantDesc to loader data: 0x00006000032ac000 of 'bootstrap'
[0.037s][debug][cds,mirror       ] java.lang.constant.ConstantDesc has raw archived mirror
[0.037s][trace][cds,unshareable  ] restore: [Ljava.lang.constant.ConstantDesc;
[0.037s][trace][class,loader,data] Adding k: 0x0000000130042698 [Ljava.lang.constant.ConstantDesc; to loader data: 0x00006000032ac000 of 'bootstrap'
[0.037s][debug][cds,mirror       ] [Ljava.lang.constant.ConstantDesc; has raw archived mirror
[0.037s][info ][class,load       ] java.lang.constant.ConstantDesc source: shared objects file
[0.037s][debug][class,load       ]  klass: 0x0000000130042470 super: 0x0000000130000db8 loader: [loader data: 0x00006000032ac000 of 'bootstrap']
[0.037s][trace][module           ] Setting package: class: java.lang.String, package: java/lang, loader: 'bootstrap', module: java.base
[0.037s][trace][cds,unshareable  ] restore: java.lang.String
[0.037s][trace][class,loader,data] Adding k: 0x000000013000fc18 java.lang.String to loader data: 0x00006000032ac000 of 'bootstrap'
[0.037s][debug][cds,mirror       ] java.lang.String has raw archived mirror
[0.037s][debug][cds,heap         ] Clearing root 26: was 0x00000007ffb00d58
[0.037s][trace][cds,unshareable  ] restore: [Ljava.lang.String;
[0.037s][trace][class,loader,data] Adding k: 0x000000013001aec0 [Ljava.lang.String; to loader data: 0x00006000032ac000 of 'bootstrap'
[0.037s][debug][cds,mirror       ] [Ljava.lang.String; has raw archived mirror
[0.037s][info ][class,load       ] java.lang.String source: shared objects file
[0.037s][debug][class,load       ]  klass: 0x000000013000fc18 super: 0x0000000130000db8 interfaces: 0x00000001300037c0 0x00000001300098f8 0x0000000130063dd8 0x0000000130003090 0x0000000130042470 loader: [loader data: 0x00006000032ac000 of 'bootstrap']
[0.037s][trace][module           ] Setting package: class: java.lang.reflect.AnnotatedElement, package: java/lang/reflect, loader: 'bootstrap', module: java.base
[0.037s][trace][cds,unshareable  ] restore: java.lang.reflect.AnnotatedElement
[0.037s][trace][class,loader,data] Adding k: 0x0000000130002200 java.lang.reflect.AnnotatedElement to loader data: 0x00006000032ac000 of 'bootstrap'
[0.037s][debug][cds,mirror       ] java.lang.reflect.AnnotatedElement has raw archived mirror
[0.037s][debug][cds,heap         ] Clearing root 375: was 0x00000007ffb0aa18
[0.037s][trace][cds,unshareable  ] restore: [Ljava.lang.reflect.AnnotatedElement;
[0.037s][trace][class,loader,data] Adding k: 0x00000001301e3218 [Ljava.lang.reflect.AnnotatedElement; to loader data: 0x00006000032ac000 of 'bootstrap'
[0.037s][debug][cds,mirror       ] [Ljava.lang.reflect.AnnotatedElement; has raw archived mirror
[0.037s][info ][class,load       ] java.lang.reflect.AnnotatedElement source: shared objects file
[0.037s][debug][class,load       ]  klass: 0x0000000130002200 super: 0x0000000130000db8 loader: [loader data: 0x00006000032ac000 of 'bootstrap']
[0.037s][trace][module           ] Setting package: class: java.lang.reflect.GenericDeclaration, package: java/lang/reflect, loader: 'bootstrap', module: java.base
[0.037s][trace][cds,unshareable  ] restore: java.lang.reflect.GenericDeclaration
[0.037s][trace][class,loader,data] Adding k: 0x00000001300029a0 java.lang.reflect.GenericDeclaration to loader data: 0x00006000032ac000 of 'bootstrap'
[0.037s][debug][cds,mirror       ] java.lang.reflect.GenericDeclaration has raw archived mirror
[0.037s][debug][cds,heap         ] Clearing root 365: was 0x00000007ffb0a588
[0.037s][trace][cds,unshareable  ] restore: [Ljava.lang.reflect.GenericDeclaration;
[0.037s][trace][class,loader,data] Adding k: 0x0000000130003c08 [Ljava.lang.reflect.GenericDeclaration; to loader data: 0x00006000032ac000 of 'bootstrap'
[0.037s][debug][cds,mirror       ] [Ljava.lang.reflect.GenericDeclaration; has raw archived mirror
[0.037s][info ][class,load       ] java.lang.reflect.GenericDeclaration source: shared objects file
[0.037s][debug][class,load       ]  klass: 0x00000001300029a0 super: 0x0000000130000db8 interfaces: 0x0000000130002200 loader: [loader data: 0x00006000032ac000 of 'bootstrap']
[0.037s][trace][module           ] Setting package: class: java.lang.reflect.Type, package: java/lang/reflect, loader: 'bootstrap', module: java.base
[0.037s][trace][cds,unshareable  ] restore: java.lang.reflect.Type
[0.037s][trace][class,loader,data] Adding k: 0x0000000130002c38 java.lang.reflect.Type to loader data: 0x00006000032ac000 of 'bootstrap'
[0.037s][debug][cds,mirror       ] java.lang.reflect.Type has raw archived mirror
[0.037s][trace][cds,unshareable  ] restore: [Ljava.lang.reflect.Type;
[0.037s][trace][class,loader,data] Adding k: 0x0000000130144718 [Ljava.lang.reflect.Type; to loader data: 0x00006000032ac000 of 'bootstrap'
[0.037s][debug][cds,mirror       ] [Ljava.lang.reflect.Type; has raw archived mirror
[0.037s][info ][class,load       ] java.lang.reflect.Type source: shared objects file
[0.037s][debug][class,load       ]  klass: 0x0000000130002c38 super: 0x0000000130000db8 loader: [loader data: 0x00006000032ac000 of 'bootstrap']
[0.037s][trace][module           ] Setting package: class: java.lang.invoke.TypeDescriptor, package: java/lang/invoke, loader: 'bootstrap', module: java.base
[0.037s][trace][cds,unshareable  ] restore: java.lang.invoke.TypeDescriptor
[0.037s][trace][class,loader,data] Adding k: 0x0000000130002708 java.lang.invoke.TypeDescriptor to loader data: 0x00006000032ac000 of 'bootstrap'
[0.037s][debug][cds,mirror       ] java.lang.invoke.TypeDescriptor has raw archived mirror
[0.037s][trace][cds,unshareable  ] restore: [Ljava.lang.invoke.TypeDescriptor;
[0.037s][trace][class,loader,data] Adding k: 0x0000000130144b58 [Ljava.lang.invoke.TypeDescriptor; to loader data: 0x00006000032ac000 of 'bootstrap'
[0.037s][debug][cds,mirror       ] [Ljava.lang.invoke.TypeDescriptor; has raw archived mirror
[0.037s][info ][class,load       ] java.lang.invoke.TypeDescriptor source: shared objects file
[0.037s][debug][class,load       ]  klass: 0x0000000130002708 super: 0x0000000130000db8 loader: [loader data: 0x00006000032ac000 of 'bootstrap']
[0.037s][trace][module           ] Setting package: class: java.lang.invoke.TypeDescriptor$OfField, package: java/lang/invoke, loader: 'bootstrap', module: java.base
[0.037s][trace][cds,unshareable  ] restore: java.lang.invoke.TypeDescriptor$OfField
[0.037s][trace][class,loader,data] Adding k: 0x0000000130001bc8 java.lang.invoke.TypeDescriptor$OfField to loader data: 0x00006000032ac000 of 'bootstrap'
[0.037s][debug][cds,mirror       ] java.lang.invoke.TypeDescriptor$OfField has raw archived mirror
[0.037s][trace][cds,unshareable  ] restore: [Ljava.lang.invoke.TypeDescriptor$OfField;
[0.037s][trace][class,loader,data] Adding k: 0x0000000130144938 [Ljava.lang.invoke.TypeDescriptor$OfField; to loader data: 0x00006000032ac000 of 'bootstrap'
[0.037s][debug][cds,mirror       ] [Ljava.lang.invoke.TypeDescriptor$OfField; has raw archived mirror
[0.037s][info ][class,load       ] java.lang.invoke.TypeDescriptor$OfField source: shared objects file
[0.037s][debug][class,load       ]  klass: 0x0000000130001bc8 super: 0x0000000130000db8 interfaces: 0x0000000130002708 loader: [loader data: 0x00006000032ac000 of 'bootstrap']
[0.037s][trace][module           ] Setting package: class: java.lang.Class, package: java/lang, loader: 'bootstrap', module: java.base
[0.037s][trace][cds,unshareable  ] restore: java.lang.Class
[0.037s][trace][class,loader,data] Adding k: 0x0000000130001898 java.lang.Class to loader data: 0x00006000032ac000 of 'bootstrap'
[0.037s][debug][cds,mirror       ] java.lang.Class has raw archived mirror
[0.037s][debug][cds,heap         ] Clearing root 20: was 0x00000007ffb009f0
[0.037s][trace][cds,unshareable  ] restore: [Ljava.lang.Class;
[0.037s][trace][class,loader,data] Adding k: 0x0000000130001e58 [Ljava.lang.Class; to loader data: 0x00006000032ac000 of 'bootstrap'
[0.037s][debug][cds,mirror       ] [Ljava.lang.Class; has raw archived mirror
[0.037s][info ][class,load       ] java.lang.Class source: shared objects file
[0.037s][debug][class,load       ]  klass: 0x0000000130001898 super: 0x0000000130000db8 interfaces: 0x00000001300037c0 0x00000001300029a0 0x0000000130002c38 0x0000000130002200 0x0000000130001bc8 0x0000000130003090 loader: [loader data: 0x00006000032ac000 of 'bootstrap']
[0.037s][debug][jni,resolve      ] [Registering JNI native method java.lang.Object.hashCode]
[0.037s][debug][jni,resolve      ] [Registering JNI native method java.lang.Object.wait]
[0.037s][debug][jni,resolve      ] [Registering JNI native method java.lang.Object.notify]
[0.037s][debug][jni,resolve      ] [Registering JNI native method java.lang.Object.notifyAll]
[0.038s][debug][jni,resolve      ] [Registering JNI native method java.lang.Object.clone]
[0.038s][debug][cds,heap         ] Clearing root 17: was 0x00000007ffb008c8
[0.038s][debug][cds,mirror       ] Archived mirror is: 0x00000007ffb008c8
[0.038s][trace][gc,tlab          ] ThreadLocalAllocBuffer::compute_size(2) returns 62916
[0.038s][trace][gc,region        ] G1HR ALLOC(EDEN) [0x000000061fc00000, 0x000000061fc00000, 0x0000000620000000]
[0.038s][trace][gc,tlab          ] TLAB: fill thread: 0x00007f8f4f008800 [id: 10243] desired_size: 491KB slow allocs: 0  refill waste: 7864B alloc: 0.99999     4096KB refills: 1 waste  0.0% gc: 0B slow: 0B
[0.038s][trace][cds,heap,mirror  ] Restored java.lang.Object archived mirror 0x00000007ffb008c8
[0.038s][debug][cds,heap         ] Clearing root 247: was 0x00000007ffb06b78
[0.038s][debug][cds,mirror       ] Archived mirror is: 0x00000007ffb06b78
[0.038s][trace][cds,heap,mirror  ] Restored [Ljava.lang.Object; archived mirror 0x00000007ffb06b78
[0.038s][debug][cds,heap         ] Clearing root 1519: was 0x00000007ffb29dc8
[0.038s][debug][cds,mirror       ] Archived mirror is: 0x00000007ffb29dc8
[0.038s][trace][cds,heap,mirror  ] Restored [[Ljava.lang.Object; archived mirror 0x00000007ffb29dc8
[0.038s][debug][cds,heap         ] Clearing root 119: was 0x00000007ffb03378
[0.038s][debug][cds,mirror       ] Archived mirror is: 0x00000007ffb03378
[0.038s][trace][cds,heap,mirror  ] Restored java.io.Serializable archived mirror 0x00000007ffb03378
[0.038s][debug][cds,heap         ] Clearing root 739: was 0x00000007ffb14528
[0.038s][debug][cds,mirror       ] Archived mirror is: 0x00000007ffb14528
[0.038s][trace][cds,heap,mirror  ] Restored [Ljava.io.Serializable; archived mirror 0x00000007ffb14528
[0.038s][debug][cds,heap         ] Clearing root 314: was 0x00000007ffb08e88
[0.038s][debug][cds,mirror       ] Archived mirror is: 0x00000007ffb08e88
[0.038s][trace][cds,heap,mirror  ] Restored java.lang.Comparable archived mirror 0x00000007ffb08e88
[0.038s][debug][cds,heap         ] Clearing root 743: was 0x00000007ffb146e8
[0.038s][debug][cds,mirror       ] Archived mirror is: 0x00000007ffb146e8
[0.038s][trace][cds,heap,mirror  ] Restored [Ljava.lang.Comparable; archived mirror 0x00000007ffb146e8
[0.038s][debug][cds,heap         ] Clearing root 96: was 0x00000007ffb02998
[0.038s][debug][cds,mirror       ] Archived mirror is: 0x00000007ffb02998
[0.038s][trace][cds,heap,mirror  ] Restored java.lang.CharSequence archived mirror 0x00000007ffb02998
[0.038s][debug][cds,heap         ] Clearing root 317: was 0x00000007ffb08fd8
[0.038s][debug][cds,mirror       ] Archived mirror is: 0x00000007ffb08fd8
[0.038s][trace][cds,heap,mirror  ] Restored [Ljava.lang.CharSequence; archived mirror 0x00000007ffb08fd8
[0.038s][debug][cds,heap         ] Clearing root 315: was 0x00000007ffb08ef8
[0.038s][debug][cds,mirror       ] Archived mirror is: 0x00000007ffb08ef8
[0.038s][trace][cds,heap,mirror  ] Restored java.lang.constant.Constable archived mirror 0x00000007ffb08ef8
[0.038s][debug][cds,heap         ] Clearing root 734: was 0x00000007ffb142f8
[0.038s][debug][cds,mirror       ] Archived mirror is: 0x00000007ffb142f8
[0.038s][trace][cds,heap,mirror  ] Restored [Ljava.lang.constant.Constable; archived mirror 0x00000007ffb142f8
[0.038s][debug][cds,heap         ] Clearing root 316: was 0x00000007ffb08f68
[0.038s][debug][cds,mirror       ] Archived mirror is: 0x00000007ffb08f68
[0.038s][trace][cds,heap,mirror  ] Restored java.lang.constant.ConstantDesc archived mirror 0x00000007ffb08f68
[0.038s][debug][cds,heap         ] Clearing root 748: was 0x00000007ffb14918
[0.038s][debug][cds,mirror       ] Archived mirror is: 0x00000007ffb14918
[0.038s][trace][cds,heap,mirror  ] Restored [Ljava.lang.constant.ConstantDesc; archived mirror 0x00000007ffb14918
[0.038s][debug][cds,heap         ] Clearing root 25: was 0x00000007ffb00cd0
[0.038s][debug][cds,mirror       ] Archived mirror is: 0x00000007ffb00cd0
[0.038s][trace][cds,heap,mirror  ] Restored java.lang.String archived mirror 0x00000007ffb00cd0
[0.038s][debug][cds,heap         ] Clearing root 248: was 0x00000007ffb06be8
[0.038s][debug][cds,mirror       ] Archived mirror is: 0x00000007ffb06be8
[0.038s][trace][cds,heap,mirror  ] Restored [Ljava.lang.String; archived mirror 0x00000007ffb06be8
[0.038s][debug][cds,heap         ] Clearing root 374: was 0x00000007ffb0a9a8
[0.038s][debug][cds,mirror       ] Archived mirror is: 0x00000007ffb0a9a8
[0.038s][trace][cds,heap,mirror  ] Restored java.lang.reflect.AnnotatedElement archived mirror 0x00000007ffb0a9a8
[0.038s][debug][cds,heap         ] Clearing root 737: was 0x00000007ffb14448
[0.038s][debug][cds,mirror       ] Archived mirror is: 0x00000007ffb14448
[0.038s][trace][cds,heap,mirror  ] Restored [Ljava.lang.reflect.AnnotatedElement; archived mirror 0x00000007ffb14448
[0.038s][debug][cds,heap         ] Clearing root 364: was 0x00000007ffb0a518
[0.038s][debug][cds,mirror       ] Archived mirror is: 0x00000007ffb0a518
[0.038s][trace][cds,heap,mirror  ] Restored java.lang.reflect.GenericDeclaration archived mirror 0x00000007ffb0a518
[0.038s][debug][cds,heap         ] Clearing root 738: was 0x00000007ffb144b8
[0.038s][debug][cds,mirror       ] Archived mirror is: 0x00000007ffb144b8
[0.038s][trace][cds,heap,mirror  ] Restored [Ljava.lang.reflect.GenericDeclaration; archived mirror 0x00000007ffb144b8
[0.038s][debug][cds,heap         ] Clearing root 373: was 0x00000007ffb0a938
[0.038s][debug][cds,mirror       ] Archived mirror is: 0x00000007ffb0a938
[0.038s][trace][cds,heap,mirror  ] Restored java.lang.reflect.Type archived mirror 0x00000007ffb0a938
[0.038s][debug][cds,heap         ] Clearing root 377: was 0x00000007ffb0aad0
[0.038s][debug][cds,mirror       ] Archived mirror is: 0x00000007ffb0aad0
[0.038s][trace][cds,heap,mirror  ] Restored [Ljava.lang.reflect.Type; archived mirror 0x00000007ffb0aad0
[0.038s][debug][cds,heap         ] Clearing root 380: was 0x00000007ffb0abe8
[0.038s][debug][cds,mirror       ] Archived mirror is: 0x00000007ffb0abe8
[0.038s][trace][cds,heap,mirror  ] Restored java.lang.invoke.TypeDescriptor archived mirror 0x00000007ffb0abe8
[0.038s][debug][cds,heap         ] Clearing root 735: was 0x00000007ffb14368
[0.038s][debug][cds,mirror       ] Archived mirror is: 0x00000007ffb14368
[0.038s][trace][cds,heap,mirror  ] Restored [Ljava.lang.invoke.TypeDescriptor; archived mirror 0x00000007ffb14368
[0.038s][debug][cds,heap         ] Clearing root 376: was 0x00000007ffb0aa60
[0.038s][debug][cds,mirror       ] Archived mirror is: 0x00000007ffb0aa60
[0.038s][trace][cds,heap,mirror  ] Restored java.lang.invoke.TypeDescriptor$OfField archived mirror 0x00000007ffb0aa60
[0.038s][debug][cds,heap         ] Clearing root 736: was 0x00000007ffb143d8
[0.038s][debug][cds,mirror       ] Archived mirror is: 0x00000007ffb143d8
[0.038s][trace][cds,heap,mirror  ] Restored [Ljava.lang.invoke.TypeDescriptor$OfField; archived mirror 0x00000007ffb143d8
[0.038s][debug][cds,heap         ] Clearing root 19: was 0x00000007ffb00958
[0.038s][debug][cds,mirror       ] Archived mirror is: 0x00000007ffb00958
[0.038s][trace][cds,heap,mirror  ] Restored java.lang.Class archived mirror 0x00000007ffb00958
[0.038s][debug][cds,heap         ] Clearing root 246: was 0x00000007ffb06b08
[0.038s][debug][cds,mirror       ] Archived mirror is: 0x00000007ffb06b08
[0.038s][trace][cds,heap,mirror  ] Restored [Ljava.lang.Class; archived mirror 0x00000007ffb06b08
[0.038s][trace][module           ] Setting package: class: java.lang.Cloneable, package: java/lang, loader: 'bootstrap', module: java.base
[0.038s][trace][cds,unshareable  ] restore: java.lang.Cloneable
[0.038s][trace][class,loader,data] Adding k: 0x0000000130000b88 java.lang.Cloneable to loader data: 0x00006000032ac000 of 'bootstrap'
[0.038s][debug][cds,mirror       ] java.lang.Cloneable has raw archived mirror
[0.038s][debug][cds,heap         ] Clearing root 35: was 0x00000007ffb010a8
[0.038s][debug][cds,mirror       ] Archived mirror is: 0x00000007ffb010a8
[0.038s][trace][cds,heap,mirror  ] Restored java.lang.Cloneable archived mirror 0x00000007ffb010a8
[0.038s][trace][cds,unshareable  ] restore: [Ljava.lang.Cloneable;
[0.038s][trace][class,loader,data] Adding k: 0x0000000130003320 [Ljava.lang.Cloneable; to loader data: 0x00006000032ac000 of 'bootstrap'
[0.038s][debug][cds,mirror       ] [Ljava.lang.Cloneable; has raw archived mirror
[0.038s][debug][cds,heap         ] Clearing root 2002: was 0x00000007ffb36f18
[0.038s][debug][cds,mirror       ] Archived mirror is: 0x00000007ffb36f18
[0.038s][trace][cds,heap,mirror  ] Restored [Ljava.lang.Cloneable; archived mirror 0x00000007ffb36f18
[0.038s][info ][class,load       ] java.lang.Cloneable source: shared objects file
[0.038s][debug][class,load       ]  klass: 0x0000000130000b88 super: 0x0000000130000db8 loader: [loader data: 0x00006000032ac000 of 'bootstrap']
[0.038s][trace][module           ] Setting package: class: java.lang.ClassLoader, package: java/lang, loader: 'bootstrap', module: java.base
[0.038s][trace][cds,unshareable  ] restore: java.lang.ClassLoader
[0.038s][trace][class,loader,data] Adding k: 0x0000000130009d60 java.lang.ClassLoader to loader data: 0x00006000032ac000 of 'bootstrap'
[0.039s][debug][cds,mirror       ] java.lang.ClassLoader has raw archived mirror
[0.039s][debug][cds,heap         ] Clearing root 38: was 0x00000007ffb01218
[0.039s][debug][cds,mirror       ] Archived mirror is: 0x00000007ffb01218
[0.039s][trace][cds,heap,mirror  ] Restored java.lang.ClassLoader archived mirror 0x00000007ffb01218
[0.039s][debug][cds,heap         ] Clearing root 39: was 0x00000007ffb01298
[0.039s][trace][cds,unshareable  ] restore: [Ljava.lang.ClassLoader;
[0.039s][trace][class,loader,data] Adding k: 0x000000013000c5a8 [Ljava.lang.ClassLoader; to loader data: 0x00006000032ac000 of 'bootstrap'
[0.039s][debug][cds,mirror       ] [Ljava.lang.ClassLoader; has raw archived mirror
[0.039s][debug][cds,heap         ] Clearing root 543: was 0x00000007ffb0ee28
[0.039s][debug][cds,mirror       ] Archived mirror is: 0x00000007ffb0ee28
[0.039s][trace][cds,heap,mirror  ] Restored [Ljava.lang.ClassLoader; archived mirror 0x00000007ffb0ee28
[0.039s][info ][class,load       ] java.lang.ClassLoader source: shared objects file
[0.039s][debug][class,load       ]  klass: 0x0000000130009d60 super: 0x0000000130000db8 loader: [loader data: 0x00006000032ac000 of 'bootstrap']
[0.039s][trace][module           ] Setting package: class: java.lang.System, package: java/lang, loader: 'bootstrap', module: java.base
[0.039s][trace][cds,unshareable  ] restore: java.lang.System
[0.039s][trace][class,loader,data] Adding k: 0x0000000130009b28 java.lang.System to loader data: 0x00006000032ac000 of 'bootstrap'
[0.039s][debug][cds,mirror       ] java.lang.System has raw archived mirror
[0.039s][debug][cds,heap         ] Clearing root 15: was 0x00000007ffb00770
[0.039s][debug][cds,mirror       ] Archived mirror is: 0x00000007ffb00770
[0.039s][trace][cds,heap,mirror  ] Restored java.lang.System archived mirror 0x00000007ffb00770
[0.039s][debug][cds,heap         ] Clearing root 16: was 0x00000007ffb00810
[0.039s][info ][class,load       ] java.lang.System source: shared objects file
[0.039s][debug][class,load       ]  klass: 0x0000000130009b28 super: 0x0000000130000db8 loader: [loader data: 0x00006000032ac000 of 'bootstrap']
[0.039s][trace][module           ] Setting package: class: java.lang.Throwable, package: java/lang, loader: 'bootstrap', module: java.base
[0.039s][trace][cds,unshareable  ] restore: java.lang.Throwable
[0.039s][trace][class,loader,data] Adding k: 0x0000000130023110 java.lang.Throwable to loader data: 0x00006000032ac000 of 'bootstrap'
[0.039s][debug][cds,mirror       ] java.lang.Throwable has raw archived mirror
[0.039s][debug][cds,heap         ] Clearing root 36: was 0x00000007ffb01118
[0.039s][debug][cds,mirror       ] Archived mirror is: 0x00000007ffb01118
[0.039s][trace][cds,heap,mirror  ] Restored java.lang.Throwable archived mirror 0x00000007ffb01118
[0.039s][debug][cds,heap         ] Clearing root 37: was 0x00000007ffb011b8
[0.039s][trace][cds,unshareable  ] restore: [Ljava.lang.Throwable;
[0.039s][trace][class,loader,data] Adding k: 0x0000000130024268 [Ljava.lang.Throwable; to loader data: 0x00006000032ac000 of 'bootstrap'
[0.039s][debug][cds,mirror       ] [Ljava.lang.Throwable; has raw archived mirror
[0.039s][debug][cds,heap         ] Clearing root 437: was 0x00000007ffb0c398
[0.039s][debug][cds,mirror       ] Archived mirror is: 0x00000007ffb0c398
[0.039s][trace][cds,heap,mirror  ] Restored [Ljava.lang.Throwable; archived mirror 0x00000007ffb0c398
[0.039s][info ][class,load       ] java.lang.Throwable source: shared objects file
[0.039s][debug][class,load       ]  klass: 0x0000000130023110 super: 0x0000000130000db8 interfaces: 0x00000001300037c0 loader: [loader data: 0x00006000032ac000 of 'bootstrap']
[0.039s][trace][module           ] Setting package: class: java.lang.Error, package: java/lang, loader: 'bootstrap', module: java.base
[0.039s][trace][cds,unshareable  ] restore: java.lang.Error
[0.039s][trace][class,loader,data] Adding k: 0x00000001300238c0 java.lang.Error to loader data: 0x00006000032ac000 of 'bootstrap'
[0.039s][debug][cds,mirror       ] java.lang.Error has raw archived mirror
[0.039s][debug][cds,heap         ] Clearing root 164: was 0x00000007ffb04658
[0.039s][debug][cds,mirror       ] Archived mirror is: 0x00000007ffb04658
[0.039s][trace][cds,heap,mirror  ] Restored java.lang.Error archived mirror 0x00000007ffb04658
[0.039s][trace][cds,unshareable  ] restore: [Ljava.lang.Error;
[0.039s][trace][class,loader,data] Adding k: 0x00000001301e3438 [Ljava.lang.Error; to loader data: 0x00006000032ac000 of 'bootstrap'
[0.039s][debug][cds,mirror       ] [Ljava.lang.Error; has raw archived mirror
[0.039s][debug][cds,heap         ] Clearing root 740: was 0x00000007ffb14598
[0.039s][debug][cds,mirror       ] Archived mirror is: 0x00000007ffb14598
[0.039s][trace][cds,heap,mirror  ] Restored [Ljava.lang.Error; archived mirror 0x00000007ffb14598
[0.039s][info ][class,load       ] java.lang.Error source: shared objects file
[0.039s][debug][class,load       ]  klass: 0x00000001300238c0 super: 0x0000000130023110 loader: [loader data: 0x00006000032ac000 of 'bootstrap']
[0.039s][trace][module           ] Setting package: class: java.lang.ThreadDeath, package: java/lang, loader: 'bootstrap', module: java.base
[0.039s][trace][cds,unshareable  ] restore: java.lang.ThreadDeath
[0.039s][trace][class,loader,data] Adding k: 0x0000000130023b50 java.lang.ThreadDeath to loader data: 0x00006000032ac000 of 'bootstrap'
[0.039s][debug][cds,mirror       ] java.lang.ThreadDeath has raw archived mirror
[0.039s][debug][cds,heap         ] Clearing root 40: was 0x00000007ffb01350
[0.039s][debug][cds,mirror       ] Archived mirror is: 0x00000007ffb01350
[0.039s][trace][cds,heap,mirror  ] Restored java.lang.ThreadDeath archived mirror 0x00000007ffb01350
[0.039s][info ][class,load       ] java.lang.ThreadDeath source: shared objects file
[0.039s][debug][class,load       ]  klass: 0x0000000130023b50 super: 0x00000001300238c0 loader: [loader data: 0x00006000032ac000 of 'bootstrap']
[0.039s][trace][module           ] Setting package: class: java.lang.Exception, package: java/lang, loader: 'bootstrap', module: java.base
[0.039s][trace][cds,unshareable  ] restore: java.lang.Exception
[0.039s][trace][class,loader,data] Adding k: 0x00000001300233a0 java.lang.Exception to loader data: 0x00006000032ac000 of 'bootstrap'
[0.039s][debug][cds,mirror       ] java.lang.Exception has raw archived mirror
[0.039s][debug][cds,heap         ] Clearing root 162: was 0x00000007ffb04568
[0.039s][debug][cds,mirror       ] Archived mirror is: 0x00000007ffb04568
[0.039s][trace][cds,heap,mirror  ] Restored java.lang.Exception archived mirror 0x00000007ffb04568
[0.039s][info ][class,load       ] java.lang.Exception source: shared objects file
[0.039s][debug][class,load       ]  klass: 0x00000001300233a0 super: 0x0000000130023110 loader: [loader data: 0x00006000032ac000 of 'bootstrap']
[0.039s][trace][module           ] Setting package: class: java.lang.RuntimeException, package: java/lang, loader: 'bootstrap', module: java.base
[0.039s][trace][cds,unshareable  ] restore: java.lang.RuntimeException
[0.039s][trace][class,loader,data] Adding k: 0x0000000130050300 java.lang.RuntimeException to loader data: 0x00006000032ac000 of 'bootstrap'
[0.039s][debug][cds,mirror       ] java.lang.RuntimeException has raw archived mirror
[0.039s][debug][cds,heap         ] Clearing root 163: was 0x00000007ffb045e0
[0.039s][debug][cds,mirror       ] Archived mirror is: 0x00000007ffb045e0
[0.039s][trace][cds,heap,mirror  ] Restored java.lang.RuntimeException archived mirror 0x00000007ffb045e0
[0.039s][info ][class,load       ] java.lang.RuntimeException source: shared objects file
[0.039s][debug][class,load       ]  klass: 0x0000000130050300 super: 0x00000001300233a0 loader: [loader data: 0x00006000032ac000 of 'bootstrap']
[0.039s][trace][module           ] Setting package: class: java.lang.SecurityManager, package: java/lang, loader: 'bootstrap', module: java.base
[0.039s][trace][cds,unshareable  ] restore: java.lang.SecurityManager
[0.039s][trace][class,loader,data] Adding k: 0x000000013006a808 java.lang.SecurityManager to loader data: 0x00006000032ac000 of 'bootstrap'
[0.039s][debug][cds,mirror       ] java.lang.SecurityManager has raw archived mirror
[0.039s][debug][cds,heap         ] Clearing root 98: was 0x00000007ffb02a38
[0.039s][debug][cds,mirror       ] Archived mirror is: 0x00000007ffb02a38
[0.039s][trace][cds,heap,mirror  ] Restored java.lang.SecurityManager archived mirror 0x00000007ffb02a38
[0.039s][debug][cds,heap         ] Clearing root 99: was 0x00000007ffb02ac8
[0.040s][info ][class,load       ] java.lang.SecurityManager source: shared objects file
[0.040s][debug][class,load       ]  klass: 0x000000013006a808 super: 0x0000000130000db8 loader: [loader data: 0x00006000032ac000 of 'bootstrap']
[0.040s][trace][module           ] Setting package: class: java.security.ProtectionDomain, package: java/security, loader: 'bootstrap', module: java.base
[0.040s][trace][cds,unshareable  ] restore: java.security.ProtectionDomain
[0.040s][trace][class,loader,data] Adding k: 0x000000013000fee8 java.security.ProtectionDomain to loader data: 0x00006000032ac000 of 'bootstrap'
[0.040s][debug][cds,mirror       ] java.security.ProtectionDomain has raw archived mirror
[0.040s][debug][cds,heap         ] Clearing root 106: was 0x00000007ffb02e10
[0.040s][debug][cds,mirror       ] Archived mirror is: 0x00000007ffb02e10
[0.040s][trace][cds,heap,mirror  ] Restored java.security.ProtectionDomain archived mirror 0x00000007ffb02e10
[0.040s][debug][cds,heap         ] Clearing root 107: was 0x00000007ffb02e88
[0.040s][trace][cds,unshareable  ] restore: [Ljava.security.ProtectionDomain;
[0.040s][trace][class,loader,data] Adding k: 0x00000001300e5a38 [Ljava.security.ProtectionDomain; to loader data: 0x00006000032ac000 of 'bootstrap'
[0.040s][debug][cds,mirror       ] [Ljava.security.ProtectionDomain; has raw archived mirror
[0.040s][debug][cds,heap         ] Clearing root 243: was 0x00000007ffb069b8
[0.040s][debug][cds,mirror       ] Archived mirror is: 0x00000007ffb069b8
[0.040s][trace][cds,heap,mirror  ] Restored [Ljava.security.ProtectionDomain; archived mirror 0x00000007ffb069b8
[0.040s][info ][class,load       ] java.security.ProtectionDomain source: shared objects file
[0.040s][debug][class,load       ]  klass: 0x000000013000fee8 super: 0x0000000130000db8 loader: [loader data: 0x00006000032ac000 of 'bootstrap']
[0.040s][trace][module           ] Setting package: class: java.security.AccessControlContext, package: java/security, loader: 'bootstrap', module: java.base
[0.040s][trace][cds,unshareable  ] restore: java.security.AccessControlContext
[0.040s][trace][class,loader,data] Adding k: 0x000000013006cc60 java.security.AccessControlContext to loader data: 0x00006000032ac000 of 'bootstrap'
[0.040s][debug][cds,mirror       ] java.security.AccessControlContext has raw archived mirror
[0.040s][debug][cds,heap         ] Clearing root 100: was 0x00000007ffb02be8
[0.040s][debug][cds,mirror       ] Archived mirror is: 0x00000007ffb02be8
[0.040s][trace][cds,heap,mirror  ] Restored java.security.AccessControlContext archived mirror 0x00000007ffb02be8
[0.040s][debug][cds,heap         ] Clearing root 101: was 0x00000007ffb02c60
[0.040s][info ][class,load       ] java.security.AccessControlContext source: shared objects file
[0.040s][debug][class,load       ]  klass: 0x000000013006cc60 super: 0x0000000130000db8 loader: [loader data: 0x00006000032ac000 of 'bootstrap']
[0.040s][trace][module           ] Setting package: class: java.security.AccessController, package: java/security, loader: 'bootstrap', module: java.base
[0.040s][trace][cds,unshareable  ] restore: java.security.AccessController
[0.040s][trace][class,loader,data] Adding k: 0x000000013000aa50 java.security.AccessController to loader data: 0x00006000032ac000 of 'bootstrap'
[0.040s][debug][cds,mirror       ] java.security.AccessController has raw archived mirror
[0.040s][debug][cds,heap         ] Clearing root 102: was 0x00000007ffb02ca8
[0.040s][debug][cds,mirror       ] Archived mirror is: 0x00000007ffb02ca8
[0.040s][trace][cds,heap,mirror  ] Restored java.security.AccessController archived mirror 0x00000007ffb02ca8
[0.040s][debug][cds,heap         ] Clearing root 103: was 0x00000007ffb02d20
[0.040s][info ][class,load       ] java.security.AccessController source: shared objects file
[0.040s][debug][class,load       ]  klass: 0x000000013000aa50 super: 0x0000000130000db8 loader: [loader data: 0x00006000032ac000 of 'bootstrap']
[0.040s][trace][module           ] Setting package: class: java.security.SecureClassLoader, package: java/security, loader: 'bootstrap', module: java.base
[0.040s][trace][cds,unshareable  ] restore: java.security.SecureClassLoader
[0.040s][trace][class,loader,data] Adding k: 0x000000013000a3b0 java.security.SecureClassLoader to loader data: 0x00006000032ac000 of 'bootstrap'
[0.040s][debug][cds,mirror       ] java.security.SecureClassLoader has raw archived mirror
[0.040s][debug][cds,heap         ] Clearing root 108: was 0x00000007ffb02ec8
[0.040s][debug][cds,mirror       ] Archived mirror is: 0x00000007ffb02ec8
[0.040s][trace][cds,heap,mirror  ] Restored java.security.SecureClassLoader archived mirror 0x00000007ffb02ec8
[0.040s][info ][class,load       ] java.security.SecureClassLoader source: shared objects file
[0.040s][debug][class,load       ]  klass: 0x000000013000a3b0 super: 0x0000000130009d60 loader: [loader data: 0x00006000032ac000 of 'bootstrap']
[0.040s][trace][module           ] Setting package: class: java.lang.ReflectiveOperationException, package: java/lang, loader: 'bootstrap', module: java.base
[0.040s][trace][cds,unshareable  ] restore: java.lang.ReflectiveOperationException
[0.040s][trace][class,loader,data] Adding k: 0x0000000130023630 java.lang.ReflectiveOperationException to loader data: 0x00006000032ac000 of 'bootstrap'
[0.040s][debug][cds,mirror       ] java.lang.ReflectiveOperationException has raw archived mirror
[0.040s][debug][cds,heap         ] Clearing root 322: was 0x00000007ffb09180
[0.040s][debug][cds,mirror       ] Archived mirror is: 0x00000007ffb09180
[0.040s][trace][cds,heap,mirror  ] Restored java.lang.ReflectiveOperationException archived mirror 0x00000007ffb09180
[0.040s][info ][class,load       ] java.lang.ReflectiveOperationException source: shared objects file
[0.040s][debug][class,load       ]  klass: 0x0000000130023630 super: 0x00000001300233a0 loader: [loader data: 0x00006000032ac000 of 'bootstrap']
[0.040s][trace][module           ] Setting package: class: java.lang.ClassNotFoundException, package: java/lang, loader: 'bootstrap', module: java.base
[0.040s][trace][cds,unshareable  ] restore: java.lang.ClassNotFoundException
[0.040s][trace][class,loader,data] Adding k: 0x0000000130025b00 java.lang.ClassNotFoundException to loader data: 0x00006000032ac000 of 'bootstrap'
[0.040s][debug][cds,mirror       ] java.lang.ClassNotFoundException has raw archived mirror
[0.040s][debug][cds,heap         ] Clearing root 153: was 0x00000007ffb04188
[0.040s][debug][cds,mirror       ] Archived mirror is: 0x00000007ffb04188
[0.040s][trace][cds,heap,mirror  ] Restored java.lang.ClassNotFoundException archived mirror 0x00000007ffb04188
[0.040s][debug][cds,heap         ] Clearing root 154: was 0x00000007ffb04208
[0.040s][info ][class,load       ] java.lang.ClassNotFoundException source: shared objects file
[0.040s][debug][class,load       ]  klass: 0x0000000130025b00 super: 0x0000000130023630 loader: [loader data: 0x00006000032ac000 of 'bootstrap']
[0.040s][trace][module           ] Setting package: class: java.lang.Record, package: java/lang, loader: 'bootstrap', module: java.base
[0.040s][trace][cds,unshareable  ] restore: java.lang.Record
[0.040s][trace][class,loader,data] Adding k: 0x00000001300264d0 java.lang.Record to loader data: 0x00006000032ac000 of 'bootstrap'
[0.040s][debug][cds,mirror       ] java.lang.Record has raw archived mirror
[0.040s][debug][cds,heap         ] Clearing root 139: was 0x00000007ffb03b88
[0.040s][debug][cds,mirror       ] Archived mirror is: 0x00000007ffb03b88
[0.040s][trace][cds,heap,mirror  ] Restored java.lang.Record archived mirror 0x00000007ffb03b88
[0.040s][info ][class,load       ] java.lang.Record source: shared objects file
[0.040s][debug][class,load       ]  klass: 0x00000001300264d0 super: 0x0000000130000db8 loader: [loader data: 0x00006000032ac000 of 'bootstrap']
[0.040s][trace][module           ] Setting package: class: java.lang.LinkageError, package: java/lang, loader: 'bootstrap', module: java.base
[0.040s][trace][cds,unshareable  ] restore: java.lang.LinkageError
[0.040s][trace][class,loader,data] Adding k: 0x0000000130026240 java.lang.LinkageError to loader data: 0x00006000032ac000 of 'bootstrap'
[0.040s][debug][cds,mirror       ] java.lang.LinkageError has raw archived mirror
[0.040s][debug][cds,heap         ] Clearing root 158: was 0x00000007ffb04388
[0.040s][debug][cds,mirror       ] Archived mirror is: 0x00000007ffb04388
[0.040s][trace][cds,heap,mirror  ] Restored java.lang.LinkageError archived mirror 0x00000007ffb04388
[0.040s][info ][class,load       ] java.lang.LinkageError source: shared objects file
[0.040s][debug][class,load       ]  klass: 0x0000000130026240 super: 0x00000001300238c0 loader: [loader data: 0x00006000032ac000 of 'bootstrap']
[0.040s][trace][module           ] Setting package: class: java.lang.NoClassDefFoundError, package: java/lang, loader: 'bootstrap', module: java.base
[0.040s][trace][cds,unshareable  ] restore: java.lang.NoClassDefFoundError
[0.040s][trace][class,loader,data] Adding k: 0x00000001300516e8 java.lang.NoClassDefFoundError to loader data: 0x00006000032ac000 of 'bootstrap'
[0.040s][debug][cds,mirror       ] java.lang.NoClassDefFoundError has raw archived mirror
[0.040s][debug][cds,heap         ] Clearing root 167: was 0x00000007ffb047c0
[0.040s][debug][cds,mirror       ] Archived mirror is: 0x00000007ffb047c0
[0.040s][trace][cds,heap,mirror  ] Restored java.lang.NoClassDefFoundError archived mirror 0x00000007ffb047c0
[0.040s][info ][class,load       ] java.lang.NoClassDefFoundError source: shared objects file
[0.040s][debug][class,load       ]  klass: 0x00000001300516e8 super: 0x0000000130026240 loader: [loader data: 0x00006000032ac000 of 'bootstrap']
[0.040s][trace][module           ] Setting package: class: java.lang.ClassCastException, package: java/lang, loader: 'bootstrap', module: java.base
[0.040s][trace][cds,unshareable  ] restore: java.lang.ClassCastException
[0.040s][trace][class,loader,data] Adding k: 0x0000000130051458 java.lang.ClassCastException to loader data: 0x00006000032ac000 of 'bootstrap'
[0.040s][debug][cds,mirror       ] java.lang.ClassCastException has raw archived mirror
[0.040s][debug][cds,heap         ] Clearing root 152: was 0x00000007ffb04110
[0.040s][debug][cds,mirror       ] Archived mirror is: 0x00000007ffb04110
[0.040s][trace][cds,heap,mirror  ] Restored java.lang.ClassCastException archived mirror 0x00000007ffb04110
[0.040s][info ][class,load       ] java.lang.ClassCastException source: shared objects file
[0.040s][debug][class,load       ]  klass: 0x0000000130051458 super: 0x0000000130050300 loader: [loader data: 0x00006000032ac000 of 'bootstrap']
[0.040s][trace][module           ] Setting package: class: java.lang.ArrayStoreException, package: java/lang, loader: 'bootstrap', module: java.base
[0.041s][trace][cds,unshareable  ] restore: java.lang.ArrayStoreException
[0.041s][trace][class,loader,data] Adding k: 0x00000001300511c8 java.lang.ArrayStoreException to loader data: 0x00006000032ac000 of 'bootstrap'
[0.041s][debug][cds,mirror       ] java.lang.ArrayStoreException has raw archived mirror
[0.041s][debug][cds,heap         ] Clearing root 151: was 0x00000007ffb04098
[0.041s][debug][cds,mirror       ] Archived mirror is: 0x00000007ffb04098
[0.041s][trace][cds,heap,mirror  ] Restored java.lang.ArrayStoreException archived mirror 0x00000007ffb04098
[0.041s][info ][class,load       ] java.lang.ArrayStoreException source: shared objects file
[0.041s][debug][class,load       ]  klass: 0x00000001300511c8 super: 0x0000000130050300 loader: [loader data: 0x00006000032ac000 of 'bootstrap']
[0.041s][trace][module           ] Setting package: class: java.lang.VirtualMachineError, package: java/lang, loader: 'bootstrap', module: java.base
[0.041s][trace][cds,unshareable  ] restore: java.lang.VirtualMachineError
[0.041s][trace][class,loader,data] Adding k: 0x0000000130051db0 java.lang.VirtualMachineError to loader data: 0x00006000032ac000 of 'bootstrap'
[0.041s][debug][cds,mirror       ] java.lang.VirtualMachineError has raw archived mirror
[0.041s][debug][cds,heap         ] Clearing root 170: was 0x00000007ffb04928
[0.041s][debug][cds,mirror       ] Archived mirror is: 0x00000007ffb04928
[0.041s][trace][cds,heap,mirror  ] Restored java.lang.VirtualMachineError archived mirror 0x00000007ffb04928
[0.041s][trace][cds,unshareable  ] restore: [Ljava.lang.VirtualMachineError;
[0.041s][trace][class,loader,data] Adding k: 0x0000000130052038 [Ljava.lang.VirtualMachineError; to loader data: 0x00006000032ac000 of 'bootstrap'
[0.041s][debug][cds,mirror       ] [Ljava.lang.VirtualMachineError; has raw archived mirror
[0.041s][debug][cds,heap         ] Clearing root 741: was 0x00000007ffb14608
[0.041s][debug][cds,mirror       ] Archived mirror is: 0x00000007ffb14608
[0.041s][trace][cds,heap,mirror  ] Restored [Ljava.lang.VirtualMachineError; archived mirror 0x00000007ffb14608
[0.041s][info ][class,load       ] java.lang.VirtualMachineError source: shared objects file
[0.041s][debug][class,load       ]  klass: 0x0000000130051db0 super: 0x00000001300238c0 loader: [loader data: 0x00006000032ac000 of 'bootstrap']
[0.041s][trace][module           ] Setting package: class: java.lang.InternalError, package: java/lang, loader: 'bootstrap', module: java.base
[0.041s][trace][cds,unshareable  ] restore: java.lang.InternalError
[0.041s][trace][class,loader,data] Adding k: 0x0000000130052508 java.lang.InternalError to loader data: 0x00006000032ac000 of 'bootstrap'
[0.041s][debug][cds,mirror       ] java.lang.InternalError has raw archived mirror
[0.041s][debug][cds,heap         ] Clearing root 166: was 0x00000007ffb04748
[0.041s][debug][cds,mirror       ] Archived mirror is: 0x00000007ffb04748
[0.041s][trace][cds,heap,mirror  ] Restored java.lang.InternalError archived mirror 0x00000007ffb04748
[0.041s][info ][class,load       ] java.lang.InternalError source: shared objects file
[0.041s][debug][class,load       ]  klass: 0x0000000130052508 super: 0x0000000130051db0 loader: [loader data: 0x00006000032ac000 of 'bootstrap']
[0.041s][trace][module           ] Setting package: class: java.lang.OutOfMemoryError, package: java/lang, loader: 'bootstrap', module: java.base
[0.041s][trace][cds,unshareable  ] restore: java.lang.OutOfMemoryError
[0.041s][trace][class,loader,data] Adding k: 0x0000000130052278 java.lang.OutOfMemoryError to loader data: 0x00006000032ac000 of 'bootstrap'
[0.041s][debug][cds,mirror       ] java.lang.OutOfMemoryError has raw archived mirror
[0.041s][debug][cds,heap         ] Clearing root 169: was 0x00000007ffb048b0
[0.041s][debug][cds,mirror       ] Archived mirror is: 0x00000007ffb048b0
[0.041s][trace][cds,heap,mirror  ] Restored java.lang.OutOfMemoryError archived mirror 0x00000007ffb048b0
[0.041s][trace][cds,unshareable  ] restore: [Ljava.lang.OutOfMemoryError;
[0.041s][trace][class,loader,data] Adding k: 0x0000000130052790 [Ljava.lang.OutOfMemoryError; to loader data: 0x00006000032ac000 of 'bootstrap'
[0.041s][debug][cds,mirror       ] [Ljava.lang.OutOfMemoryError; has raw archived mirror
[0.041s][debug][cds,heap         ] Clearing root 742: was 0x00000007ffb14678
[0.041s][debug][cds,mirror       ] Archived mirror is: 0x00000007ffb14678
[0.041s][trace][cds,heap,mirror  ] Restored [Ljava.lang.OutOfMemoryError; archived mirror 0x00000007ffb14678
[0.041s][info ][class,load       ] java.lang.OutOfMemoryError source: shared objects file
[0.041s][debug][class,load       ]  klass: 0x0000000130052278 super: 0x0000000130051db0 loader: [loader data: 0x00006000032ac000 of 'bootstrap']
[0.041s][trace][module           ] Setting package: class: java.lang.StackOverflowError, package: java/lang, loader: 'bootstrap', module: java.base
[0.041s][trace][cds,unshareable  ] restore: java.lang.StackOverflowError
[0.041s][trace][class,loader,data] Adding k: 0x0000000130051b20 java.lang.StackOverflowError to loader data: 0x00006000032ac000 of 'bootstrap'
[0.041s][debug][cds,mirror       ] java.lang.StackOverflowError has raw archived mirror
[0.041s][debug][cds,heap         ] Clearing root 171: was 0x00000007ffb049a0
[0.041s][debug][cds,mirror       ] Archived mirror is: 0x00000007ffb049a0
[0.041s][trace][cds,heap,mirror  ] Restored java.lang.StackOverflowError archived mirror 0x00000007ffb049a0
[0.041s][info ][class,load       ] java.lang.StackOverflowError source: shared objects file
[0.041s][debug][class,load       ]  klass: 0x0000000130051b20 super: 0x0000000130051db0 loader: [loader data: 0x00006000032ac000 of 'bootstrap']
[0.041s][trace][module           ] Setting package: class: java.lang.IllegalMonitorStateException, package: java/lang, loader: 'bootstrap', module: java.base
[0.041s][trace][cds,unshareable  ] restore: java.lang.IllegalMonitorStateException
[0.041s][trace][class,loader,data] Adding k: 0x0000000130050070 java.lang.IllegalMonitorStateException to loader data: 0x00006000032ac000 of 'bootstrap'
[0.041s][debug][cds,mirror       ] java.lang.IllegalMonitorStateException has raw archived mirror
[0.041s][debug][cds,heap         ] Clearing root 156: was 0x00000007ffb04298
[0.041s][debug][cds,mirror       ] Archived mirror is: 0x00000007ffb04298
[0.041s][trace][cds,heap,mirror  ] Restored java.lang.IllegalMonitorStateException archived mirror 0x00000007ffb04298
[0.041s][info ][class,load       ] java.lang.IllegalMonitorStateException source: shared objects file
[0.041s][debug][class,load       ]  klass: 0x0000000130050070 super: 0x0000000130050300 loader: [loader data: 0x00006000032ac000 of 'bootstrap']
[0.041s][trace][module           ] Setting package: class: java.lang.ref.Reference, package: java/lang/ref, loader: 'bootstrap', module: java.base
[0.041s][trace][cds,unshareable  ] restore: java.lang.ref.Reference
[0.041s][trace][class,loader,data] Adding k: 0x000000013004cbd0 java.lang.ref.Reference to loader data: 0x00006000032ac000 of 'bootstrap'
[0.041s][debug][cds,mirror       ] java.lang.ref.Reference has raw archived mirror
[0.041s][debug][cds,heap         ] Clearing root 71: was 0x00000007ffb02160
[0.041s][debug][cds,mirror       ] Archived mirror is: 0x00000007ffb02160
[0.041s][trace][cds,heap,mirror  ] Restored java.lang.ref.Reference archived mirror 0x00000007ffb02160
[0.041s][debug][cds,heap         ] Clearing root 72: was 0x00000007ffb021d8
[0.041s][trace][cds,unshareable  ] restore: [Ljava.lang.ref.Reference;
[0.041s][trace][class,loader,data] Adding k: 0x0000000130052ce8 [Ljava.lang.ref.Reference; to loader data: 0x00006000032ac000 of 'bootstrap'
[0.041s][debug][cds,mirror       ] [Ljava.lang.ref.Reference; has raw archived mirror
[0.041s][debug][cds,heap         ] Clearing root 1031: was 0x00000007ffb1dfe0
[0.041s][debug][cds,mirror       ] Archived mirror is: 0x00000007ffb1dfe0
[0.041s][trace][cds,heap,mirror  ] Restored [Ljava.lang.ref.Reference; archived mirror 0x00000007ffb1dfe0
[0.041s][info ][class,load       ] java.lang.ref.Reference source: shared objects file
[0.041s][debug][class,load       ]  klass: 0x000000013004cbd0 super: 0x0000000130000db8 loader: [loader data: 0x00006000032ac000 of 'bootstrap']
[0.041s][trace][module           ] Setting package: class: java.lang.ref.SoftReference, package: java/lang/ref, loader: 'bootstrap', module: java.base
[0.041s][trace][cds,unshareable  ] restore: java.lang.ref.SoftReference
[0.041s][trace][class,loader,data] Adding k: 0x000000013004f860 java.lang.ref.SoftReference to loader data: 0x00006000032ac000 of 'bootstrap'
[0.041s][debug][cds,mirror       ] java.lang.ref.SoftReference has raw archived mirror
[0.041s][debug][cds,heap         ] Clearing root 73: was 0x00000007ffb021f0
[0.041s][debug][cds,mirror       ] Archived mirror is: 0x00000007ffb021f0
[0.041s][trace][cds,heap,mirror  ] Restored java.lang.ref.SoftReference archived mirror 0x00000007ffb021f0
[0.041s][trace][cds,unshareable  ] restore: [Ljava.lang.ref.SoftReference;
[0.041s][trace][class,loader,data] Adding k: 0x0000000130141110 [Ljava.lang.ref.SoftReference; to loader data: 0x00006000032ac000 of 'bootstrap'
[0.041s][debug][cds,mirror       ] [Ljava.lang.ref.SoftReference; has raw archived mirror
[0.041s][debug][cds,heap         ] Clearing root 1209: was 0x00000007ffb220a0
[0.041s][debug][cds,mirror       ] Archived mirror is: 0x00000007ffb220a0
[0.041s][trace][cds,heap,mirror  ] Restored [Ljava.lang.ref.SoftReference; archived mirror 0x00000007ffb220a0
[0.041s][info ][class,load       ] java.lang.ref.SoftReference source: shared objects file
[0.041s][debug][class,load       ]  klass: 0x000000013004f860 super: 0x000000013004cbd0 loader: [loader data: 0x00006000032ac000 of 'bootstrap']
[0.041s][trace][module           ] Setting package: class: java.lang.ref.WeakReference, package: java/lang/ref, loader: 'bootstrap', module: java.base
[0.042s][trace][cds,unshareable  ] restore: java.lang.ref.WeakReference
[0.042s][trace][class,loader,data] Adding k: 0x000000013004f368 java.lang.ref.WeakReference to loader data: 0x00006000032ac000 of 'bootstrap'
[0.042s][debug][cds,mirror       ] java.lang.ref.WeakReference has raw archived mirror
[0.042s][debug][cds,heap         ] Clearing root 74: was 0x00000007ffb02268
[0.042s][debug][cds,mirror       ] Archived mirror is: 0x00000007ffb02268
[0.042s][trace][cds,heap,mirror  ] Restored java.lang.ref.WeakReference archived mirror 0x00000007ffb02268
[0.042s][trace][cds,unshareable  ] restore: [Ljava.lang.ref.WeakReference;
[0.042s][trace][class,loader,data] Adding k: 0x000000013004fb38 [Ljava.lang.ref.WeakReference; to loader data: 0x00006000032ac000 of 'bootstrap'
[0.042s][debug][cds,mirror       ] [Ljava.lang.ref.WeakReference; has raw archived mirror
[0.042s][debug][cds,heap         ] Clearing root 1032: was 0x00000007ffb1e050
[0.042s][debug][cds,mirror       ] Archived mirror is: 0x00000007ffb1e050
[0.042s][trace][cds,heap,mirror  ] Restored [Ljava.lang.ref.WeakReference; archived mirror 0x00000007ffb1e050
[0.042s][info ][class,load       ] java.lang.ref.WeakReference source: shared objects file
[0.042s][debug][class,load       ]  klass: 0x000000013004f368 super: 0x000000013004cbd0 loader: [loader data: 0x00006000032ac000 of 'bootstrap']
[0.042s][trace][module           ] Setting package: class: java.lang.ref.FinalReference, package: java/lang/ref, loader: 'bootstrap', module: java.base
[0.042s][trace][cds,unshareable  ] restore: java.lang.ref.FinalReference
[0.042s][trace][class,loader,data] Adding k: 0x000000013004ec80 java.lang.ref.FinalReference to loader data: 0x00006000032ac000 of 'bootstrap'
[0.042s][debug][cds,mirror       ] java.lang.ref.FinalReference has raw archived mirror
[0.042s][debug][cds,heap         ] Clearing root 75: was 0x00000007ffb022d8
[0.042s][debug][cds,mirror       ] Archived mirror is: 0x00000007ffb022d8
[0.042s][trace][cds,heap,mirror  ] Restored java.lang.ref.FinalReference archived mirror 0x00000007ffb022d8
[0.042s][debug][cds,heap         ] Clearing root 76: was 0x00000007ffb02348
[0.042s][info ][class,load       ] java.lang.ref.FinalReference source: shared objects file
[0.042s][debug][class,load       ]  klass: 0x000000013004ec80 super: 0x000000013004cbd0 loader: [loader data: 0x00006000032ac000 of 'bootstrap']
[0.042s][trace][module           ] Setting package: class: java.lang.ref.PhantomReference, package: java/lang/ref, loader: 'bootstrap', module: java.base
[0.042s][trace][cds,unshareable  ] restore: java.lang.ref.PhantomReference
[0.042s][trace][class,loader,data] Adding k: 0x000000013004ce48 java.lang.ref.PhantomReference to loader data: 0x00006000032ac000 of 'bootstrap'
[0.042s][debug][cds,mirror       ] java.lang.ref.PhantomReference has raw archived mirror
[0.042s][debug][cds,heap         ] Clearing root 77: was 0x00000007ffb02360
[0.042s][debug][cds,mirror       ] Archived mirror is: 0x00000007ffb02360
[0.042s][trace][cds,heap,mirror  ] Restored java.lang.ref.PhantomReference archived mirror 0x00000007ffb02360
[0.042s][info ][class,load       ] java.lang.ref.PhantomReference source: shared objects file
[0.042s][debug][class,load       ]  klass: 0x000000013004ce48 super: 0x000000013004cbd0 loader: [loader data: 0x00006000032ac000 of 'bootstrap']
[0.042s][trace][module           ] Setting package: class: java.lang.ref.Finalizer, package: java/lang/ref, loader: 'bootstrap', module: java.base
[0.042s][trace][cds,unshareable  ] restore: java.lang.ref.Finalizer
[0.042s][trace][class,loader,data] Adding k: 0x000000013004eef8 java.lang.ref.Finalizer to loader data: 0x00006000032ac000 of 'bootstrap'
[0.042s][debug][cds,mirror       ] java.lang.ref.Finalizer has raw archived mirror
[0.042s][debug][cds,heap         ] Clearing root 78: was 0x00000007ffb023d0
[0.042s][debug][cds,mirror       ] Archived mirror is: 0x00000007ffb023d0
[0.042s][trace][cds,heap,mirror  ] Restored java.lang.ref.Finalizer archived mirror 0x00000007ffb023d0
[0.042s][info ][class,load       ] java.lang.ref.Finalizer source: shared objects file
[0.042s][debug][class,load       ]  klass: 0x000000013004eef8 super: 0x000000013004ec80 loader: [loader data: 0x00006000032ac000 of 'bootstrap']
[0.042s][trace][module           ] Setting package: class: java.lang.Runnable, package: java/lang, loader: 'bootstrap', module: java.base
[0.042s][trace][cds,unshareable  ] restore: java.lang.Runnable
[0.042s][trace][class,loader,data] Adding k: 0x000000013001f020 java.lang.Runnable to loader data: 0x00006000032ac000 of 'bootstrap'
[0.042s][debug][cds,mirror       ] java.lang.Runnable has raw archived mirror
[0.042s][debug][cds,heap         ] Clearing root 482: was 0x00000007ffb0d558
[0.042s][debug][cds,mirror       ] Archived mirror is: 0x00000007ffb0d558
[0.042s][trace][cds,heap,mirror  ] Restored java.lang.Runnable archived mirror 0x00000007ffb0d558
[0.042s][trace][cds,unshareable  ] restore: [Ljava.lang.Runnable;
[0.042s][trace][class,loader,data] Adding k: 0x00000001301f50d0 [Ljava.lang.Runnable; to loader data: 0x00006000032ac000 of 'bootstrap'
[0.042s][debug][cds,mirror       ] [Ljava.lang.Runnable; has raw archived mirror
[0.042s][debug][cds,heap         ] Clearing root 844: was 0x00000007ffb17070
[0.042s][debug][cds,mirror       ] Archived mirror is: 0x00000007ffb17070
[0.042s][trace][cds,heap,mirror  ] Restored [Ljava.lang.Runnable; archived mirror 0x00000007ffb17070
[0.042s][info ][class,load       ] java.lang.Runnable source: shared objects file
[0.042s][debug][class,load       ]  klass: 0x000000013001f020 super: 0x0000000130000db8 loader: [loader data: 0x00006000032ac000 of 'bootstrap']
[0.042s][trace][module           ] Setting package: class: java.lang.Thread, package: java/lang, loader: 'bootstrap', module: java.base
[0.042s][trace][cds,unshareable  ] restore: java.lang.Thread
[0.042s][trace][class,loader,data] Adding k: 0x000000013001eab0 java.lang.Thread to loader data: 0x00006000032ac000 of 'bootstrap'
[0.042s][debug][cds,mirror       ] java.lang.Thread has raw archived mirror
[0.042s][debug][cds,heap         ] Clearing root 31: was 0x00000007ffb00f38
[0.042s][debug][cds,mirror       ] Archived mirror is: 0x00000007ffb00f38
[0.042s][trace][cds,heap,mirror  ] Restored java.lang.Thread archived mirror 0x00000007ffb00f38
[0.042s][debug][cds,heap         ] Clearing root 32: was 0x00000007ffb00fc8
[0.042s][trace][cds,unshareable  ] restore: [Ljava.lang.Thread;
[0.042s][trace][class,loader,data] Adding k: 0x000000013001f7f8 [Ljava.lang.Thread; to loader data: 0x00006000032ac000 of 'bootstrap'
[0.042s][debug][cds,mirror       ] [Ljava.lang.Thread; has raw archived mirror
[0.042s][debug][cds,heap         ] Clearing root 244: was 0x00000007ffb06a28
[0.042s][debug][cds,mirror       ] Archived mirror is: 0x00000007ffb06a28
[0.042s][trace][cds,heap,mirror  ] Restored [Ljava.lang.Thread; archived mirror 0x00000007ffb06a28
[0.042s][info ][class,load       ] java.lang.Thread source: shared objects file
[0.042s][debug][class,load       ]  klass: 0x000000013001eab0 super: 0x0000000130000db8 interfaces: 0x000000013001f020 loader: [loader data: 0x00006000032ac000 of 'bootstrap']
[0.042s][trace][module           ] Setting package: class: java.lang.Thread$UncaughtExceptionHandler, package: java/lang, loader: 'bootstrap', module: java.base
[0.042s][trace][cds,unshareable  ] restore: java.lang.Thread$UncaughtExceptionHandler
[0.042s][trace][class,loader,data] Adding k: 0x000000013017b700 java.lang.Thread$UncaughtExceptionHandler to loader data: 0x00006000032ac000 of 'bootstrap'
[0.042s][debug][cds,mirror       ] java.lang.Thread$UncaughtExceptionHandler has raw archived mirror
[0.042s][debug][cds,heap         ] Clearing root 488: was 0x00000007ffb0d800
[0.042s][debug][cds,mirror       ] Archived mirror is: 0x00000007ffb0d800
[0.042s][trace][cds,heap,mirror  ] Restored java.lang.Thread$UncaughtExceptionHandler archived mirror 0x00000007ffb0d800
[0.042s][trace][cds,unshareable  ] restore: [Ljava.lang.Thread$UncaughtExceptionHandler;
[0.042s][trace][class,loader,data] Adding k: 0x00000001300888a0 [Ljava.lang.Thread$UncaughtExceptionHandler; to loader data: 0x00006000032ac000 of 'bootstrap'
[0.042s][debug][cds,mirror       ] [Ljava.lang.Thread$UncaughtExceptionHandler; has raw archived mirror
[0.042s][debug][cds,heap         ] Clearing root 747: was 0x00000007ffb148a8
[0.042s][debug][cds,mirror       ] Archived mirror is: 0x00000007ffb148a8
[0.042s][trace][cds,heap,mirror  ] Restored [Ljava.lang.Thread$UncaughtExceptionHandler; archived mirror 0x00000007ffb148a8
[0.042s][info ][class,load       ] java.lang.Thread$UncaughtExceptionHandler source: shared objects file
[0.042s][debug][class,load       ]  klass: 0x000000013017b700 super: 0x0000000130000db8 loader: [loader data: 0x00006000032ac000 of 'bootstrap']
[0.042s][trace][module           ] Setting package: class: java.lang.ThreadGroup, package: java/lang, loader: 'bootstrap', module: java.base
[0.042s][trace][cds,unshareable  ] restore: java.lang.ThreadGroup
[0.042s][trace][class,loader,data] Adding k: 0x0000000130015380 java.lang.ThreadGroup to loader data: 0x00006000032ac000 of 'bootstrap'
[0.042s][debug][cds,mirror       ] java.lang.ThreadGroup has raw archived mirror
[0.042s][debug][cds,heap         ] Clearing root 33: was 0x00000007ffb01008
[0.042s][debug][cds,mirror       ] Archived mirror is: 0x00000007ffb01008
[0.042s][trace][cds,heap,mirror  ] Restored java.lang.ThreadGroup archived mirror 0x00000007ffb01008
[0.042s][debug][cds,heap         ] Clearing root 34: was 0x00000007ffb01078
[0.042s][trace][cds,unshareable  ] restore: [Ljava.lang.ThreadGroup;
[0.042s][trace][class,loader,data] Adding k: 0x0000000130088680 [Ljava.lang.ThreadGroup; to loader data: 0x00006000032ac000 of 'bootstrap'
[0.042s][debug][cds,mirror       ] [Ljava.lang.ThreadGroup; has raw archived mirror
[0.042s][debug][cds,heap         ] Clearing root 245: was 0x00000007ffb06a98
[0.042s][debug][cds,mirror       ] Archived mirror is: 0x00000007ffb06a98
[0.042s][trace][cds,heap,mirror  ] Restored [Ljava.lang.ThreadGroup; archived mirror 0x00000007ffb06a98
[0.043s][info ][class,load       ] java.lang.ThreadGroup source: shared objects file
[0.043s][debug][class,load       ]  klass: 0x0000000130015380 super: 0x0000000130000db8 interfaces: 0x000000013017b700 loader: [loader data: 0x00006000032ac000 of 'bootstrap']
[0.043s][trace][module           ] Setting package: class: java.util.Dictionary, package: java/util, loader: 'bootstrap', module: java.base
[0.043s][trace][cds,unshareable  ] restore: java.util.Dictionary
[0.043s][trace][class,loader,data] Adding k: 0x0000000130018af0 java.util.Dictionary to loader data: 0x00006000032ac000 of 'bootstrap'
[0.043s][debug][cds,mirror       ] java.util.Dictionary has raw archived mirror
[0.043s][debug][cds,heap         ] Clearing root 505: was 0x00000007ffb0df28
[0.043s][debug][cds,mirror       ] Archived mirror is: 0x00000007ffb0df28
[0.043s][trace][cds,heap,mirror  ] Restored java.util.Dictionary archived mirror 0x00000007ffb0df28
[0.043s][info ][class,load       ] java.util.Dictionary source: shared objects file
[0.043s][debug][class,load       ]  klass: 0x0000000130018af0 super: 0x0000000130000db8 loader: [loader data: 0x00006000032ac000 of 'bootstrap']
[0.043s][trace][module           ] Setting package: class: java.util.Map, package: java/util, loader: 'bootstrap', module: java.base
[0.043s][trace][cds,unshareable  ] restore: java.util.Map
[0.043s][trace][class,loader,data] Adding k: 0x0000000130015150 java.util.Map to loader data: 0x00006000032ac000 of 'bootstrap'
[0.043s][debug][cds,mirror       ] java.util.Map has raw archived mirror
[0.043s][debug][cds,heap         ] Clearing root 362: was 0x00000007ffb0a438
[0.043s][debug][cds,mirror       ] Archived mirror is: 0x00000007ffb0a438
[0.043s][trace][cds,heap,mirror  ] Restored java.util.Map archived mirror 0x00000007ffb0a438
[0.043s][info ][class,load       ] java.util.Map source: shared objects file
[0.043s][debug][class,load       ]  klass: 0x0000000130015150 super: 0x0000000130000db8 loader: [loader data: 0x00006000032ac000 of 'bootstrap']
[0.043s][trace][module           ] Setting package: class: java.util.Hashtable, package: java/util, loader: 'bootstrap', module: java.base
[0.043s][trace][cds,unshareable  ] restore: java.util.Hashtable
[0.043s][trace][class,loader,data] Adding k: 0x0000000130018d60 java.util.Hashtable to loader data: 0x00006000032ac000 of 'bootstrap'
[0.043s][debug][cds,mirror       ] java.util.Hashtable has raw archived mirror
[0.043s][debug][cds,heap         ] Clearing root 128: was 0x00000007ffb036b0
[0.043s][debug][cds,mirror       ] Archived mirror is: 0x00000007ffb036b0
[0.043s][trace][cds,heap,mirror  ] Restored java.util.Hashtable archived mirror 0x00000007ffb036b0
[0.043s][debug][cds,heap         ] Clearing root 129: was 0x00000007ffb03738
[0.043s][info ][class,load       ] java.util.Hashtable source: shared objects file
[0.043s][debug][class,load       ]  klass: 0x0000000130018d60 super: 0x0000000130018af0 interfaces: 0x0000000130015150 0x0000000130000b88 0x00000001300037c0 loader: [loader data: 0x00006000032ac000 of 'bootstrap']
[0.043s][trace][module           ] Setting package: class: java.util.Properties, package: java/util, loader: 'bootstrap', module: java.base
[0.043s][trace][cds,unshareable  ] restore: java.util.Properties
[0.043s][trace][class,loader,data] Adding k: 0x0000000130018660 java.util.Properties to loader data: 0x00006000032ac000 of 'bootstrap'
[0.043s][debug][cds,mirror       ] java.util.Properties has raw archived mirror
[0.043s][debug][cds,heap         ] Clearing root 124: was 0x00000007ffb03550
[0.043s][debug][cds,mirror       ] Archived mirror is: 0x00000007ffb03550
[0.043s][trace][cds,heap,mirror  ] Restored java.util.Properties archived mirror 0x00000007ffb03550
[0.043s][debug][cds,heap         ] Clearing root 125: was 0x00000007ffb035d0
[0.043s][info ][class,load       ] java.util.Properties source: shared objects file
[0.043s][debug][class,load       ]  klass: 0x0000000130018660 super: 0x0000000130018d60 loader: [loader data: 0x00006000032ac000 of 'bootstrap']
[0.043s][trace][module           ] Setting package: class: java.lang.Module, package: java/lang, loader: 'bootstrap', module: java.base
[0.043s][trace][cds,unshareable  ] restore: java.lang.Module
[0.043s][trace][class,loader,data] Adding k: 0x000000013000ccc0 java.lang.Module to loader data: 0x00006000032ac000 of 'bootstrap'
[0.043s][debug][cds,mirror       ] java.lang.Module has raw archived mirror
[0.043s][debug][cds,heap         ] Clearing root 23: was 0x00000007ffb00ba0
[0.043s][debug][cds,mirror       ] Archived mirror is: 0x00000007ffb00ba0
[0.043s][trace][cds,heap,mirror  ] Restored java.lang.Module archived mirror 0x00000007ffb00ba0
[0.043s][debug][cds,heap         ] Clearing root 24: was 0x00000007ffb00c28
[0.043s][trace][cds,unshareable  ] restore: [Ljava.lang.Module;
[0.043s][trace][class,loader,data] Adding k: 0x000000013000c7c8 [Ljava.lang.Module; to loader data: 0x00006000032ac000 of 'bootstrap'
[0.043s][debug][cds,mirror       ] [Ljava.lang.Module; has raw archived mirror
[0.043s][debug][cds,heap         ] Clearing root 542: was 0x00000007ffb0edb8
[0.043s][debug][cds,mirror       ] Archived mirror is: 0x00000007ffb0edb8
[0.043s][trace][cds,heap,mirror  ] Restored [Ljava.lang.Module; archived mirror 0x00000007ffb0edb8
[0.043s][info ][class,load       ] java.lang.Module source: shared objects file
[0.043s][debug][class,load       ]  klass: 0x000000013000ccc0 super: 0x0000000130000db8 interfaces: 0x0000000130002200 loader: [loader data: 0x00006000032ac000 of 'bootstrap']
[0.043s][trace][module           ] Setting package: class: java.lang.reflect.AccessibleObject, package: java/lang/reflect, loader: 'bootstrap', module: java.base
[0.043s][trace][cds,unshareable  ] restore: java.lang.reflect.AccessibleObject
[0.043s][trace][class,loader,data] Adding k: 0x0000000130056da0 java.lang.reflect.AccessibleObject to loader data: 0x00006000032ac000 of 'bootstrap'
[0.043s][debug][cds,mirror       ] java.lang.reflect.AccessibleObject has raw archived mirror
[0.043s][debug][cds,heap         ] Clearing root 79: was 0x00000007ffb02450
[0.043s][debug][cds,mirror       ] Archived mirror is: 0x00000007ffb02450
[0.043s][trace][cds,heap,mirror  ] Restored java.lang.reflect.AccessibleObject archived mirror 0x00000007ffb02450
[0.043s][debug][cds,heap         ] Clearing root 80: was 0x00000007ffb024c8
[0.043s][trace][cds,unshareable  ] restore: [Ljava.lang.reflect.AccessibleObject;
[0.043s][trace][class,loader,data] Adding k: 0x000000013005aa80 [Ljava.lang.reflect.AccessibleObject; to loader data: 0x00006000032ac000 of 'bootstrap'
[0.043s][debug][cds,mirror       ] [Ljava.lang.reflect.AccessibleObject; has raw archived mirror
[0.043s][debug][cds,heap         ] Clearing root 546: was 0x00000007ffb0ef38
[0.043s][debug][cds,mirror       ] Archived mirror is: 0x00000007ffb0ef38
[0.043s][trace][cds,heap,mirror  ] Restored [Ljava.lang.reflect.AccessibleObject; archived mirror 0x00000007ffb0ef38
[0.043s][info ][class,load       ] java.lang.reflect.AccessibleObject source: shared objects file
[0.043s][debug][class,load       ]  klass: 0x0000000130056da0 super: 0x0000000130000db8 interfaces: 0x0000000130002200 loader: [loader data: 0x00006000032ac000 of 'bootstrap']
[0.043s][trace][module           ] Setting package: class: java.lang.reflect.Member, package: java/lang/reflect, loader: 'bootstrap', module: java.base
[0.043s][trace][cds,unshareable  ] restore: java.lang.reflect.Member
[0.043s][trace][class,loader,data] Adding k: 0x0000000130057510 java.lang.reflect.Member to loader data: 0x00006000032ac000 of 'bootstrap'
[0.043s][debug][cds,mirror       ] java.lang.reflect.Member has raw archived mirror
[0.043s][debug][cds,heap         ] Clearing root 335: was 0x00000007ffb099c0
[0.043s][debug][cds,mirror       ] Archived mirror is: 0x00000007ffb099c0
[0.043s][trace][cds,heap,mirror  ] Restored java.lang.reflect.Member archived mirror 0x00000007ffb099c0
[0.043s][trace][cds,unshareable  ] restore: [Ljava.lang.reflect.Member;
[0.043s][trace][class,loader,data] Adding k: 0x0000000130057738 [Ljava.lang.reflect.Member; to loader data: 0x00006000032ac000 of 'bootstrap'
[0.043s][debug][cds,mirror       ] [Ljava.lang.reflect.Member; has raw archived mirror
[0.043s][debug][cds,heap         ] Clearing root 802: was 0x00000007ffb15ee8
[0.043s][debug][cds,mirror       ] Archived mirror is: 0x00000007ffb15ee8
[0.043s][trace][cds,heap,mirror  ] Restored [Ljava.lang.reflect.Member; archived mirror 0x00000007ffb15ee8
[0.043s][info ][class,load       ] java.lang.reflect.Member source: shared objects file
[0.043s][debug][class,load       ]  klass: 0x0000000130057510 super: 0x0000000130000db8 loader: [loader data: 0x00006000032ac000 of 'bootstrap']
[0.043s][trace][module           ] Setting package: class: java.lang.reflect.Field, package: java/lang/reflect, loader: 'bootstrap', module: java.base
[0.043s][trace][cds,unshareable  ] restore: java.lang.reflect.Field
[0.043s][trace][class,loader,data] Adding k: 0x000000013005c158 java.lang.reflect.Field to loader data: 0x00006000032ac000 of 'bootstrap'
[0.043s][debug][cds,mirror       ] java.lang.reflect.Field has raw archived mirror
[0.043s][debug][cds,heap         ] Clearing root 85: was 0x00000007ffb02648
[0.043s][debug][cds,mirror       ] Archived mirror is: 0x00000007ffb02648
[0.043s][trace][cds,heap,mirror  ] Restored java.lang.reflect.Field archived mirror 0x00000007ffb02648
[0.043s][debug][cds,heap         ] Clearing root 86: was 0x00000007ffb026b8
[0.044s][info ][class,load       ] java.lang.reflect.Field source: shared objects file
[0.044s][debug][class,load       ]  klass: 0x000000013005c158 super: 0x0000000130056da0 interfaces: 0x0000000130057510 loader: [loader data: 0x00006000032ac000 of 'bootstrap']
[0.044s][trace][module           ] Setting package: class: java.lang.reflect.Parameter, package: java/lang/reflect, loader: 'bootstrap', module: java.base
[0.044s][trace][cds,unshareable  ] restore: java.lang.reflect.Parameter
[0.044s][trace][class,loader,data] Adding k: 0x000000013005e740 java.lang.reflect.Parameter to loader data: 0x00006000032ac000 of 'bootstrap'
[0.044s][debug][cds,mirror       ] java.lang.reflect.Parameter has raw archived mirror
[0.044s][debug][cds,heap         ] Clearing root 87: was 0x00000007ffb026e0
[0.044s][debug][cds,mirror       ] Archived mirror is: 0x00000007ffb026e0
[0.044s][trace][cds,heap,mirror  ] Restored java.lang.reflect.Parameter archived mirror 0x00000007ffb026e0
[0.044s][debug][cds,heap         ] Clearing root 88: was 0x00000007ffb02750
[0.044s][info ][class,load       ] java.lang.reflect.Parameter source: shared objects file
[0.044s][debug][class,load       ]  klass: 0x000000013005e740 super: 0x0000000130000db8 interfaces: 0x0000000130002200 loader: [loader data: 0x00006000032ac000 of 'bootstrap']
[0.044s][trace][module           ] Setting package: class: java.lang.reflect.Executable, package: java/lang/reflect, loader: 'bootstrap', module: java.base
[0.044s][trace][cds,unshareable  ] restore: java.lang.reflect.Executable
[0.044s][trace][class,loader,data] Adding k: 0x0000000130057090 java.lang.reflect.Executable to loader data: 0x00006000032ac000 of 'bootstrap'
[0.044s][debug][cds,mirror       ] java.lang.reflect.Executable has raw archived mirror
[0.044s][debug][cds,heap         ] Clearing root 547: was 0x00000007ffb0efa8
[0.044s][debug][cds,mirror       ] Archived mirror is: 0x00000007ffb0efa8
[0.044s][trace][cds,heap,mirror  ] Restored java.lang.reflect.Executable archived mirror 0x00000007ffb0efa8
[0.044s][debug][cds,heap         ] Clearing root 548: was 0x00000007ffb0f018
[0.044s][trace][cds,unshareable  ] restore: [Ljava.lang.reflect.Executable;
[0.044s][trace][class,loader,data] Adding k: 0x000000013005aca0 [Ljava.lang.reflect.Executable; to loader data: 0x00006000032ac000 of 'bootstrap'
[0.044s][debug][cds,mirror       ] [Ljava.lang.reflect.Executable; has raw archived mirror
[0.044s][debug][cds,heap         ] Clearing root 2005: was 0x00000007ffb37068
[0.044s][debug][cds,mirror       ] Archived mirror is: 0x00000007ffb37068
[0.044s][trace][cds,heap,mirror  ] Restored [Ljava.lang.reflect.Executable; archived mirror 0x00000007ffb37068
[0.044s][info ][class,load       ] java.lang.reflect.Executable source: shared objects file
[0.044s][debug][class,load       ]  klass: 0x0000000130057090 super: 0x0000000130056da0 interfaces: 0x0000000130057510 0x00000001300029a0 loader: [loader data: 0x00006000032ac000 of 'bootstrap']
[0.044s][trace][module           ] Setting package: class: java.lang.reflect.Method, package: java/lang/reflect, loader: 'bootstrap', module: java.base
[0.044s][trace][cds,unshareable  ] restore: java.lang.reflect.Method
[0.044s][trace][class,loader,data] Adding k: 0x0000000130057e08 java.lang.reflect.Method to loader data: 0x00006000032ac000 of 'bootstrap'
[0.044s][debug][cds,mirror       ] java.lang.reflect.Method has raw archived mirror
[0.044s][debug][cds,heap         ] Clearing root 81: was 0x00000007ffb02510
[0.044s][debug][cds,mirror       ] Archived mirror is: 0x00000007ffb02510
[0.044s][trace][cds,heap,mirror  ] Restored java.lang.reflect.Method archived mirror 0x00000007ffb02510
[0.044s][debug][cds,heap         ] Clearing root 82: was 0x00000007ffb02580
[0.044s][trace][cds,unshareable  ] restore: [Ljava.lang.reflect.Method;
[0.044s][trace][class,loader,data] Adding k: 0x0000000130059888 [Ljava.lang.reflect.Method; to loader data: 0x00006000032ac000 of 'bootstrap'
[0.044s][debug][cds,mirror       ] [Ljava.lang.reflect.Method; has raw archived mirror
[0.044s][debug][cds,heap         ] Clearing root 354: was 0x00000007ffb0a120
[0.044s][debug][cds,mirror       ] Archived mirror is: 0x00000007ffb0a120
[0.044s][trace][cds,heap,mirror  ] Restored [Ljava.lang.reflect.Method; archived mirror 0x00000007ffb0a120
[0.044s][info ][class,load       ] java.lang.reflect.Method source: shared objects file
[0.044s][debug][class,load       ]  klass: 0x0000000130057e08 super: 0x0000000130057090 loader: [loader data: 0x00006000032ac000 of 'bootstrap']
[0.044s][trace][module           ] Setting package: class: java.lang.reflect.Constructor, package: java/lang/reflect, loader: 'bootstrap', module: java.base
[0.044s][trace][cds,unshareable  ] restore: java.lang.reflect.Constructor
[0.044s][trace][class,loader,data] Adding k: 0x0000000130057980 java.lang.reflect.Constructor to loader data: 0x00006000032ac000 of 'bootstrap'
[0.044s][debug][cds,mirror       ] java.lang.reflect.Constructor has raw archived mirror
[0.044s][debug][cds,heap         ] Clearing root 83: was 0x00000007ffb025b0
[0.044s][debug][cds,mirror       ] Archived mirror is: 0x00000007ffb025b0
[0.044s][trace][cds,heap,mirror  ] Restored java.lang.reflect.Constructor archived mirror 0x00000007ffb025b0
[0.044s][debug][cds,heap         ] Clearing root 84: was 0x00000007ffb02620
[0.044s][trace][cds,unshareable  ] restore: [Ljava.lang.reflect.Constructor;
[0.044s][trace][class,loader,data] Adding k: 0x000000013005a860 [Ljava.lang.reflect.Constructor; to loader data: 0x00006000032ac000 of 'bootstrap'
[0.044s][debug][cds,mirror       ] [Ljava.lang.reflect.Constructor; has raw archived mirror
[0.044s][debug][cds,heap         ] Clearing root 353: was 0x00000007ffb0a0b0
[0.044s][debug][cds,mirror       ] Archived mirror is: 0x00000007ffb0a0b0
[0.044s][trace][cds,heap,mirror  ] Restored [Ljava.lang.reflect.Constructor; archived mirror 0x00000007ffb0a0b0
[0.044s][info ][class,load       ] java.lang.reflect.Constructor source: shared objects file
[0.044s][debug][class,load       ]  klass: 0x0000000130057980 super: 0x0000000130057090 loader: [loader data: 0x00006000032ac000 of 'bootstrap']
[0.044s][trace][module           ] Setting package: class: jdk.internal.reflect.MagicAccessorImpl, package: jdk/internal/reflect, loader: 'bootstrap', module: java.base
[0.044s][trace][cds,unshareable  ] restore: jdk.internal.reflect.MagicAccessorImpl
[0.044s][trace][class,loader,data] Adding k: 0x000000013000bb28 jdk.internal.reflect.MagicAccessorImpl to loader data: 0x00006000032ac000 of 'bootstrap'
[0.044s][debug][cds,mirror       ] jdk.internal.reflect.MagicAccessorImpl has raw archived mirror
[0.044s][debug][cds,heap         ] Clearing root 192: was 0x00000007ffb05410
[0.044s][debug][cds,mirror       ] Archived mirror is: 0x00000007ffb05410
[0.044s][trace][cds,heap,mirror  ] Restored jdk.internal.reflect.MagicAccessorImpl archived mirror 0x00000007ffb05410
[0.044s][info ][class,load       ] jdk.internal.reflect.MagicAccessorImpl source: shared objects file
[0.044s][debug][class,load       ]  klass: 0x000000013000bb28 super: 0x0000000130000db8 loader: [loader data: 0x00006000032ac000 of 'bootstrap']
[0.044s][trace][module           ] Setting package: class: jdk.internal.reflect.MethodAccessor, package: jdk/internal/reflect, loader: 'bootstrap', module: java.base
[0.044s][trace][cds,unshareable  ] restore: jdk.internal.reflect.MethodAccessor
[0.044s][trace][class,loader,data] Adding k: 0x000000013019d1a8 jdk.internal.reflect.MethodAccessor to loader data: 0x00006000032ac000 of 'bootstrap'
[0.044s][debug][cds,mirror       ] jdk.internal.reflect.MethodAccessor has raw archived mirror
[0.044s][debug][cds,heap         ] Clearing root 553: was 0x00000007ffb0f228
[0.044s][debug][cds,mirror       ] Archived mirror is: 0x00000007ffb0f228
[0.044s][trace][cds,heap,mirror  ] Restored jdk.internal.reflect.MethodAccessor archived mirror 0x00000007ffb0f228
[0.044s][info ][class,load       ] jdk.internal.reflect.MethodAccessor source: shared objects file
[0.044s][debug][class,load       ]  klass: 0x000000013019d1a8 super: 0x0000000130000db8 loader: [loader data: 0x00006000032ac000 of 'bootstrap']
[0.044s][trace][module           ] Setting package: class: jdk.internal.reflect.MethodAccessorImpl, package: jdk/internal/reflect, loader: 'bootstrap', module: java.base
[0.044s][trace][cds,unshareable  ] restore: jdk.internal.reflect.MethodAccessorImpl
[0.044s][trace][class,loader,data] Adding k: 0x000000013000bfc8 jdk.internal.reflect.MethodAccessorImpl to loader data: 0x00006000032ac000 of 'bootstrap'
[0.044s][debug][cds,mirror       ] jdk.internal.reflect.MethodAccessorImpl has raw archived mirror
[0.044s][debug][cds,heap         ] Clearing root 193: was 0x00000007ffb05480
[0.044s][debug][cds,mirror       ] Archived mirror is: 0x00000007ffb05480
[0.044s][trace][cds,heap,mirror  ] Restored jdk.internal.reflect.MethodAccessorImpl archived mirror 0x00000007ffb05480
[0.044s][info ][class,load       ] jdk.internal.reflect.MethodAccessorImpl source: shared objects file
[0.044s][debug][class,load       ]  klass: 0x000000013000bfc8 super: 0x000000013000bb28 interfaces: 0x000000013019d1a8 loader: [loader data: 0x00006000032ac000 of 'bootstrap']
[0.044s][trace][module           ] Setting package: class: jdk.internal.reflect.ConstructorAccessor, package: jdk/internal/reflect, loader: 'bootstrap', module: java.base
[0.044s][trace][cds,unshareable  ] restore: jdk.internal.reflect.ConstructorAccessor
[0.044s][trace][class,loader,data] Adding k: 0x000000013000c220 jdk.internal.reflect.ConstructorAccessor to loader data: 0x00006000032ac000 of 'bootstrap'
[0.044s][debug][cds,mirror       ] jdk.internal.reflect.ConstructorAccessor has raw archived mirror
[0.044s][debug][cds,heap         ] Clearing root 554: was 0x00000007ffb0f298
[0.044s][debug][cds,mirror       ] Archived mirror is: 0x00000007ffb0f298
[0.044s][trace][cds,heap,mirror  ] Restored jdk.internal.reflect.ConstructorAccessor archived mirror 0x00000007ffb0f298
[0.044s][info ][class,load       ] jdk.internal.reflect.ConstructorAccessor source: shared objects file
[0.044s][debug][class,load       ]  klass: 0x000000013000c220 super: 0x0000000130000db8 loader: [loader data: 0x00006000032ac000 of 'bootstrap']
[0.044s][trace][module           ] Setting package: class: jdk.internal.reflect.ConstructorAccessorImpl, package: jdk/internal/reflect, loader: 'bootstrap', module: java.base
[0.044s][trace][cds,unshareable  ] restore: jdk.internal.reflect.ConstructorAccessorImpl
[0.044s][trace][class,loader,data] Adding k: 0x000000013000b8d0 jdk.internal.reflect.ConstructorAccessorImpl to loader data: 0x00006000032ac000 of 'bootstrap'
[0.044s][debug][cds,mirror       ] jdk.internal.reflect.ConstructorAccessorImpl has raw archived mirror
[0.044s][debug][cds,heap         ] Clearing root 194: was 0x00000007ffb054f0
[0.044s][debug][cds,mirror       ] Archived mirror is: 0x00000007ffb054f0
[0.044s][trace][cds,heap,mirror  ] Restored jdk.internal.reflect.ConstructorAccessorImpl archived mirror 0x00000007ffb054f0
[0.045s][info ][class,load       ] jdk.internal.reflect.ConstructorAccessorImpl source: shared objects file
[0.045s][debug][class,load       ]  klass: 0x000000013000b8d0 super: 0x000000013000bb28 interfaces: 0x000000013000c220 loader: [loader data: 0x00006000032ac000 of 'bootstrap']
[0.045s][trace][module           ] Setting package: class: jdk.internal.reflect.DelegatingClassLoader, package: jdk/internal/reflect, loader: 'bootstrap', module: java.base
[0.045s][trace][cds,unshareable  ] restore: jdk.internal.reflect.DelegatingClassLoader
[0.045s][trace][class,loader,data] Adding k: 0x000000013000a088 jdk.internal.reflect.DelegatingClassLoader to loader data: 0x00006000032ac000 of 'bootstrap'
[0.045s][debug][cds,mirror       ] jdk.internal.reflect.DelegatingClassLoader has raw archived mirror
[0.045s][debug][cds,heap         ] Clearing root 195: was 0x00000007ffb05560
[0.045s][debug][cds,mirror       ] Archived mirror is: 0x00000007ffb05560
[0.045s][trace][cds,heap,mirror  ] Restored jdk.internal.reflect.DelegatingClassLoader archived mirror 0x00000007ffb05560
[0.045s][info ][class,load       ] jdk.internal.reflect.DelegatingClassLoader source: shared objects file
[0.045s][debug][class,load       ]  klass: 0x000000013000a088 super: 0x0000000130009d60 loader: [loader data: 0x00006000032ac000 of 'bootstrap']
[0.045s][trace][module           ] Setting package: class: jdk.internal.reflect.ConstantPool, package: jdk/internal/reflect, loader: 'bootstrap', module: java.base
[0.045s][trace][cds,unshareable  ] restore: jdk.internal.reflect.ConstantPool
[0.045s][trace][class,loader,data] Adding k: 0x00000001300d1998 jdk.internal.reflect.ConstantPool to loader data: 0x00006000032ac000 of 'bootstrap'
[0.045s][debug][cds,mirror       ] jdk.internal.reflect.ConstantPool has raw archived mirror
[0.045s][debug][cds,heap         ] Clearing root 201: was 0x00000007ffb057b0
[0.045s][debug][cds,mirror       ] Archived mirror is: 0x00000007ffb057b0
[0.045s][trace][cds,heap,mirror  ] Restored jdk.internal.reflect.ConstantPool archived mirror 0x00000007ffb057b0
[0.045s][debug][cds,heap         ] Clearing root 202: was 0x00000007ffb05820
[0.045s][info ][class,load       ] jdk.internal.reflect.ConstantPool source: shared objects file
[0.045s][debug][class,load       ]  klass: 0x00000001300d1998 super: 0x0000000130000db8 loader: [loader data: 0x00006000032ac000 of 'bootstrap']
[0.045s][trace][module           ] Setting package: class: jdk.internal.reflect.FieldAccessor, package: jdk/internal/reflect, loader: 'bootstrap', module: java.base
[0.045s][trace][cds,unshareable  ] restore: jdk.internal.reflect.FieldAccessor
[0.045s][trace][class,loader,data] Adding k: 0x00000001300d1768 jdk.internal.reflect.FieldAccessor to loader data: 0x00006000032ac000 of 'bootstrap'
[0.045s][debug][cds,mirror       ] jdk.internal.reflect.FieldAccessor has raw archived mirror
[0.045s][debug][cds,heap         ] Clearing root 550: was 0x00000007ffb0f118
[0.045s][debug][cds,mirror       ] Archived mirror is: 0x00000007ffb0f118
[0.045s][trace][cds,heap,mirror  ] Restored jdk.internal.reflect.FieldAccessor archived mirror 0x00000007ffb0f118
[0.045s][info ][class,load       ] jdk.internal.reflect.FieldAccessor source: shared objects file
[0.045s][debug][class,load       ]  klass: 0x00000001300d1768 super: 0x0000000130000db8 loader: [loader data: 0x00006000032ac000 of 'bootstrap']
[0.045s][trace][module           ] Setting package: class: jdk.internal.reflect.FieldAccessorImpl, package: jdk/internal/reflect, loader: 'bootstrap', module: java.base
[0.045s][trace][cds,unshareable  ] restore: jdk.internal.reflect.FieldAccessorImpl
[0.045s][trace][class,loader,data] Adding k: 0x00000001300d20d8 jdk.internal.reflect.FieldAccessorImpl to loader data: 0x00006000032ac000 of 'bootstrap'
[0.045s][debug][cds,mirror       ] jdk.internal.reflect.FieldAccessorImpl has raw archived mirror
[0.045s][debug][cds,heap         ] Clearing root 557: was 0x00000007ffb0f3e8
[0.045s][debug][cds,mirror       ] Archived mirror is: 0x00000007ffb0f3e8
[0.045s][trace][cds,heap,mirror  ] Restored jdk.internal.reflect.FieldAccessorImpl archived mirror 0x00000007ffb0f3e8
[0.045s][info ][class,load       ] jdk.internal.reflect.FieldAccessorImpl source: shared objects file
[0.045s][debug][class,load       ]  klass: 0x00000001300d20d8 super: 0x000000013000bb28 interfaces: 0x00000001300d1768 loader: [loader data: 0x00006000032ac000 of 'bootstrap']
[0.045s][trace][module           ] Setting package: class: jdk.internal.reflect.UnsafeFieldAccessorImpl, package: jdk/internal/reflect, loader: 'bootstrap', module: java.base
[0.045s][trace][cds,unshareable  ] restore: jdk.internal.reflect.UnsafeFieldAccessorImpl
[0.045s][trace][class,loader,data] Adding k: 0x00000001300d2440 jdk.internal.reflect.UnsafeFieldAccessorImpl to loader data: 0x00006000032ac000 of 'bootstrap'
[0.045s][debug][cds,mirror       ] jdk.internal.reflect.UnsafeFieldAccessorImpl has raw archived mirror
[0.045s][debug][cds,heap         ] Clearing root 555: was 0x00000007ffb0f308
[0.045s][debug][cds,mirror       ] Archived mirror is: 0x00000007ffb0f308
[0.045s][trace][cds,heap,mirror  ] Restored jdk.internal.reflect.UnsafeFieldAccessorImpl archived mirror 0x00000007ffb0f308
[0.045s][debug][cds,heap         ] Clearing root 556: was 0x00000007ffb0f380
[0.045s][info ][class,load       ] jdk.internal.reflect.UnsafeFieldAccessorImpl source: shared objects file
[0.045s][debug][class,load       ]  klass: 0x00000001300d2440 super: 0x00000001300d20d8 loader: [loader data: 0x00006000032ac000 of 'bootstrap']
[0.045s][trace][module           ] Setting package: class: jdk.internal.reflect.UnsafeStaticFieldAccessorImpl, package: jdk/internal/reflect, loader: 'bootstrap', module: java.base
[0.045s][trace][cds,unshareable  ] restore: jdk.internal.reflect.UnsafeStaticFieldAccessorImpl
[0.045s][trace][class,loader,data] Adding k: 0x00000001300d1c70 jdk.internal.reflect.UnsafeStaticFieldAccessorImpl to loader data: 0x00006000032ac000 of 'bootstrap'
[0.045s][debug][cds,mirror       ] jdk.internal.reflect.UnsafeStaticFieldAccessorImpl has raw archived mirror
[0.045s][debug][cds,heap         ] Clearing root 203: was 0x00000007ffb05838
[0.045s][debug][cds,mirror       ] Archived mirror is: 0x00000007ffb05838
[0.045s][trace][cds,heap,mirror  ] Restored jdk.internal.reflect.UnsafeStaticFieldAccessorImpl archived mirror 0x00000007ffb05838
[0.045s][debug][cds,heap         ] Clearing root 204: was 0x00000007ffb058a8
[0.045s][info ][class,load       ] jdk.internal.reflect.UnsafeStaticFieldAccessorImpl source: shared objects file
[0.045s][debug][class,load       ]  klass: 0x00000001300d1c70 super: 0x00000001300d2440 loader: [loader data: 0x00006000032ac000 of 'bootstrap']
[0.045s][trace][module           ] Setting package: class: java.lang.annotation.Annotation, package: java/lang/annotation, loader: 'bootstrap', module: java.base
[0.045s][trace][cds,unshareable  ] restore: java.lang.annotation.Annotation
[0.045s][trace][class,loader,data] Adding k: 0x00000001300d1538 java.lang.annotation.Annotation to loader data: 0x00006000032ac000 of 'bootstrap'
[0.045s][debug][cds,mirror       ] java.lang.annotation.Annotation has raw archived mirror
[0.045s][debug][cds,heap         ] Clearing root 363: was 0x00000007ffb0a4a8
[0.045s][debug][cds,mirror       ] Archived mirror is: 0x00000007ffb0a4a8
[0.045s][trace][cds,heap,mirror  ] Restored java.lang.annotation.Annotation archived mirror 0x00000007ffb0a4a8
[0.045s][trace][cds,unshareable  ] restore: [Ljava.lang.annotation.Annotation;
[0.045s][trace][class,loader,data] Adding k: 0x00000001300d3dd8 [Ljava.lang.annotation.Annotation; to loader data: 0x00006000032ac000 of 'bootstrap'
[0.045s][debug][cds,mirror       ] [Ljava.lang.annotation.Annotation; has raw archived mirror
[0.045s][debug][cds,heap         ] Clearing root 383: was 0x00000007ffb0ad60
[0.045s][debug][cds,mirror       ] Archived mirror is: 0x00000007ffb0ad60
[0.045s][trace][cds,heap,mirror  ] Restored [Ljava.lang.annotation.Annotation; archived mirror 0x00000007ffb0ad60
[0.045s][info ][class,load       ] java.lang.annotation.Annotation source: shared objects file
[0.045s][debug][class,load       ]  klass: 0x00000001300d1538 super: 0x0000000130000db8 loader: [loader data: 0x00006000032ac000 of 'bootstrap']
[0.045s][trace][module           ] Setting package: class: jdk.internal.reflect.CallerSensitive, package: jdk/internal/reflect, loader: 'bootstrap', module: java.base
[0.045s][trace][cds,unshareable  ] restore: jdk.internal.reflect.CallerSensitive
[0.045s][trace][class,loader,data] Adding k: 0x00000001300d1308 jdk.internal.reflect.CallerSensitive to loader data: 0x00006000032ac000 of 'bootstrap'
[0.045s][debug][cds,mirror       ] jdk.internal.reflect.CallerSensitive has raw archived mirror
[0.045s][debug][cds,heap         ] Clearing root 198: was 0x00000007ffb056a8
[0.045s][debug][cds,mirror       ] Archived mirror is: 0x00000007ffb056a8
[0.045s][trace][cds,heap,mirror  ] Restored jdk.internal.reflect.CallerSensitive archived mirror 0x00000007ffb056a8
[0.045s][info ][class,load       ] jdk.internal.reflect.CallerSensitive source: shared objects file
[0.045s][debug][class,load       ]  klass: 0x00000001300d1308 super: 0x0000000130000db8 interfaces: 0x00000001300d1538 loader: [loader data: 0x00006000032ac000 of 'bootstrap']
[0.045s][trace][module           ] Setting package: class: jdk.internal.reflect.NativeConstructorAccessorImpl, package: jdk/internal/reflect, loader: 'bootstrap', module: java.base
[0.045s][trace][cds,unshareable  ] restore: jdk.internal.reflect.NativeConstructorAccessorImpl
[0.045s][trace][class,loader,data] Adding k: 0x00000001300d4350 jdk.internal.reflect.NativeConstructorAccessorImpl to loader data: 0x00006000032ac000 of 'bootstrap'
[0.045s][debug][cds,mirror       ] jdk.internal.reflect.NativeConstructorAccessorImpl has raw archived mirror
[0.045s][debug][cds,heap         ] Clearing root 199: was 0x00000007ffb05718
[0.045s][debug][cds,mirror       ] Archived mirror is: 0x00000007ffb05718
[0.045s][trace][cds,heap,mirror  ] Restored jdk.internal.reflect.NativeConstructorAccessorImpl archived mirror 0x00000007ffb05718
[0.045s][debug][cds,heap         ] Clearing root 200: was 0x00000007ffb05798
[0.045s][info ][class,load       ] jdk.internal.reflect.NativeConstructorAccessorImpl source: shared objects file
[0.045s][debug][class,load       ]  klass: 0x00000001300d4350 super: 0x000000013000b8d0 loader: [loader data: 0x00006000032ac000 of 'bootstrap']
[0.045s][trace][module           ] Setting package: class: java.lang.invoke.MethodHandle, package: java/lang/invoke, loader: 'bootstrap', module: java.base
[0.045s][trace][cds,unshareable  ] restore: java.lang.invoke.MethodHandle
[0.045s][trace][class,loader,data] Adding k: 0x00000001300be520 java.lang.invoke.MethodHandle to loader data: 0x00006000032ac000 of 'bootstrap'
[0.045s][debug][cds,mirror       ] java.lang.invoke.MethodHandle has raw archived mirror
[0.045s][debug][cds,heap         ] Clearing root 214: was 0x00000007ffb05cf8
[0.045s][debug][cds,mirror       ] Archived mirror is: 0x00000007ffb05cf8
[0.045s][trace][cds,heap,mirror  ] Restored java.lang.invoke.MethodHandle archived mirror 0x00000007ffb05cf8
[0.045s][debug][cds,heap         ] Clearing root 215: was 0x00000007ffb05d80
[0.045s][trace][cds,unshareable  ] restore: [Ljava.lang.invoke.MethodHandle;
[0.045s][trace][class,loader,data] Adding k: 0x00000001300ce8c8 [Ljava.lang.invoke.MethodHandle; to loader data: 0x00006000032ac000 of 'bootstrap'
[0.045s][debug][cds,mirror       ] [Ljava.lang.invoke.MethodHandle; has raw archived mirror
[0.045s][debug][cds,heap         ] Clearing root 602: was 0x00000007ffb10ce0
[0.046s][debug][cds,mirror       ] Archived mirror is: 0x00000007ffb10ce0
[0.046s][trace][cds,heap,mirror  ] Restored [Ljava.lang.invoke.MethodHandle; archived mirror 0x00000007ffb10ce0
[0.046s][info ][class,load       ] java.lang.invoke.MethodHandle source: shared objects file
[0.046s][debug][class,load       ]  klass: 0x00000001300be520 super: 0x0000000130000db8 interfaces: 0x0000000130003090 loader: [loader data: 0x00006000032ac000 of 'bootstrap']
[0.046s][trace][module           ] Setting package: class: java.lang.invoke.DirectMethodHandle, package: java/lang/invoke, loader: 'bootstrap', module: java.base
[0.046s][trace][cds,unshareable  ] restore: java.lang.invoke.DirectMethodHandle
[0.046s][trace][class,loader,data] Adding k: 0x00000001300c48a0 java.lang.invoke.DirectMethodHandle to loader data: 0x00006000032ac000 of 'bootstrap'
[0.046s][debug][cds,mirror       ] java.lang.invoke.DirectMethodHandle has raw archived mirror
[0.046s][debug][cds,heap         ] Clearing root 208: was 0x00000007ffb059f0
[0.046s][debug][cds,mirror       ] Archived mirror is: 0x00000007ffb059f0
[0.046s][trace][cds,heap,mirror  ] Restored java.lang.invoke.DirectMethodHandle archived mirror 0x00000007ffb059f0
[0.046s][debug][cds,heap         ] Clearing root 209: was 0x00000007ffb05aa0
[0.046s][info ][class,load       ] java.lang.invoke.DirectMethodHandle source: shared objects file
[0.046s][debug][class,load       ]  klass: 0x00000001300c48a0 super: 0x00000001300be520 loader: [loader data: 0x00006000032ac000 of 'bootstrap']
[0.046s][trace][module           ] Setting package: class: java.lang.invoke.DirectMethodHandle$StaticAccessor, package: java/lang/invoke, loader: 'bootstrap', module: java.base
[0.046s][trace][cds,unshareable  ] restore: java.lang.invoke.DirectMethodHandle$StaticAccessor
[0.046s][trace][class,loader,data] Adding k: 0x00000001300d5298 java.lang.invoke.DirectMethodHandle$StaticAccessor to loader data: 0x00006000032ac000 of 'bootstrap'
[0.046s][debug][cds,mirror       ] java.lang.invoke.DirectMethodHandle$StaticAccessor has raw archived mirror
[0.046s][debug][cds,heap         ] Clearing root 210: was 0x00000007ffb05b20
[0.046s][debug][cds,mirror       ] Archived mirror is: 0x00000007ffb05b20
[0.046s][trace][cds,heap,mirror  ] Restored java.lang.invoke.DirectMethodHandle$StaticAccessor archived mirror 0x00000007ffb05b20
[0.046s][info ][class,load       ] java.lang.invoke.DirectMethodHandle$StaticAccessor source: shared objects file
[0.046s][debug][class,load       ]  klass: 0x00000001300d5298 super: 0x00000001300c48a0 loader: [loader data: 0x00006000032ac000 of 'bootstrap']
[0.046s][trace][module           ] Setting package: class: java.lang.invoke.DirectMethodHandle$Accessor, package: java/lang/invoke, loader: 'bootstrap', module: java.base
[0.046s][trace][cds,unshareable  ] restore: java.lang.invoke.DirectMethodHandle$Accessor
[0.046s][trace][class,loader,data] Adding k: 0x00000001300d7bc8 java.lang.invoke.DirectMethodHandle$Accessor to loader data: 0x00006000032ac000 of 'bootstrap'
[0.046s][debug][cds,mirror       ] java.lang.invoke.DirectMethodHandle$Accessor has raw archived mirror
[0.046s][debug][cds,heap         ] Clearing root 211: was 0x00000007ffb05b98
[0.046s][debug][cds,mirror       ] Archived mirror is: 0x00000007ffb05b98
[0.046s][trace][cds,heap,mirror  ] Restored java.lang.invoke.DirectMethodHandle$Accessor archived mirror 0x00000007ffb05b98
[0.046s][info ][class,load       ] java.lang.invoke.DirectMethodHandle$Accessor source: shared objects file
[0.046s][debug][class,load       ]  klass: 0x00000001300d7bc8 super: 0x00000001300c48a0 loader: [loader data: 0x00006000032ac000 of 'bootstrap']
[0.046s][trace][module           ] Setting package: class: java.lang.invoke.VarHandle, package: java/lang/invoke, loader: 'bootstrap', module: java.base
[0.046s][trace][cds,unshareable  ] restore: java.lang.invoke.VarHandle
[0.046s][trace][class,loader,data] Adding k: 0x00000001300d8bf0 java.lang.invoke.VarHandle to loader data: 0x00006000032ac000 of 'bootstrap'
[0.046s][debug][cds,mirror       ] java.lang.invoke.VarHandle has raw archived mirror
[0.046s][debug][cds,heap         ] Clearing root 216: was 0x00000007ffb05dd8
[0.046s][debug][cds,mirror       ] Archived mirror is: 0x00000007ffb05dd8
[0.046s][trace][cds,heap,mirror  ] Restored java.lang.invoke.VarHandle archived mirror 0x00000007ffb05dd8
[0.046s][debug][cds,heap         ] Clearing root 217: was 0x00000007ffb05e60
[0.046s][info ][class,load       ] java.lang.invoke.VarHandle source: shared objects file
[0.046s][debug][class,load       ]  klass: 0x00000001300d8bf0 super: 0x0000000130000db8 interfaces: 0x0000000130003090 loader: [loader data: 0x00006000032ac000 of 'bootstrap']
[0.046s][trace][module           ] Setting package: class: java.lang.invoke.MemberName, package: java/lang/invoke, loader: 'bootstrap', module: java.base
[0.046s][trace][cds,unshareable  ] restore: java.lang.invoke.MemberName
[0.046s][trace][class,loader,data] Adding k: 0x00000001300df388 java.lang.invoke.MemberName to loader data: 0x00006000032ac000 of 'bootstrap'
[0.046s][debug][cds,mirror       ] java.lang.invoke.MemberName has raw archived mirror
[0.046s][debug][cds,heap         ] Clearing root 220: was 0x00000007ffb05f80
[0.046s][debug][cds,mirror       ] Archived mirror is: 0x00000007ffb05f80
[0.046s][trace][cds,heap,mirror  ] Restored java.lang.invoke.MemberName archived mirror 0x00000007ffb05f80
[0.046s][debug][cds,heap         ] Clearing root 221: was 0x00000007ffb06040
[0.046s][info ][class,load       ] java.lang.invoke.MemberName source: shared objects file
[0.046s][debug][class,load       ]  klass: 0x00000001300df388 super: 0x0000000130000db8 interfaces: 0x0000000130057510 0x0000000130000b88 loader: [loader data: 0x00006000032ac000 of 'bootstrap']
[0.046s][trace][module           ] Setting package: class: java.lang.invoke.ResolvedMethodName, package: java/lang/invoke, loader: 'bootstrap', module: java.base
[0.046s][trace][cds,unshareable  ] restore: java.lang.invoke.ResolvedMethodName
[0.046s][trace][class,loader,data] Adding k: 0x00000001300e3298 java.lang.invoke.ResolvedMethodName to loader data: 0x00006000032ac000 of 'bootstrap'
[0.046s][debug][cds,mirror       ] java.lang.invoke.ResolvedMethodName has raw archived mirror
[0.046s][debug][cds,heap         ] Clearing root 222: was 0x00000007ffb060e0
[0.046s][debug][cds,mirror       ] Archived mirror is: 0x00000007ffb060e0
[0.046s][trace][cds,heap,mirror  ] Restored java.lang.invoke.ResolvedMethodName archived mirror 0x00000007ffb060e0
[0.046s][info ][class,load       ] java.lang.invoke.ResolvedMethodName source: shared objects file
[0.046s][debug][class,load       ]  klass: 0x00000001300e3298 super: 0x0000000130000db8 loader: [loader data: 0x00006000032ac000 of 'bootstrap']
[0.046s][trace][module           ] Setting package: class: java.lang.invoke.MethodHandleNatives, package: java/lang/invoke, loader: 'bootstrap', module: java.base
[0.046s][trace][cds,unshareable  ] restore: java.lang.invoke.MethodHandleNatives
[0.046s][trace][class,loader,data] Adding k: 0x00000001300c8dd8 java.lang.invoke.MethodHandleNatives to loader data: 0x00006000032ac000 of 'bootstrap'
[0.046s][debug][cds,mirror       ] java.lang.invoke.MethodHandleNatives has raw archived mirror
[0.046s][debug][cds,heap         ] Clearing root 223: was 0x00000007ffb06150
[0.046s][debug][cds,mirror       ] Archived mirror is: 0x00000007ffb06150
[0.046s][trace][cds,heap,mirror  ] Restored java.lang.invoke.MethodHandleNatives archived mirror 0x00000007ffb06150
[0.046s][debug][cds,heap         ] Clearing root 224: was 0x00000007ffb061c8
[0.046s][info ][class,load       ] java.lang.invoke.MethodHandleNatives source: shared objects file
[0.046s][debug][class,load       ]  klass: 0x00000001300c8dd8 super: 0x0000000130000db8 loader: [loader data: 0x00006000032ac000 of 'bootstrap']
[0.046s][trace][module           ] Setting package: class: java.lang.invoke.LambdaForm, package: java/lang/invoke, loader: 'bootstrap', module: java.base
[0.046s][trace][cds,unshareable  ] restore: java.lang.invoke.LambdaForm
[0.046s][trace][class,loader,data] Adding k: 0x00000001300c8ac8 java.lang.invoke.LambdaForm to loader data: 0x00006000032ac000 of 'bootstrap'
[0.046s][debug][cds,mirror       ] java.lang.invoke.LambdaForm has raw archived mirror
[0.046s][debug][cds,heap         ] Clearing root 226: was 0x00000007ffb062d8
[0.046s][debug][cds,mirror       ] Archived mirror is: 0x00000007ffb062d8
[0.046s][trace][cds,heap,mirror  ] Restored java.lang.invoke.LambdaForm archived mirror 0x00000007ffb062d8
[0.046s][debug][cds,heap         ] Clearing root 227: was 0x00000007ffb06388
[0.046s][trace][cds,unshareable  ] restore: [Ljava.lang.invoke.LambdaForm;
[0.046s][trace][class,loader,data] Adding k: 0x00000001300c9bd0 [Ljava.lang.invoke.LambdaForm; to loader data: 0x00006000032ac000 of 'bootstrap'
[0.046s][debug][cds,mirror       ] [Ljava.lang.invoke.LambdaForm; has raw archived mirror
[0.046s][debug][cds,heap         ] Clearing root 583: was 0x00000007ffb10218
[0.046s][debug][cds,mirror       ] Archived mirror is: 0x00000007ffb10218
[0.046s][trace][cds,heap,mirror  ] Restored [Ljava.lang.invoke.LambdaForm; archived mirror 0x00000007ffb10218
[0.046s][info ][class,load       ] java.lang.invoke.LambdaForm source: shared objects file
[0.046s][debug][class,load       ]  klass: 0x00000001300c8ac8 super: 0x0000000130000db8 loader: [loader data: 0x00006000032ac000 of 'bootstrap']
[0.046s][trace][module           ] Setting package: class: java.lang.invoke.TypeDescriptor$OfMethod, package: java/lang/invoke, loader: 'bootstrap', module: java.base
[0.046s][trace][cds,unshareable  ] restore: java.lang.invoke.TypeDescriptor$OfMethod
[0.046s][trace][class,loader,data] Adding k: 0x0000000130146ae0 java.lang.invoke.TypeDescriptor$OfMethod to loader data: 0x00006000032ac000 of 'bootstrap'
[0.046s][debug][cds,mirror       ] java.lang.invoke.TypeDescriptor$OfMethod has raw archived mirror
[0.046s][debug][cds,heap         ] Clearing root 384: was 0x00000007ffb0add0
[0.046s][debug][cds,mirror       ] Archived mirror is: 0x00000007ffb0add0
[0.046s][trace][cds,heap,mirror  ] Restored java.lang.invoke.TypeDescriptor$OfMethod archived mirror 0x00000007ffb0add0
[0.046s][trace][cds,unshareable  ] restore: [Ljava.lang.invoke.TypeDescriptor$OfMethod;
[0.046s][trace][class,loader,data] Adding k: 0x0000000130141550 [Ljava.lang.invoke.TypeDescriptor$OfMethod; to loader data: 0x00006000032ac000 of 'bootstrap'
[0.046s][debug][cds,mirror       ] [Ljava.lang.invoke.TypeDescriptor$OfMethod; has raw archived mirror
[0.046s][debug][cds,heap         ] Clearing root 2001: was 0x00000007ffb36ea8
[0.046s][debug][cds,mirror       ] Archived mirror is: 0x00000007ffb36ea8
[0.046s][trace][cds,heap,mirror  ] Restored [Ljava.lang.invoke.TypeDescriptor$OfMethod; archived mirror 0x00000007ffb36ea8
[0.046s][info ][class,load       ] java.lang.invoke.TypeDescriptor$OfMethod source: shared objects file
[0.046s][debug][class,load       ]  klass: 0x0000000130146ae0 super: 0x0000000130000db8 interfaces: 0x0000000130002708 loader: [loader data: 0x00006000032ac000 of 'bootstrap']
[0.046s][trace][module           ] Setting package: class: java.lang.invoke.MethodType, package: java/lang/invoke, loader: 'bootstrap', module: java.base
[0.046s][trace][cds,unshareable  ] restore: java.lang.invoke.MethodType
[0.046s][trace][class,loader,data] Adding k: 0x0000000130080440 java.lang.invoke.MethodType to loader data: 0x00006000032ac000 of 'bootstrap'
[0.047s][debug][cds,mirror       ] java.lang.invoke.MethodType has raw archived mirror
[0.047s][debug][cds,heap         ] Clearing root 218: was 0x00000007ffb05e80
[0.047s][debug][cds,mirror       ] Archived mirror is: 0x00000007ffb05e80
[0.047s][trace][cds,heap,mirror  ] Restored java.lang.invoke.MethodType archived mirror 0x00000007ffb05e80
[0.047s][debug][cds,heap         ] Clearing root 219: was 0x00000007ffb05f20
[0.047s][trace][cds,unshareable  ] restore: [Ljava.lang.invoke.MethodType;
[0.047s][trace][class,loader,data] Adding k: 0x0000000130141330 [Ljava.lang.invoke.MethodType; to loader data: 0x00006000032ac000 of 'bootstrap'
[0.047s][debug][cds,mirror       ] [Ljava.lang.invoke.MethodType; has raw archived mirror
[0.047s][debug][cds,heap         ] Clearing root 600: was 0x00000007ffb10c00
[0.047s][debug][cds,mirror       ] Archived mirror is: 0x00000007ffb10c00
[0.047s][trace][cds,heap,mirror  ] Restored [Ljava.lang.invoke.MethodType; archived mirror 0x00000007ffb10c00
[0.047s][info ][class,load       ] java.lang.invoke.MethodType source: shared objects file
[0.047s][debug][class,load       ]  klass: 0x0000000130080440 super: 0x0000000130000db8 interfaces: 0x0000000130003090 0x0000000130146ae0 0x00000001300037c0 loader: [loader data: 0x00006000032ac000 of 'bootstrap']
[0.047s][trace][module           ] Setting package: class: java.lang.BootstrapMethodError, package: java/lang, loader: 'bootstrap', module: java.base
[0.047s][trace][cds,unshareable  ] restore: java.lang.BootstrapMethodError
[0.047s][trace][class,loader,data] Adding k: 0x0000000130080708 java.lang.BootstrapMethodError to loader data: 0x00006000032ac000 of 'bootstrap'
[0.047s][debug][cds,mirror       ] java.lang.BootstrapMethodError has raw archived mirror
[0.047s][debug][cds,heap         ] Clearing root 157: was 0x00000007ffb04310
[0.047s][debug][cds,mirror       ] Archived mirror is: 0x00000007ffb04310
[0.047s][trace][cds,heap,mirror  ] Restored java.lang.BootstrapMethodError archived mirror 0x00000007ffb04310
[0.047s][info ][class,load       ] java.lang.BootstrapMethodError source: shared objects file
[0.047s][debug][class,load       ]  klass: 0x0000000130080708 super: 0x0000000130026240 loader: [loader data: 0x00006000032ac000 of 'bootstrap']
[0.047s][trace][module           ] Setting package: class: java.lang.invoke.CallSite, package: java/lang/invoke, loader: 'bootstrap', module: java.base
[0.047s][trace][cds,unshareable  ] restore: java.lang.invoke.CallSite
[0.047s][trace][class,loader,data] Adding k: 0x000000013007ff70 java.lang.invoke.CallSite to loader data: 0x00006000032ac000 of 'bootstrap'
[0.047s][debug][cds,mirror       ] java.lang.invoke.CallSite has raw archived mirror
[0.047s][debug][cds,heap         ] Clearing root 205: was 0x00000007ffb058c0
[0.047s][debug][cds,mirror       ] Archived mirror is: 0x00000007ffb058c0
[0.047s][trace][cds,heap,mirror  ] Restored java.lang.invoke.CallSite archived mirror 0x00000007ffb058c0
[0.047s][debug][cds,heap         ] Clearing root 206: was 0x00000007ffb05948
[0.047s][info ][class,load       ] java.lang.invoke.CallSite source: shared objects file
[0.047s][debug][class,load       ]  klass: 0x000000013007ff70 super: 0x0000000130000db8 loader: [loader data: 0x00006000032ac000 of 'bootstrap']
[0.047s][trace][module           ] Setting package: class: jdk.internal.invoke.NativeEntryPoint, package: jdk/internal/invoke, loader: 'bootstrap', module: java.base
[0.047s][trace][cds,unshareable  ] restore: jdk.internal.invoke.NativeEntryPoint
[0.047s][trace][class,loader,data] Adding k: 0x000000013007fd28 jdk.internal.invoke.NativeEntryPoint to loader data: 0x00006000032ac000 of 'bootstrap'
[0.047s][debug][cds,mirror       ] jdk.internal.invoke.NativeEntryPoint has raw archived mirror
[0.047s][debug][cds,heap         ] Clearing root 228: was 0x00000007ffb06478
[0.047s][debug][cds,mirror       ] Archived mirror is: 0x00000007ffb06478
[0.047s][trace][cds,heap,mirror  ] Restored jdk.internal.invoke.NativeEntryPoint archived mirror 0x00000007ffb06478
[0.047s][debug][cds,heap         ] Clearing root 229: was 0x00000007ffb064e8
[0.047s][info ][class,load       ] jdk.internal.invoke.NativeEntryPoint source: shared objects file
[0.047s][debug][class,load       ]  klass: 0x000000013007fd28 super: 0x0000000130000db8 loader: [loader data: 0x00006000032ac000 of 'bootstrap']
[0.047s][trace][module           ] Setting package: class: java.lang.invoke.MethodHandleNatives$CallSiteContext, package: java/lang/invoke, loader: 'bootstrap', module: java.base
[0.047s][trace][cds,unshareable  ] restore: java.lang.invoke.MethodHandleNatives$CallSiteContext
[0.047s][trace][class,loader,data] Adding k: 0x000000013007fad0 java.lang.invoke.MethodHandleNatives$CallSiteContext to loader data: 0x00006000032ac000 of 'bootstrap'
[0.047s][debug][cds,mirror       ] java.lang.invoke.MethodHandleNatives$CallSiteContext has raw archived mirror
[0.047s][debug][cds,heap         ] Clearing root 225: was 0x00000007ffb06268
[0.047s][debug][cds,mirror       ] Archived mirror is: 0x00000007ffb06268
[0.047s][trace][cds,heap,mirror  ] Restored java.lang.invoke.MethodHandleNatives$CallSiteContext archived mirror 0x00000007ffb06268
[0.047s][info ][class,load       ] java.lang.invoke.MethodHandleNatives$CallSiteContext source: shared objects file
[0.047s][debug][class,load       ]  klass: 0x000000013007fad0 super: 0x0000000130000db8 interfaces: 0x000000013001f020 loader: [loader data: 0x00006000032ac000 of 'bootstrap']
[0.047s][trace][module           ] Setting package: class: java.lang.invoke.ConstantCallSite, package: java/lang/invoke, loader: 'bootstrap', module: java.base
[0.047s][trace][cds,unshareable  ] restore: java.lang.invoke.ConstantCallSite
[0.047s][trace][class,loader,data] Adding k: 0x00000001300d4bb8 java.lang.invoke.ConstantCallSite to loader data: 0x00006000032ac000 of 'bootstrap'
[0.047s][debug][cds,mirror       ] java.lang.invoke.ConstantCallSite has raw archived mirror
[0.047s][debug][cds,heap         ] Clearing root 207: was 0x00000007ffb05978
[0.047s][debug][cds,mirror       ] Archived mirror is: 0x00000007ffb05978
[0.047s][trace][cds,heap,mirror  ] Restored java.lang.invoke.ConstantCallSite archived mirror 0x00000007ffb05978
[0.047s][info ][class,load       ] java.lang.invoke.ConstantCallSite source: shared objects file
[0.047s][debug][class,load       ]  klass: 0x00000001300d4bb8 super: 0x000000013007ff70 loader: [loader data: 0x00006000032ac000 of 'bootstrap']
[0.047s][trace][module           ] Setting package: class: java.lang.invoke.MutableCallSite, package: java/lang/invoke, loader: 'bootstrap', module: java.base
[0.047s][trace][cds,unshareable  ] restore: java.lang.invoke.MutableCallSite
[0.047s][trace][class,loader,data] Adding k: 0x00000001300d84d8 java.lang.invoke.MutableCallSite to loader data: 0x00006000032ac000 of 'bootstrap'
[0.047s][debug][cds,mirror       ] java.lang.invoke.MutableCallSite has raw archived mirror
[0.047s][debug][cds,heap         ] Clearing root 212: was 0x00000007ffb05c10
[0.047s][debug][cds,mirror       ] Archived mirror is: 0x00000007ffb05c10
[0.047s][trace][cds,heap,mirror  ] Restored java.lang.invoke.MutableCallSite archived mirror 0x00000007ffb05c10
[0.047s][info ][class,load       ] java.lang.invoke.MutableCallSite source: shared objects file
[0.047s][debug][class,load       ]  klass: 0x00000001300d84d8 super: 0x000000013007ff70 loader: [loader data: 0x00006000032ac000 of 'bootstrap']
[0.047s][trace][module           ] Setting package: class: java.lang.invoke.VolatileCallSite, package: java/lang/invoke, loader: 'bootstrap', module: java.base
[0.047s][trace][cds,unshareable  ] restore: java.lang.invoke.VolatileCallSite
[0.047s][trace][class,loader,data] Adding k: 0x00000001300801d8 java.lang.invoke.VolatileCallSite to loader data: 0x00006000032ac000 of 'bootstrap'
[0.047s][debug][cds,mirror       ] java.lang.invoke.VolatileCallSite has raw archived mirror
[0.047s][debug][cds,heap         ] Clearing root 213: was 0x00000007ffb05c88
[0.047s][debug][cds,mirror       ] Archived mirror is: 0x00000007ffb05c88
[0.047s][trace][cds,heap,mirror  ] Restored java.lang.invoke.VolatileCallSite archived mirror 0x00000007ffb05c88
[0.047s][info ][class,load       ] java.lang.invoke.VolatileCallSite source: shared objects file
[0.047s][debug][class,load       ]  klass: 0x00000001300801d8 super: 0x000000013007ff70 loader: [loader data: 0x00006000032ac000 of 'bootstrap']
[0.047s][trace][module           ] Setting package: class: java.lang.AssertionStatusDirectives, package: java/lang, loader: 'bootstrap', module: java.base
[0.047s][trace][cds,unshareable  ] restore: java.lang.AssertionStatusDirectives
[0.047s][trace][class,loader,data] Adding k: 0x000000013007f890 java.lang.AssertionStatusDirectives to loader data: 0x00006000032ac000 of 'bootstrap'
[0.047s][debug][cds,mirror       ] java.lang.AssertionStatusDirectives has raw archived mirror
[0.047s][debug][cds,heap         ] Clearing root 134: was 0x00000007ffb038b8
[0.047s][debug][cds,mirror       ] Archived mirror is: 0x00000007ffb038b8
[0.047s][trace][cds,heap,mirror  ] Restored java.lang.AssertionStatusDirectives archived mirror 0x00000007ffb038b8
[0.047s][info ][class,load       ] java.lang.AssertionStatusDirectives source: shared objects file
[0.047s][debug][class,load       ]  klass: 0x000000013007f890 super: 0x0000000130000db8 loader: [loader data: 0x00006000032ac000 of 'bootstrap']
[0.047s][trace][module           ] Setting package: class: java.lang.Appendable, package: java/lang, loader: 'bootstrap', module: java.base
[0.047s][trace][cds,unshareable  ] restore: java.lang.Appendable
[0.047s][trace][class,loader,data] Adding k: 0x00000001300176b0 java.lang.Appendable to loader data: 0x00006000032ac000 of 'bootstrap'
[0.047s][debug][cds,mirror       ] java.lang.Appendable has raw archived mirror
[0.047s][debug][cds,heap         ] Clearing root 626: was 0x00000007ffb117c0
[0.047s][debug][cds,mirror       ] Archived mirror is: 0x00000007ffb117c0
[0.047s][trace][cds,heap,mirror  ] Restored java.lang.Appendable archived mirror 0x00000007ffb117c0
[0.047s][info ][class,load       ] java.lang.Appendable source: shared objects file
[0.047s][debug][class,load       ]  klass: 0x00000001300176b0 super: 0x0000000130000db8 loader: [loader data: 0x00006000032ac000 of 'bootstrap']
[0.047s][trace][module           ] Setting package: class: java.lang.AbstractStringBuilder, package: java/lang, loader: 'bootstrap', module: java.base
[0.047s][trace][cds,unshareable  ] restore: java.lang.AbstractStringBuilder
[0.048s][trace][class,loader,data] Adding k: 0x0000000130064980 java.lang.AbstractStringBuilder to loader data: 0x00006000032ac000 of 'bootstrap'
[0.048s][debug][cds,mirror       ] java.lang.AbstractStringBuilder has raw archived mirror
[0.048s][debug][cds,heap         ] Clearing root 282: was 0x00000007ffb07a70
[0.048s][debug][cds,mirror       ] Archived mirror is: 0x00000007ffb07a70
[0.048s][trace][cds,heap,mirror  ] Restored java.lang.AbstractStringBuilder archived mirror 0x00000007ffb07a70
[0.048s][debug][cds,heap         ] Clearing root 283: was 0x00000007ffb07ae8
[0.048s][info ][class,load       ] java.lang.AbstractStringBuilder source: shared objects file
[0.048s][debug][class,load       ]  klass: 0x0000000130064980 super: 0x0000000130000db8 interfaces: 0x00000001300176b0 0x0000000130063dd8 loader: [loader data: 0x00006000032ac000 of 'bootstrap']
[0.048s][trace][module           ] Setting package: class: java.lang.StringBuffer, package: java/lang, loader: 'bootstrap', module: java.base
[0.048s][trace][cds,unshareable  ] restore: java.lang.StringBuffer
[0.048s][trace][class,loader,data] Adding k: 0x0000000130063938 java.lang.StringBuffer to loader data: 0x00006000032ac000 of 'bootstrap'
[0.048s][debug][cds,mirror       ] java.lang.StringBuffer has raw archived mirror
[0.048s][debug][cds,heap         ] Clearing root 92: was 0x00000007ffb02868
[0.048s][debug][cds,mirror       ] Archived mirror is: 0x00000007ffb02868
[0.048s][trace][cds,heap,mirror  ] Restored java.lang.StringBuffer archived mirror 0x00000007ffb02868
[0.048s][debug][cds,heap         ] Clearing root 93: was 0x00000007ffb028e8
[0.048s][info ][class,load       ] java.lang.StringBuffer source: shared objects file
[0.048s][debug][class,load       ]  klass: 0x0000000130063938 super: 0x0000000130064980 interfaces: 0x00000001300037c0 0x00000001300098f8 0x0000000130063dd8 loader: [loader data: 0x00006000032ac000 of 'bootstrap']
[0.048s][trace][module           ] Setting package: class: java.lang.StringBuilder, package: java/lang, loader: 'bootstrap', module: java.base
[0.048s][trace][cds,unshareable  ] restore: java.lang.StringBuilder
[0.048s][trace][class,loader,data] Adding k: 0x0000000130010808 java.lang.StringBuilder to loader data: 0x00006000032ac000 of 'bootstrap'
[0.048s][debug][cds,mirror       ] java.lang.StringBuilder has raw archived mirror
[0.048s][debug][cds,heap         ] Clearing root 94: was 0x00000007ffb02908
[0.048s][debug][cds,mirror       ] Archived mirror is: 0x00000007ffb02908
[0.048s][trace][cds,heap,mirror  ] Restored java.lang.StringBuilder archived mirror 0x00000007ffb02908
[0.048s][debug][cds,heap         ] Clearing root 95: was 0x00000007ffb02980
[0.048s][info ][class,load       ] java.lang.StringBuilder source: shared objects file
[0.048s][debug][class,load       ]  klass: 0x0000000130010808 super: 0x0000000130064980 interfaces: 0x00000001300037c0 0x00000001300098f8 0x0000000130063dd8 loader: [loader data: 0x00006000032ac000 of 'bootstrap']
[0.048s][trace][module           ] Setting package: class: jdk.internal.misc.UnsafeConstants, package: jdk/internal/misc, loader: 'bootstrap', module: java.base
[0.048s][trace][cds,unshareable  ] restore: jdk.internal.misc.UnsafeConstants
[0.048s][trace][class,loader,data] Adding k: 0x00000001300aaff8 jdk.internal.misc.UnsafeConstants to loader data: 0x00006000032ac000 of 'bootstrap'
[0.048s][debug][cds,mirror       ] jdk.internal.misc.UnsafeConstants has raw archived mirror
[0.048s][debug][cds,heap         ] Clearing root 185: was 0x00000007ffb05060
[0.048s][debug][cds,mirror       ] Archived mirror is: 0x00000007ffb05060
[0.048s][trace][cds,heap,mirror  ] Restored jdk.internal.misc.UnsafeConstants archived mirror 0x00000007ffb05060
[0.048s][info ][class,load       ] jdk.internal.misc.UnsafeConstants source: shared objects file
[0.048s][debug][class,load       ]  klass: 0x00000001300aaff8 super: 0x0000000130000db8 loader: [loader data: 0x00006000032ac000 of 'bootstrap']
[0.048s][trace][module           ] Setting package: class: jdk.internal.misc.Unsafe, package: jdk/internal/misc, loader: 'bootstrap', module: java.base
[0.048s][trace][cds,unshareable  ] restore: jdk.internal.misc.Unsafe
[0.048s][trace][class,loader,data] Adding k: 0x00000001300115c0 jdk.internal.misc.Unsafe to loader data: 0x00006000032ac000 of 'bootstrap'
[0.048s][debug][cds,mirror       ] jdk.internal.misc.Unsafe has raw archived mirror
[0.048s][debug][cds,heap         ] Clearing root 186: was 0x00000007ffb050e0
[0.048s][debug][cds,mirror       ] Archived mirror is: 0x00000007ffb050e0
[0.048s][trace][cds,heap,mirror  ] Restored jdk.internal.misc.Unsafe archived mirror 0x00000007ffb050e0
[0.048s][debug][cds,heap         ] Clearing root 187: was 0x00000007ffb051a8
[0.048s][info ][class,load       ] jdk.internal.misc.Unsafe source: shared objects file
[0.048s][debug][class,load       ]  klass: 0x00000001300115c0 super: 0x0000000130000db8 loader: [loader data: 0x00006000032ac000 of 'bootstrap']
[0.048s][trace][module           ] Setting package: class: jdk.internal.module.Modules, package: jdk/internal/module, loader: 'bootstrap', module: java.base
[0.048s][trace][cds,unshareable  ] restore: jdk.internal.module.Modules
[0.048s][trace][class,loader,data] Adding k: 0x00000001300e5c60 jdk.internal.module.Modules to loader data: 0x00006000032ac000 of 'bootstrap'
[0.048s][debug][cds,mirror       ] jdk.internal.module.Modules has raw archived mirror
[0.048s][debug][cds,heap         ] Clearing root 250: was 0x00000007ffb06cc8
[0.048s][debug][cds,mirror       ] Archived mirror is: 0x00000007ffb06cc8
[0.048s][trace][cds,heap,mirror  ] Restored jdk.internal.module.Modules archived mirror 0x00000007ffb06cc8
[0.048s][debug][cds,heap         ] Clearing root 251: was 0x00000007ffb06d48
[0.048s][info ][class,load       ] jdk.internal.module.Modules source: shared objects file
[0.048s][debug][class,load       ]  klass: 0x00000001300e5c60 super: 0x0000000130000db8 loader: [loader data: 0x00006000032ac000 of 'bootstrap']
[0.048s][trace][module           ] Setting package: class: java.lang.AutoCloseable, package: java/lang, loader: 'bootstrap', module: java.base
[0.048s][trace][cds,unshareable  ] restore: java.lang.AutoCloseable
[0.048s][trace][class,loader,data] Adding k: 0x0000000130017020 java.lang.AutoCloseable to loader data: 0x00006000032ac000 of 'bootstrap'
[0.048s][debug][cds,mirror       ] java.lang.AutoCloseable has raw archived mirror
[0.048s][debug][cds,heap         ] Clearing root 634: was 0x00000007ffb11ab0
[0.048s][debug][cds,mirror       ] Archived mirror is: 0x00000007ffb11ab0
[0.048s][trace][cds,heap,mirror  ] Restored java.lang.AutoCloseable archived mirror 0x00000007ffb11ab0
[0.048s][info ][class,load       ] java.lang.AutoCloseable source: shared objects file
[0.048s][debug][class,load       ]  klass: 0x0000000130017020 super: 0x0000000130000db8 loader: [loader data: 0x00006000032ac000 of 'bootstrap']
[0.048s][trace][module           ] Setting package: class: java.io.Closeable, package: java/io, loader: 'bootstrap', module: java.base
[0.048s][trace][cds,unshareable  ] restore: java.io.Closeable
[0.048s][trace][class,loader,data] Adding k: 0x0000000130017250 java.io.Closeable to loader data: 0x00006000032ac000 of 'bootstrap'
[0.048s][debug][cds,mirror       ] java.io.Closeable has raw archived mirror
[0.048s][debug][cds,heap         ] Clearing root 633: was 0x00000007ffb11a40
[0.048s][debug][cds,mirror       ] Archived mirror is: 0x00000007ffb11a40
[0.048s][trace][cds,heap,mirror  ] Restored java.io.Closeable archived mirror 0x00000007ffb11a40
[0.048s][info ][class,load       ] java.io.Closeable source: shared objects file
[0.048s][debug][class,load       ]  klass: 0x0000000130017250 super: 0x0000000130000db8 interfaces: 0x0000000130017020 loader: [loader data: 0x00006000032ac000 of 'bootstrap']
[0.048s][trace][module           ] Setting package: class: java.io.InputStream, package: java/io, loader: 'bootstrap', module: java.base
[0.048s][trace][cds,unshareable  ] restore: java.io.InputStream
[0.048s][trace][class,loader,data] Adding k: 0x000000013001c3e8 java.io.InputStream to loader data: 0x00006000032ac000 of 'bootstrap'
[0.048s][debug][cds,mirror       ] java.io.InputStream has raw archived mirror
[0.048s][debug][cds,heap         ] Clearing root 378: was 0x00000007ffb0ab40
[0.048s][debug][cds,mirror       ] Archived mirror is: 0x00000007ffb0ab40
[0.048s][trace][cds,heap,mirror  ] Restored java.io.InputStream archived mirror 0x00000007ffb0ab40
[0.048s][debug][cds,heap         ] Clearing root 379: was 0x00000007ffb0abc0
[0.048s][info ][class,load       ] java.io.InputStream source: shared objects file
[0.048s][debug][class,load       ]  klass: 0x000000013001c3e8 super: 0x0000000130000db8 interfaces: 0x0000000130017250 loader: [loader data: 0x00006000032ac000 of 'bootstrap']
[0.048s][trace][module           ] Setting package: class: java.io.ByteArrayInputStream, package: java/io, loader: 'bootstrap', module: java.base
[0.048s][trace][cds,unshareable  ] restore: java.io.ByteArrayInputStream
[0.048s][trace][class,loader,data] Adding k: 0x000000013001c6c0 java.io.ByteArrayInputStream to loader data: 0x00006000032ac000 of 'bootstrap'
[0.048s][debug][cds,mirror       ] java.io.ByteArrayInputStream has raw archived mirror
[0.048s][debug][cds,heap         ] Clearing root 118: was 0x00000007ffb03308
[0.048s][debug][cds,mirror       ] Archived mirror is: 0x00000007ffb03308
[0.048s][trace][cds,heap,mirror  ] Restored java.io.ByteArrayInputStream archived mirror 0x00000007ffb03308
[0.048s][info ][class,load       ] java.io.ByteArrayInputStream source: shared objects file
[0.048s][debug][class,load       ]  klass: 0x000000013001c6c0 super: 0x000000013001c3e8 loader: [loader data: 0x00006000032ac000 of 'bootstrap']
[0.048s][trace][module           ] Setting package: class: java.net.URL, package: java/net, loader: 'bootstrap', module: java.base
[0.048s][trace][cds,unshareable  ] restore: java.net.URL
[0.048s][trace][class,loader,data] Adding k: 0x000000013006e4e8 java.net.URL to loader data: 0x00006000032ac000 of 'bootstrap'
[0.048s][debug][cds,mirror       ] java.net.URL has raw archived mirror
[0.048s][debug][cds,heap         ] Clearing root 109: was 0x00000007ffb02f38
[0.048s][debug][cds,mirror       ] Archived mirror is: 0x00000007ffb02f38
[0.048s][trace][cds,heap,mirror  ] Restored java.net.URL archived mirror 0x00000007ffb02f38
[0.048s][debug][cds,heap         ] Clearing root 110: was 0x00000007ffb02fd0
[0.048s][info ][class,load       ] java.net.URL source: shared objects file
[0.048s][debug][class,load       ]  klass: 0x000000013006e4e8 super: 0x0000000130000db8 interfaces: 0x00000001300037c0 loader: [loader data: 0x00006000032ac000 of 'bootstrap']
[0.049s][trace][module           ] Setting package: class: java.util.jar.Manifest, package: java/util/jar, loader: 'bootstrap', module: java.base
[0.049s][trace][cds,unshareable  ] restore: java.util.jar.Manifest
[0.049s][trace][class,loader,data] Adding k: 0x00000001300713e8 java.util.jar.Manifest to loader data: 0x00006000032ac000 of 'bootstrap'
[0.049s][debug][cds,mirror       ] java.util.jar.Manifest has raw archived mirror
[0.049s][debug][cds,heap         ] Clearing root 111: was 0x00000007ffb03058
[0.049s][debug][cds,mirror       ] Archived mirror is: 0x00000007ffb03058
[0.049s][trace][cds,heap,mirror  ] Restored java.util.jar.Manifest archived mirror 0x00000007ffb03058
[0.049s][debug][cds,heap         ] Clearing root 112: was 0x00000007ffb030c8
[0.049s][info ][class,load       ] java.util.jar.Manifest source: shared objects file
[0.049s][debug][class,load       ]  klass: 0x00000001300713e8 super: 0x0000000130000db8 interfaces: 0x0000000130000b88 loader: [loader data: 0x00006000032ac000 of 'bootstrap']
[0.049s][trace][module           ] Setting package: class: jdk.internal.loader.BuiltinClassLoader, package: jdk/internal/loader, loader: 'bootstrap', module: java.base
[0.049s][trace][cds,unshareable  ] restore: jdk.internal.loader.BuiltinClassLoader
[0.049s][trace][class,loader,data] Adding k: 0x000000013000a6e0 jdk.internal.loader.BuiltinClassLoader to loader data: 0x00006000032ac000 of 'bootstrap'
[0.049s][debug][cds,mirror       ] jdk.internal.loader.BuiltinClassLoader has raw archived mirror
[0.049s][debug][cds,heap         ] Clearing root 142: was 0x00000007ffb03ca8
[0.049s][debug][cds,mirror       ] Archived mirror is: 0x00000007ffb03ca8
[0.049s][trace][cds,heap,mirror  ] Restored jdk.internal.loader.BuiltinClassLoader archived mirror 0x00000007ffb03ca8
[0.049s][debug][cds,heap         ] Clearing root 143: was 0x00000007ffb03d20
[0.049s][info ][class,load       ] jdk.internal.loader.BuiltinClassLoader source: shared objects file
[0.049s][debug][class,load       ]  klass: 0x000000013000a6e0 super: 0x000000013000a3b0 loader: [loader data: 0x00006000032ac000 of 'bootstrap']
[0.049s][trace][module           ] Setting package: class: jdk.internal.loader.ClassLoaders, package: jdk/internal/loader, loader: 'bootstrap', module: java.base
[0.049s][trace][cds,unshareable  ] restore: jdk.internal.loader.ClassLoaders
[0.049s][trace][class,loader,data] Adding k: 0x0000000130011388 jdk.internal.loader.ClassLoaders to loader data: 0x00006000032ac000 of 'bootstrap'
[0.049s][debug][cds,mirror       ] jdk.internal.loader.ClassLoaders has raw archived mirror
[0.049s][debug][cds,heap         ] Clearing root 258: was 0x00000007ffb070e8
[0.049s][debug][cds,mirror       ] Archived mirror is: 0x00000007ffb070e8
[0.049s][trace][cds,heap,mirror  ] Restored jdk.internal.loader.ClassLoaders archived mirror 0x00000007ffb070e8
[0.049s][debug][cds,heap         ] Clearing root 259: was 0x00000007ffb07168
[0.049s][info ][class,load       ] jdk.internal.loader.ClassLoaders source: shared objects file
[0.049s][debug][class,load       ]  klass: 0x0000000130011388 super: 0x0000000130000db8 loader: [loader data: 0x00006000032ac000 of 'bootstrap']
[0.049s][trace][module           ] Setting package: class: jdk.internal.loader.ClassLoaders$AppClassLoader, package: jdk/internal/loader, loader: 'bootstrap', module: java.base
[0.049s][trace][cds,unshareable  ] restore: jdk.internal.loader.ClassLoaders$AppClassLoader
[0.049s][trace][class,loader,data] Adding k: 0x00000001300849f8 jdk.internal.loader.ClassLoaders$AppClassLoader to loader data: 0x00006000032ac000 of 'bootstrap'
[0.049s][debug][cds,mirror       ] jdk.internal.loader.ClassLoaders$AppClassLoader has raw archived mirror
[0.049s][debug][cds,heap         ] Clearing root 144: was 0x00000007ffb03d90
[0.049s][debug][cds,mirror       ] Archived mirror is: 0x00000007ffb03d90
[0.049s][trace][cds,heap,mirror  ] Restored jdk.internal.loader.ClassLoaders$AppClassLoader archived mirror 0x00000007ffb03d90
[0.049s][debug][cds,heap         ] Clearing root 145: was 0x00000007ffb03e00
[0.049s][info ][class,load       ] jdk.internal.loader.ClassLoaders$AppClassLoader source: shared objects file
[0.049s][debug][class,load       ]  klass: 0x00000001300849f8 super: 0x000000013000a6e0 loader: [loader data: 0x00006000032ac000 of 'bootstrap']
[0.049s][trace][module           ] Setting package: class: jdk.internal.loader.ClassLoaders$PlatformClassLoader, package: jdk/internal/loader, loader: 'bootstrap', module: java.base
[0.049s][trace][cds,unshareable  ] restore: jdk.internal.loader.ClassLoaders$PlatformClassLoader
[0.049s][trace][class,loader,data] Adding k: 0x0000000130086e30 jdk.internal.loader.ClassLoaders$PlatformClassLoader to loader data: 0x00006000032ac000 of 'bootstrap'
[0.049s][debug][cds,mirror       ] jdk.internal.loader.ClassLoaders$PlatformClassLoader has raw archived mirror
[0.049s][debug][cds,heap         ] Clearing root 146: was 0x00000007ffb03e18
[0.049s][debug][cds,mirror       ] Archived mirror is: 0x00000007ffb03e18
[0.049s][trace][cds,heap,mirror  ] Restored jdk.internal.loader.ClassLoaders$PlatformClassLoader archived mirror 0x00000007ffb03e18
[0.049s][debug][cds,heap         ] Clearing root 147: was 0x00000007ffb03e88
[0.049s][info ][class,load       ] jdk.internal.loader.ClassLoaders$PlatformClassLoader source: shared objects file
[0.049s][debug][class,load       ]  klass: 0x0000000130086e30 super: 0x000000013000a6e0 loader: [loader data: 0x00006000032ac000 of 'bootstrap']
[0.049s][trace][module           ] Setting package: class: java.security.CodeSource, package: java/security, loader: 'bootstrap', module: java.base
[0.049s][trace][cds,unshareable  ] restore: java.security.CodeSource
[0.049s][trace][class,loader,data] Adding k: 0x0000000130010138 java.security.CodeSource to loader data: 0x00006000032ac000 of 'bootstrap'
[0.049s][debug][cds,mirror       ] java.security.CodeSource has raw archived mirror
[0.049s][debug][cds,heap         ] Clearing root 104: was 0x00000007ffb02d50
[0.049s][debug][cds,mirror       ] Archived mirror is: 0x00000007ffb02d50
[0.049s][trace][cds,heap,mirror  ] Restored java.security.CodeSource archived mirror 0x00000007ffb02d50
[0.049s][debug][cds,heap         ] Clearing root 105: was 0x00000007ffb02dc8
[0.049s][info ][class,load       ] java.security.CodeSource source: shared objects file
[0.049s][debug][class,load       ]  klass: 0x0000000130010138 super: 0x0000000130000db8 interfaces: 0x00000001300037c0 loader: [loader data: 0x00006000032ac000 of 'bootstrap']
[0.049s][trace][module           ] Setting package: class: java.util.AbstractMap, package: java/util, loader: 'bootstrap', module: java.base
[0.049s][trace][cds,unshareable  ] restore: java.util.AbstractMap
[0.049s][trace][class,loader,data] Adding k: 0x00000001300535d0 java.util.AbstractMap to loader data: 0x00006000032ac000 of 'bootstrap'
[0.049s][debug][cds,mirror       ] java.util.AbstractMap has raw archived mirror
[0.049s][debug][cds,heap         ] Clearing root 678: was 0x00000007ffb12d10
[0.049s][debug][cds,mirror       ] Archived mirror is: 0x00000007ffb12d10
[0.049s][trace][cds,heap,mirror  ] Restored java.util.AbstractMap archived mirror 0x00000007ffb12d10
[0.049s][debug][cds,heap         ] Clearing root 679: was 0x00000007ffb12d80
[0.049s][info ][class,load       ] java.util.AbstractMap source: shared objects file
[0.049s][debug][class,load       ]  klass: 0x00000001300535d0 super: 0x0000000130000db8 interfaces: 0x0000000130015150 loader: [loader data: 0x00006000032ac000 of 'bootstrap']
[0.049s][trace][module           ] Setting package: class: java.util.concurrent.ConcurrentMap, package: java/util/concurrent, loader: 'bootstrap', module: java.base
[0.049s][trace][cds,unshareable  ] restore: java.util.concurrent.ConcurrentMap
[0.049s][trace][class,loader,data] Adding k: 0x000000013017a728 java.util.concurrent.ConcurrentMap to loader data: 0x00006000032ac000 of 'bootstrap'
[0.049s][debug][cds,mirror       ] java.util.concurrent.ConcurrentMap has raw archived mirror
[0.049s][debug][cds,heap         ] Clearing root 486: was 0x00000007ffb0d740
[0.049s][debug][cds,mirror       ] Archived mirror is: 0x00000007ffb0d740
[0.049s][trace][cds,heap,mirror  ] Restored java.util.concurrent.ConcurrentMap archived mirror 0x00000007ffb0d740
[0.049s][debug][cds,heap         ] Clearing root 487: was 0x00000007ffb0d7b0
[0.049s][info ][class,load       ] java.util.concurrent.ConcurrentMap source: shared objects file
[0.049s][debug][class,load       ]  klass: 0x000000013017a728 super: 0x0000000130000db8 interfaces: 0x0000000130015150 loader: [loader data: 0x00006000032ac000 of 'bootstrap']
[0.049s][trace][module           ] Setting package: class: java.util.concurrent.ConcurrentHashMap, package: java/util/concurrent, loader: 'bootstrap', module: java.base
[0.049s][trace][cds,unshareable  ] restore: java.util.concurrent.ConcurrentHashMap
[0.049s][trace][class,loader,data] Adding k: 0x000000013000f640 java.util.concurrent.ConcurrentHashMap to loader data: 0x00006000032ac000 of 'bootstrap'
[0.049s][debug][cds,mirror       ] java.util.concurrent.ConcurrentHashMap has raw archived mirror
[0.049s][debug][cds,heap         ] Clearing root 262: was 0x00000007ffb07300
[0.049s][debug][cds,mirror       ] Archived mirror is: 0x00000007ffb07300
[0.049s][trace][cds,heap,mirror  ] Restored java.util.concurrent.ConcurrentHashMap archived mirror 0x00000007ffb07300
[0.049s][debug][cds,heap         ] Clearing root 263: was 0x00000007ffb073f8
[0.049s][info ][class,load       ] java.util.concurrent.ConcurrentHashMap source: shared objects file
[0.049s][debug][class,load       ]  klass: 0x000000013000f640 super: 0x00000001300535d0 interfaces: 0x000000013017a728 0x00000001300037c0 loader: [loader data: 0x00006000032ac000 of 'bootstrap']
[0.049s][trace][module           ] Setting package: class: java.lang.Iterable, package: java/lang, loader: 'bootstrap', module: java.base
[0.049s][trace][cds,unshareable  ] restore: java.lang.Iterable
[0.049s][trace][class,loader,data] Adding k: 0x0000000130077880 java.lang.Iterable to loader data: 0x00006000032ac000 of 'bootstrap'
[0.049s][debug][cds,mirror       ] java.lang.Iterable has raw archived mirror
[0.049s][debug][cds,heap         ] Clearing root 293: was 0x00000007ffb08090
[0.049s][debug][cds,mirror       ] Archived mirror is: 0x00000007ffb08090
[0.049s][trace][cds,heap,mirror  ] Restored java.lang.Iterable archived mirror 0x00000007ffb08090
[0.049s][info ][class,load       ] java.lang.Iterable source: shared objects file
[0.049s][debug][class,load       ]  klass: 0x0000000130077880 super: 0x0000000130000db8 loader: [loader data: 0x00006000032ac000 of 'bootstrap']
[0.049s][trace][module           ] Setting package: class: java.util.Collection, package: java/util, loader: 'bootstrap', module: java.base
[0.049s][trace][cds,unshareable  ] restore: java.util.Collection
[0.049s][trace][class,loader,data] Adding k: 0x0000000130077ab8 java.util.Collection to loader data: 0x00006000032ac000 of 'bootstrap'
[0.049s][debug][cds,mirror       ] java.util.Collection has raw archived mirror
[0.050s][debug][cds,heap         ] Clearing root 352: was 0x00000007ffb0a040
[0.050s][debug][cds,mirror       ] Archived mirror is: 0x00000007ffb0a040
[0.050s][trace][cds,heap,mirror  ] Restored java.util.Collection archived mirror 0x00000007ffb0a040
[0.050s][info ][class,load       ] java.util.Collection source: shared objects file
[0.050s][debug][class,load       ]  klass: 0x0000000130077ab8 super: 0x0000000130000db8 interfaces: 0x0000000130077880 loader: [loader data: 0x00006000032ac000 of 'bootstrap']
[0.050s][trace][module           ] Setting package: class: java.util.AbstractCollection, package: java/util, loader: 'bootstrap', module: java.base
[0.050s][trace][cds,unshareable  ] restore: java.util.AbstractCollection
[0.050s][trace][class,loader,data] Adding k: 0x0000000130077dc0 java.util.AbstractCollection to loader data: 0x00006000032ac000 of 'bootstrap'
[0.050s][debug][cds,mirror       ] java.util.AbstractCollection has raw archived mirror
[0.050s][debug][cds,heap         ] Clearing root 722: was 0x00000007ffb13ed8
[0.050s][debug][cds,mirror       ] Archived mirror is: 0x00000007ffb13ed8
[0.050s][trace][cds,heap,mirror  ] Restored java.util.AbstractCollection archived mirror 0x00000007ffb13ed8
[0.050s][debug][cds,heap         ] Clearing root 723: was 0x00000007ffb13f48
[0.050s][info ][class,load       ] java.util.AbstractCollection source: shared objects file
[0.050s][debug][class,load       ]  klass: 0x0000000130077dc0 super: 0x0000000130000db8 interfaces: 0x0000000130077ab8 loader: [loader data: 0x00006000032ac000 of 'bootstrap']
[0.050s][trace][module           ] Setting package: class: java.util.List, package: java/util, loader: 'bootstrap', module: java.base
[0.050s][trace][cds,unshareable  ] restore: java.util.List
[0.050s][trace][class,loader,data] Adding k: 0x0000000130079598 java.util.List to loader data: 0x00006000032ac000 of 'bootstrap'
[0.050s][debug][cds,mirror       ] java.util.List has raw archived mirror
[0.050s][debug][cds,heap         ] Clearing root 292: was 0x00000007ffb08020
[0.050s][debug][cds,mirror       ] Archived mirror is: 0x00000007ffb08020
[0.050s][trace][cds,heap,mirror  ] Restored java.util.List archived mirror 0x00000007ffb08020
[0.050s][info ][class,load       ] java.util.List source: shared objects file
[0.050s][debug][class,load       ]  klass: 0x0000000130079598 super: 0x0000000130000db8 interfaces: 0x0000000130077ab8 loader: [loader data: 0x00006000032ac000 of 'bootstrap']
[0.050s][trace][module           ] Setting package: class: java.util.AbstractList, package: java/util, loader: 'bootstrap', module: java.base
[0.050s][trace][cds,unshareable  ] restore: java.util.AbstractList
[0.050s][trace][class,loader,data] Adding k: 0x000000013007bda8 java.util.AbstractList to loader data: 0x00006000032ac000 of 'bootstrap'
[0.050s][debug][cds,mirror       ] java.util.AbstractList has raw archived mirror
[0.050s][debug][cds,heap         ] Clearing root 126: was 0x00000007ffb03610
[0.050s][debug][cds,mirror       ] Archived mirror is: 0x00000007ffb03610
[0.050s][trace][cds,heap,mirror  ] Restored java.util.AbstractList archived mirror 0x00000007ffb03610
[0.050s][debug][cds,heap         ] Clearing root 127: was 0x00000007ffb03680
[0.050s][info ][class,load       ] java.util.AbstractList source: shared objects file
[0.050s][debug][class,load       ]  klass: 0x000000013007bda8 super: 0x0000000130077dc0 interfaces: 0x0000000130079598 loader: [loader data: 0x00006000032ac000 of 'bootstrap']
[0.050s][trace][module           ] Setting package: class: java.util.RandomAccess, package: java/util, loader: 'bootstrap', module: java.base
[0.050s][trace][cds,unshareable  ] restore: java.util.RandomAccess
[0.050s][trace][class,loader,data] Adding k: 0x0000000130079368 java.util.RandomAccess to loader data: 0x00006000032ac000 of 'bootstrap'
[0.050s][debug][cds,mirror       ] java.util.RandomAccess has raw archived mirror
[0.050s][debug][cds,heap         ] Clearing root 714: was 0x00000007ffb13c00
[0.050s][debug][cds,mirror       ] Archived mirror is: 0x00000007ffb13c00
[0.050s][trace][cds,heap,mirror  ] Restored java.util.RandomAccess archived mirror 0x00000007ffb13c00
[0.050s][info ][class,load       ] java.util.RandomAccess source: shared objects file
[0.050s][debug][class,load       ]  klass: 0x0000000130079368 super: 0x0000000130000db8 loader: [loader data: 0x00006000032ac000 of 'bootstrap']
[0.050s][trace][module           ] Setting package: class: java.util.ArrayList, package: java/util, loader: 'bootstrap', module: java.base
[0.050s][trace][cds,unshareable  ] restore: java.util.ArrayList
[0.050s][trace][class,loader,data] Adding k: 0x000000013000f0e8 java.util.ArrayList to loader data: 0x00006000032ac000 of 'bootstrap'
[0.050s][debug][cds,mirror       ] java.util.ArrayList has raw archived mirror
[0.050s][debug][cds,heap         ] Clearing root 264: was 0x00000007ffb07438
[0.050s][debug][cds,mirror       ] Archived mirror is: 0x00000007ffb07438
[0.050s][trace][cds,heap,mirror  ] Restored java.util.ArrayList archived mirror 0x00000007ffb07438
[0.050s][debug][cds,heap         ] Clearing root 265: was 0x00000007ffb074c0
[0.050s][info ][class,load       ] java.util.ArrayList source: shared objects file
[0.050s][debug][class,load       ]  klass: 0x000000013000f0e8 super: 0x000000013007bda8 interfaces: 0x0000000130079598 0x0000000130079368 0x0000000130000b88 0x00000001300037c0 loader: [loader data: 0x00006000032ac000 of 'bootstrap']
[0.050s][trace][module           ] Setting package: class: java.lang.StackTraceElement, package: java/lang, loader: 'bootstrap', module: java.base
[0.050s][trace][cds,unshareable  ] restore: java.lang.StackTraceElement
[0.050s][trace][class,loader,data] Adding k: 0x0000000130087b00 java.lang.StackTraceElement to loader data: 0x00006000032ac000 of 'bootstrap'
[0.050s][debug][cds,mirror       ] java.lang.StackTraceElement has raw archived mirror
[0.050s][debug][cds,heap         ] Clearing root 172: was 0x00000007ffb04a18
[0.050s][debug][cds,mirror       ] Archived mirror is: 0x00000007ffb04a18
[0.050s][trace][cds,heap,mirror  ] Restored java.lang.StackTraceElement archived mirror 0x00000007ffb04a18
[0.050s][debug][cds,heap         ] Clearing root 173: was 0x00000007ffb04a98
[0.050s][trace][cds,unshareable  ] restore: [Ljava.lang.StackTraceElement;
[0.050s][trace][class,loader,data] Adding k: 0x0000000130088460 [Ljava.lang.StackTraceElement; to loader data: 0x00006000032ac000 of 'bootstrap'
[0.050s][debug][cds,mirror       ] [Ljava.lang.StackTraceElement; has raw archived mirror
[0.050s][debug][cds,heap         ] Clearing root 249: was 0x00000007ffb06c58
[0.050s][debug][cds,mirror       ] Archived mirror is: 0x00000007ffb06c58
[0.050s][trace][cds,heap,mirror  ] Restored [Ljava.lang.StackTraceElement; archived mirror 0x00000007ffb06c58
[0.050s][info ][class,load       ] java.lang.StackTraceElement source: shared objects file
[0.050s][debug][class,load       ]  klass: 0x0000000130087b00 super: 0x0000000130000db8 interfaces: 0x00000001300037c0 loader: [loader data: 0x00006000032ac000 of 'bootstrap']
[0.050s][trace][module           ] Setting package: class: java.nio.Buffer, package: java/nio, loader: 'bootstrap', module: java.base
[0.050s][trace][cds,unshareable  ] restore: java.nio.Buffer
[0.050s][trace][class,loader,data] Adding k: 0x0000000130089338 java.nio.Buffer to loader data: 0x00006000032ac000 of 'bootstrap'
[0.050s][debug][cds,mirror       ] java.nio.Buffer has raw archived mirror
[0.050s][debug][cds,heap         ] Clearing root 177: was 0x00000007ffb04c28
[0.050s][debug][cds,mirror       ] Archived mirror is: 0x00000007ffb04c28
[0.050s][trace][cds,heap,mirror  ] Restored java.nio.Buffer archived mirror 0x00000007ffb04c28
[0.050s][debug][cds,heap         ] Clearing root 178: was 0x00000007ffb04ca8
[0.050s][info ][class,load       ] java.nio.Buffer source: shared objects file
[0.050s][debug][class,load       ]  klass: 0x0000000130089338 super: 0x0000000130000db8 loader: [loader data: 0x00006000032ac000 of 'bootstrap']
[0.050s][trace][module           ] Setting package: class: java.lang.StackWalker, package: java/lang, loader: 'bootstrap', module: java.base
[0.050s][trace][cds,unshareable  ] restore: java.lang.StackWalker
[0.050s][trace][class,loader,data] Adding k: 0x00000001300e35d8 java.lang.StackWalker to loader data: 0x00006000032ac000 of 'bootstrap'
[0.050s][debug][cds,mirror       ] java.lang.StackWalker has raw archived mirror
[0.050s][debug][cds,heap         ] Clearing root 230: was 0x00000007ffb06500
[0.050s][debug][cds,mirror       ] Archived mirror is: 0x00000007ffb06500
[0.050s][trace][cds,heap,mirror  ] Restored java.lang.StackWalker archived mirror 0x00000007ffb06500
[0.050s][debug][cds,heap         ] Clearing root 231: was 0x00000007ffb06578
[0.050s][info ][class,load       ] java.lang.StackWalker source: shared objects file
[0.050s][debug][class,load       ]  klass: 0x00000001300e35d8 super: 0x0000000130000db8 loader: [loader data: 0x00006000032ac000 of 'bootstrap']
[0.050s][trace][module           ] Setting package: class: java.lang.StackStreamFactory$AbstractStackWalker, package: java/lang, loader: 'bootstrap', module: java.base
[0.050s][trace][cds,unshareable  ] restore: java.lang.StackStreamFactory$AbstractStackWalker
[0.050s][trace][class,loader,data] Adding k: 0x00000001300e45e8 java.lang.StackStreamFactory$AbstractStackWalker to loader data: 0x00006000032ac000 of 'bootstrap'
[0.050s][debug][cds,mirror       ] java.lang.StackStreamFactory$AbstractStackWalker has raw archived mirror
[0.050s][debug][cds,heap         ] Clearing root 236: was 0x00000007ffb066d8
[0.050s][debug][cds,mirror       ] Archived mirror is: 0x00000007ffb066d8
[0.050s][trace][cds,heap,mirror  ] Restored java.lang.StackStreamFactory$AbstractStackWalker archived mirror 0x00000007ffb066d8
[0.050s][debug][cds,heap         ] Clearing root 237: was 0x00000007ffb06748
[0.050s][info ][class,load       ] java.lang.StackStreamFactory$AbstractStackWalker source: shared objects file
[0.050s][debug][class,load       ]  klass: 0x00000001300e45e8 super: 0x0000000130000db8 loader: [loader data: 0x00006000032ac000 of 'bootstrap']
[0.050s][trace][module           ] Setting package: class: java.lang.StackWalker$StackFrame, package: java/lang, loader: 'bootstrap', module: java.base
[0.050s][trace][cds,unshareable  ] restore: java.lang.StackWalker$StackFrame
[0.050s][trace][class,loader,data] Adding k: 0x0000000130036888 java.lang.StackWalker$StackFrame to loader data: 0x00006000032ac000 of 'bootstrap'
[0.051s][debug][cds,mirror       ] java.lang.StackWalker$StackFrame has raw archived mirror
[0.051s][debug][cds,heap         ] Clearing root 728: was 0x00000007ffb14088
[0.051s][debug][cds,mirror       ] Archived mirror is: 0x00000007ffb14088
[0.051s][trace][cds,heap,mirror  ] Restored java.lang.StackWalker$StackFrame archived mirror 0x00000007ffb14088
[0.051s][info ][class,load       ] java.lang.StackWalker$StackFrame source: shared objects file
[0.051s][debug][class,load       ]  klass: 0x0000000130036888 super: 0x0000000130000db8 loader: [loader data: 0x00006000032ac000 of 'bootstrap']
[0.051s][trace][module           ] Setting package: class: java.lang.StackFrameInfo, package: java/lang, loader: 'bootstrap', module: java.base
[0.051s][trace][cds,unshareable  ] restore: java.lang.StackFrameInfo
[0.051s][trace][class,loader,data] Adding k: 0x0000000130036ab8 java.lang.StackFrameInfo to loader data: 0x00006000032ac000 of 'bootstrap'
[0.051s][debug][cds,mirror       ] java.lang.StackFrameInfo has raw archived mirror
[0.051s][debug][cds,heap         ] Clearing root 232: was 0x00000007ffb065a8
[0.051s][debug][cds,mirror       ] Archived mirror is: 0x00000007ffb065a8
[0.051s][trace][cds,heap,mirror  ] Restored java.lang.StackFrameInfo archived mirror 0x00000007ffb065a8
[0.051s][debug][cds,heap         ] Clearing root 233: was 0x00000007ffb06620
[0.051s][info ][class,load       ] java.lang.StackFrameInfo source: shared objects file
[0.051s][debug][class,load       ]  klass: 0x0000000130036ab8 super: 0x0000000130000db8 interfaces: 0x0000000130036888 loader: [loader data: 0x00006000032ac000 of 'bootstrap']
[0.051s][trace][module           ] Setting package: class: java.lang.LiveStackFrame, package: java/lang, loader: 'bootstrap', module: java.base
[0.051s][trace][cds,unshareable  ] restore: java.lang.LiveStackFrame
[0.051s][trace][class,loader,data] Adding k: 0x0000000130036658 java.lang.LiveStackFrame to loader data: 0x00006000032ac000 of 'bootstrap'
[0.051s][debug][cds,mirror       ] java.lang.LiveStackFrame has raw archived mirror
[0.051s][debug][cds,heap         ] Clearing root 730: was 0x00000007ffb14168
[0.051s][debug][cds,mirror       ] Archived mirror is: 0x00000007ffb14168
[0.051s][trace][cds,heap,mirror  ] Restored java.lang.LiveStackFrame archived mirror 0x00000007ffb14168
[0.051s][debug][cds,heap         ] Clearing root 731: was 0x00000007ffb141d8
[0.051s][info ][class,load       ] java.lang.LiveStackFrame source: shared objects file
[0.051s][debug][class,load       ]  klass: 0x0000000130036658 super: 0x0000000130000db8 interfaces: 0x0000000130036888 loader: [loader data: 0x00006000032ac000 of 'bootstrap']
[0.051s][trace][module           ] Setting package: class: java.lang.LiveStackFrameInfo, package: java/lang, loader: 'bootstrap', module: java.base
[0.051s][trace][cds,unshareable  ] restore: java.lang.LiveStackFrameInfo
[0.051s][trace][class,loader,data] Adding k: 0x0000000130036db0 java.lang.LiveStackFrameInfo to loader data: 0x00006000032ac000 of 'bootstrap'
[0.051s][debug][cds,mirror       ] java.lang.LiveStackFrameInfo has raw archived mirror
[0.051s][debug][cds,heap         ] Clearing root 234: was 0x00000007ffb06638
[0.051s][debug][cds,mirror       ] Archived mirror is: 0x00000007ffb06638
[0.051s][trace][cds,heap,mirror  ] Restored java.lang.LiveStackFrameInfo archived mirror 0x00000007ffb06638
[0.051s][debug][cds,heap         ] Clearing root 235: was 0x00000007ffb066b8
[0.051s][info ][class,load       ] java.lang.LiveStackFrameInfo source: shared objects file
[0.051s][debug][class,load       ]  klass: 0x0000000130036db0 super: 0x0000000130036ab8 interfaces: 0x0000000130036658 loader: [loader data: 0x00006000032ac000 of 'bootstrap']
[0.051s][trace][module           ] Setting package: class: java.util.concurrent.locks.AbstractOwnableSynchronizer, package: java/util/concurrent/locks, loader: 'bootstrap', module: java.base
[0.051s][trace][cds,unshareable  ] restore: java.util.concurrent.locks.AbstractOwnableSynchronizer
[0.051s][trace][class,loader,data] Adding k: 0x0000000130033310 java.util.concurrent.locks.AbstractOwnableSynchronizer to loader data: 0x00006000032ac000 of 'bootstrap'
[0.051s][debug][cds,mirror       ] java.util.concurrent.locks.AbstractOwnableSynchronizer has raw archived mirror
[0.051s][debug][cds,heap         ] Clearing root 174: was 0x00000007ffb04ad8
[0.051s][debug][cds,mirror       ] Archived mirror is: 0x00000007ffb04ad8
[0.051s][trace][cds,heap,mirror  ] Restored java.util.concurrent.locks.AbstractOwnableSynchronizer archived mirror 0x00000007ffb04ad8
[0.051s][info ][class,load       ] java.util.concurrent.locks.AbstractOwnableSynchronizer source: shared objects file
[0.051s][debug][class,load       ]  klass: 0x0000000130033310 super: 0x0000000130000db8 interfaces: 0x00000001300037c0 loader: [loader data: 0x00006000032ac000 of 'bootstrap']
[0.051s][trace][module           ] Setting package: class: java.lang.Boolean, package: java/lang, loader: 'bootstrap', module: java.base
[0.051s][trace][cds,unshareable  ] restore: java.lang.Boolean
[0.051s][trace][class,loader,data] Adding k: 0x00000001300330a8 java.lang.Boolean to loader data: 0x00006000032ac000 of 'bootstrap'
[0.051s][debug][cds,mirror       ] java.lang.Boolean has raw archived mirror
[0.051s][debug][cds,heap         ] Clearing root 41: was 0x00000007ffb013c8
[0.051s][debug][cds,mirror       ] Archived mirror is: 0x00000007ffb013c8
[0.051s][trace][cds,heap,mirror  ] Restored java.lang.Boolean archived mirror 0x00000007ffb013c8
[0.051s][debug][cds,heap         ] Clearing root 42: was 0x00000007ffb01450
[0.051s][info ][class,load       ] java.lang.Boolean source: shared objects file
[0.051s][debug][class,load       ]  klass: 0x00000001300330a8 super: 0x0000000130000db8 interfaces: 0x00000001300037c0 0x00000001300098f8 0x0000000130003090 loader: [loader data: 0x00006000032ac000 of 'bootstrap']
[0.051s][trace][module           ] Setting package: class: java.lang.Character, package: java/lang, loader: 'bootstrap', module: java.base
[0.051s][trace][cds,unshareable  ] restore: java.lang.Character
[0.051s][trace][class,loader,data] Adding k: 0x0000000130038c40 java.lang.Character to loader data: 0x00006000032ac000 of 'bootstrap'
[0.051s][debug][cds,mirror       ] java.lang.Character has raw archived mirror
[0.051s][debug][cds,heap         ] Clearing root 43: was 0x00000007ffb01470
[0.051s][debug][cds,mirror       ] Archived mirror is: 0x00000007ffb01470
[0.051s][trace][cds,heap,mirror  ] Restored java.lang.Character archived mirror 0x00000007ffb01470
[0.051s][debug][cds,heap         ] Clearing root 44: was 0x00000007ffb01558
[0.051s][trace][cds,unshareable  ] restore: [Ljava.lang.Character;
[0.051s][trace][class,loader,data] Adding k: 0x0000000130039fe0 [Ljava.lang.Character; to loader data: 0x00006000032ac000 of 'bootstrap'
[0.051s][debug][cds,mirror       ] [Ljava.lang.Character; has raw archived mirror
[0.051s][debug][cds,heap         ] Clearing root 240: was 0x00000007ffb06868
[0.051s][debug][cds,mirror       ] Archived mirror is: 0x00000007ffb06868
[0.051s][trace][cds,heap,mirror  ] Restored [Ljava.lang.Character; archived mirror 0x00000007ffb06868
[0.051s][info ][class,load       ] java.lang.Character source: shared objects file
[0.051s][debug][class,load       ]  klass: 0x0000000130038c40 super: 0x0000000130000db8 interfaces: 0x00000001300037c0 0x00000001300098f8 0x0000000130003090 loader: [loader data: 0x00006000032ac000 of 'bootstrap']
[0.051s][trace][module           ] Setting package: class: java.lang.Number, package: java/lang, loader: 'bootstrap', module: java.base
[0.051s][trace][cds,unshareable  ] restore: java.lang.Number
[0.051s][trace][class,loader,data] Adding k: 0x0000000130034240 java.lang.Number to loader data: 0x00006000032ac000 of 'bootstrap'
[0.051s][debug][cds,mirror       ] java.lang.Number has raw archived mirror
[0.051s][debug][cds,heap         ] Clearing root 733: was 0x00000007ffb14280
[0.051s][debug][cds,mirror       ] Archived mirror is: 0x00000007ffb14280
[0.051s][trace][cds,heap,mirror  ] Restored java.lang.Number archived mirror 0x00000007ffb14280
[0.051s][trace][cds,unshareable  ] restore: [Ljava.lang.Number;
[0.051s][trace][class,loader,data] Adding k: 0x000000013003a420 [Ljava.lang.Number; to loader data: 0x00006000032ac000 of 'bootstrap'
[0.051s][debug][cds,mirror       ] [Ljava.lang.Number; has raw archived mirror
[0.051s][debug][cds,heap         ] Clearing root 864: was 0x00000007ffb17820
[0.051s][debug][cds,mirror       ] Archived mirror is: 0x00000007ffb17820
[0.051s][trace][cds,heap,mirror  ] Restored [Ljava.lang.Number; archived mirror 0x00000007ffb17820
[0.051s][info ][class,load       ] java.lang.Number source: shared objects file
[0.051s][debug][class,load       ]  klass: 0x0000000130034240 super: 0x0000000130000db8 interfaces: 0x00000001300037c0 loader: [loader data: 0x00006000032ac000 of 'bootstrap']
[0.051s][trace][module           ] Setting package: class: java.lang.Float, package: java/lang, loader: 'bootstrap', module: java.base
[0.051s][trace][cds,unshareable  ] restore: java.lang.Float
[0.051s][trace][class,loader,data] Adding k: 0x00000001300421c0 java.lang.Float to loader data: 0x00006000032ac000 of 'bootstrap'
[0.051s][debug][cds,mirror       ] java.lang.Float has raw archived mirror
[0.051s][debug][cds,heap         ] Clearing root 47: was 0x00000007ffb01680
[0.051s][debug][cds,mirror       ] Archived mirror is: 0x00000007ffb01680
[0.051s][trace][cds,heap,mirror  ] Restored java.lang.Float archived mirror 0x00000007ffb01680
[0.051s][debug][cds,heap         ] Clearing root 48: was 0x00000007ffb01728
[0.051s][info ][class,load       ] java.lang.Float source: shared objects file
[0.051s][debug][class,load       ]  klass: 0x00000001300421c0 super: 0x0000000130034240 interfaces: 0x00000001300098f8 0x0000000130003090 0x0000000130042470 loader: [loader data: 0x00006000032ac000 of 'bootstrap']
[0.051s][trace][module           ] Setting package: class: java.lang.Double, package: java/lang, loader: 'bootstrap', module: java.base
[0.051s][trace][cds,unshareable  ] restore: java.lang.Double
[0.051s][trace][class,loader,data] Adding k: 0x0000000130043e00 java.lang.Double to loader data: 0x00006000032ac000 of 'bootstrap'
[0.051s][debug][cds,mirror       ] java.lang.Double has raw archived mirror
[0.051s][debug][cds,heap         ] Clearing root 49: was 0x00000007ffb01748
[0.051s][debug][cds,mirror       ] Archived mirror is: 0x00000007ffb01748
[0.051s][trace][cds,heap,mirror  ] Restored java.lang.Double archived mirror 0x00000007ffb01748
[0.051s][debug][cds,heap         ] Clearing root 50: was 0x00000007ffb01808
[0.051s][info ][class,load       ] java.lang.Double source: shared objects file
[0.051s][debug][class,load       ]  klass: 0x0000000130043e00 super: 0x0000000130034240 interfaces: 0x00000001300098f8 0x0000000130003090 0x0000000130042470 loader: [loader data: 0x00006000032ac000 of 'bootstrap']
[0.052s][trace][module           ] Setting package: class: java.lang.Byte, package: java/lang, loader: 'bootstrap', module: java.base
[0.052s][trace][cds,unshareable  ] restore: java.lang.Byte
[0.052s][trace][class,loader,data] Adding k: 0x000000013003acc0 java.lang.Byte to loader data: 0x00006000032ac000 of 'bootstrap'
[0.052s][debug][cds,mirror       ] java.lang.Byte has raw archived mirror
[0.052s][debug][cds,heap         ] Clearing root 51: was 0x00000007ffb01840
[0.052s][debug][cds,mirror       ] Archived mirror is: 0x00000007ffb01840
[0.052s][trace][cds,heap,mirror  ] Restored java.lang.Byte archived mirror 0x00000007ffb01840
[0.052s][debug][cds,heap         ] Clearing root 52: was 0x00000007ffb018d0
[0.052s][trace][cds,unshareable  ] restore: [Ljava.lang.Byte;
[0.052s][trace][class,loader,data] Adding k: 0x000000013003a878 [Ljava.lang.Byte; to loader data: 0x00006000032ac000 of 'bootstrap'
[0.052s][debug][cds,mirror       ] [Ljava.lang.Byte; has raw archived mirror
[0.052s][debug][cds,heap         ] Clearing root 242: was 0x00000007ffb06948
[0.052s][debug][cds,mirror       ] Archived mirror is: 0x00000007ffb06948
[0.052s][trace][cds,heap,mirror  ] Restored [Ljava.lang.Byte; archived mirror 0x00000007ffb06948
[0.052s][info ][class,load       ] java.lang.Byte source: shared objects file
[0.052s][debug][class,load       ]  klass: 0x000000013003acc0 super: 0x0000000130034240 interfaces: 0x00000001300098f8 0x0000000130003090 loader: [loader data: 0x00006000032ac000 of 'bootstrap']
[0.052s][trace][module           ] Setting package: class: java.lang.Short, package: java/lang, loader: 'bootstrap', module: java.base
[0.052s][trace][cds,unshareable  ] restore: java.lang.Short
[0.052s][trace][class,loader,data] Adding k: 0x000000013003af58 java.lang.Short to loader data: 0x00006000032ac000 of 'bootstrap'
[0.052s][debug][cds,mirror       ] java.lang.Short has raw archived mirror
[0.052s][debug][cds,heap         ] Clearing root 54: was 0x00000007ffb01970
[0.052s][debug][cds,mirror       ] Archived mirror is: 0x00000007ffb01970
[0.052s][trace][cds,heap,mirror  ] Restored java.lang.Short archived mirror 0x00000007ffb01970
[0.052s][debug][cds,heap         ] Clearing root 55: was 0x00000007ffb01a00
[0.052s][trace][cds,unshareable  ] restore: [Ljava.lang.Short;
[0.052s][trace][class,loader,data] Adding k: 0x000000013003a200 [Ljava.lang.Short; to loader data: 0x00006000032ac000 of 'bootstrap'
[0.052s][debug][cds,mirror       ] [Ljava.lang.Short; has raw archived mirror
[0.052s][debug][cds,heap         ] Clearing root 241: was 0x00000007ffb068d8
[0.052s][debug][cds,mirror       ] Archived mirror is: 0x00000007ffb068d8
[0.052s][trace][cds,heap,mirror  ] Restored [Ljava.lang.Short; archived mirror 0x00000007ffb068d8
[0.052s][info ][class,load       ] java.lang.Short source: shared objects file
[0.052s][debug][class,load       ]  klass: 0x000000013003af58 super: 0x0000000130034240 interfaces: 0x00000001300098f8 0x0000000130003090 loader: [loader data: 0x00006000032ac000 of 'bootstrap']
[0.052s][trace][module           ] Setting package: class: java.lang.Integer, package: java/lang, loader: 'bootstrap', module: java.base
[0.052s][trace][cds,unshareable  ] restore: java.lang.Integer
[0.052s][trace][class,loader,data] Adding k: 0x0000000130046f40 java.lang.Integer to loader data: 0x00006000032ac000 of 'bootstrap'
[0.052s][debug][cds,mirror       ] java.lang.Integer has raw archived mirror
[0.052s][debug][cds,heap         ] Clearing root 57: was 0x00000007ffb01aa0
[0.052s][debug][cds,mirror       ] Archived mirror is: 0x00000007ffb01aa0
[0.052s][trace][cds,heap,mirror  ] Restored java.lang.Integer archived mirror 0x00000007ffb01aa0
[0.052s][debug][cds,heap         ] Clearing root 58: was 0x00000007ffb01b40
[0.052s][trace][cds,unshareable  ] restore: [Ljava.lang.Integer;
[0.052s][trace][class,loader,data] Adding k: 0x0000000130048090 [Ljava.lang.Integer; to loader data: 0x00006000032ac000 of 'bootstrap'
[0.052s][debug][cds,mirror       ] [Ljava.lang.Integer; has raw archived mirror
[0.052s][debug][cds,heap         ] Clearing root 238: was 0x00000007ffb06788
[0.052s][debug][cds,mirror       ] Archived mirror is: 0x00000007ffb06788
[0.052s][trace][cds,heap,mirror  ] Restored [Ljava.lang.Integer; archived mirror 0x00000007ffb06788
[0.052s][info ][class,load       ] java.lang.Integer source: shared objects file
[0.052s][debug][class,load       ]  klass: 0x0000000130046f40 super: 0x0000000130034240 interfaces: 0x00000001300098f8 0x0000000130003090 0x0000000130042470 loader: [loader data: 0x00006000032ac000 of 'bootstrap']
[0.052s][trace][module           ] Setting package: class: java.lang.Long, package: java/lang, loader: 'bootstrap', module: java.base
[0.052s][trace][cds,unshareable  ] restore: java.lang.Long
[0.052s][trace][class,loader,data] Adding k: 0x00000001300498d0 java.lang.Long to loader data: 0x00006000032ac000 of 'bootstrap'
[0.052s][debug][cds,mirror       ] java.lang.Long has raw archived mirror
[0.052s][debug][cds,heap         ] Clearing root 61: was 0x00000007ffb01c30
[0.052s][debug][cds,mirror       ] Archived mirror is: 0x00000007ffb01c30
[0.052s][trace][cds,heap,mirror  ] Restored java.lang.Long archived mirror 0x00000007ffb01c30
[0.052s][debug][cds,heap         ] Clearing root 62: was 0x00000007ffb01cc8
[0.052s][trace][cds,unshareable  ] restore: [Ljava.lang.Long;
[0.052s][trace][class,loader,data] Adding k: 0x000000013003aa98 [Ljava.lang.Long; to loader data: 0x00006000032ac000 of 'bootstrap'
[0.052s][debug][cds,mirror       ] [Ljava.lang.Long; has raw archived mirror
[0.052s][debug][cds,heap         ] Clearing root 239: was 0x00000007ffb067f8
[0.052s][debug][cds,mirror       ] Archived mirror is: 0x00000007ffb067f8
[0.052s][trace][cds,heap,mirror  ] Restored [Ljava.lang.Long; archived mirror 0x00000007ffb067f8
[0.052s][info ][class,load       ] java.lang.Long source: shared objects file
[0.052s][debug][class,load       ]  klass: 0x00000001300498d0 super: 0x0000000130034240 interfaces: 0x00000001300098f8 0x0000000130003090 0x0000000130042470 loader: [loader data: 0x00006000032ac000 of 'bootstrap']
[0.052s][trace][module           ] Setting package: class: java.util.Iterator, package: java/util, loader: 'bootstrap', module: java.base
[0.052s][trace][cds,unshareable  ] restore: java.util.Iterator
[0.052s][trace][class,loader,data] Adding k: 0x0000000130004d70 java.util.Iterator to loader data: 0x00006000032ac000 of 'bootstrap'
[0.052s][debug][cds,mirror       ] java.util.Iterator has raw archived mirror
[0.052s][debug][cds,heap         ] Clearing root 137: was 0x00000007ffb03b00
[0.052s][debug][cds,mirror       ] Archived mirror is: 0x00000007ffb03b00
[0.052s][trace][cds,heap,mirror  ] Restored java.util.Iterator archived mirror 0x00000007ffb03b00
[0.052s][debug][cds,heap         ] Clearing root 138: was 0x00000007ffb03b70
[0.052s][info ][class,load       ] java.util.Iterator source: shared objects file
[0.052s][debug][class,load       ]  klass: 0x0000000130004d70 super: 0x0000000130000db8 loader: [loader data: 0x00006000032ac000 of 'bootstrap']
[0.052s][trace][module           ] Setting package: class: java.lang.reflect.RecordComponent, package: java/lang/reflect, loader: 'bootstrap', module: java.base
[0.052s][trace][cds,unshareable  ] restore: java.lang.reflect.RecordComponent
[0.052s][trace][class,loader,data] Adding k: 0x0000000130004ac8 java.lang.reflect.RecordComponent to loader data: 0x00006000032ac000 of 'bootstrap'
[0.052s][debug][cds,mirror       ] java.lang.reflect.RecordComponent has raw archived mirror
[0.052s][debug][cds,heap         ] Clearing root 90: was 0x00000007ffb027e0
[0.052s][debug][cds,mirror       ] Archived mirror is: 0x00000007ffb027e0
[0.052s][trace][cds,heap,mirror  ] Restored java.lang.reflect.RecordComponent archived mirror 0x00000007ffb027e0
[0.052s][debug][cds,heap         ] Clearing root 91: was 0x00000007ffb02850
[0.052s][info ][class,load       ] java.lang.reflect.RecordComponent source: shared objects file
[0.052s][debug][class,load       ]  klass: 0x0000000130004ac8 super: 0x0000000130000db8 interfaces: 0x0000000130002200 loader: [loader data: 0x00006000032ac000 of 'bootstrap']
[0.052s][trace][module           ] Setting package: class: jdk.internal.vm.vector.VectorSupport, package: jdk/internal/vm/vector, loader: 'bootstrap', module: java.base
[0.052s][trace][cds,unshareable  ] restore: jdk.internal.vm.vector.VectorSupport
[0.052s][trace][class,loader,data] Adding k: 0x0000000130004890 jdk.internal.vm.vector.VectorSupport to loader data: 0x00006000032ac000 of 'bootstrap'
[0.052s][debug][cds,mirror       ] jdk.internal.vm.vector.VectorSupport has raw archived mirror
[0.052s][debug][cds,heap         ] Clearing root 64: was 0x00000007ffb01d98
[0.052s][debug][cds,mirror       ] Archived mirror is: 0x00000007ffb01d98
[0.052s][trace][cds,heap,mirror  ] Restored jdk.internal.vm.vector.VectorSupport archived mirror 0x00000007ffb01d98
[0.052s][info ][class,load       ] jdk.internal.vm.vector.VectorSupport source: shared objects file
[0.052s][debug][class,load       ]  klass: 0x0000000130004890 super: 0x0000000130000db8 loader: [loader data: 0x00006000032ac000 of 'bootstrap']
[0.052s][trace][module           ] Setting package: class: jdk.internal.vm.vector.VectorSupport$VectorPayload, package: jdk/internal/vm/vector, loader: 'bootstrap', module: java.base
[0.052s][trace][cds,unshareable  ] restore: jdk.internal.vm.vector.VectorSupport$VectorPayload
[0.052s][trace][class,loader,data] Adding k: 0x0000000130003e88 jdk.internal.vm.vector.VectorSupport$VectorPayload to loader data: 0x00006000032ac000 of 'bootstrap'
[0.052s][debug][cds,mirror       ] jdk.internal.vm.vector.VectorSupport$VectorPayload has raw archived mirror
[0.052s][debug][cds,heap         ] Clearing root 65: was 0x00000007ffb01ef8
[0.052s][debug][cds,mirror       ] Archived mirror is: 0x00000007ffb01ef8
[0.052s][trace][cds,heap,mirror  ] Restored jdk.internal.vm.vector.VectorSupport$VectorPayload archived mirror 0x00000007ffb01ef8
[0.052s][info ][class,load       ] jdk.internal.vm.vector.VectorSupport$VectorPayload source: shared objects file
[0.052s][debug][class,load       ]  klass: 0x0000000130003e88 super: 0x0000000130000db8 loader: [loader data: 0x00006000032ac000 of 'bootstrap']
[0.052s][trace][module           ] Setting package: class: jdk.internal.vm.vector.VectorSupport$Vector, package: jdk/internal/vm/vector, loader: 'bootstrap', module: java.base
[0.052s][trace][cds,unshareable  ] restore: jdk.internal.vm.vector.VectorSupport$Vector
[0.053s][trace][class,loader,data] Adding k: 0x0000000130004548 jdk.internal.vm.vector.VectorSupport$Vector to loader data: 0x00006000032ac000 of 'bootstrap'
[0.053s][debug][cds,mirror       ] jdk.internal.vm.vector.VectorSupport$Vector has raw archived mirror
[0.053s][debug][cds,heap         ] Clearing root 66: was 0x00000007ffb01f68
[0.053s][debug][cds,mirror       ] Archived mirror is: 0x00000007ffb01f68
[0.053s][trace][cds,heap,mirror  ] Restored jdk.internal.vm.vector.VectorSupport$Vector archived mirror 0x00000007ffb01f68
[0.053s][info ][class,load       ] jdk.internal.vm.vector.VectorSupport$Vector source: shared objects file
[0.053s][debug][class,load       ]  klass: 0x0000000130004548 super: 0x0000000130003e88 loader: [loader data: 0x00006000032ac000 of 'bootstrap']
[0.053s][trace][module           ] Setting package: class: jdk.internal.vm.vector.VectorSupport$VectorMask, package: jdk/internal/vm/vector, loader: 'bootstrap', module: java.base
[0.053s][trace][cds,unshareable  ] restore: jdk.internal.vm.vector.VectorSupport$VectorMask
[0.053s][trace][class,loader,data] Adding k: 0x0000000130004308 jdk.internal.vm.vector.VectorSupport$VectorMask to loader data: 0x00006000032ac000 of 'bootstrap'
[0.053s][debug][cds,mirror       ] jdk.internal.vm.vector.VectorSupport$VectorMask has raw archived mirror
[0.053s][debug][cds,heap         ] Clearing root 67: was 0x00000007ffb01fd8
[0.053s][debug][cds,mirror       ] Archived mirror is: 0x00000007ffb01fd8
[0.053s][trace][cds,heap,mirror  ] Restored jdk.internal.vm.vector.VectorSupport$VectorMask archived mirror 0x00000007ffb01fd8
[0.053s][info ][class,load       ] jdk.internal.vm.vector.VectorSupport$VectorMask source: shared objects file
[0.053s][debug][class,load       ]  klass: 0x0000000130004308 super: 0x0000000130003e88 loader: [loader data: 0x00006000032ac000 of 'bootstrap']
[0.053s][trace][module           ] Setting package: class: jdk.internal.vm.vector.VectorSupport$VectorShuffle, package: jdk/internal/vm/vector, loader: 'bootstrap', module: java.base
[0.053s][trace][cds,unshareable  ] restore: jdk.internal.vm.vector.VectorSupport$VectorShuffle
[0.053s][trace][class,loader,data] Adding k: 0x00000001300040c8 jdk.internal.vm.vector.VectorSupport$VectorShuffle to loader data: 0x00006000032ac000 of 'bootstrap'
[0.053s][debug][cds,mirror       ] jdk.internal.vm.vector.VectorSupport$VectorShuffle has raw archived mirror
[0.053s][debug][cds,heap         ] Clearing root 68: was 0x00000007ffb02048
[0.053s][debug][cds,mirror       ] Archived mirror is: 0x00000007ffb02048
[0.053s][trace][cds,heap,mirror  ] Restored jdk.internal.vm.vector.VectorSupport$VectorShuffle archived mirror 0x00000007ffb02048
[0.053s][info ][class,load       ] jdk.internal.vm.vector.VectorSupport$VectorShuffle source: shared objects file
[0.053s][debug][class,load       ]  klass: 0x00000001300040c8 super: 0x0000000130003e88 loader: [loader data: 0x00006000032ac000 of 'bootstrap']
[0.053s][debug][class,load,placeholders] find_and_add LOAD_INSTANCE 'java/lang/Integer$IntegerCache', loader loader data: 0x00006000032ac000 of 'bootstrap'
[0.053s][debug][class,load,placeholders] loadInstanceThreadQ threads:0x00007f8f4f008800, 
[0.053s][debug][class,load,placeholders] superThreadQ threads:
[0.053s][debug][class,load,placeholders] defineThreadQ threads:
[0.053s][trace][cds,unshareable        ] restore: java.lang.Integer$IntegerCache
[0.053s][trace][class,loader,data      ] Adding k: 0x000000013003a648 java.lang.Integer$IntegerCache to loader data: 0x00006000032ac000 of 'bootstrap'
[0.053s][debug][cds,mirror             ] java.lang.Integer$IntegerCache has raw archived mirror
[0.053s][debug][cds,heap               ] Clearing root 59: was 0x00000007ffb01b90
[0.053s][debug][cds,mirror             ] Archived mirror is: 0x00000007ffb01b90
[0.053s][trace][cds,heap,mirror        ] Restored java.lang.Integer$IntegerCache archived mirror 0x00000007ffb01b90
[0.053s][debug][cds,heap               ] Clearing root 60: was 0x00000007ffb01c18
[0.053s][info ][class,load             ] java.lang.Integer$IntegerCache source: shared objects file
[0.053s][debug][class,load             ]  klass: 0x000000013003a648 super: 0x0000000130000db8 loader: [loader data: 0x00006000032ac000 of 'bootstrap']
[0.053s][debug][class,load,placeholders] find_and_add DEFINE_CLASS 'java/lang/Integer$IntegerCache', loader loader data: 0x00006000032ac000 of 'bootstrap'
[0.053s][debug][class,load,placeholders] loadInstanceThreadQ threads:0x00007f8f4f008800, 
[0.053s][debug][class,load,placeholders] superThreadQ threads:
[0.053s][debug][class,load,placeholders] defineThreadQ threads:0x00007f8f4f008800, 
[0.053s][debug][class,load,placeholders] find_and_remove DEFINE_CLASS 'java/lang/Integer$IntegerCache', loader loader data: 0x00006000032ac000 of 'bootstrap', InstanceKlass 'java/lang/Integer$IntegerCache'
[0.053s][debug][class,load,placeholders] loadInstanceThreadQ threads:0x00007f8f4f008800, 
[0.053s][debug][class,load,placeholders] superThreadQ threads:
[0.053s][debug][class,load,placeholders] defineThreadQ threads:0x00007f8f4f008800, 
[0.053s][debug][class,load,placeholders] find_and_remove LOAD_INSTANCE 'java/lang/Integer$IntegerCache', loader loader data: 0x00006000032ac000 of 'bootstrap', InstanceKlass 'java/lang/Integer$IntegerCache'
[0.053s][debug][class,load,placeholders] loadInstanceThreadQ threads:0x00007f8f4f008800, 
[0.053s][debug][class,load,placeholders] superThreadQ threads:
[0.053s][debug][class,load,placeholders] defineThreadQ threads:
[0.053s][debug][class,load,placeholders] find_and_add LOAD_INSTANCE 'java/lang/Long$LongCache', loader loader data: 0x00006000032ac000 of 'bootstrap'
[0.053s][debug][class,load,placeholders] loadInstanceThreadQ threads:0x00007f8f4f008800, 
[0.053s][debug][class,load,placeholders] superThreadQ threads:
[0.053s][debug][class,load,placeholders] defineThreadQ threads:
[0.053s][trace][cds,unshareable        ] restore: java.lang.Long$LongCache
[0.053s][trace][class,loader,data      ] Adding k: 0x00000001300222e0 java.lang.Long$LongCache to loader data: 0x00006000032ac000 of 'bootstrap'
[0.053s][debug][cds,mirror             ] java.lang.Long$LongCache has raw archived mirror
[0.053s][debug][cds,heap               ] Clearing root 63: was 0x00000007ffb01d20
[0.053s][debug][cds,mirror             ] Archived mirror is: 0x00000007ffb01d20
[0.053s][trace][cds,heap,mirror        ] Restored java.lang.Long$LongCache archived mirror 0x00000007ffb01d20
[0.053s][info ][class,load             ] java.lang.Long$LongCache source: shared objects file
[0.053s][debug][class,load             ]  klass: 0x00000001300222e0 super: 0x0000000130000db8 loader: [loader data: 0x00006000032ac000 of 'bootstrap']
[0.053s][debug][class,load,placeholders] find_and_add DEFINE_CLASS 'java/lang/Long$LongCache', loader loader data: 0x00006000032ac000 of 'bootstrap'
[0.053s][debug][class,load,placeholders] loadInstanceThreadQ threads:0x00007f8f4f008800, 
[0.053s][debug][class,load,placeholders] superThreadQ threads:
[0.053s][debug][class,load,placeholders] defineThreadQ threads:0x00007f8f4f008800, 
[0.053s][debug][class,load,placeholders] find_and_remove DEFINE_CLASS 'java/lang/Long$LongCache', loader loader data: 0x00006000032ac000 of 'bootstrap', InstanceKlass 'java/lang/Long$LongCache'
[0.053s][debug][class,load,placeholders] loadInstanceThreadQ threads:0x00007f8f4f008800, 
[0.053s][debug][class,load,placeholders] superThreadQ threads:
[0.053s][debug][class,load,placeholders] defineThreadQ threads:0x00007f8f4f008800, 
[0.053s][debug][class,load,placeholders] find_and_remove LOAD_INSTANCE 'java/lang/Long$LongCache', loader loader data: 0x00006000032ac000 of 'bootstrap', InstanceKlass 'java/lang/Long$LongCache'
[0.053s][debug][class,load,placeholders] loadInstanceThreadQ threads:0x00007f8f4f008800, 
[0.053s][debug][class,load,placeholders] superThreadQ threads:
[0.053s][debug][class,load,placeholders] defineThreadQ threads:
[0.053s][debug][class,load,placeholders] find_and_add LOAD_INSTANCE 'java/lang/Byte$ByteCache', loader loader data: 0x00006000032ac000 of 'bootstrap'
[0.053s][debug][class,load,placeholders] loadInstanceThreadQ threads:0x00007f8f4f008800, 
[0.053s][debug][class,load,placeholders] superThreadQ threads:
[0.053s][debug][class,load,placeholders] defineThreadQ threads:
[0.053s][trace][cds,unshareable        ] restore: java.lang.Byte$ByteCache
[0.053s][trace][class,loader,data      ] Adding k: 0x000000013003e380 java.lang.Byte$ByteCache to loader data: 0x00006000032ac000 of 'bootstrap'
[0.053s][debug][cds,mirror             ] java.lang.Byte$ByteCache has raw archived mirror
[0.053s][debug][cds,heap               ] Clearing root 53: was 0x00000007ffb018f8
[0.053s][debug][cds,mirror             ] Archived mirror is: 0x00000007ffb018f8
[0.053s][trace][cds,heap,mirror        ] Restored java.lang.Byte$ByteCache archived mirror 0x00000007ffb018f8
[0.053s][info ][class,load             ] java.lang.Byte$ByteCache source: shared objects file
[0.053s][debug][class,load             ]  klass: 0x000000013003e380 super: 0x0000000130000db8 loader: [loader data: 0x00006000032ac000 of 'bootstrap']
[0.053s][debug][class,load,placeholders] find_and_add DEFINE_CLASS 'java/lang/Byte$ByteCache', loader loader data: 0x00006000032ac000 of 'bootstrap'
[0.053s][debug][class,load,placeholders] loadInstanceThreadQ threads:0x00007f8f4f008800, 
[0.053s][debug][class,load,placeholders] superThreadQ threads:
[0.053s][debug][class,load,placeholders] defineThreadQ threads:0x00007f8f4f008800, 
[0.053s][debug][class,load,placeholders] find_and_remove DEFINE_CLASS 'java/lang/Byte$ByteCache', loader loader data: 0x00006000032ac000 of 'bootstrap', InstanceKlass 'java/lang/Byte$ByteCache'
[0.053s][debug][class,load,placeholders] loadInstanceThreadQ threads:0x00007f8f4f008800, 
[0.053s][debug][class,load,placeholders] superThreadQ threads:
[0.053s][debug][class,load,placeholders] defineThreadQ threads:0x00007f8f4f008800, 
[0.054s][debug][class,load,placeholders] find_and_remove LOAD_INSTANCE 'java/lang/Byte$ByteCache', loader loader data: 0x00006000032ac000 of 'bootstrap', InstanceKlass 'java/lang/Byte$ByteCache'
[0.054s][debug][class,load,placeholders] loadInstanceThreadQ threads:0x00007f8f4f008800, 
[0.054s][debug][class,load,placeholders] superThreadQ threads:
[0.054s][debug][class,load,placeholders] defineThreadQ threads:
[0.054s][debug][class,load,placeholders] find_and_add LOAD_INSTANCE 'java/lang/Short$ShortCache', loader loader data: 0x00006000032ac000 of 'bootstrap'
[0.054s][debug][class,load,placeholders] loadInstanceThreadQ threads:0x00007f8f4f008800, 
[0.054s][debug][class,load,placeholders] superThreadQ threads:
[0.054s][debug][class,load,placeholders] defineThreadQ threads:
[0.054s][trace][cds,unshareable        ] restore: java.lang.Short$ShortCache
[0.054s][trace][class,loader,data      ] Adding k: 0x00000001300455b8 java.lang.Short$ShortCache to loader data: 0x00006000032ac000 of 'bootstrap'
[0.054s][debug][cds,mirror             ] java.lang.Short$ShortCache has raw archived mirror
[0.054s][debug][cds,heap               ] Clearing root 56: was 0x00000007ffb01a28
[0.054s][debug][cds,mirror             ] Archived mirror is: 0x00000007ffb01a28
[0.054s][trace][cds,heap,mirror        ] Restored java.lang.Short$ShortCache archived mirror 0x00000007ffb01a28
[0.054s][info ][class,load             ] java.lang.Short$ShortCache source: shared objects file
[0.054s][debug][class,load             ]  klass: 0x00000001300455b8 super: 0x0000000130000db8 loader: [loader data: 0x00006000032ac000 of 'bootstrap']
[0.054s][debug][class,load,placeholders] find_and_add DEFINE_CLASS 'java/lang/Short$ShortCache', loader loader data: 0x00006000032ac000 of 'bootstrap'
[0.054s][debug][class,load,placeholders] loadInstanceThreadQ threads:0x00007f8f4f008800, 
[0.054s][debug][class,load,placeholders] superThreadQ threads:
[0.054s][debug][class,load,placeholders] defineThreadQ threads:0x00007f8f4f008800, 
[0.054s][debug][class,load,placeholders] find_and_remove DEFINE_CLASS 'java/lang/Short$ShortCache', loader loader data: 0x00006000032ac000 of 'bootstrap', InstanceKlass 'java/lang/Short$ShortCache'
[0.054s][debug][class,load,placeholders] loadInstanceThreadQ threads:0x00007f8f4f008800, 
[0.054s][debug][class,load,placeholders] superThreadQ threads:
[0.054s][debug][class,load,placeholders] defineThreadQ threads:0x00007f8f4f008800, 
[0.054s][debug][class,load,placeholders] find_and_remove LOAD_INSTANCE 'java/lang/Short$ShortCache', loader loader data: 0x00006000032ac000 of 'bootstrap', InstanceKlass 'java/lang/Short$ShortCache'
[0.054s][debug][class,load,placeholders] loadInstanceThreadQ threads:0x00007f8f4f008800, 
[0.054s][debug][class,load,placeholders] superThreadQ threads:
[0.054s][debug][class,load,placeholders] defineThreadQ threads:
[0.054s][debug][class,load,placeholders] find_and_add LOAD_INSTANCE 'java/lang/Character$CharacterCache', loader loader data: 0x00006000032ac000 of 'bootstrap'
[0.054s][debug][class,load,placeholders] loadInstanceThreadQ threads:0x00007f8f4f008800, 
[0.054s][debug][class,load,placeholders] superThreadQ threads:
[0.054s][debug][class,load,placeholders] defineThreadQ threads:
[0.054s][trace][cds,unshareable        ] restore: java.lang.Character$CharacterCache
[0.054s][trace][class,loader,data      ] Adding k: 0x000000013003e148 java.lang.Character$CharacterCache to loader data: 0x00006000032ac000 of 'bootstrap'
[0.054s][debug][cds,mirror             ] java.lang.Character$CharacterCache has raw archived mirror
[0.054s][debug][cds,heap               ] Clearing root 45: was 0x00000007ffb01580
[0.054s][debug][cds,mirror             ] Archived mirror is: 0x00000007ffb01580
[0.054s][trace][cds,heap,mirror        ] Restored java.lang.Character$CharacterCache archived mirror 0x00000007ffb01580
[0.054s][info ][class,load             ] java.lang.Character$CharacterCache source: shared objects file
[0.054s][debug][class,load             ]  klass: 0x000000013003e148 super: 0x0000000130000db8 loader: [loader data: 0x00006000032ac000 of 'bootstrap']
[0.054s][debug][class,load,placeholders] find_and_add DEFINE_CLASS 'java/lang/Character$CharacterCache', loader loader data: 0x00006000032ac000 of 'bootstrap'
[0.054s][debug][class,load,placeholders] loadInstanceThreadQ threads:0x00007f8f4f008800, 
[0.054s][debug][class,load,placeholders] superThreadQ threads:
[0.054s][debug][class,load,placeholders] defineThreadQ threads:0x00007f8f4f008800, 
[0.054s][debug][class,load,placeholders] find_and_remove DEFINE_CLASS 'java/lang/Character$CharacterCache', loader loader data: 0x00006000032ac000 of 'bootstrap', InstanceKlass 'java/lang/Character$CharacterCache'
[0.054s][debug][class,load,placeholders] loadInstanceThreadQ threads:0x00007f8f4f008800, 
[0.054s][debug][class,load,placeholders] superThreadQ threads:
[0.054s][debug][class,load,placeholders] defineThreadQ threads:0x00007f8f4f008800, 
[0.054s][debug][class,load,placeholders] find_and_remove LOAD_INSTANCE 'java/lang/Character$CharacterCache', loader loader data: 0x00006000032ac000 of 'bootstrap', InstanceKlass 'java/lang/Character$CharacterCache'
[0.054s][debug][class,load,placeholders] loadInstanceThreadQ threads:0x00007f8f4f008800, 
[0.054s][debug][class,load,placeholders] superThreadQ threads:
[0.054s][debug][class,load,placeholders] defineThreadQ threads:
[0.054s][debug][class,load,placeholders] find_and_add LOAD_INSTANCE 'java/util/jar/Attributes$Name', loader loader data: 0x00006000032ac000 of 'bootstrap'
[0.054s][debug][class,load,placeholders] loadInstanceThreadQ threads:0x00007f8f4f008800, 
[0.054s][debug][class,load,placeholders] superThreadQ threads:
[0.054s][debug][class,load,placeholders] defineThreadQ threads:
[0.054s][trace][cds,unshareable        ] restore: java.util.jar.Attributes$Name
[0.054s][trace][class,loader,data      ] Adding k: 0x00000001301b9448 java.util.jar.Attributes$Name to loader data: 0x00006000032ac000 of 'bootstrap'
[0.054s][debug][cds,mirror             ] java.util.jar.Attributes$Name has raw archived mirror
[0.054s][debug][cds,heap               ] Clearing root 662: was 0x00000007ffb12628
[0.054s][debug][cds,mirror             ] Archived mirror is: 0x00000007ffb12628
[0.054s][trace][cds,heap,mirror        ] Restored java.util.jar.Attributes$Name archived mirror 0x00000007ffb12628
[0.054s][debug][cds,heap               ] Clearing root 663: was 0x00000007ffb126e8
[0.054s][info ][class,load             ] java.util.jar.Attributes$Name source: shared objects file
[0.054s][debug][class,load             ]  klass: 0x00000001301b9448 super: 0x0000000130000db8 loader: [loader data: 0x00006000032ac000 of 'bootstrap']
[0.054s][debug][class,load,placeholders] find_and_add DEFINE_CLASS 'java/util/jar/Attributes$Name', loader loader data: 0x00006000032ac000 of 'bootstrap'
[0.054s][debug][class,load,placeholders] loadInstanceThreadQ threads:0x00007f8f4f008800, 
[0.054s][debug][class,load,placeholders] superThreadQ threads:
[0.054s][debug][class,load,placeholders] defineThreadQ threads:0x00007f8f4f008800, 
[0.054s][debug][class,load,placeholders] find_and_remove DEFINE_CLASS 'java/util/jar/Attributes$Name', loader loader data: 0x00006000032ac000 of 'bootstrap', InstanceKlass 'java/util/jar/Attributes$Name'
[0.054s][debug][class,load,placeholders] loadInstanceThreadQ threads:0x00007f8f4f008800, 
[0.054s][debug][class,load,placeholders] superThreadQ threads:
[0.054s][debug][class,load,placeholders] defineThreadQ threads:0x00007f8f4f008800, 
[0.054s][debug][class,load,placeholders] find_and_remove LOAD_INSTANCE 'java/util/jar/Attributes$Name', loader loader data: 0x00006000032ac000 of 'bootstrap', InstanceKlass 'java/util/jar/Attributes$Name'
[0.054s][debug][class,load,placeholders] loadInstanceThreadQ threads:0x00007f8f4f008800, 
[0.054s][debug][class,load,placeholders] superThreadQ threads:
[0.054s][debug][class,load,placeholders] defineThreadQ threads:
[0.054s][debug][class,load,placeholders] find_and_add LOAD_INSTANCE 'java/util/ImmutableCollections$MapN', loader loader data: 0x00006000032ac000 of 'bootstrap'
[0.054s][debug][class,load,placeholders] loadInstanceThreadQ threads:0x00007f8f4f008800, 
[0.054s][debug][class,load,placeholders] superThreadQ threads:
[0.054s][debug][class,load,placeholders] defineThreadQ threads:
[0.054s][debug][class,load,placeholders] find_and_add LOAD_SUPER 'java/util/ImmutableCollections$MapN', loader loader data: 0x00006000032ac000 of 'bootstrap', supername 'java/util/ImmutableCollections$AbstractImmutableMap'
[0.054s][debug][class,load,placeholders] loadInstanceThreadQ threads:0x00007f8f4f008800, 
[0.054s][debug][class,load,placeholders] superThreadQ threads:0x00007f8f4f008800, 
[0.054s][debug][class,load,placeholders] defineThreadQ threads:
[0.054s][debug][class,load,placeholders] find_and_add LOAD_INSTANCE 'java/util/ImmutableCollections$AbstractImmutableMap', loader loader data: 0x00006000032ac000 of 'bootstrap'
[0.054s][debug][class,load,placeholders] loadInstanceThreadQ threads:0x00007f8f4f008800, 
[0.054s][debug][class,load,placeholders] superThreadQ threads:
[0.055s][debug][class,load,placeholders] defineThreadQ threads:
[0.055s][trace][cds,unshareable        ] restore: java.util.ImmutableCollections$AbstractImmutableMap
[0.055s][trace][class,loader,data      ] Adding k: 0x00000001300c2838 java.util.ImmutableCollections$AbstractImmutableMap to loader data: 0x00006000032ac000 of 'bootstrap'
[0.055s][debug][cds,mirror             ] java.util.ImmutableCollections$AbstractImmutableMap has raw archived mirror
[0.055s][debug][cds,heap               ] Clearing root 522: was 0x00000007ffb0e470
[0.055s][debug][cds,mirror             ] Archived mirror is: 0x00000007ffb0e470
[0.055s][trace][cds,heap,mirror        ] Restored java.util.ImmutableCollections$AbstractImmutableMap archived mirror 0x00000007ffb0e470
[0.055s][info ][class,load             ] java.util.ImmutableCollections$AbstractImmutableMap source: shared objects file
[0.055s][debug][class,load             ]  klass: 0x00000001300c2838 super: 0x00000001300535d0 interfaces: 0x00000001300037c0 loader: [loader data: 0x00006000032ac000 of 'bootstrap']
[0.055s][debug][class,load,placeholders] find_and_add DEFINE_CLASS 'java/util/ImmutableCollections$AbstractImmutableMap', loader loader data: 0x00006000032ac000 of 'bootstrap'
[0.055s][debug][class,load,placeholders] loadInstanceThreadQ threads:0x00007f8f4f008800, 
[0.055s][debug][class,load,placeholders] superThreadQ threads:
[0.055s][debug][class,load,placeholders] defineThreadQ threads:0x00007f8f4f008800, 
[0.055s][debug][class,load,placeholders] find_and_remove DEFINE_CLASS 'java/util/ImmutableCollections$AbstractImmutableMap', loader loader data: 0x00006000032ac000 of 'bootstrap', InstanceKlass 'java/util/ImmutableCollections$AbstractImmutableMap'
[0.055s][debug][class,load,placeholders] loadInstanceThreadQ threads:0x00007f8f4f008800, 
[0.055s][debug][class,load,placeholders] superThreadQ threads:
[0.055s][debug][class,load,placeholders] defineThreadQ threads:0x00007f8f4f008800, 
[0.055s][debug][class,load,placeholders] find_and_remove LOAD_INSTANCE 'java/util/ImmutableCollections$AbstractImmutableMap', loader loader data: 0x00006000032ac000 of 'bootstrap', InstanceKlass 'java/util/ImmutableCollections$AbstractImmutableMap'
[0.055s][debug][class,load,placeholders] loadInstanceThreadQ threads:0x00007f8f4f008800, 
[0.055s][debug][class,load,placeholders] superThreadQ threads:
[0.055s][debug][class,load,placeholders] defineThreadQ threads:
[0.055s][debug][class,load,placeholders] find_and_remove LOAD_SUPER 'java/util/ImmutableCollections$MapN', loader loader data: 0x00006000032ac000 of 'bootstrap', supername 'java/util/ImmutableCollections$AbstractImmutableMap'
[0.055s][debug][class,load,placeholders] loadInstanceThreadQ threads:0x00007f8f4f008800, 
[0.055s][debug][class,load,placeholders] superThreadQ threads:0x00007f8f4f008800, 
[0.055s][debug][class,load,placeholders] defineThreadQ threads:
[0.055s][trace][cds,unshareable        ] restore: java.util.ImmutableCollections$MapN
[0.055s][trace][class,loader,data      ] Adding k: 0x0000000130185d60 java.util.ImmutableCollections$MapN to loader data: 0x00006000032ac000 of 'bootstrap'
[0.055s][debug][cds,mirror             ] java.util.ImmutableCollections$MapN has raw archived mirror
[0.055s][debug][cds,heap               ] Clearing root 518: was 0x00000007ffb0e358
[0.055s][debug][cds,mirror             ] Archived mirror is: 0x00000007ffb0e358
[0.055s][trace][cds,heap,mirror        ] Restored java.util.ImmutableCollections$MapN archived mirror 0x00000007ffb0e358
[0.055s][debug][cds,heap               ] Clearing root 519: was 0x00000007ffb0e3c8
[0.055s][info ][class,load             ] java.util.ImmutableCollections$MapN source: shared objects file
[0.055s][debug][class,load             ]  klass: 0x0000000130185d60 super: 0x00000001300c2838 loader: [loader data: 0x00006000032ac000 of 'bootstrap']
[0.055s][debug][class,load,placeholders] find_and_add DEFINE_CLASS 'java/util/ImmutableCollections$MapN', loader loader data: 0x00006000032ac000 of 'bootstrap', supername 'java/util/ImmutableCollections$AbstractImmutableMap'
[0.055s][debug][class,load,placeholders] loadInstanceThreadQ threads:0x00007f8f4f008800, 
[0.055s][debug][class,load,placeholders] superThreadQ threads:
[0.055s][debug][class,load,placeholders] defineThreadQ threads:0x00007f8f4f008800, 
[0.055s][debug][class,load,placeholders] find_and_remove DEFINE_CLASS 'java/util/ImmutableCollections$MapN', loader loader data: 0x00006000032ac000 of 'bootstrap', supername 'java/util/ImmutableCollections$AbstractImmutableMap', InstanceKlass 'java/util/ImmutableCollections$MapN'
[0.055s][debug][class,load,placeholders] loadInstanceThreadQ threads:0x00007f8f4f008800, 
[0.055s][debug][class,load,placeholders] superThreadQ threads:
[0.055s][debug][class,load,placeholders] defineThreadQ threads:0x00007f8f4f008800, 
[0.055s][debug][class,load,placeholders] find_and_remove LOAD_INSTANCE 'java/util/ImmutableCollections$MapN', loader loader data: 0x00006000032ac000 of 'bootstrap', supername 'java/util/ImmutableCollections$AbstractImmutableMap', InstanceKlass 'java/util/ImmutableCollections$MapN'
[0.055s][debug][class,load,placeholders] loadInstanceThreadQ threads:0x00007f8f4f008800, 
[0.055s][debug][class,load,placeholders] superThreadQ threads:
[0.055s][debug][class,load,placeholders] defineThreadQ threads:
[0.055s][debug][class,load,placeholders] find_and_add LOAD_INSTANCE 'sun/util/locale/BaseLocale', loader loader data: 0x00006000032ac000 of 'bootstrap'
[0.055s][debug][class,load,placeholders] loadInstanceThreadQ threads:0x00007f8f4f008800, 
[0.055s][debug][class,load,placeholders] superThreadQ threads:
[0.055s][debug][class,load,placeholders] defineThreadQ threads:
[0.055s][trace][cds,unshareable        ] restore: sun.util.locale.BaseLocale
[0.055s][trace][class,loader,data      ] Adding k: 0x00000001302a6000 sun.util.locale.BaseLocale to loader data: 0x00006000032ac000 of 'bootstrap'
[0.055s][debug][cds,mirror             ] sun.util.locale.BaseLocale has raw archived mirror
[0.055s][debug][cds,heap               ] Clearing root 1531: was 0x00000007ffb2a2a8
[0.055s][debug][cds,mirror             ] Archived mirror is: 0x00000007ffb2a2a8
[0.055s][trace][cds,heap,mirror        ] Restored sun.util.locale.BaseLocale archived mirror 0x00000007ffb2a2a8
[0.055s][debug][cds,heap               ] Clearing root 1532: was 0x00000007ffb2a338
[0.055s][trace][cds,unshareable        ] restore: [Lsun.util.locale.BaseLocale;
[0.055s][trace][class,loader,data      ] Adding k: 0x00000001302a6940 [Lsun.util.locale.BaseLocale; to loader data: 0x00006000032ac000 of 'bootstrap'
[0.055s][debug][cds,mirror             ] [Lsun.util.locale.BaseLocale; has raw archived mirror
[0.055s][debug][cds,heap               ] Clearing root 1533: was 0x00000007ffb2a3d0
[0.055s][debug][cds,mirror             ] Archived mirror is: 0x00000007ffb2a3d0
[0.055s][trace][cds,heap,mirror        ] Restored [Lsun.util.locale.BaseLocale; archived mirror 0x00000007ffb2a3d0
[0.055s][info ][class,load             ] sun.util.locale.BaseLocale source: shared objects file
[0.055s][debug][class,load             ]  klass: 0x00000001302a6000 super: 0x0000000130000db8 loader: [loader data: 0x00006000032ac000 of 'bootstrap']
[0.055s][debug][class,load,placeholders] find_and_add DEFINE_CLASS 'sun/util/locale/BaseLocale', loader loader data: 0x00006000032ac000 of 'bootstrap'
[0.055s][debug][class,load,placeholders] loadInstanceThreadQ threads:0x00007f8f4f008800, 
[0.055s][debug][class,load,placeholders] superThreadQ threads:
[0.055s][debug][class,load,placeholders] defineThreadQ threads:0x00007f8f4f008800, 
[0.055s][debug][class,load,placeholders] find_and_remove DEFINE_CLASS 'sun/util/locale/BaseLocale', loader loader data: 0x00006000032ac000 of 'bootstrap', InstanceKlass 'sun/util/locale/BaseLocale'
[0.055s][debug][class,load,placeholders] loadInstanceThreadQ threads:0x00007f8f4f008800, 
[0.055s][debug][class,load,placeholders] superThreadQ threads:
[0.055s][debug][class,load,placeholders] defineThreadQ threads:0x00007f8f4f008800, 
[0.055s][debug][class,load,placeholders] find_and_remove LOAD_INSTANCE 'sun/util/locale/BaseLocale', loader loader data: 0x00006000032ac000 of 'bootstrap', InstanceKlass 'sun/util/locale/BaseLocale'
[0.055s][debug][class,load,placeholders] loadInstanceThreadQ threads:0x00007f8f4f008800, 
[0.055s][debug][class,load,placeholders] superThreadQ threads:
[0.055s][debug][class,load,placeholders] defineThreadQ threads:
[0.055s][debug][class,load,placeholders] find_and_add LOAD_INSTANCE 'jdk/internal/module/ArchivedModuleGraph', loader loader data: 0x00006000032ac000 of 'bootstrap'
[0.055s][debug][class,load,placeholders] loadInstanceThreadQ threads:0x00007f8f4f008800, 
[0.055s][debug][class,load,placeholders] superThreadQ threads:
[0.055s][debug][class,load,placeholders] defineThreadQ threads:
[0.055s][trace][cds,unshareable        ] restore: jdk.internal.module.ArchivedModuleGraph
[0.055s][trace][class,loader,data      ] Adding k: 0x0000000130190698 jdk.internal.module.ArchivedModuleGraph to loader data: 0x00006000032ac000 of 'bootstrap'
[0.055s][debug][cds,mirror             ] jdk.internal.module.ArchivedModuleGraph has raw archived mirror
[0.055s][debug][cds,heap               ] Clearing root 932: was 0x00000007ffb19650
[0.055s][debug][cds,mirror             ] Archived mirror is: 0x00000007ffb19650
[0.055s][trace][cds,heap,mirror        ] Restored jdk.internal.module.ArchivedModuleGraph archived mirror 0x00000007ffb19650
[0.056s][info ][class,load             ] jdk.internal.module.ArchivedModuleGraph source: shared objects file
[0.056s][debug][class,load             ]  klass: 0x0000000130190698 super: 0x0000000130000db8 loader: [loader data: 0x00006000032ac000 of 'bootstrap']
[0.056s][debug][class,load,placeholders] find_and_add DEFINE_CLASS 'jdk/internal/module/ArchivedModuleGraph', loader loader data: 0x00006000032ac000 of 'bootstrap'
[0.056s][debug][class,load,placeholders] loadInstanceThreadQ threads:0x00007f8f4f008800, 
[0.056s][debug][class,load,placeholders] superThreadQ threads:
[0.056s][debug][class,load,placeholders] defineThreadQ threads:0x00007f8f4f008800, 
[0.056s][debug][class,load,placeholders] find_and_remove DEFINE_CLASS 'jdk/internal/module/ArchivedModuleGraph', loader loader data: 0x00006000032ac000 of 'bootstrap', InstanceKlass 'jdk/internal/module/ArchivedModuleGraph'
[0.056s][debug][class,load,placeholders] loadInstanceThreadQ threads:0x00007f8f4f008800, 
[0.056s][debug][class,load,placeholders] superThreadQ threads:
[0.056s][debug][class,load,placeholders] defineThreadQ threads:0x00007f8f4f008800, 
[0.056s][debug][class,load,placeholders] find_and_remove LOAD_INSTANCE 'jdk/internal/module/ArchivedModuleGraph', loader loader data: 0x00006000032ac000 of 'bootstrap', InstanceKlass 'jdk/internal/module/ArchivedModuleGraph'
[0.056s][debug][class,load,placeholders] loadInstanceThreadQ threads:0x00007f8f4f008800, 
[0.056s][debug][class,load,placeholders] superThreadQ threads:
[0.056s][debug][class,load,placeholders] defineThreadQ threads:
[0.056s][debug][class,load,placeholders] find_and_add LOAD_INSTANCE 'jdk/internal/module/SystemModuleFinders$SystemModuleFinder', loader loader data: 0x00006000032ac000 of 'bootstrap'
[0.056s][debug][class,load,placeholders] loadInstanceThreadQ threads:0x00007f8f4f008800, 
[0.056s][debug][class,load,placeholders] superThreadQ threads:
[0.056s][debug][class,load,placeholders] defineThreadQ threads:
[0.056s][debug][class,load,placeholders] find_and_add LOAD_SUPER 'jdk/internal/module/SystemModuleFinders$SystemModuleFinder', loader loader data: 0x00006000032ac000 of 'bootstrap', supername 'java/lang/module/ModuleFinder'
[0.056s][debug][class,load,placeholders] loadInstanceThreadQ threads:0x00007f8f4f008800, 
[0.056s][debug][class,load,placeholders] superThreadQ threads:0x00007f8f4f008800, 
[0.056s][debug][class,load,placeholders] defineThreadQ threads:
[0.056s][debug][class,load,placeholders] find_and_add LOAD_INSTANCE 'java/lang/module/ModuleFinder', loader loader data: 0x00006000032ac000 of 'bootstrap'
[0.056s][debug][class,load,placeholders] loadInstanceThreadQ threads:0x00007f8f4f008800, 
[0.056s][debug][class,load,placeholders] superThreadQ threads:
[0.056s][debug][class,load,placeholders] defineThreadQ threads:
[0.056s][trace][cds,unshareable        ] restore: java.lang.module.ModuleFinder
[0.056s][trace][class,loader,data      ] Adding k: 0x00000001301229f8 java.lang.module.ModuleFinder to loader data: 0x00006000032ac000 of 'bootstrap'
[0.056s][debug][cds,mirror             ] java.lang.module.ModuleFinder has raw archived mirror
[0.056s][debug][cds,heap               ] Clearing root 631: was 0x00000007ffb119a8
[0.056s][debug][cds,mirror             ] Archived mirror is: 0x00000007ffb119a8
[0.056s][trace][cds,heap,mirror        ] Restored java.lang.module.ModuleFinder archived mirror 0x00000007ffb119a8
[0.056s][debug][cds,heap               ] Clearing root 632: was 0x00000007ffb11a18
[0.056s][info ][class,load             ] java.lang.module.ModuleFinder source: shared objects file
[0.056s][debug][class,load             ]  klass: 0x00000001301229f8 super: 0x0000000130000db8 loader: [loader data: 0x00006000032ac000 of 'bootstrap']
[0.056s][debug][class,load,placeholders] find_and_add DEFINE_CLASS 'java/lang/module/ModuleFinder', loader loader data: 0x00006000032ac000 of 'bootstrap'
[0.056s][debug][class,load,placeholders] loadInstanceThreadQ threads:0x00007f8f4f008800, 
[0.056s][debug][class,load,placeholders] superThreadQ threads:
[0.056s][debug][class,load,placeholders] defineThreadQ threads:0x00007f8f4f008800, 
[0.056s][debug][class,load,placeholders] find_and_remove DEFINE_CLASS 'java/lang/module/ModuleFinder', loader loader data: 0x00006000032ac000 of 'bootstrap', InstanceKlass 'java/lang/module/ModuleFinder'
[0.056s][debug][class,load,placeholders] loadInstanceThreadQ threads:0x00007f8f4f008800, 
[0.056s][debug][class,load,placeholders] superThreadQ threads:
[0.056s][debug][class,load,placeholders] defineThreadQ threads:0x00007f8f4f008800, 
[0.056s][debug][class,load,placeholders] find_and_remove LOAD_INSTANCE 'java/lang/module/ModuleFinder', loader loader data: 0x00006000032ac000 of 'bootstrap', InstanceKlass 'java/lang/module/ModuleFinder'
[0.056s][debug][class,load,placeholders] loadInstanceThreadQ threads:0x00007f8f4f008800, 
[0.056s][debug][class,load,placeholders] superThreadQ threads:
[0.056s][debug][class,load,placeholders] defineThreadQ threads:
[0.056s][debug][class,load,placeholders] find_and_remove LOAD_SUPER 'jdk/internal/module/SystemModuleFinders$SystemModuleFinder', loader loader data: 0x00006000032ac000 of 'bootstrap', supername 'java/lang/module/ModuleFinder'
[0.056s][debug][class,load,placeholders] loadInstanceThreadQ threads:0x00007f8f4f008800, 
[0.056s][debug][class,load,placeholders] superThreadQ threads:0x00007f8f4f008800, 
[0.056s][debug][class,load,placeholders] defineThreadQ threads:
[0.056s][trace][cds,unshareable        ] restore: jdk.internal.module.SystemModuleFinders$SystemModuleFinder
[0.056s][trace][class,loader,data      ] Adding k: 0x0000000130122788 jdk.internal.module.SystemModuleFinders$SystemModuleFinder to loader data: 0x00006000032ac000 of 'bootstrap'
[0.056s][debug][cds,mirror             ] jdk.internal.module.SystemModuleFinders$SystemModuleFinder has raw archived mirror
[0.056s][debug][cds,heap               ] Clearing root 980: was 0x00000007ffb1a9d8
[0.056s][debug][cds,mirror             ] Archived mirror is: 0x00000007ffb1a9d8
[0.056s][trace][cds,heap,mirror        ] Restored jdk.internal.module.SystemModuleFinders$SystemModuleFinder archived mirror 0x00000007ffb1a9d8
[0.056s][info ][class,load             ] jdk.internal.module.SystemModuleFinders$SystemModuleFinder source: shared objects file
[0.056s][debug][class,load             ]  klass: 0x0000000130122788 super: 0x0000000130000db8 interfaces: 0x00000001301229f8 loader: [loader data: 0x00006000032ac000 of 'bootstrap']
[0.056s][debug][class,load,placeholders] find_and_add DEFINE_CLASS 'jdk/internal/module/SystemModuleFinders$SystemModuleFinder', loader loader data: 0x00006000032ac000 of 'bootstrap', supername 'java/lang/module/ModuleFinder'
[0.056s][debug][class,load,placeholders] loadInstanceThreadQ threads:0x00007f8f4f008800, 
[0.056s][debug][class,load,placeholders] superThreadQ threads:
[0.056s][debug][class,load,placeholders] defineThreadQ threads:0x00007f8f4f008800, 
[0.056s][debug][class,load,placeholders] find_and_remove DEFINE_CLASS 'jdk/internal/module/SystemModuleFinders$SystemModuleFinder', loader loader data: 0x00006000032ac000 of 'bootstrap', supername 'java/lang/module/ModuleFinder', InstanceKlass 'jdk/internal/module/SystemModuleFinders$SystemModuleFinder'
[0.056s][debug][class,load,placeholders] loadInstanceThreadQ threads:0x00007f8f4f008800, 
[0.056s][debug][class,load,placeholders] superThreadQ threads:
[0.056s][debug][class,load,placeholders] defineThreadQ threads:0x00007f8f4f008800, 
[0.056s][debug][class,load,placeholders] find_and_remove LOAD_INSTANCE 'jdk/internal/module/SystemModuleFinders$SystemModuleFinder', loader loader data: 0x00006000032ac000 of 'bootstrap', supername 'java/lang/module/ModuleFinder', InstanceKlass 'jdk/internal/module/SystemModuleFinders$SystemModuleFinder'
[0.056s][debug][class,load,placeholders] loadInstanceThreadQ threads:0x00007f8f4f008800, 
[0.056s][debug][class,load,placeholders] superThreadQ threads:
[0.056s][debug][class,load,placeholders] defineThreadQ threads:
[0.056s][debug][class,load,placeholders] find_and_add LOAD_INSTANCE 'java/util/ImmutableCollections$SetN', loader loader data: 0x00006000032ac000 of 'bootstrap'
[0.056s][debug][class,load,placeholders] loadInstanceThreadQ threads:0x00007f8f4f008800, 
[0.056s][debug][class,load,placeholders] superThreadQ threads:
[0.056s][debug][class,load,placeholders] defineThreadQ threads:
[0.056s][debug][class,load,placeholders] find_and_add LOAD_SUPER 'java/util/ImmutableCollections$SetN', loader loader data: 0x00006000032ac000 of 'bootstrap', supername 'java/util/ImmutableCollections$AbstractImmutableSet'
[0.056s][debug][class,load,placeholders] loadInstanceThreadQ threads:0x00007f8f4f008800, 
[0.056s][debug][class,load,placeholders] superThreadQ threads:0x00007f8f4f008800, 
[0.056s][debug][class,load,placeholders] defineThreadQ threads:
[0.056s][debug][class,load,placeholders] find_and_add LOAD_INSTANCE 'java/util/ImmutableCollections$AbstractImmutableSet', loader loader data: 0x00006000032ac000 of 'bootstrap'
[0.056s][debug][class,load,placeholders] loadInstanceThreadQ threads:0x00007f8f4f008800, 
[0.056s][debug][class,load,placeholders] superThreadQ threads:
[0.056s][debug][class,load,placeholders] defineThreadQ threads:
[0.057s][debug][class,load,placeholders] find_and_add LOAD_SUPER 'java/util/ImmutableCollections$AbstractImmutableSet', loader loader data: 0x00006000032ac000 of 'bootstrap', supername 'java/util/ImmutableCollections$AbstractImmutableCollection'
[0.057s][debug][class,load,placeholders] loadInstanceThreadQ threads:0x00007f8f4f008800, 
[0.057s][debug][class,load,placeholders] superThreadQ threads:0x00007f8f4f008800, 
[0.057s][debug][class,load,placeholders] defineThreadQ threads:
[0.057s][debug][class,load,placeholders] find_and_add LOAD_INSTANCE 'java/util/ImmutableCollections$AbstractImmutableCollection', loader loader data: 0x00006000032ac000 of 'bootstrap'
[0.057s][debug][class,load,placeholders] loadInstanceThreadQ threads:0x00007f8f4f008800, 
[0.057s][debug][class,load,placeholders] superThreadQ threads:
[0.057s][debug][class,load,placeholders] defineThreadQ threads:
[0.057s][trace][cds,unshareable        ] restore: java.util.ImmutableCollections$AbstractImmutableCollection
[0.057s][trace][class,loader,data      ] Adding k: 0x0000000130079f58 java.util.ImmutableCollections$AbstractImmutableCollection to loader data: 0x00006000032ac000 of 'bootstrap'
[0.057s][debug][cds,mirror             ] java.util.ImmutableCollections$AbstractImmutableCollection has raw archived mirror
[0.057s][debug][cds,heap               ] Clearing root 755: was 0x00000007ffb14b78
[0.057s][debug][cds,mirror             ] Archived mirror is: 0x00000007ffb14b78
[0.057s][trace][cds,heap,mirror        ] Restored java.util.ImmutableCollections$AbstractImmutableCollection archived mirror 0x00000007ffb14b78
[0.057s][info ][class,load             ] java.util.ImmutableCollections$AbstractImmutableCollection source: shared objects file
[0.057s][debug][class,load             ]  klass: 0x0000000130079f58 super: 0x0000000130077dc0 loader: [loader data: 0x00006000032ac000 of 'bootstrap']
[0.057s][debug][class,load,placeholders] find_and_add DEFINE_CLASS 'java/util/ImmutableCollections$AbstractImmutableCollection', loader loader data: 0x00006000032ac000 of 'bootstrap'
[0.057s][debug][class,load,placeholders] loadInstanceThreadQ threads:0x00007f8f4f008800, 
[0.057s][debug][class,load,placeholders] superThreadQ threads:
[0.057s][debug][class,load,placeholders] defineThreadQ threads:0x00007f8f4f008800, 
[0.057s][debug][class,load,placeholders] find_and_remove DEFINE_CLASS 'java/util/ImmutableCollections$AbstractImmutableCollection', loader loader data: 0x00006000032ac000 of 'bootstrap', InstanceKlass 'java/util/ImmutableCollections$AbstractImmutableCollection'
[0.057s][debug][class,load,placeholders] loadInstanceThreadQ threads:0x00007f8f4f008800, 
[0.057s][debug][class,load,placeholders] superThreadQ threads:
[0.057s][debug][class,load,placeholders] defineThreadQ threads:0x00007f8f4f008800, 
[0.057s][debug][class,load,placeholders] find_and_remove LOAD_INSTANCE 'java/util/ImmutableCollections$AbstractImmutableCollection', loader loader data: 0x00006000032ac000 of 'bootstrap', InstanceKlass 'java/util/ImmutableCollections$AbstractImmutableCollection'
[0.057s][debug][class,load,placeholders] loadInstanceThreadQ threads:0x00007f8f4f008800, 
[0.057s][debug][class,load,placeholders] superThreadQ threads:
[0.057s][debug][class,load,placeholders] defineThreadQ threads:
[0.057s][debug][class,load,placeholders] find_and_remove LOAD_SUPER 'java/util/ImmutableCollections$AbstractImmutableSet', loader loader data: 0x00006000032ac000 of 'bootstrap', supername 'java/util/ImmutableCollections$AbstractImmutableCollection'
[0.057s][debug][class,load,placeholders] loadInstanceThreadQ threads:0x00007f8f4f008800, 
[0.057s][debug][class,load,placeholders] superThreadQ threads:0x00007f8f4f008800, 
[0.057s][debug][class,load,placeholders] defineThreadQ threads:
[0.057s][debug][class,load,placeholders] find_and_add LOAD_SUPER 'java/util/ImmutableCollections$AbstractImmutableSet', loader loader data: 0x00006000032ac000 of 'bootstrap', supername 'java/util/Set'
[0.057s][debug][class,load,placeholders] loadInstanceThreadQ threads:0x00007f8f4f008800, 
[0.057s][debug][class,load,placeholders] superThreadQ threads:0x00007f8f4f008800, 
[0.057s][debug][class,load,placeholders] defineThreadQ threads:
[0.057s][debug][class,load,placeholders] find_and_add LOAD_INSTANCE 'java/util/Set', loader loader data: 0x00006000032ac000 of 'bootstrap'
[0.057s][debug][class,load,placeholders] loadInstanceThreadQ threads:0x00007f8f4f008800, 
[0.057s][debug][class,load,placeholders] superThreadQ threads:
[0.057s][debug][class,load,placeholders] defineThreadQ threads:
[0.057s][trace][cds,unshareable        ] restore: java.util.Set
[0.057s][trace][class,loader,data      ] Adding k: 0x000000013001aa60 java.util.Set to loader data: 0x00006000032ac000 of 'bootstrap'
[0.057s][debug][cds,mirror             ] java.util.Set has raw archived mirror
[0.057s][debug][cds,heap               ] Clearing root 344: was 0x00000007ffb09d60
[0.057s][debug][cds,mirror             ] Archived mirror is: 0x00000007ffb09d60
[0.057s][trace][cds,heap,mirror        ] Restored java.util.Set archived mirror 0x00000007ffb09d60
[0.057s][info ][class,load             ] java.util.Set source: shared objects file
[0.057s][debug][class,load             ]  klass: 0x000000013001aa60 super: 0x0000000130000db8 interfaces: 0x0000000130077ab8 loader: [loader data: 0x00006000032ac000 of 'bootstrap']
[0.057s][debug][class,load,placeholders] find_and_add DEFINE_CLASS 'java/util/Set', loader loader data: 0x00006000032ac000 of 'bootstrap'
[0.057s][debug][class,load,placeholders] loadInstanceThreadQ threads:0x00007f8f4f008800, 
[0.057s][debug][class,load,placeholders] superThreadQ threads:
[0.057s][debug][class,load,placeholders] defineThreadQ threads:0x00007f8f4f008800, 
[0.057s][debug][class,load,placeholders] find_and_remove DEFINE_CLASS 'java/util/Set', loader loader data: 0x00006000032ac000 of 'bootstrap', InstanceKlass 'java/util/Set'
[0.057s][debug][class,load,placeholders] loadInstanceThreadQ threads:0x00007f8f4f008800, 
[0.057s][debug][class,load,placeholders] superThreadQ threads:
[0.057s][debug][class,load,placeholders] defineThreadQ threads:0x00007f8f4f008800, 
[0.057s][debug][class,load,placeholders] find_and_remove LOAD_INSTANCE 'java/util/Set', loader loader data: 0x00006000032ac000 of 'bootstrap', InstanceKlass 'java/util/Set'
[0.057s][debug][class,load,placeholders] loadInstanceThreadQ threads:0x00007f8f4f008800, 
[0.057s][debug][class,load,placeholders] superThreadQ threads:
[0.057s][debug][class,load,placeholders] defineThreadQ threads:
[0.057s][debug][class,load,placeholders] find_and_remove LOAD_SUPER 'java/util/ImmutableCollections$AbstractImmutableSet', loader loader data: 0x00006000032ac000 of 'bootstrap', supername 'java/util/Set'
[0.057s][debug][class,load,placeholders] loadInstanceThreadQ threads:0x00007f8f4f008800, 
[0.057s][debug][class,load,placeholders] superThreadQ threads:0x00007f8f4f008800, 
[0.057s][debug][class,load,placeholders] defineThreadQ threads:
[0.057s][trace][cds,unshareable        ] restore: java.util.ImmutableCollections$AbstractImmutableSet
[0.057s][trace][class,loader,data      ] Adding k: 0x000000013007ad08 java.util.ImmutableCollections$AbstractImmutableSet to loader data: 0x00006000032ac000 of 'bootstrap'
[0.057s][debug][cds,mirror             ] java.util.ImmutableCollections$AbstractImmutableSet has raw archived mirror
[0.057s][debug][cds,heap               ] Clearing root 753: was 0x00000007ffb14a98
[0.057s][debug][cds,mirror             ] Archived mirror is: 0x00000007ffb14a98
[0.057s][trace][cds,heap,mirror        ] Restored java.util.ImmutableCollections$AbstractImmutableSet archived mirror 0x00000007ffb14a98
[0.057s][info ][class,load             ] java.util.ImmutableCollections$AbstractImmutableSet source: shared objects file
[0.057s][debug][class,load             ]  klass: 0x000000013007ad08 super: 0x0000000130079f58 interfaces: 0x000000013001aa60 loader: [loader data: 0x00006000032ac000 of 'bootstrap']
[0.057s][debug][class,load,placeholders] find_and_add DEFINE_CLASS 'java/util/ImmutableCollections$AbstractImmutableSet', loader loader data: 0x00006000032ac000 of 'bootstrap', supername 'java/util/Set'
[0.057s][debug][class,load,placeholders] loadInstanceThreadQ threads:0x00007f8f4f008800, 
[0.057s][debug][class,load,placeholders] superThreadQ threads:
[0.057s][debug][class,load,placeholders] defineThreadQ threads:0x00007f8f4f008800, 
[0.057s][debug][class,load,placeholders] find_and_remove DEFINE_CLASS 'java/util/ImmutableCollections$AbstractImmutableSet', loader loader data: 0x00006000032ac000 of 'bootstrap', supername 'java/util/Set', InstanceKlass 'java/util/ImmutableCollections$AbstractImmutableSet'
[0.057s][debug][class,load,placeholders] loadInstanceThreadQ threads:0x00007f8f4f008800, 
[0.057s][debug][class,load,placeholders] superThreadQ threads:
[0.057s][debug][class,load,placeholders] defineThreadQ threads:0x00007f8f4f008800, 
[0.057s][debug][class,load,placeholders] find_and_remove LOAD_INSTANCE 'java/util/ImmutableCollections$AbstractImmutableSet', loader loader data: 0x00006000032ac000 of 'bootstrap', supername 'java/util/Set', InstanceKlass 'java/util/ImmutableCollections$AbstractImmutableSet'
[0.057s][debug][class,load,placeholders] loadInstanceThreadQ threads:0x00007f8f4f008800, 
[0.057s][debug][class,load,placeholders] superThreadQ threads:
[0.057s][debug][class,load,placeholders] defineThreadQ threads:
[0.058s][debug][class,load,placeholders] find_and_remove LOAD_SUPER 'java/util/ImmutableCollections$SetN', loader loader data: 0x00006000032ac000 of 'bootstrap', supername 'java/util/ImmutableCollections$AbstractImmutableSet'
[0.058s][debug][class,load,placeholders] loadInstanceThreadQ threads:0x00007f8f4f008800, 
[0.058s][debug][class,load,placeholders] superThreadQ threads:0x00007f8f4f008800, 
[0.058s][debug][class,load,placeholders] defineThreadQ threads:
[0.058s][trace][cds,unshareable        ] restore: java.util.ImmutableCollections$SetN
[0.058s][trace][class,loader,data      ] Adding k: 0x000000013016c338 java.util.ImmutableCollections$SetN to loader data: 0x00006000032ac000 of 'bootstrap'
[0.058s][debug][cds,mirror             ] java.util.ImmutableCollections$SetN has raw archived mirror
[0.058s][debug][cds,heap               ] Clearing root 751: was 0x00000007ffb14a10
[0.058s][debug][cds,mirror             ] Archived mirror is: 0x00000007ffb14a10
[0.058s][trace][cds,heap,mirror        ] Restored java.util.ImmutableCollections$SetN archived mirror 0x00000007ffb14a10
[0.058s][debug][cds,heap               ] Clearing root 752: was 0x00000007ffb14a80
[0.058s][info ][class,load             ] java.util.ImmutableCollections$SetN source: shared objects file
[0.058s][debug][class,load             ]  klass: 0x000000013016c338 super: 0x000000013007ad08 interfaces: 0x00000001300037c0 loader: [loader data: 0x00006000032ac000 of 'bootstrap']
[0.058s][debug][class,load,placeholders] find_and_add DEFINE_CLASS 'java/util/ImmutableCollections$SetN', loader loader data: 0x00006000032ac000 of 'bootstrap', supername 'java/util/ImmutableCollections$AbstractImmutableSet'
[0.058s][debug][class,load,placeholders] loadInstanceThreadQ threads:0x00007f8f4f008800, 
[0.058s][debug][class,load,placeholders] superThreadQ threads:
[0.058s][debug][class,load,placeholders] defineThreadQ threads:0x00007f8f4f008800, 
[0.058s][debug][class,load,placeholders] find_and_remove DEFINE_CLASS 'java/util/ImmutableCollections$SetN', loader loader data: 0x00006000032ac000 of 'bootstrap', supername 'java/util/ImmutableCollections$AbstractImmutableSet', InstanceKlass 'java/util/ImmutableCollections$SetN'
[0.058s][debug][class,load,placeholders] loadInstanceThreadQ threads:0x00007f8f4f008800, 
[0.058s][debug][class,load,placeholders] superThreadQ threads:
[0.058s][debug][class,load,placeholders] defineThreadQ threads:0x00007f8f4f008800, 
[0.058s][debug][class,load,placeholders] find_and_remove LOAD_INSTANCE 'java/util/ImmutableCollections$SetN', loader loader data: 0x00006000032ac000 of 'bootstrap', supername 'java/util/ImmutableCollections$AbstractImmutableSet', InstanceKlass 'java/util/ImmutableCollections$SetN'
[0.058s][debug][class,load,placeholders] loadInstanceThreadQ threads:0x00007f8f4f008800, 
[0.058s][debug][class,load,placeholders] superThreadQ threads:
[0.058s][debug][class,load,placeholders] defineThreadQ threads:
[0.058s][debug][class,load,placeholders] find_and_add LOAD_INSTANCE 'jdk/internal/module/ModuleReferenceImpl', loader loader data: 0x00006000032ac000 of 'bootstrap'
[0.058s][debug][class,load,placeholders] loadInstanceThreadQ threads:0x00007f8f4f008800, 
[0.058s][debug][class,load,placeholders] superThreadQ threads:
[0.058s][debug][class,load,placeholders] defineThreadQ threads:
[0.058s][debug][class,load,placeholders] find_and_add LOAD_SUPER 'jdk/internal/module/ModuleReferenceImpl', loader loader data: 0x00006000032ac000 of 'bootstrap', supername 'java/lang/module/ModuleReference'
[0.058s][debug][class,load,placeholders] loadInstanceThreadQ threads:0x00007f8f4f008800, 
[0.058s][debug][class,load,placeholders] superThreadQ threads:0x00007f8f4f008800, 
[0.058s][debug][class,load,placeholders] defineThreadQ threads:
[0.058s][debug][class,load,placeholders] find_and_add LOAD_INSTANCE 'java/lang/module/ModuleReference', loader loader data: 0x00006000032ac000 of 'bootstrap'
[0.058s][debug][class,load,placeholders] loadInstanceThreadQ threads:0x00007f8f4f008800, 
[0.058s][debug][class,load,placeholders] superThreadQ threads:
[0.058s][debug][class,load,placeholders] defineThreadQ threads:
[0.058s][trace][cds,unshareable        ] restore: java.lang.module.ModuleReference
[0.058s][trace][class,loader,data      ] Adding k: 0x000000013018c948 java.lang.module.ModuleReference to loader data: 0x00006000032ac000 of 'bootstrap'
[0.058s][debug][cds,mirror             ] java.lang.module.ModuleReference has raw archived mirror
[0.058s][debug][cds,heap               ] Clearing root 533: was 0x00000007ffb0e858
[0.058s][debug][cds,mirror             ] Archived mirror is: 0x00000007ffb0e858
[0.058s][trace][cds,heap,mirror        ] Restored java.lang.module.ModuleReference archived mirror 0x00000007ffb0e858
[0.058s][trace][cds,unshareable        ] restore: [Ljava.lang.module.ModuleReference;
[0.058s][trace][class,loader,data      ] Adding k: 0x000000013018fe88 [Ljava.lang.module.ModuleReference; to loader data: 0x00006000032ac000 of 'bootstrap'
[0.058s][debug][cds,mirror             ] [Ljava.lang.module.ModuleReference; has raw archived mirror
[0.058s][debug][cds,heap               ] Clearing root 990: was 0x00000007ffb1ae20
[0.058s][debug][cds,mirror             ] Archived mirror is: 0x00000007ffb1ae20
[0.058s][trace][cds,heap,mirror        ] Restored [Ljava.lang.module.ModuleReference; archived mirror 0x00000007ffb1ae20
[0.058s][info ][class,load             ] java.lang.module.ModuleReference source: shared objects file
[0.058s][debug][class,load             ]  klass: 0x000000013018c948 super: 0x0000000130000db8 loader: [loader data: 0x00006000032ac000 of 'bootstrap']
[0.058s][debug][class,load,placeholders] find_and_add DEFINE_CLASS 'java/lang/module/ModuleReference', loader loader data: 0x00006000032ac000 of 'bootstrap'
[0.058s][debug][class,load,placeholders] loadInstanceThreadQ threads:0x00007f8f4f008800, 
[0.058s][debug][class,load,placeholders] superThreadQ threads:
[0.058s][debug][class,load,placeholders] defineThreadQ threads:0x00007f8f4f008800, 
[0.058s][debug][class,load,placeholders] find_and_remove DEFINE_CLASS 'java/lang/module/ModuleReference', loader loader data: 0x00006000032ac000 of 'bootstrap', InstanceKlass 'java/lang/module/ModuleReference'
[0.058s][debug][class,load,placeholders] loadInstanceThreadQ threads:0x00007f8f4f008800, 
[0.058s][debug][class,load,placeholders] superThreadQ threads:
[0.058s][debug][class,load,placeholders] defineThreadQ threads:0x00007f8f4f008800, 
[0.058s][debug][class,load,placeholders] find_and_remove LOAD_INSTANCE 'java/lang/module/ModuleReference', loader loader data: 0x00006000032ac000 of 'bootstrap', InstanceKlass 'java/lang/module/ModuleReference'
[0.058s][debug][class,load,placeholders] loadInstanceThreadQ threads:0x00007f8f4f008800, 
[0.058s][debug][class,load,placeholders] superThreadQ threads:
[0.058s][debug][class,load,placeholders] defineThreadQ threads:
[0.058s][debug][class,load,placeholders] find_and_remove LOAD_SUPER 'jdk/internal/module/ModuleReferenceImpl', loader loader data: 0x00006000032ac000 of 'bootstrap', supername 'java/lang/module/ModuleReference'
[0.058s][debug][class,load,placeholders] loadInstanceThreadQ threads:0x00007f8f4f008800, 
[0.058s][debug][class,load,placeholders] superThreadQ threads:0x00007f8f4f008800, 
[0.058s][debug][class,load,placeholders] defineThreadQ threads:
[0.058s][trace][cds,unshareable        ] restore: jdk.internal.module.ModuleReferenceImpl
[0.058s][trace][class,loader,data      ] Adding k: 0x000000013018cb90 jdk.internal.module.ModuleReferenceImpl to loader data: 0x00006000032ac000 of 'bootstrap'
[0.058s][debug][cds,mirror             ] jdk.internal.module.ModuleReferenceImpl has raw archived mirror
[0.058s][debug][cds,heap               ] Clearing root 968: was 0x00000007ffb1a470
[0.058s][debug][cds,mirror             ] Archived mirror is: 0x00000007ffb1a470
[0.058s][trace][cds,heap,mirror        ] Restored jdk.internal.module.ModuleReferenceImpl archived mirror 0x00000007ffb1a470
[0.058s][debug][cds,heap               ] Clearing root 969: was 0x00000007ffb1a4e0
[0.058s][info ][class,load             ] jdk.internal.module.ModuleReferenceImpl source: shared objects file
[0.058s][debug][class,load             ]  klass: 0x000000013018cb90 super: 0x000000013018c948 loader: [loader data: 0x00006000032ac000 of 'bootstrap']
[0.058s][debug][class,load,placeholders] find_and_add DEFINE_CLASS 'jdk/internal/module/ModuleReferenceImpl', loader loader data: 0x00006000032ac000 of 'bootstrap', supername 'java/lang/module/ModuleReference'
[0.058s][debug][class,load,placeholders] loadInstanceThreadQ threads:0x00007f8f4f008800, 
[0.058s][debug][class,load,placeholders] superThreadQ threads:
[0.058s][debug][class,load,placeholders] defineThreadQ threads:0x00007f8f4f008800, 
[0.058s][debug][class,load,placeholders] find_and_remove DEFINE_CLASS 'jdk/internal/module/ModuleReferenceImpl', loader loader data: 0x00006000032ac000 of 'bootstrap', supername 'java/lang/module/ModuleReference', InstanceKlass 'jdk/internal/module/ModuleReferenceImpl'
[0.058s][debug][class,load,placeholders] loadInstanceThreadQ threads:0x00007f8f4f008800, 
[0.058s][debug][class,load,placeholders] superThreadQ threads:
[0.058s][debug][class,load,placeholders] defineThreadQ threads:0x00007f8f4f008800, 
[0.058s][debug][class,load,placeholders] find_and_remove LOAD_INSTANCE 'jdk/internal/module/ModuleReferenceImpl', loader loader data: 0x00006000032ac000 of 'bootstrap', supername 'java/lang/module/ModuleReference', InstanceKlass 'jdk/internal/module/ModuleReferenceImpl'
[0.058s][debug][class,load,placeholders] loadInstanceThreadQ threads:0x00007f8f4f008800, 
[0.058s][debug][class,load,placeholders] superThreadQ threads:
[0.059s][debug][class,load,placeholders] defineThreadQ threads:
[0.059s][debug][class,load,placeholders] find_and_add LOAD_INSTANCE 'java/lang/module/ModuleDescriptor', loader loader data: 0x00006000032ac000 of 'bootstrap'
[0.059s][debug][class,load,placeholders] loadInstanceThreadQ threads:0x00007f8f4f008800, 
[0.059s][debug][class,load,placeholders] superThreadQ threads:
[0.059s][debug][class,load,placeholders] defineThreadQ threads:
[0.059s][trace][cds,unshareable        ] restore: java.lang.module.ModuleDescriptor
[0.059s][trace][class,loader,data      ] Adding k: 0x000000013012f348 java.lang.module.ModuleDescriptor to loader data: 0x00006000032ac000 of 'bootstrap'
[0.059s][debug][cds,mirror             ] java.lang.module.ModuleDescriptor has raw archived mirror
[0.059s][debug][cds,heap               ] Clearing root 342: was 0x00000007ffb09c88
[0.059s][debug][cds,mirror             ] Archived mirror is: 0x00000007ffb09c88
[0.059s][trace][cds,heap,mirror        ] Restored java.lang.module.ModuleDescriptor archived mirror 0x00000007ffb09c88
[0.059s][debug][cds,heap               ] Clearing root 343: was 0x00000007ffb09d00
[0.059s][trace][cds,unshareable        ] restore: [Ljava.lang.module.ModuleDescriptor;
[0.059s][trace][class,loader,data      ] Adding k: 0x0000000130130c10 [Ljava.lang.module.ModuleDescriptor; to loader data: 0x00006000032ac000 of 'bootstrap'
[0.059s][debug][cds,mirror             ] [Ljava.lang.module.ModuleDescriptor; has raw archived mirror
[0.059s][debug][cds,heap               ] Clearing root 986: was 0x00000007ffb1ac60
[0.059s][debug][cds,mirror             ] Archived mirror is: 0x00000007ffb1ac60
[0.059s][trace][cds,heap,mirror        ] Restored [Ljava.lang.module.ModuleDescriptor; archived mirror 0x00000007ffb1ac60
[0.059s][info ][class,load             ] java.lang.module.ModuleDescriptor source: shared objects file
[0.059s][debug][class,load             ]  klass: 0x000000013012f348 super: 0x0000000130000db8 interfaces: 0x00000001300098f8 loader: [loader data: 0x00006000032ac000 of 'bootstrap']
[0.059s][debug][class,load,placeholders] find_and_add DEFINE_CLASS 'java/lang/module/ModuleDescriptor', loader loader data: 0x00006000032ac000 of 'bootstrap'
[0.059s][debug][class,load,placeholders] loadInstanceThreadQ threads:0x00007f8f4f008800, 
[0.059s][debug][class,load,placeholders] superThreadQ threads:
[0.059s][debug][class,load,placeholders] defineThreadQ threads:0x00007f8f4f008800, 
[0.059s][debug][class,load,placeholders] find_and_remove DEFINE_CLASS 'java/lang/module/ModuleDescriptor', loader loader data: 0x00006000032ac000 of 'bootstrap', InstanceKlass 'java/lang/module/ModuleDescriptor'
[0.059s][debug][class,load,placeholders] loadInstanceThreadQ threads:0x00007f8f4f008800, 
[0.059s][debug][class,load,placeholders] superThreadQ threads:
[0.059s][debug][class,load,placeholders] defineThreadQ threads:0x00007f8f4f008800, 
[0.059s][debug][class,load,placeholders] find_and_remove LOAD_INSTANCE 'java/lang/module/ModuleDescriptor', loader loader data: 0x00006000032ac000 of 'bootstrap', InstanceKlass 'java/lang/module/ModuleDescriptor'
[0.059s][debug][class,load,placeholders] loadInstanceThreadQ threads:0x00007f8f4f008800, 
[0.059s][debug][class,load,placeholders] superThreadQ threads:
[0.059s][debug][class,load,placeholders] defineThreadQ threads:
[0.059s][debug][class,load,placeholders] find_and_add LOAD_INSTANCE 'java/lang/module/ModuleDescriptor$Version', loader loader data: 0x00006000032ac000 of 'bootstrap'
[0.059s][debug][class,load,placeholders] loadInstanceThreadQ threads:0x00007f8f4f008800, 
[0.059s][debug][class,load,placeholders] superThreadQ threads:
[0.059s][debug][class,load,placeholders] defineThreadQ threads:
[0.059s][trace][cds,unshareable        ] restore: java.lang.module.ModuleDescriptor$Version
[0.059s][trace][class,loader,data      ] Adding k: 0x0000000130187208 java.lang.module.ModuleDescriptor$Version to loader data: 0x00006000032ac000 of 'bootstrap'
[0.059s][debug][cds,mirror             ] java.lang.module.ModuleDescriptor$Version has raw archived mirror
[0.059s][debug][cds,heap               ] Clearing root 523: was 0x00000007ffb0e4e0
[0.059s][debug][cds,mirror             ] Archived mirror is: 0x00000007ffb0e4e0
[0.059s][trace][cds,heap,mirror        ] Restored java.lang.module.ModuleDescriptor$Version archived mirror 0x00000007ffb0e4e0
[0.059s][debug][cds,heap               ] Clearing root 524: was 0x00000007ffb0e550
[0.059s][info ][class,load             ] java.lang.module.ModuleDescriptor$Version source: shared objects file
[0.059s][debug][class,load             ]  klass: 0x0000000130187208 super: 0x0000000130000db8 interfaces: 0x00000001300098f8 loader: [loader data: 0x00006000032ac000 of 'bootstrap']
[0.059s][debug][class,load,placeholders] find_and_add DEFINE_CLASS 'java/lang/module/ModuleDescriptor$Version', loader loader data: 0x00006000032ac000 of 'bootstrap'
[0.059s][debug][class,load,placeholders] loadInstanceThreadQ threads:0x00007f8f4f008800, 
[0.059s][debug][class,load,placeholders] superThreadQ threads:
[0.059s][debug][class,load,placeholders] defineThreadQ threads:0x00007f8f4f008800, 
[0.059s][debug][class,load,placeholders] find_and_remove DEFINE_CLASS 'java/lang/module/ModuleDescriptor$Version', loader loader data: 0x00006000032ac000 of 'bootstrap', InstanceKlass 'java/lang/module/ModuleDescriptor$Version'
[0.059s][debug][class,load,placeholders] loadInstanceThreadQ threads:0x00007f8f4f008800, 
[0.059s][debug][class,load,placeholders] superThreadQ threads:
[0.059s][debug][class,load,placeholders] defineThreadQ threads:0x00007f8f4f008800, 
[0.059s][debug][class,load,placeholders] find_and_remove LOAD_INSTANCE 'java/lang/module/ModuleDescriptor$Version', loader loader data: 0x00006000032ac000 of 'bootstrap', InstanceKlass 'java/lang/module/ModuleDescriptor$Version'
[0.059s][debug][class,load,placeholders] loadInstanceThreadQ threads:0x00007f8f4f008800, 
[0.059s][debug][class,load,placeholders] superThreadQ threads:
[0.059s][debug][class,load,placeholders] defineThreadQ threads:
[0.059s][debug][class,load,placeholders] find_and_add LOAD_INSTANCE 'java/util/ImmutableCollections$Set12', loader loader data: 0x00006000032ac000 of 'bootstrap'
[0.059s][debug][class,load,placeholders] loadInstanceThreadQ threads:0x00007f8f4f008800, 
[0.059s][debug][class,load,placeholders] superThreadQ threads:
[0.059s][debug][class,load,placeholders] defineThreadQ threads:
[0.059s][trace][cds,unshareable        ] restore: java.util.ImmutableCollections$Set12
[0.059s][trace][class,loader,data      ] Adding k: 0x0000000130077440 java.util.ImmutableCollections$Set12 to loader data: 0x00006000032ac000 of 'bootstrap'
[0.059s][debug][cds,mirror             ] java.util.ImmutableCollections$Set12 has raw archived mirror
[0.059s][debug][cds,heap               ] Clearing root 749: was 0x00000007ffb14988
[0.059s][debug][cds,mirror             ] Archived mirror is: 0x00000007ffb14988
[0.059s][trace][cds,heap,mirror        ] Restored java.util.ImmutableCollections$Set12 archived mirror 0x00000007ffb14988
[0.059s][debug][cds,heap               ] Clearing root 750: was 0x00000007ffb149f8
[0.059s][info ][class,load             ] java.util.ImmutableCollections$Set12 source: shared objects file
[0.059s][debug][class,load             ]  klass: 0x0000000130077440 super: 0x000000013007ad08 interfaces: 0x00000001300037c0 loader: [loader data: 0x00006000032ac000 of 'bootstrap']
[0.059s][debug][class,load,placeholders] find_and_add DEFINE_CLASS 'java/util/ImmutableCollections$Set12', loader loader data: 0x00006000032ac000 of 'bootstrap'
[0.059s][debug][class,load,placeholders] loadInstanceThreadQ threads:0x00007f8f4f008800, 
[0.059s][debug][class,load,placeholders] superThreadQ threads:
[0.059s][debug][class,load,placeholders] defineThreadQ threads:0x00007f8f4f008800, 
[0.059s][debug][class,load,placeholders] find_and_remove DEFINE_CLASS 'java/util/ImmutableCollections$Set12', loader loader data: 0x00006000032ac000 of 'bootstrap', InstanceKlass 'java/util/ImmutableCollections$Set12'
[0.059s][debug][class,load,placeholders] loadInstanceThreadQ threads:0x00007f8f4f008800, 
[0.059s][debug][class,load,placeholders] superThreadQ threads:
[0.059s][debug][class,load,placeholders] defineThreadQ threads:0x00007f8f4f008800, 
[0.059s][debug][class,load,placeholders] find_and_remove LOAD_INSTANCE 'java/util/ImmutableCollections$Set12', loader loader data: 0x00006000032ac000 of 'bootstrap', InstanceKlass 'java/util/ImmutableCollections$Set12'
[0.059s][debug][class,load,placeholders] loadInstanceThreadQ threads:0x00007f8f4f008800, 
[0.059s][debug][class,load,placeholders] superThreadQ threads:
[0.059s][debug][class,load,placeholders] defineThreadQ threads:
[0.059s][debug][class,load,placeholders] find_and_add LOAD_INSTANCE 'java/lang/module/ModuleDescriptor$Requires', loader loader data: 0x00006000032ac000 of 'bootstrap'
[0.059s][debug][class,load,placeholders] loadInstanceThreadQ threads:0x00007f8f4f008800, 
[0.059s][debug][class,load,placeholders] superThreadQ threads:
[0.059s][debug][class,load,placeholders] defineThreadQ threads:
[0.059s][trace][cds,unshareable        ] restore: java.lang.module.ModuleDescriptor$Requires
[0.059s][trace][class,loader,data      ] Adding k: 0x000000013016ade8 java.lang.module.ModuleDescriptor$Requires to loader data: 0x00006000032ac000 of 'bootstrap'
[0.059s][debug][cds,mirror             ] java.lang.module.ModuleDescriptor$Requires has raw archived mirror
[0.059s][debug][cds,heap               ] Clearing root 952: was 0x00000007ffb19ee0
[0.059s][debug][cds,mirror             ] Archived mirror is: 0x00000007ffb19ee0
[0.059s][trace][cds,heap,mirror        ] Restored java.lang.module.ModuleDescriptor$Requires archived mirror 0x00000007ffb19ee0
[0.060s][debug][cds,heap               ] Clearing root 953: was 0x00000007ffb19f58
[0.060s][trace][cds,unshareable        ] restore: [Ljava.lang.module.ModuleDescriptor$Requires;
[0.060s][trace][class,loader,data      ] Adding k: 0x000000013016b3b0 [Ljava.lang.module.ModuleDescriptor$Requires; to loader data: 0x00006000032ac000 of 'bootstrap'
[0.060s][debug][cds,mirror             ] [Ljava.lang.module.ModuleDescriptor$Requires; has raw archived mirror
[0.060s][debug][cds,heap               ] Clearing root 1004: was 0x00000007ffb1d588
[0.060s][debug][cds,mirror             ] Archived mirror is: 0x00000007ffb1d588
[0.060s][trace][cds,heap,mirror        ] Restored [Ljava.lang.module.ModuleDescriptor$Requires; archived mirror 0x00000007ffb1d588
[0.060s][info ][class,load             ] java.lang.module.ModuleDescriptor$Requires source: shared objects file
[0.060s][debug][class,load             ]  klass: 0x000000013016ade8 super: 0x0000000130000db8 interfaces: 0x00000001300098f8 loader: [loader data: 0x00006000032ac000 of 'bootstrap']
[0.060s][debug][class,load,placeholders] find_and_add DEFINE_CLASS 'java/lang/module/ModuleDescriptor$Requires', loader loader data: 0x00006000032ac000 of 'bootstrap'
[0.060s][debug][class,load,placeholders] loadInstanceThreadQ threads:0x00007f8f4f008800, 
[0.060s][debug][class,load,placeholders] superThreadQ threads:
[0.060s][debug][class,load,placeholders] defineThreadQ threads:0x00007f8f4f008800, 
[0.060s][debug][class,load,placeholders] find_and_remove DEFINE_CLASS 'java/lang/module/ModuleDescriptor$Requires', loader loader data: 0x00006000032ac000 of 'bootstrap', InstanceKlass 'java/lang/module/ModuleDescriptor$Requires'
[0.060s][debug][class,load,placeholders] loadInstanceThreadQ threads:0x00007f8f4f008800, 
[0.060s][debug][class,load,placeholders] superThreadQ threads:
[0.060s][debug][class,load,placeholders] defineThreadQ threads:0x00007f8f4f008800, 
[0.060s][debug][class,load,placeholders] find_and_remove LOAD_INSTANCE 'java/lang/module/ModuleDescriptor$Requires', loader loader data: 0x00006000032ac000 of 'bootstrap', InstanceKlass 'java/lang/module/ModuleDescriptor$Requires'
[0.060s][debug][class,load,placeholders] loadInstanceThreadQ threads:0x00007f8f4f008800, 
[0.060s][debug][class,load,placeholders] superThreadQ threads:
[0.060s][debug][class,load,placeholders] defineThreadQ threads:
[0.060s][debug][class,load,placeholders] find_and_add LOAD_INSTANCE 'java/lang/module/ModuleDescriptor$Requires$Modifier', loader loader data: 0x00006000032ac000 of 'bootstrap'
[0.060s][debug][class,load,placeholders] loadInstanceThreadQ threads:0x00007f8f4f008800, 
[0.060s][debug][class,load,placeholders] superThreadQ threads:
[0.060s][debug][class,load,placeholders] defineThreadQ threads:
[0.060s][debug][class,load,placeholders] find_and_add LOAD_SUPER 'java/lang/module/ModuleDescriptor$Requires$Modifier', loader loader data: 0x00006000032ac000 of 'bootstrap', supername 'java/lang/Enum'
[0.060s][debug][class,load,placeholders] loadInstanceThreadQ threads:0x00007f8f4f008800, 
[0.060s][debug][class,load,placeholders] superThreadQ threads:0x00007f8f4f008800, 
[0.060s][debug][class,load,placeholders] defineThreadQ threads:
[0.060s][debug][class,load,placeholders] find_and_add LOAD_INSTANCE 'java/lang/Enum', loader loader data: 0x00006000032ac000 of 'bootstrap'
[0.060s][debug][class,load,placeholders] loadInstanceThreadQ threads:0x00007f8f4f008800, 
[0.060s][debug][class,load,placeholders] superThreadQ threads:
[0.060s][debug][class,load,placeholders] defineThreadQ threads:
[0.060s][trace][cds,unshareable        ] restore: java.lang.Enum
[0.060s][trace][class,loader,data      ] Adding k: 0x0000000130008400 java.lang.Enum to loader data: 0x00006000032ac000 of 'bootstrap'
[0.060s][debug][cds,mirror             ] java.lang.Enum has raw archived mirror
[0.060s][debug][cds,heap               ] Clearing root 356: was 0x00000007ffb0a200
[0.060s][debug][cds,mirror             ] Archived mirror is: 0x00000007ffb0a200
[0.060s][trace][cds,heap,mirror        ] Restored java.lang.Enum archived mirror 0x00000007ffb0a200
[0.060s][debug][cds,heap               ] Clearing root 357: was 0x00000007ffb0a270
[0.060s][trace][cds,unshareable        ] restore: [Ljava.lang.Enum;
[0.060s][trace][class,loader,data      ] Adding k: 0x0000000130007f60 [Ljava.lang.Enum; to loader data: 0x00006000032ac000 of 'bootstrap'
[0.060s][debug][cds,mirror             ] [Ljava.lang.Enum; has raw archived mirror
[0.060s][debug][cds,heap               ] Clearing root 845: was 0x00000007ffb170e0
[0.060s][debug][cds,mirror             ] Archived mirror is: 0x00000007ffb170e0
[0.060s][trace][cds,heap,mirror        ] Restored [Ljava.lang.Enum; archived mirror 0x00000007ffb170e0
[0.060s][info ][class,load             ] java.lang.Enum source: shared objects file
[0.060s][debug][class,load             ]  klass: 0x0000000130008400 super: 0x0000000130000db8 interfaces: 0x0000000130003090 0x00000001300098f8 0x00000001300037c0 loader: [loader data: 0x00006000032ac000 of 'bootstrap']
[0.060s][debug][class,load,placeholders] find_and_add DEFINE_CLASS 'java/lang/Enum', loader loader data: 0x00006000032ac000 of 'bootstrap'
[0.060s][debug][class,load,placeholders] loadInstanceThreadQ threads:0x00007f8f4f008800, 
[0.060s][debug][class,load,placeholders] superThreadQ threads:
[0.060s][debug][class,load,placeholders] defineThreadQ threads:0x00007f8f4f008800, 
[0.060s][debug][class,load,placeholders] find_and_remove DEFINE_CLASS 'java/lang/Enum', loader loader data: 0x00006000032ac000 of 'bootstrap', InstanceKlass 'java/lang/Enum'
[0.060s][debug][class,load,placeholders] loadInstanceThreadQ threads:0x00007f8f4f008800, 
[0.060s][debug][class,load,placeholders] superThreadQ threads:
[0.060s][debug][class,load,placeholders] defineThreadQ threads:0x00007f8f4f008800, 
[0.060s][debug][class,load,placeholders] find_and_remove LOAD_INSTANCE 'java/lang/Enum', loader loader data: 0x00006000032ac000 of 'bootstrap', InstanceKlass 'java/lang/Enum'
[0.060s][debug][class,load,placeholders] loadInstanceThreadQ threads:0x00007f8f4f008800, 
[0.060s][debug][class,load,placeholders] superThreadQ threads:
[0.060s][debug][class,load,placeholders] defineThreadQ threads:
[0.060s][debug][class,load,placeholders] find_and_remove LOAD_SUPER 'java/lang/module/ModuleDescriptor$Requires$Modifier', loader loader data: 0x00006000032ac000 of 'bootstrap', supername 'java/lang/Enum'
[0.060s][debug][class,load,placeholders] loadInstanceThreadQ threads:0x00007f8f4f008800, 
[0.060s][debug][class,load,placeholders] superThreadQ threads:0x00007f8f4f008800, 
[0.060s][debug][class,load,placeholders] defineThreadQ threads:
[0.060s][trace][cds,unshareable        ] restore: java.lang.module.ModuleDescriptor$Requires$Modifier
[0.060s][trace][class,loader,data      ] Adding k: 0x0000000130082320 java.lang.module.ModuleDescriptor$Requires$Modifier to loader data: 0x00006000032ac000 of 'bootstrap'
[0.060s][debug][cds,mirror             ] java.lang.module.ModuleDescriptor$Requires$Modifier has raw archived mirror
[0.060s][debug][cds,heap               ] Clearing root 954: was 0x00000007ffb19f70
[0.060s][debug][cds,mirror             ] Archived mirror is: 0x00000007ffb19f70
[0.060s][trace][cds,heap,mirror        ] Restored java.lang.module.ModuleDescriptor$Requires$Modifier archived mirror 0x00000007ffb19f70
[0.060s][debug][cds,heap               ] Clearing root 955: was 0x00000007ffb19ff8
[0.060s][trace][cds,unshareable        ] restore: [Ljava.lang.module.ModuleDescriptor$Requires$Modifier;
[0.060s][trace][class,loader,data      ] Adding k: 0x00000001300827b0 [Ljava.lang.module.ModuleDescriptor$Requires$Modifier; to loader data: 0x00006000032ac000 of 'bootstrap'
[0.060s][debug][cds,mirror             ] [Ljava.lang.module.ModuleDescriptor$Requires$Modifier; has raw archived mirror
[0.060s][debug][cds,heap               ] Clearing root 1007: was 0x00000007ffb1d6d8
[0.060s][debug][cds,mirror             ] Archived mirror is: 0x00000007ffb1d6d8
[0.060s][trace][cds,heap,mirror        ] Restored [Ljava.lang.module.ModuleDescriptor$Requires$Modifier; archived mirror 0x00000007ffb1d6d8
[0.060s][info ][class,load             ] java.lang.module.ModuleDescriptor$Requires$Modifier source: shared objects file
[0.060s][debug][class,load             ]  klass: 0x0000000130082320 super: 0x0000000130008400 loader: [loader data: 0x00006000032ac000 of 'bootstrap']
[0.060s][debug][class,load,placeholders] find_and_add DEFINE_CLASS 'java/lang/module/ModuleDescriptor$Requires$Modifier', loader loader data: 0x00006000032ac000 of 'bootstrap', supername 'java/lang/Enum'
[0.060s][debug][class,load,placeholders] loadInstanceThreadQ threads:0x00007f8f4f008800, 
[0.060s][debug][class,load,placeholders] superThreadQ threads:
[0.060s][debug][class,load,placeholders] defineThreadQ threads:0x00007f8f4f008800, 
[0.060s][debug][class,load,placeholders] find_and_remove DEFINE_CLASS 'java/lang/module/ModuleDescriptor$Requires$Modifier', loader loader data: 0x00006000032ac000 of 'bootstrap', supername 'java/lang/Enum', InstanceKlass 'java/lang/module/ModuleDescriptor$Requires$Modifier'
[0.060s][debug][class,load,placeholders] loadInstanceThreadQ threads:0x00007f8f4f008800, 
[0.060s][debug][class,load,placeholders] superThreadQ threads:
[0.060s][debug][class,load,placeholders] defineThreadQ threads:0x00007f8f4f008800, 
[0.060s][debug][class,load,placeholders] find_and_remove LOAD_INSTANCE 'java/lang/module/ModuleDescriptor$Requires$Modifier', loader loader data: 0x00006000032ac000 of 'bootstrap', supername 'java/lang/Enum', InstanceKlass 'java/lang/module/ModuleDescriptor$Requires$Modifier'
[0.060s][debug][class,load,placeholders] loadInstanceThreadQ threads:0x00007f8f4f008800, 
[0.060s][debug][class,load,placeholders] superThreadQ threads:
[0.061s][debug][class,load,placeholders] defineThreadQ threads:
[0.061s][debug][class,load,placeholders] find_and_add LOAD_INSTANCE 'java/lang/module/ModuleDescriptor$Exports', loader loader data: 0x00006000032ac000 of 'bootstrap'
[0.061s][debug][class,load,placeholders] loadInstanceThreadQ threads:0x00007f8f4f008800, 
[0.061s][debug][class,load,placeholders] superThreadQ threads:
[0.061s][debug][class,load,placeholders] defineThreadQ threads:
[0.061s][trace][cds,unshareable        ] restore: java.lang.module.ModuleDescriptor$Exports
[0.061s][trace][class,loader,data      ] Adding k: 0x000000013016ab90 java.lang.module.ModuleDescriptor$Exports to loader data: 0x00006000032ac000 of 'bootstrap'
[0.061s][debug][cds,mirror             ] java.lang.module.ModuleDescriptor$Exports has raw archived mirror
[0.061s][debug][cds,heap               ] Clearing root 452: was 0x00000007ffb0c9e0
[0.061s][debug][cds,mirror             ] Archived mirror is: 0x00000007ffb0c9e0
[0.061s][trace][cds,heap,mirror        ] Restored java.lang.module.ModuleDescriptor$Exports archived mirror 0x00000007ffb0c9e0
[0.061s][debug][cds,heap               ] Clearing root 453: was 0x00000007ffb0ca50
[0.061s][trace][cds,unshareable        ] restore: [Ljava.lang.module.ModuleDescriptor$Exports;
[0.061s][trace][class,loader,data      ] Adding k: 0x000000013016b7b8 [Ljava.lang.module.ModuleDescriptor$Exports; to loader data: 0x00006000032ac000 of 'bootstrap'
[0.061s][debug][cds,mirror             ] [Ljava.lang.module.ModuleDescriptor$Exports; has raw archived mirror
[0.061s][debug][cds,heap               ] Clearing root 1002: was 0x00000007ffb1d4a8
[0.061s][debug][cds,mirror             ] Archived mirror is: 0x00000007ffb1d4a8
[0.061s][trace][cds,heap,mirror        ] Restored [Ljava.lang.module.ModuleDescriptor$Exports; archived mirror 0x00000007ffb1d4a8
[0.061s][info ][class,load             ] java.lang.module.ModuleDescriptor$Exports source: shared objects file
[0.061s][debug][class,load             ]  klass: 0x000000013016ab90 super: 0x0000000130000db8 interfaces: 0x00000001300098f8 loader: [loader data: 0x00006000032ac000 of 'bootstrap']
[0.061s][debug][class,load,placeholders] find_and_add DEFINE_CLASS 'java/lang/module/ModuleDescriptor$Exports', loader loader data: 0x00006000032ac000 of 'bootstrap'
[0.061s][debug][class,load,placeholders] loadInstanceThreadQ threads:0x00007f8f4f008800, 
[0.061s][debug][class,load,placeholders] superThreadQ threads:
[0.061s][debug][class,load,placeholders] defineThreadQ threads:0x00007f8f4f008800, 
[0.061s][debug][class,load,placeholders] find_and_remove DEFINE_CLASS 'java/lang/module/ModuleDescriptor$Exports', loader loader data: 0x00006000032ac000 of 'bootstrap', InstanceKlass 'java/lang/module/ModuleDescriptor$Exports'
[0.061s][debug][class,load,placeholders] loadInstanceThreadQ threads:0x00007f8f4f008800, 
[0.061s][debug][class,load,placeholders] superThreadQ threads:
[0.061s][debug][class,load,placeholders] defineThreadQ threads:0x00007f8f4f008800, 
[0.061s][debug][class,load,placeholders] find_and_remove LOAD_INSTANCE 'java/lang/module/ModuleDescriptor$Exports', loader loader data: 0x00006000032ac000 of 'bootstrap', InstanceKlass 'java/lang/module/ModuleDescriptor$Exports'
[0.061s][debug][class,load,placeholders] loadInstanceThreadQ threads:0x00007f8f4f008800, 
[0.061s][debug][class,load,placeholders] superThreadQ threads:
[0.061s][debug][class,load,placeholders] defineThreadQ threads:
[0.061s][debug][class,load,placeholders] find_and_add LOAD_INSTANCE 'java/net/URI', loader loader data: 0x00006000032ac000 of 'bootstrap'
[0.061s][debug][class,load,placeholders] loadInstanceThreadQ threads:0x00007f8f4f008800, 
[0.061s][debug][class,load,placeholders] superThreadQ threads:
[0.061s][debug][class,load,placeholders] defineThreadQ threads:
[0.061s][trace][cds,unshareable        ] restore: java.net.URI
[0.061s][trace][class,loader,data      ] Adding k: 0x0000000130190208 java.net.URI to loader data: 0x00006000032ac000 of 'bootstrap'
[0.061s][debug][cds,mirror             ] java.net.URI has raw archived mirror
[0.061s][debug][cds,heap               ] Clearing root 534: was 0x00000007ffb0e8c8
[0.061s][debug][cds,mirror             ] Archived mirror is: 0x00000007ffb0e8c8
[0.061s][trace][cds,heap,mirror        ] Restored java.net.URI archived mirror 0x00000007ffb0e8c8
[0.061s][debug][cds,heap               ] Clearing root 535: was 0x00000007ffb0eaa0
[0.061s][info ][class,load             ] java.net.URI source: shared objects file
[0.061s][debug][class,load             ]  klass: 0x0000000130190208 super: 0x0000000130000db8 interfaces: 0x00000001300098f8 0x00000001300037c0 loader: [loader data: 0x00006000032ac000 of 'bootstrap']
[0.061s][debug][class,load,placeholders] find_and_add DEFINE_CLASS 'java/net/URI', loader loader data: 0x00006000032ac000 of 'bootstrap'
[0.061s][debug][class,load,placeholders] loadInstanceThreadQ threads:0x00007f8f4f008800, 
[0.061s][debug][class,load,placeholders] superThreadQ threads:
[0.061s][debug][class,load,placeholders] defineThreadQ threads:0x00007f8f4f008800, 
[0.061s][debug][class,load,placeholders] find_and_remove DEFINE_CLASS 'java/net/URI', loader loader data: 0x00006000032ac000 of 'bootstrap', InstanceKlass 'java/net/URI'
[0.061s][debug][class,load,placeholders] loadInstanceThreadQ threads:0x00007f8f4f008800, 
[0.061s][debug][class,load,placeholders] superThreadQ threads:
[0.061s][debug][class,load,placeholders] defineThreadQ threads:0x00007f8f4f008800, 
[0.061s][debug][class,load,placeholders] find_and_remove LOAD_INSTANCE 'java/net/URI', loader loader data: 0x00006000032ac000 of 'bootstrap', InstanceKlass 'java/net/URI'
[0.061s][debug][class,load,placeholders] loadInstanceThreadQ threads:0x00007f8f4f008800, 
[0.061s][debug][class,load,placeholders] superThreadQ threads:
[0.061s][debug][class,load,placeholders] defineThreadQ threads:
[0.061s][debug][class,load,placeholders] find_and_add LOAD_INSTANCE 'jdk/internal/module/SystemModuleFinders$2', loader loader data: 0x00006000032ac000 of 'bootstrap'
[0.061s][debug][class,load,placeholders] loadInstanceThreadQ threads:0x00007f8f4f008800, 
[0.061s][debug][class,load,placeholders] superThreadQ threads:
[0.061s][debug][class,load,placeholders] defineThreadQ threads:
[0.061s][debug][class,load,placeholders] find_and_add LOAD_SUPER 'jdk/internal/module/SystemModuleFinders$2', loader loader data: 0x00006000032ac000 of 'bootstrap', supername 'java/util/function/Supplier'
[0.061s][debug][class,load,placeholders] loadInstanceThreadQ threads:0x00007f8f4f008800, 
[0.061s][debug][class,load,placeholders] superThreadQ threads:0x00007f8f4f008800, 
[0.061s][debug][class,load,placeholders] defineThreadQ threads:
[0.061s][debug][class,load,placeholders] find_and_add LOAD_INSTANCE 'java/util/function/Supplier', loader loader data: 0x00006000032ac000 of 'bootstrap'
[0.061s][debug][class,load,placeholders] loadInstanceThreadQ threads:0x00007f8f4f008800, 
[0.061s][debug][class,load,placeholders] superThreadQ threads:
[0.061s][debug][class,load,placeholders] defineThreadQ threads:
[0.061s][trace][cds,unshareable        ] restore: java.util.function.Supplier
[0.061s][trace][class,loader,data      ] Adding k: 0x0000000130125868 java.util.function.Supplier to loader data: 0x00006000032ac000 of 'bootstrap'
[0.061s][debug][cds,mirror             ] java.util.function.Supplier has raw archived mirror
[0.061s][debug][cds,heap               ] Clearing root 440: was 0x00000007ffb0c4b8
[0.061s][debug][cds,mirror             ] Archived mirror is: 0x00000007ffb0c4b8
[0.061s][trace][cds,heap,mirror        ] Restored java.util.function.Supplier archived mirror 0x00000007ffb0c4b8
[0.061s][info ][class,load             ] java.util.function.Supplier source: shared objects file
[0.061s][debug][class,load             ]  klass: 0x0000000130125868 super: 0x0000000130000db8 loader: [loader data: 0x00006000032ac000 of 'bootstrap']
[0.061s][debug][class,load,placeholders] find_and_add DEFINE_CLASS 'java/util/function/Supplier', loader loader data: 0x00006000032ac000 of 'bootstrap'
[0.061s][debug][class,load,placeholders] loadInstanceThreadQ threads:0x00007f8f4f008800, 
[0.061s][debug][class,load,placeholders] superThreadQ threads:
[0.061s][debug][class,load,placeholders] defineThreadQ threads:0x00007f8f4f008800, 
[0.061s][debug][class,load,placeholders] find_and_remove DEFINE_CLASS 'java/util/function/Supplier', loader loader data: 0x00006000032ac000 of 'bootstrap', InstanceKlass 'java/util/function/Supplier'
[0.061s][debug][class,load,placeholders] loadInstanceThreadQ threads:0x00007f8f4f008800, 
[0.061s][debug][class,load,placeholders] superThreadQ threads:
[0.061s][debug][class,load,placeholders] defineThreadQ threads:0x00007f8f4f008800, 
[0.061s][debug][class,load,placeholders] find_and_remove LOAD_INSTANCE 'java/util/function/Supplier', loader loader data: 0x00006000032ac000 of 'bootstrap', InstanceKlass 'java/util/function/Supplier'
[0.061s][debug][class,load,placeholders] loadInstanceThreadQ threads:0x00007f8f4f008800, 
[0.061s][debug][class,load,placeholders] superThreadQ threads:
[0.061s][debug][class,load,placeholders] defineThreadQ threads:
[0.061s][debug][class,load,placeholders] find_and_remove LOAD_SUPER 'jdk/internal/module/SystemModuleFinders$2', loader loader data: 0x00006000032ac000 of 'bootstrap', supername 'java/util/function/Supplier'
[0.061s][debug][class,load,placeholders] loadInstanceThreadQ threads:0x00007f8f4f008800, 
[0.061s][debug][class,load,placeholders] superThreadQ threads:0x00007f8f4f008800, 
[0.061s][debug][class,load,placeholders] defineThreadQ threads:
[0.061s][trace][cds,unshareable        ] restore: jdk.internal.module.SystemModuleFinders$2
[0.062s][trace][class,loader,data      ] Adding k: 0x000000013018ce10 jdk.internal.module.SystemModuleFinders$2 to loader data: 0x00006000032ac000 of 'bootstrap'
[0.062s][debug][cds,mirror             ] jdk.internal.module.SystemModuleFinders$2 has raw archived mirror
[0.062s][debug][cds,heap               ] Clearing root 984: was 0x00000007ffb1ab80
[0.062s][debug][cds,mirror             ] Archived mirror is: 0x00000007ffb1ab80
[0.062s][trace][cds,heap,mirror        ] Restored jdk.internal.module.SystemModuleFinders$2 archived mirror 0x00000007ffb1ab80
[0.062s][info ][class,load             ] jdk.internal.module.SystemModuleFinders$2 source: shared objects file
[0.062s][debug][class,load             ]  klass: 0x000000013018ce10 super: 0x0000000130000db8 interfaces: 0x0000000130125868 loader: [loader data: 0x00006000032ac000 of 'bootstrap']
[0.062s][debug][class,load,placeholders] find_and_add DEFINE_CLASS 'jdk/internal/module/SystemModuleFinders$2', loader loader data: 0x00006000032ac000 of 'bootstrap', supername 'java/util/function/Supplier'
[0.062s][debug][class,load,placeholders] loadInstanceThreadQ threads:0x00007f8f4f008800, 
[0.062s][debug][class,load,placeholders] superThreadQ threads:
[0.062s][debug][class,load,placeholders] defineThreadQ threads:0x00007f8f4f008800, 
[0.062s][debug][class,load,placeholders] find_and_remove DEFINE_CLASS 'jdk/internal/module/SystemModuleFinders$2', loader loader data: 0x00006000032ac000 of 'bootstrap', supername 'java/util/function/Supplier', InstanceKlass 'jdk/internal/module/SystemModuleFinders$2'
[0.062s][debug][class,load,placeholders] loadInstanceThreadQ threads:0x00007f8f4f008800, 
[0.062s][debug][class,load,placeholders] superThreadQ threads:
[0.062s][debug][class,load,placeholders] defineThreadQ threads:0x00007f8f4f008800, 
[0.062s][debug][class,load,placeholders] find_and_remove LOAD_INSTANCE 'jdk/internal/module/SystemModuleFinders$2', loader loader data: 0x00006000032ac000 of 'bootstrap', supername 'java/util/function/Supplier', InstanceKlass 'jdk/internal/module/SystemModuleFinders$2'
[0.062s][debug][class,load,placeholders] loadInstanceThreadQ threads:0x00007f8f4f008800, 
[0.062s][debug][class,load,placeholders] superThreadQ threads:
[0.062s][debug][class,load,placeholders] defineThreadQ threads:
[0.062s][debug][class,load,placeholders] find_and_add LOAD_INSTANCE 'jdk/internal/module/SystemModuleFinders$3', loader loader data: 0x00006000032ac000 of 'bootstrap'
[0.062s][debug][class,load,placeholders] loadInstanceThreadQ threads:0x00007f8f4f008800, 
[0.062s][debug][class,load,placeholders] superThreadQ threads:
[0.062s][debug][class,load,placeholders] defineThreadQ threads:
[0.062s][debug][class,load,placeholders] find_and_add LOAD_SUPER 'jdk/internal/module/SystemModuleFinders$3', loader loader data: 0x00006000032ac000 of 'bootstrap', supername 'jdk/internal/module/ModuleHashes$HashSupplier'
[0.062s][debug][class,load,placeholders] loadInstanceThreadQ threads:0x00007f8f4f008800, 
[0.062s][debug][class,load,placeholders] superThreadQ threads:0x00007f8f4f008800, 
[0.062s][debug][class,load,placeholders] defineThreadQ threads:
[0.062s][debug][class,load,placeholders] find_and_add LOAD_INSTANCE 'jdk/internal/module/ModuleHashes$HashSupplier', loader loader data: 0x00006000032ac000 of 'bootstrap'
[0.062s][debug][class,load,placeholders] loadInstanceThreadQ threads:0x00007f8f4f008800, 
[0.062s][debug][class,load,placeholders] superThreadQ threads:
[0.062s][debug][class,load,placeholders] defineThreadQ threads:
[0.062s][trace][cds,unshareable        ] restore: jdk.internal.module.ModuleHashes$HashSupplier
[0.062s][trace][class,loader,data      ] Adding k: 0x0000000130122e88 jdk.internal.module.ModuleHashes$HashSupplier to loader data: 0x00006000032ac000 of 'bootstrap'
[0.062s][debug][cds,mirror             ] jdk.internal.module.ModuleHashes$HashSupplier has raw archived mirror
[0.062s][debug][cds,heap               ] Clearing root 976: was 0x00000007ffb1a770
[0.062s][debug][cds,mirror             ] Archived mirror is: 0x00000007ffb1a770
[0.062s][trace][cds,heap,mirror        ] Restored jdk.internal.module.ModuleHashes$HashSupplier archived mirror 0x00000007ffb1a770
[0.062s][info ][class,load             ] jdk.internal.module.ModuleHashes$HashSupplier source: shared objects file
[0.062s][debug][class,load             ]  klass: 0x0000000130122e88 super: 0x0000000130000db8 loader: [loader data: 0x00006000032ac000 of 'bootstrap']
[0.062s][debug][class,load,placeholders] find_and_add DEFINE_CLASS 'jdk/internal/module/ModuleHashes$HashSupplier', loader loader data: 0x00006000032ac000 of 'bootstrap'
[0.062s][debug][class,load,placeholders] loadInstanceThreadQ threads:0x00007f8f4f008800, 
[0.062s][debug][class,load,placeholders] superThreadQ threads:
[0.062s][debug][class,load,placeholders] defineThreadQ threads:0x00007f8f4f008800, 
[0.062s][debug][class,load,placeholders] find_and_remove DEFINE_CLASS 'jdk/internal/module/ModuleHashes$HashSupplier', loader loader data: 0x00006000032ac000 of 'bootstrap', InstanceKlass 'jdk/internal/module/ModuleHashes$HashSupplier'
[0.062s][debug][class,load,placeholders] loadInstanceThreadQ threads:0x00007f8f4f008800, 
[0.062s][debug][class,load,placeholders] superThreadQ threads:
[0.062s][debug][class,load,placeholders] defineThreadQ threads:0x00007f8f4f008800, 
[0.062s][debug][class,load,placeholders] find_and_remove LOAD_INSTANCE 'jdk/internal/module/ModuleHashes$HashSupplier', loader loader data: 0x00006000032ac000 of 'bootstrap', InstanceKlass 'jdk/internal/module/ModuleHashes$HashSupplier'
[0.062s][debug][class,load,placeholders] loadInstanceThreadQ threads:0x00007f8f4f008800, 
[0.062s][debug][class,load,placeholders] superThreadQ threads:
[0.062s][debug][class,load,placeholders] defineThreadQ threads:
[0.062s][debug][class,load,placeholders] find_and_remove LOAD_SUPER 'jdk/internal/module/SystemModuleFinders$3', loader loader data: 0x00006000032ac000 of 'bootstrap', supername 'jdk/internal/module/ModuleHashes$HashSupplier'
[0.062s][debug][class,load,placeholders] loadInstanceThreadQ threads:0x00007f8f4f008800, 
[0.062s][debug][class,load,placeholders] superThreadQ threads:0x00007f8f4f008800, 
[0.062s][debug][class,load,placeholders] defineThreadQ threads:
[0.062s][trace][cds,unshareable        ] restore: jdk.internal.module.SystemModuleFinders$3
[0.062s][trace][class,loader,data      ] Adding k: 0x0000000130122c28 jdk.internal.module.SystemModuleFinders$3 to loader data: 0x00006000032ac000 of 'bootstrap'
[0.062s][debug][cds,mirror             ] jdk.internal.module.SystemModuleFinders$3 has raw archived mirror
[0.062s][debug][cds,heap               ] Clearing root 985: was 0x00000007ffb1abf0
[0.062s][debug][cds,mirror             ] Archived mirror is: 0x00000007ffb1abf0
[0.062s][trace][cds,heap,mirror        ] Restored jdk.internal.module.SystemModuleFinders$3 archived mirror 0x00000007ffb1abf0
[0.062s][info ][class,load             ] jdk.internal.module.SystemModuleFinders$3 source: shared objects file
[0.062s][debug][class,load             ]  klass: 0x0000000130122c28 super: 0x0000000130000db8 interfaces: 0x0000000130122e88 loader: [loader data: 0x00006000032ac000 of 'bootstrap']
[0.062s][debug][class,load,placeholders] find_and_add DEFINE_CLASS 'jdk/internal/module/SystemModuleFinders$3', loader loader data: 0x00006000032ac000 of 'bootstrap', supername 'jdk/internal/module/ModuleHashes$HashSupplier'
[0.062s][debug][class,load,placeholders] loadInstanceThreadQ threads:0x00007f8f4f008800, 
[0.062s][debug][class,load,placeholders] superThreadQ threads:
[0.062s][debug][class,load,placeholders] defineThreadQ threads:0x00007f8f4f008800, 
[0.062s][debug][class,load,placeholders] find_and_remove DEFINE_CLASS 'jdk/internal/module/SystemModuleFinders$3', loader loader data: 0x00006000032ac000 of 'bootstrap', supername 'jdk/internal/module/ModuleHashes$HashSupplier', InstanceKlass 'jdk/internal/module/SystemModuleFinders$3'
[0.062s][debug][class,load,placeholders] loadInstanceThreadQ threads:0x00007f8f4f008800, 
[0.062s][debug][class,load,placeholders] superThreadQ threads:
[0.062s][debug][class,load,placeholders] defineThreadQ threads:0x00007f8f4f008800, 
[0.062s][debug][class,load,placeholders] find_and_remove LOAD_INSTANCE 'jdk/internal/module/SystemModuleFinders$3', loader loader data: 0x00006000032ac000 of 'bootstrap', supername 'jdk/internal/module/ModuleHashes$HashSupplier', InstanceKlass 'jdk/internal/module/SystemModuleFinders$3'
[0.062s][debug][class,load,placeholders] loadInstanceThreadQ threads:0x00007f8f4f008800, 
[0.062s][debug][class,load,placeholders] superThreadQ threads:
[0.062s][debug][class,load,placeholders] defineThreadQ threads:
[0.062s][debug][class,load,placeholders] find_and_add LOAD_INSTANCE 'java/lang/module/ModuleDescriptor$Provides', loader loader data: 0x00006000032ac000 of 'bootstrap'
[0.062s][debug][class,load,placeholders] loadInstanceThreadQ threads:0x00007f8f4f008800, 
[0.062s][debug][class,load,placeholders] superThreadQ threads:
[0.062s][debug][class,load,placeholders] defineThreadQ threads:
[0.062s][trace][cds,unshareable        ] restore: java.lang.module.ModuleDescriptor$Provides
[0.062s][trace][class,loader,data      ] Adding k: 0x0000000130187460 java.lang.module.ModuleDescriptor$Provides to loader data: 0x00006000032ac000 of 'bootstrap'
[0.062s][debug][cds,mirror             ] java.lang.module.ModuleDescriptor$Provides has raw archived mirror
[0.062s][debug][cds,heap               ] Clearing root 950: was 0x00000007ffb19e58
[0.062s][debug][cds,mirror             ] Archived mirror is: 0x00000007ffb19e58
[0.062s][trace][cds,heap,mirror        ] Restored java.lang.module.ModuleDescriptor$Provides archived mirror 0x00000007ffb19e58
[0.062s][debug][cds,heap               ] Clearing root 951: was 0x00000007ffb19ec8
[0.062s][trace][cds,unshareable        ] restore: [Ljava.lang.module.ModuleDescriptor$Provides;
[0.062s][trace][class,loader,data      ] Adding k: 0x00000001301877e8 [Ljava.lang.module.ModuleDescriptor$Provides; to loader data: 0x00006000032ac000 of 'bootstrap'
[0.062s][debug][cds,mirror             ] [Ljava.lang.module.ModuleDescriptor$Provides; has raw archived mirror
[0.063s][debug][cds,heap               ] Clearing root 1005: was 0x00000007ffb1d5f8
[0.063s][debug][cds,mirror             ] Archived mirror is: 0x00000007ffb1d5f8
[0.063s][trace][cds,heap,mirror        ] Restored [Ljava.lang.module.ModuleDescriptor$Provides; archived mirror 0x00000007ffb1d5f8
[0.063s][info ][class,load             ] java.lang.module.ModuleDescriptor$Provides source: shared objects file
[0.063s][debug][class,load             ]  klass: 0x0000000130187460 super: 0x0000000130000db8 interfaces: 0x00000001300098f8 loader: [loader data: 0x00006000032ac000 of 'bootstrap']
[0.063s][debug][class,load,placeholders] find_and_add DEFINE_CLASS 'java/lang/module/ModuleDescriptor$Provides', loader loader data: 0x00006000032ac000 of 'bootstrap'
[0.063s][debug][class,load,placeholders] loadInstanceThreadQ threads:0x00007f8f4f008800, 
[0.063s][debug][class,load,placeholders] superThreadQ threads:
[0.063s][debug][class,load,placeholders] defineThreadQ threads:0x00007f8f4f008800, 
[0.063s][debug][class,load,placeholders] find_and_remove DEFINE_CLASS 'java/lang/module/ModuleDescriptor$Provides', loader loader data: 0x00006000032ac000 of 'bootstrap', InstanceKlass 'java/lang/module/ModuleDescriptor$Provides'
[0.063s][debug][class,load,placeholders] loadInstanceThreadQ threads:0x00007f8f4f008800, 
[0.063s][debug][class,load,placeholders] superThreadQ threads:
[0.063s][debug][class,load,placeholders] defineThreadQ threads:0x00007f8f4f008800, 
[0.063s][debug][class,load,placeholders] find_and_remove LOAD_INSTANCE 'java/lang/module/ModuleDescriptor$Provides', loader loader data: 0x00006000032ac000 of 'bootstrap', InstanceKlass 'java/lang/module/ModuleDescriptor$Provides'
[0.063s][debug][class,load,placeholders] loadInstanceThreadQ threads:0x00007f8f4f008800, 
[0.063s][debug][class,load,placeholders] superThreadQ threads:
[0.063s][debug][class,load,placeholders] defineThreadQ threads:
[0.063s][debug][class,load,placeholders] find_and_add LOAD_INSTANCE 'java/util/ImmutableCollections$List12', loader loader data: 0x00006000032ac000 of 'bootstrap'
[0.063s][debug][class,load,placeholders] loadInstanceThreadQ threads:0x00007f8f4f008800, 
[0.063s][debug][class,load,placeholders] superThreadQ threads:
[0.063s][debug][class,load,placeholders] defineThreadQ threads:
[0.063s][debug][class,load,placeholders] find_and_add LOAD_SUPER 'java/util/ImmutableCollections$List12', loader loader data: 0x00006000032ac000 of 'bootstrap', supername 'java/util/ImmutableCollections$AbstractImmutableList'
[0.063s][debug][class,load,placeholders] loadInstanceThreadQ threads:0x00007f8f4f008800, 
[0.063s][debug][class,load,placeholders] superThreadQ threads:0x00007f8f4f008800, 
[0.063s][debug][class,load,placeholders] defineThreadQ threads:
[0.063s][debug][class,load,placeholders] find_and_add LOAD_INSTANCE 'java/util/ImmutableCollections$AbstractImmutableList', loader loader data: 0x00006000032ac000 of 'bootstrap'
[0.063s][debug][class,load,placeholders] loadInstanceThreadQ threads:0x00007f8f4f008800, 
[0.063s][debug][class,load,placeholders] superThreadQ threads:
[0.063s][debug][class,load,placeholders] defineThreadQ threads:
[0.063s][trace][cds,unshareable        ] restore: java.util.ImmutableCollections$AbstractImmutableList
[0.063s][trace][class,loader,data      ] Adding k: 0x000000013007a300 java.util.ImmutableCollections$AbstractImmutableList to loader data: 0x00006000032ac000 of 'bootstrap'
[0.063s][debug][cds,mirror             ] java.util.ImmutableCollections$AbstractImmutableList has raw archived mirror
[0.063s][debug][cds,heap               ] Clearing root 760: was 0x00000007ffb14da8
[0.063s][debug][cds,mirror             ] Archived mirror is: 0x00000007ffb14da8
[0.063s][trace][cds,heap,mirror        ] Restored java.util.ImmutableCollections$AbstractImmutableList archived mirror 0x00000007ffb14da8
[0.063s][debug][cds,heap               ] Clearing root 761: was 0x00000007ffb14e18
[0.063s][info ][class,load             ] java.util.ImmutableCollections$AbstractImmutableList source: shared objects file
[0.063s][debug][class,load             ]  klass: 0x000000013007a300 super: 0x0000000130079f58 interfaces: 0x0000000130079598 0x0000000130079368 loader: [loader data: 0x00006000032ac000 of 'bootstrap']
[0.063s][debug][class,load,placeholders] find_and_add DEFINE_CLASS 'java/util/ImmutableCollections$AbstractImmutableList', loader loader data: 0x00006000032ac000 of 'bootstrap'
[0.063s][debug][class,load,placeholders] loadInstanceThreadQ threads:0x00007f8f4f008800, 
[0.063s][debug][class,load,placeholders] superThreadQ threads:
[0.063s][debug][class,load,placeholders] defineThreadQ threads:0x00007f8f4f008800, 
[0.063s][debug][class,load,placeholders] find_and_remove DEFINE_CLASS 'java/util/ImmutableCollections$AbstractImmutableList', loader loader data: 0x00006000032ac000 of 'bootstrap', InstanceKlass 'java/util/ImmutableCollections$AbstractImmutableList'
[0.063s][debug][class,load,placeholders] loadInstanceThreadQ threads:0x00007f8f4f008800, 
[0.063s][debug][class,load,placeholders] superThreadQ threads:
[0.063s][debug][class,load,placeholders] defineThreadQ threads:0x00007f8f4f008800, 
[0.063s][debug][class,load,placeholders] find_and_remove LOAD_INSTANCE 'java/util/ImmutableCollections$AbstractImmutableList', loader loader data: 0x00006000032ac000 of 'bootstrap', InstanceKlass 'java/util/ImmutableCollections$AbstractImmutableList'
[0.063s][debug][class,load,placeholders] loadInstanceThreadQ threads:0x00007f8f4f008800, 
[0.063s][debug][class,load,placeholders] superThreadQ threads:
[0.063s][debug][class,load,placeholders] defineThreadQ threads:
[0.063s][debug][class,load,placeholders] find_and_remove LOAD_SUPER 'java/util/ImmutableCollections$List12', loader loader data: 0x00006000032ac000 of 'bootstrap', supername 'java/util/ImmutableCollections$AbstractImmutableList'
[0.063s][debug][class,load,placeholders] loadInstanceThreadQ threads:0x00007f8f4f008800, 
[0.063s][debug][class,load,placeholders] superThreadQ threads:0x00007f8f4f008800, 
[0.063s][debug][class,load,placeholders] defineThreadQ threads:
[0.063s][trace][cds,unshareable        ] restore: java.util.ImmutableCollections$List12
[0.063s][trace][class,loader,data      ] Adding k: 0x000000013007a800 java.util.ImmutableCollections$List12 to loader data: 0x00006000032ac000 of 'bootstrap'
[0.063s][debug][cds,mirror             ] java.util.ImmutableCollections$List12 has raw archived mirror
[0.063s][debug][cds,heap               ] Clearing root 717: was 0x00000007ffb13d58
[0.063s][debug][cds,mirror             ] Archived mirror is: 0x00000007ffb13d58
[0.063s][trace][cds,heap,mirror        ] Restored java.util.ImmutableCollections$List12 archived mirror 0x00000007ffb13d58
[0.063s][debug][cds,heap               ] Clearing root 718: was 0x00000007ffb13dc8
[0.063s][info ][class,load             ] java.util.ImmutableCollections$List12 source: shared objects file
[0.063s][debug][class,load             ]  klass: 0x000000013007a800 super: 0x000000013007a300 interfaces: 0x00000001300037c0 loader: [loader data: 0x00006000032ac000 of 'bootstrap']
[0.063s][debug][class,load,placeholders] find_and_add DEFINE_CLASS 'java/util/ImmutableCollections$List12', loader loader data: 0x00006000032ac000 of 'bootstrap', supername 'java/util/ImmutableCollections$AbstractImmutableList'
[0.063s][debug][class,load,placeholders] loadInstanceThreadQ threads:0x00007f8f4f008800, 
[0.063s][debug][class,load,placeholders] superThreadQ threads:
[0.063s][debug][class,load,placeholders] defineThreadQ threads:0x00007f8f4f008800, 
[0.063s][debug][class,load,placeholders] find_and_remove DEFINE_CLASS 'java/util/ImmutableCollections$List12', loader loader data: 0x00006000032ac000 of 'bootstrap', supername 'java/util/ImmutableCollections$AbstractImmutableList', InstanceKlass 'java/util/ImmutableCollections$List12'
[0.063s][debug][class,load,placeholders] loadInstanceThreadQ threads:0x00007f8f4f008800, 
[0.063s][debug][class,load,placeholders] superThreadQ threads:
[0.063s][debug][class,load,placeholders] defineThreadQ threads:0x00007f8f4f008800, 
[0.063s][debug][class,load,placeholders] find_and_remove LOAD_INSTANCE 'java/util/ImmutableCollections$List12', loader loader data: 0x00006000032ac000 of 'bootstrap', supername 'java/util/ImmutableCollections$AbstractImmutableList', InstanceKlass 'java/util/ImmutableCollections$List12'
[0.063s][debug][class,load,placeholders] loadInstanceThreadQ threads:0x00007f8f4f008800, 
[0.063s][debug][class,load,placeholders] superThreadQ threads:
[0.063s][debug][class,load,placeholders] defineThreadQ threads:
[0.063s][debug][class,load,placeholders] find_and_add LOAD_INSTANCE 'java/lang/module/ModuleDescriptor$Opens', loader loader data: 0x00006000032ac000 of 'bootstrap'
[0.063s][debug][class,load,placeholders] loadInstanceThreadQ threads:0x00007f8f4f008800, 
[0.063s][debug][class,load,placeholders] superThreadQ threads:
[0.063s][debug][class,load,placeholders] defineThreadQ threads:
[0.063s][trace][cds,unshareable        ] restore: java.lang.module.ModuleDescriptor$Opens
[0.063s][trace][class,loader,data      ] Adding k: 0x000000013016a6b8 java.lang.module.ModuleDescriptor$Opens to loader data: 0x00006000032ac000 of 'bootstrap'
[0.063s][debug][cds,mirror             ] java.lang.module.ModuleDescriptor$Opens has raw archived mirror
[0.063s][debug][cds,heap               ] Clearing root 450: was 0x00000007ffb0c958
[0.063s][debug][cds,mirror             ] Archived mirror is: 0x00000007ffb0c958
[0.063s][trace][cds,heap,mirror        ] Restored java.lang.module.ModuleDescriptor$Opens archived mirror 0x00000007ffb0c958
[0.063s][debug][cds,heap               ] Clearing root 451: was 0x00000007ffb0c9c8
[0.063s][trace][cds,unshareable        ] restore: [Ljava.lang.module.ModuleDescriptor$Opens;
[0.063s][trace][class,loader,data      ] Adding k: 0x000000013016cdc0 [Ljava.lang.module.ModuleDescriptor$Opens; to loader data: 0x00006000032ac000 of 'bootstrap'
[0.064s][debug][cds,mirror             ] [Ljava.lang.module.ModuleDescriptor$Opens; has raw archived mirror
[0.064s][debug][cds,heap               ] Clearing root 1003: was 0x00000007ffb1d518
[0.064s][debug][cds,mirror             ] Archived mirror is: 0x00000007ffb1d518
[0.064s][trace][cds,heap,mirror        ] Restored [Ljava.lang.module.ModuleDescriptor$Opens; archived mirror 0x00000007ffb1d518
[0.064s][info ][class,load             ] java.lang.module.ModuleDescriptor$Opens source: shared objects file
[0.064s][debug][class,load             ]  klass: 0x000000013016a6b8 super: 0x0000000130000db8 interfaces: 0x00000001300098f8 loader: [loader data: 0x00006000032ac000 of 'bootstrap']
[0.064s][debug][class,load,placeholders] find_and_add DEFINE_CLASS 'java/lang/module/ModuleDescriptor$Opens', loader loader data: 0x00006000032ac000 of 'bootstrap'
[0.064s][debug][class,load,placeholders] loadInstanceThreadQ threads:0x00007f8f4f008800, 
[0.064s][debug][class,load,placeholders] superThreadQ threads:
[0.064s][debug][class,load,placeholders] defineThreadQ threads:0x00007f8f4f008800, 
[0.064s][debug][class,load,placeholders] find_and_remove DEFINE_CLASS 'java/lang/module/ModuleDescriptor$Opens', loader loader data: 0x00006000032ac000 of 'bootstrap', InstanceKlass 'java/lang/module/ModuleDescriptor$Opens'
[0.064s][debug][class,load,placeholders] loadInstanceThreadQ threads:0x00007f8f4f008800, 
[0.064s][debug][class,load,placeholders] superThreadQ threads:
[0.064s][debug][class,load,placeholders] defineThreadQ threads:0x00007f8f4f008800, 
[0.064s][debug][class,load,placeholders] find_and_remove LOAD_INSTANCE 'java/lang/module/ModuleDescriptor$Opens', loader loader data: 0x00006000032ac000 of 'bootstrap', InstanceKlass 'java/lang/module/ModuleDescriptor$Opens'
[0.064s][debug][class,load,placeholders] loadInstanceThreadQ threads:0x00007f8f4f008800, 
[0.064s][debug][class,load,placeholders] superThreadQ threads:
[0.064s][debug][class,load,placeholders] defineThreadQ threads:
[0.064s][debug][class,load,placeholders] find_and_add LOAD_INSTANCE 'java/util/ImmutableCollections$ListN', loader loader data: 0x00006000032ac000 of 'bootstrap'
[0.064s][debug][class,load,placeholders] loadInstanceThreadQ threads:0x00007f8f4f008800, 
[0.064s][debug][class,load,placeholders] superThreadQ threads:
[0.064s][debug][class,load,placeholders] defineThreadQ threads:
[0.064s][trace][cds,unshareable        ] restore: java.util.ImmutableCollections$ListN
[0.064s][trace][class,loader,data      ] Adding k: 0x00000001301e0ea0 java.util.ImmutableCollections$ListN to loader data: 0x00006000032ac000 of 'bootstrap'
[0.064s][debug][cds,mirror             ] java.util.ImmutableCollections$ListN has raw archived mirror
[0.064s][debug][cds,heap               ] Clearing root 719: was 0x00000007ffb13de0
[0.064s][debug][cds,mirror             ] Archived mirror is: 0x00000007ffb13de0
[0.064s][trace][cds,heap,mirror        ] Restored java.util.ImmutableCollections$ListN archived mirror 0x00000007ffb13de0
[0.064s][debug][cds,heap               ] Clearing root 720: was 0x00000007ffb13e50
[0.064s][info ][class,load             ] java.util.ImmutableCollections$ListN source: shared objects file
[0.064s][debug][class,load             ]  klass: 0x00000001301e0ea0 super: 0x000000013007a300 interfaces: 0x00000001300037c0 loader: [loader data: 0x00006000032ac000 of 'bootstrap']
[0.064s][debug][class,load,placeholders] find_and_add DEFINE_CLASS 'java/util/ImmutableCollections$ListN', loader loader data: 0x00006000032ac000 of 'bootstrap'
[0.064s][debug][class,load,placeholders] loadInstanceThreadQ threads:0x00007f8f4f008800, 
[0.064s][debug][class,load,placeholders] superThreadQ threads:
[0.064s][debug][class,load,placeholders] defineThreadQ threads:0x00007f8f4f008800, 
[0.064s][debug][class,load,placeholders] find_and_remove DEFINE_CLASS 'java/util/ImmutableCollections$ListN', loader loader data: 0x00006000032ac000 of 'bootstrap', InstanceKlass 'java/util/ImmutableCollections$ListN'
[0.064s][debug][class,load,placeholders] loadInstanceThreadQ threads:0x00007f8f4f008800, 
[0.064s][debug][class,load,placeholders] superThreadQ threads:
[0.064s][debug][class,load,placeholders] defineThreadQ threads:0x00007f8f4f008800, 
[0.064s][debug][class,load,placeholders] find_and_remove LOAD_INSTANCE 'java/util/ImmutableCollections$ListN', loader loader data: 0x00006000032ac000 of 'bootstrap', InstanceKlass 'java/util/ImmutableCollections$ListN'
[0.064s][debug][class,load,placeholders] loadInstanceThreadQ threads:0x00007f8f4f008800, 
[0.064s][debug][class,load,placeholders] superThreadQ threads:
[0.064s][debug][class,load,placeholders] defineThreadQ threads:
[0.064s][debug][class,load,placeholders] find_and_add LOAD_INSTANCE 'jdk/internal/module/ModuleTarget', loader loader data: 0x00006000032ac000 of 'bootstrap'
[0.064s][debug][class,load,placeholders] loadInstanceThreadQ threads:0x00007f8f4f008800, 
[0.064s][debug][class,load,placeholders] superThreadQ threads:
[0.064s][debug][class,load,placeholders] defineThreadQ threads:
[0.064s][trace][cds,unshareable        ] restore: jdk.internal.module.ModuleTarget
[0.064s][trace][class,loader,data      ] Adding k: 0x00000001302111e0 jdk.internal.module.ModuleTarget to loader data: 0x00006000032ac000 of 'bootstrap'
[0.064s][debug][cds,mirror             ] jdk.internal.module.ModuleTarget has raw archived mirror
[0.064s][debug][cds,heap               ] Clearing root 973: was 0x00000007ffb1a650
[0.064s][debug][cds,mirror             ] Archived mirror is: 0x00000007ffb1a650
[0.064s][trace][cds,heap,mirror        ] Restored jdk.internal.module.ModuleTarget archived mirror 0x00000007ffb1a650
[0.064s][trace][cds,unshareable        ] restore: [Ljdk.internal.module.ModuleTarget;
[0.064s][trace][class,loader,data      ] Adding k: 0x0000000130211418 [Ljdk.internal.module.ModuleTarget; to loader data: 0x00006000032ac000 of 'bootstrap'
[0.064s][debug][cds,mirror             ] [Ljdk.internal.module.ModuleTarget; has raw archived mirror
[0.064s][debug][cds,heap               ] Clearing root 987: was 0x00000007ffb1acd0
[0.064s][debug][cds,mirror             ] Archived mirror is: 0x00000007ffb1acd0
[0.064s][trace][cds,heap,mirror        ] Restored [Ljdk.internal.module.ModuleTarget; archived mirror 0x00000007ffb1acd0
[0.064s][info ][class,load             ] jdk.internal.module.ModuleTarget source: shared objects file
[0.064s][debug][class,load             ]  klass: 0x00000001302111e0 super: 0x0000000130000db8 loader: [loader data: 0x00006000032ac000 of 'bootstrap']
[0.064s][debug][class,load,placeholders] find_and_add DEFINE_CLASS 'jdk/internal/module/ModuleTarget', loader loader data: 0x00006000032ac000 of 'bootstrap'
[0.064s][debug][class,load,placeholders] loadInstanceThreadQ threads:0x00007f8f4f008800, 
[0.064s][debug][class,load,placeholders] superThreadQ threads:
[0.064s][debug][class,load,placeholders] defineThreadQ threads:0x00007f8f4f008800, 
[0.064s][debug][class,load,placeholders] find_and_remove DEFINE_CLASS 'jdk/internal/module/ModuleTarget', loader loader data: 0x00006000032ac000 of 'bootstrap', InstanceKlass 'jdk/internal/module/ModuleTarget'
[0.064s][debug][class,load,placeholders] loadInstanceThreadQ threads:0x00007f8f4f008800, 
[0.064s][debug][class,load,placeholders] superThreadQ threads:
[0.064s][debug][class,load,placeholders] defineThreadQ threads:0x00007f8f4f008800, 
[0.064s][debug][class,load,placeholders] find_and_remove LOAD_INSTANCE 'jdk/internal/module/ModuleTarget', loader loader data: 0x00006000032ac000 of 'bootstrap', InstanceKlass 'jdk/internal/module/ModuleTarget'
[0.064s][debug][class,load,placeholders] loadInstanceThreadQ threads:0x00007f8f4f008800, 
[0.064s][debug][class,load,placeholders] superThreadQ threads:
[0.064s][debug][class,load,placeholders] defineThreadQ threads:
[0.064s][debug][class,load,placeholders] find_and_add LOAD_INSTANCE 'jdk/internal/module/ModuleHashes', loader loader data: 0x00006000032ac000 of 'bootstrap'
[0.064s][debug][class,load,placeholders] loadInstanceThreadQ threads:0x00007f8f4f008800, 
[0.064s][debug][class,load,placeholders] superThreadQ threads:
[0.064s][debug][class,load,placeholders] defineThreadQ threads:
[0.064s][trace][cds,unshareable        ] restore: jdk.internal.module.ModuleHashes
[0.064s][trace][class,loader,data      ] Adding k: 0x000000013018e060 jdk.internal.module.ModuleHashes to loader data: 0x00006000032ac000 of 'bootstrap'
[0.064s][debug][cds,mirror             ] jdk.internal.module.ModuleHashes has raw archived mirror
[0.064s][debug][cds,heap               ] Clearing root 974: was 0x00000007ffb1a6c0
[0.064s][debug][cds,mirror             ] Archived mirror is: 0x00000007ffb1a6c0
[0.064s][trace][cds,heap,mirror        ] Restored jdk.internal.module.ModuleHashes archived mirror 0x00000007ffb1a6c0
[0.064s][debug][cds,heap               ] Clearing root 975: was 0x00000007ffb1a730
[0.064s][trace][cds,unshareable        ] restore: [Ljdk.internal.module.ModuleHashes;
[0.064s][trace][class,loader,data      ] Adding k: 0x000000013018e298 [Ljdk.internal.module.ModuleHashes; to loader data: 0x00006000032ac000 of 'bootstrap'
[0.064s][debug][cds,mirror             ] [Ljdk.internal.module.ModuleHashes; has raw archived mirror
[0.064s][debug][cds,heap               ] Clearing root 988: was 0x00000007ffb1ad40
[0.064s][debug][cds,mirror             ] Archived mirror is: 0x00000007ffb1ad40
[0.064s][trace][cds,heap,mirror        ] Restored [Ljdk.internal.module.ModuleHashes; archived mirror 0x00000007ffb1ad40
[0.064s][info ][class,load             ] jdk.internal.module.ModuleHashes source: shared objects file
[0.064s][debug][class,load             ]  klass: 0x000000013018e060 super: 0x0000000130000db8 loader: [loader data: 0x00006000032ac000 of 'bootstrap']
[0.064s][debug][class,load,placeholders] find_and_add DEFINE_CLASS 'jdk/internal/module/ModuleHashes', loader loader data: 0x00006000032ac000 of 'bootstrap'
[0.064s][debug][class,load,placeholders] loadInstanceThreadQ threads:0x00007f8f4f008800, 
[0.064s][debug][class,load,placeholders] superThreadQ threads:
[0.064s][debug][class,load,placeholders] defineThreadQ threads:0x00007f8f4f008800, 
[0.065s][debug][class,load,placeholders] find_and_remove DEFINE_CLASS 'jdk/internal/module/ModuleHashes', loader loader data: 0x00006000032ac000 of 'bootstrap', InstanceKlass 'jdk/internal/module/ModuleHashes'
[0.065s][debug][class,load,placeholders] loadInstanceThreadQ threads:0x00007f8f4f008800, 
[0.065s][debug][class,load,placeholders] superThreadQ threads:
[0.065s][debug][class,load,placeholders] defineThreadQ threads:0x00007f8f4f008800, 
[0.065s][debug][class,load,placeholders] find_and_remove LOAD_INSTANCE 'jdk/internal/module/ModuleHashes', loader loader data: 0x00006000032ac000 of 'bootstrap', InstanceKlass 'jdk/internal/module/ModuleHashes'
[0.065s][debug][class,load,placeholders] loadInstanceThreadQ threads:0x00007f8f4f008800, 
[0.065s][debug][class,load,placeholders] superThreadQ threads:
[0.065s][debug][class,load,placeholders] defineThreadQ threads:
[0.065s][debug][class,load,placeholders] find_and_add LOAD_INSTANCE 'java/util/Collections$UnmodifiableMap', loader loader data: 0x00006000032ac000 of 'bootstrap'
[0.065s][debug][class,load,placeholders] loadInstanceThreadQ threads:0x00007f8f4f008800, 
[0.065s][debug][class,load,placeholders] superThreadQ threads:
[0.065s][debug][class,load,placeholders] defineThreadQ threads:
[0.065s][trace][cds,unshareable        ] restore: java.util.Collections$UnmodifiableMap
[0.065s][trace][class,loader,data      ] Adding k: 0x000000013018da40 java.util.Collections$UnmodifiableMap to loader data: 0x00006000032ac000 of 'bootstrap'
[0.065s][debug][cds,mirror             ] java.util.Collections$UnmodifiableMap has raw archived mirror
[0.065s][debug][cds,heap               ] Clearing root 909: was 0x00000007ffb18d18
[0.065s][debug][cds,mirror             ] Archived mirror is: 0x00000007ffb18d18
[0.065s][trace][cds,heap,mirror        ] Restored java.util.Collections$UnmodifiableMap archived mirror 0x00000007ffb18d18
[0.065s][info ][class,load             ] java.util.Collections$UnmodifiableMap source: shared objects file
[0.065s][debug][class,load             ]  klass: 0x000000013018da40 super: 0x0000000130000db8 interfaces: 0x0000000130015150 0x00000001300037c0 loader: [loader data: 0x00006000032ac000 of 'bootstrap']
[0.065s][debug][class,load,placeholders] find_and_add DEFINE_CLASS 'java/util/Collections$UnmodifiableMap', loader loader data: 0x00006000032ac000 of 'bootstrap'
[0.065s][debug][class,load,placeholders] loadInstanceThreadQ threads:0x00007f8f4f008800, 
[0.065s][debug][class,load,placeholders] superThreadQ threads:
[0.065s][debug][class,load,placeholders] defineThreadQ threads:0x00007f8f4f008800, 
[0.065s][debug][class,load,placeholders] find_and_remove DEFINE_CLASS 'java/util/Collections$UnmodifiableMap', loader loader data: 0x00006000032ac000 of 'bootstrap', InstanceKlass 'java/util/Collections$UnmodifiableMap'
[0.065s][debug][class,load,placeholders] loadInstanceThreadQ threads:0x00007f8f4f008800, 
[0.065s][debug][class,load,placeholders] superThreadQ threads:
[0.065s][debug][class,load,placeholders] defineThreadQ threads:0x00007f8f4f008800, 
[0.065s][debug][class,load,placeholders] find_and_remove LOAD_INSTANCE 'java/util/Collections$UnmodifiableMap', loader loader data: 0x00006000032ac000 of 'bootstrap', InstanceKlass 'java/util/Collections$UnmodifiableMap'
[0.065s][debug][class,load,placeholders] loadInstanceThreadQ threads:0x00007f8f4f008800, 
[0.065s][debug][class,load,placeholders] superThreadQ threads:
[0.065s][debug][class,load,placeholders] defineThreadQ threads:
[0.065s][debug][class,load,placeholders] find_and_add LOAD_INSTANCE 'java/util/HashMap', loader loader data: 0x00006000032ac000 of 'bootstrap'
[0.065s][debug][class,load,placeholders] loadInstanceThreadQ threads:0x00007f8f4f008800, 
[0.065s][debug][class,load,placeholders] superThreadQ threads:
[0.065s][debug][class,load,placeholders] defineThreadQ threads:
[0.065s][trace][cds,unshareable        ] restore: java.util.HashMap
[0.065s][trace][class,loader,data      ] Adding k: 0x00000001300c1f80 java.util.HashMap to loader data: 0x00006000032ac000 of 'bootstrap'
[0.065s][debug][cds,mirror             ] java.util.HashMap has raw archived mirror
[0.065s][debug][cds,heap               ] Clearing root 360: was 0x00000007ffb0a388
[0.065s][debug][cds,mirror             ] Archived mirror is: 0x00000007ffb0a388
[0.065s][trace][cds,heap,mirror        ] Restored java.util.HashMap archived mirror 0x00000007ffb0a388
[0.065s][debug][cds,heap               ] Clearing root 361: was 0x00000007ffb0a418
[0.065s][info ][class,load             ] java.util.HashMap source: shared objects file
[0.065s][debug][class,load             ]  klass: 0x00000001300c1f80 super: 0x00000001300535d0 interfaces: 0x0000000130015150 0x0000000130000b88 0x00000001300037c0 loader: [loader data: 0x00006000032ac000 of 'bootstrap']
[0.065s][debug][class,load,placeholders] find_and_add DEFINE_CLASS 'java/util/HashMap', loader loader data: 0x00006000032ac000 of 'bootstrap'
[0.065s][debug][class,load,placeholders] loadInstanceThreadQ threads:0x00007f8f4f008800, 
[0.065s][debug][class,load,placeholders] superThreadQ threads:
[0.065s][debug][class,load,placeholders] defineThreadQ threads:0x00007f8f4f008800, 
[0.065s][debug][class,load,placeholders] find_and_remove DEFINE_CLASS 'java/util/HashMap', loader loader data: 0x00006000032ac000 of 'bootstrap', InstanceKlass 'java/util/HashMap'
[0.065s][debug][class,load,placeholders] loadInstanceThreadQ threads:0x00007f8f4f008800, 
[0.065s][debug][class,load,placeholders] superThreadQ threads:
[0.065s][debug][class,load,placeholders] defineThreadQ threads:0x00007f8f4f008800, 
[0.065s][debug][class,load,placeholders] find_and_remove LOAD_INSTANCE 'java/util/HashMap', loader loader data: 0x00006000032ac000 of 'bootstrap', InstanceKlass 'java/util/HashMap'
[0.065s][debug][class,load,placeholders] loadInstanceThreadQ threads:0x00007f8f4f008800, 
[0.065s][debug][class,load,placeholders] superThreadQ threads:
[0.065s][debug][class,load,placeholders] defineThreadQ threads:
[0.065s][debug][class,load,placeholders] find_and_add LOAD_INSTANCE 'java/util/HashMap$Node', loader loader data: 0x00006000032ac000 of 'bootstrap'
[0.065s][debug][class,load,placeholders] loadInstanceThreadQ threads:0x00007f8f4f008800, 
[0.065s][debug][class,load,placeholders] superThreadQ threads:
[0.065s][debug][class,load,placeholders] defineThreadQ threads:
[0.065s][debug][class,load,placeholders] find_and_add LOAD_SUPER 'java/util/HashMap$Node', loader loader data: 0x00006000032ac000 of 'bootstrap', supername 'java/util/Map$Entry'
[0.065s][debug][class,load,placeholders] loadInstanceThreadQ threads:0x00007f8f4f008800, 
[0.065s][debug][class,load,placeholders] superThreadQ threads:0x00007f8f4f008800, 
[0.065s][debug][class,load,placeholders] defineThreadQ threads:
[0.065s][debug][class,load,placeholders] find_and_add LOAD_INSTANCE 'java/util/Map$Entry', loader loader data: 0x00006000032ac000 of 'bootstrap'
[0.065s][debug][class,load,placeholders] loadInstanceThreadQ threads:0x00007f8f4f008800, 
[0.065s][debug][class,load,placeholders] superThreadQ threads:
[0.065s][debug][class,load,placeholders] defineThreadQ threads:
[0.065s][trace][cds,unshareable        ] restore: java.util.Map$Entry
[0.065s][trace][class,loader,data      ] Adding k: 0x000000013001b1c0 java.util.Map$Entry to loader data: 0x00006000032ac000 of 'bootstrap'
[0.065s][debug][cds,mirror             ] java.util.Map$Entry has raw archived mirror
[0.065s][debug][cds,heap               ] Clearing root 368: was 0x00000007ffb0a680
[0.065s][debug][cds,mirror             ] Archived mirror is: 0x00000007ffb0a680
[0.065s][trace][cds,heap,mirror        ] Restored java.util.Map$Entry archived mirror 0x00000007ffb0a680
[0.065s][debug][cds,heap               ] Clearing root 369: was 0x00000007ffb0a6f0
[0.065s][trace][cds,unshareable        ] restore: [Ljava.util.Map$Entry;
[0.065s][trace][class,loader,data      ] Adding k: 0x000000013001b750 [Ljava.util.Map$Entry; to loader data: 0x00006000032ac000 of 'bootstrap'
[0.065s][debug][cds,mirror             ] [Ljava.util.Map$Entry; has raw archived mirror
[0.065s][debug][cds,heap               ] Clearing root 501: was 0x00000007ffb0ddb0
[0.065s][debug][cds,mirror             ] Archived mirror is: 0x00000007ffb0ddb0
[0.065s][trace][cds,heap,mirror        ] Restored [Ljava.util.Map$Entry; archived mirror 0x00000007ffb0ddb0
[0.065s][info ][class,load             ] java.util.Map$Entry source: shared objects file
[0.065s][debug][class,load             ]  klass: 0x000000013001b1c0 super: 0x0000000130000db8 loader: [loader data: 0x00006000032ac000 of 'bootstrap']
[0.065s][debug][class,load,placeholders] find_and_add DEFINE_CLASS 'java/util/Map$Entry', loader loader data: 0x00006000032ac000 of 'bootstrap'
[0.065s][debug][class,load,placeholders] loadInstanceThreadQ threads:0x00007f8f4f008800, 
[0.065s][debug][class,load,placeholders] superThreadQ threads:
[0.065s][debug][class,load,placeholders] defineThreadQ threads:0x00007f8f4f008800, 
[0.065s][debug][class,load,placeholders] find_and_remove DEFINE_CLASS 'java/util/Map$Entry', loader loader data: 0x00006000032ac000 of 'bootstrap', InstanceKlass 'java/util/Map$Entry'
[0.065s][debug][class,load,placeholders] loadInstanceThreadQ threads:0x00007f8f4f008800, 
[0.065s][debug][class,load,placeholders] superThreadQ threads:
[0.066s][debug][class,load,placeholders] defineThreadQ threads:0x00007f8f4f008800, 
[0.066s][debug][class,load,placeholders] find_and_remove LOAD_INSTANCE 'java/util/Map$Entry', loader loader data: 0x00006000032ac000 of 'bootstrap', InstanceKlass 'java/util/Map$Entry'
[0.066s][debug][class,load,placeholders] loadInstanceThreadQ threads:0x00007f8f4f008800, 
[0.066s][debug][class,load,placeholders] superThreadQ threads:
[0.066s][debug][class,load,placeholders] defineThreadQ threads:
[0.066s][debug][class,load,placeholders] find_and_remove LOAD_SUPER 'java/util/HashMap$Node', loader loader data: 0x00006000032ac000 of 'bootstrap', supername 'java/util/Map$Entry'
[0.066s][debug][class,load,placeholders] loadInstanceThreadQ threads:0x00007f8f4f008800, 
[0.066s][debug][class,load,placeholders] superThreadQ threads:0x00007f8f4f008800, 
[0.066s][debug][class,load,placeholders] defineThreadQ threads:
[0.066s][trace][cds,unshareable        ] restore: java.util.HashMap$Node
[0.066s][trace][class,loader,data      ] Adding k: 0x0000000130155ff8 java.util.HashMap$Node to loader data: 0x00006000032ac000 of 'bootstrap'
[0.066s][debug][cds,mirror             ] java.util.HashMap$Node has raw archived mirror
[0.066s][debug][cds,heap               ] Clearing root 807: was 0x00000007ffb16270
[0.066s][debug][cds,mirror             ] Archived mirror is: 0x00000007ffb16270
[0.066s][trace][cds,heap,mirror        ] Restored java.util.HashMap$Node archived mirror 0x00000007ffb16270
[0.066s][debug][cds,heap               ] Clearing root 809: was 0x00000007ffb162e0
[0.066s][trace][cds,unshareable        ] restore: [Ljava.util.HashMap$Node;
[0.066s][trace][class,loader,data      ] Adding k: 0x0000000130156a28 [Ljava.util.HashMap$Node; to loader data: 0x00006000032ac000 of 'bootstrap'
[0.066s][debug][cds,mirror             ] [Ljava.util.HashMap$Node; has raw archived mirror
[0.066s][debug][cds,heap               ] Clearing root 808: was 0x00000007ffb16200
[0.066s][debug][cds,mirror             ] Archived mirror is: 0x00000007ffb16200
[0.066s][trace][cds,heap,mirror        ] Restored [Ljava.util.HashMap$Node; archived mirror 0x00000007ffb16200
[0.066s][info ][class,load             ] java.util.HashMap$Node source: shared objects file
[0.066s][debug][class,load             ]  klass: 0x0000000130155ff8 super: 0x0000000130000db8 interfaces: 0x000000013001b1c0 loader: [loader data: 0x00006000032ac000 of 'bootstrap']
[0.066s][debug][class,load,placeholders] find_and_add DEFINE_CLASS 'java/util/HashMap$Node', loader loader data: 0x00006000032ac000 of 'bootstrap', supername 'java/util/Map$Entry'
[0.066s][debug][class,load,placeholders] loadInstanceThreadQ threads:0x00007f8f4f008800, 
[0.066s][debug][class,load,placeholders] superThreadQ threads:
[0.066s][debug][class,load,placeholders] defineThreadQ threads:0x00007f8f4f008800, 
[0.066s][debug][class,load,placeholders] find_and_remove DEFINE_CLASS 'java/util/HashMap$Node', loader loader data: 0x00006000032ac000 of 'bootstrap', supername 'java/util/Map$Entry', InstanceKlass 'java/util/HashMap$Node'
[0.066s][debug][class,load,placeholders] loadInstanceThreadQ threads:0x00007f8f4f008800, 
[0.066s][debug][class,load,placeholders] superThreadQ threads:
[0.066s][debug][class,load,placeholders] defineThreadQ threads:0x00007f8f4f008800, 
[0.066s][debug][class,load,placeholders] find_and_remove LOAD_INSTANCE 'java/util/HashMap$Node', loader loader data: 0x00006000032ac000 of 'bootstrap', supername 'java/util/Map$Entry', InstanceKlass 'java/util/HashMap$Node'
[0.066s][debug][class,load,placeholders] loadInstanceThreadQ threads:0x00007f8f4f008800, 
[0.066s][debug][class,load,placeholders] superThreadQ threads:
[0.066s][debug][class,load,placeholders] defineThreadQ threads:
[0.066s][debug][class,load,placeholders] find_and_add LOAD_INSTANCE 'java/lang/module/Configuration', loader loader data: 0x00006000032ac000 of 'bootstrap'
[0.066s][debug][class,load,placeholders] loadInstanceThreadQ threads:0x00007f8f4f008800, 
[0.066s][debug][class,load,placeholders] superThreadQ threads:
[0.066s][debug][class,load,placeholders] defineThreadQ threads:
[0.066s][trace][cds,unshareable        ] restore: java.lang.module.Configuration
[0.066s][trace][class,loader,data      ] Adding k: 0x00000001301892f8 java.lang.module.Configuration to loader data: 0x00006000032ac000 of 'bootstrap'
[0.066s][debug][cds,mirror             ] java.lang.module.Configuration has raw archived mirror
[0.066s][debug][cds,heap               ] Clearing root 528: was 0x00000007ffb0e688
[0.066s][debug][cds,mirror             ] Archived mirror is: 0x00000007ffb0e688
[0.066s][trace][cds,heap,mirror        ] Restored java.lang.module.Configuration archived mirror 0x00000007ffb0e688
[0.066s][debug][cds,heap               ] Clearing root 529: was 0x00000007ffb0e700
[0.066s][info ][class,load             ] java.lang.module.Configuration source: shared objects file
[0.066s][debug][class,load             ]  klass: 0x00000001301892f8 super: 0x0000000130000db8 loader: [loader data: 0x00006000032ac000 of 'bootstrap']
[0.066s][debug][class,load,placeholders] find_and_add DEFINE_CLASS 'java/lang/module/Configuration', loader loader data: 0x00006000032ac000 of 'bootstrap'
[0.066s][debug][class,load,placeholders] loadInstanceThreadQ threads:0x00007f8f4f008800, 
[0.066s][debug][class,load,placeholders] superThreadQ threads:
[0.066s][debug][class,load,placeholders] defineThreadQ threads:0x00007f8f4f008800, 
[0.066s][debug][class,load,placeholders] find_and_remove DEFINE_CLASS 'java/lang/module/Configuration', loader loader data: 0x00006000032ac000 of 'bootstrap', InstanceKlass 'java/lang/module/Configuration'
[0.066s][debug][class,load,placeholders] loadInstanceThreadQ threads:0x00007f8f4f008800, 
[0.066s][debug][class,load,placeholders] superThreadQ threads:
[0.066s][debug][class,load,placeholders] defineThreadQ threads:0x00007f8f4f008800, 
[0.066s][debug][class,load,placeholders] find_and_remove LOAD_INSTANCE 'java/lang/module/Configuration', loader loader data: 0x00006000032ac000 of 'bootstrap', InstanceKlass 'java/lang/module/Configuration'
[0.066s][debug][class,load,placeholders] loadInstanceThreadQ threads:0x00007f8f4f008800, 
[0.066s][debug][class,load,placeholders] superThreadQ threads:
[0.066s][debug][class,load,placeholders] defineThreadQ threads:
[0.066s][debug][class,load,placeholders] find_and_add LOAD_INSTANCE 'java/lang/module/ResolvedModule', loader loader data: 0x00006000032ac000 of 'bootstrap'
[0.066s][debug][class,load,placeholders] loadInstanceThreadQ threads:0x00007f8f4f008800, 
[0.066s][debug][class,load,placeholders] superThreadQ threads:
[0.066s][debug][class,load,placeholders] defineThreadQ threads:
[0.066s][trace][cds,unshareable        ] restore: java.lang.module.ResolvedModule
[0.066s][trace][class,loader,data      ] Adding k: 0x000000013018be68 java.lang.module.ResolvedModule to loader data: 0x00006000032ac000 of 'bootstrap'
[0.066s][debug][cds,mirror             ] java.lang.module.ResolvedModule has raw archived mirror
[0.066s][debug][cds,heap               ] Clearing root 530: was 0x00000007ffb0e760
[0.066s][debug][cds,mirror             ] Archived mirror is: 0x00000007ffb0e760
[0.066s][trace][cds,heap,mirror        ] Restored java.lang.module.ResolvedModule archived mirror 0x00000007ffb0e760
[0.066s][debug][cds,heap               ] Clearing root 531: was 0x00000007ffb0e7d0
[0.066s][trace][cds,unshareable        ] restore: [Ljava.lang.module.ResolvedModule;
[0.066s][trace][class,loader,data      ] Adding k: 0x000000013018c490 [Ljava.lang.module.ResolvedModule; to loader data: 0x00006000032ac000 of 'bootstrap'
[0.066s][debug][cds,mirror             ] [Ljava.lang.module.ResolvedModule; has raw archived mirror
[0.066s][debug][cds,heap               ] Clearing root 532: was 0x00000007ffb0e7e8
[0.066s][debug][cds,mirror             ] Archived mirror is: 0x00000007ffb0e7e8
[0.066s][trace][cds,heap,mirror        ] Restored [Ljava.lang.module.ResolvedModule; archived mirror 0x00000007ffb0e7e8
[0.066s][info ][class,load             ] java.lang.module.ResolvedModule source: shared objects file
[0.066s][debug][class,load             ]  klass: 0x000000013018be68 super: 0x0000000130000db8 loader: [loader data: 0x00006000032ac000 of 'bootstrap']
[0.066s][debug][class,load,placeholders] find_and_add DEFINE_CLASS 'java/lang/module/ResolvedModule', loader loader data: 0x00006000032ac000 of 'bootstrap'
[0.066s][debug][class,load,placeholders] loadInstanceThreadQ threads:0x00007f8f4f008800, 
[0.066s][debug][class,load,placeholders] superThreadQ threads:
[0.066s][debug][class,load,placeholders] defineThreadQ threads:0x00007f8f4f008800, 
[0.066s][debug][class,load,placeholders] find_and_remove DEFINE_CLASS 'java/lang/module/ResolvedModule', loader loader data: 0x00006000032ac000 of 'bootstrap', InstanceKlass 'java/lang/module/ResolvedModule'
[0.066s][debug][class,load,placeholders] loadInstanceThreadQ threads:0x00007f8f4f008800, 
[0.066s][debug][class,load,placeholders] superThreadQ threads:
[0.066s][debug][class,load,placeholders] defineThreadQ threads:0x00007f8f4f008800, 
[0.066s][debug][class,load,placeholders] find_and_remove LOAD_INSTANCE 'java/lang/module/ResolvedModule', loader loader data: 0x00006000032ac000 of 'bootstrap', InstanceKlass 'java/lang/module/ResolvedModule'
[0.066s][debug][class,load,placeholders] loadInstanceThreadQ threads:0x00007f8f4f008800, 
[0.066s][debug][class,load,placeholders] superThreadQ threads:
[0.066s][debug][class,load,placeholders] defineThreadQ threads:
[0.066s][debug][class,load,placeholders] find_and_add LOAD_INSTANCE 'jdk/internal/module/ModuleLoaderMap$Mapper', loader loader data: 0x00006000032ac000 of 'bootstrap'
[0.066s][debug][class,load,placeholders] loadInstanceThreadQ threads:0x00007f8f4f008800, 
[0.067s][debug][class,load,placeholders] superThreadQ threads:
[0.067s][debug][class,load,placeholders] defineThreadQ threads:
[0.067s][debug][class,load,placeholders] find_and_add LOAD_SUPER 'jdk/internal/module/ModuleLoaderMap$Mapper', loader loader data: 0x00006000032ac000 of 'bootstrap', supername 'java/util/function/Function'
[0.067s][debug][class,load,placeholders] loadInstanceThreadQ threads:0x00007f8f4f008800, 
[0.067s][debug][class,load,placeholders] superThreadQ threads:0x00007f8f4f008800, 
[0.067s][debug][class,load,placeholders] defineThreadQ threads:
[0.067s][debug][class,load,placeholders] find_and_add LOAD_INSTANCE 'java/util/function/Function', loader loader data: 0x00006000032ac000 of 'bootstrap'
[0.067s][debug][class,load,placeholders] loadInstanceThreadQ threads:0x00007f8f4f008800, 
[0.067s][debug][class,load,placeholders] superThreadQ threads:
[0.067s][debug][class,load,placeholders] defineThreadQ threads:
[0.067s][trace][cds,unshareable        ] restore: java.util.function.Function
[0.067s][trace][class,loader,data      ] Adding k: 0x00000001300614e0 java.util.function.Function to loader data: 0x00006000032ac000 of 'bootstrap'
[0.067s][debug][cds,mirror             ] java.util.function.Function has raw archived mirror
[0.067s][debug][cds,heap               ] Clearing root 300: was 0x00000007ffb08940
[0.067s][debug][cds,mirror             ] Archived mirror is: 0x00000007ffb08940
[0.067s][trace][cds,heap,mirror        ] Restored java.util.function.Function archived mirror 0x00000007ffb08940
[0.067s][debug][cds,heap               ] Clearing root 301: was 0x00000007ffb089b0
[0.067s][info ][class,load             ] java.util.function.Function source: shared objects file
[0.067s][debug][class,load             ]  klass: 0x00000001300614e0 super: 0x0000000130000db8 loader: [loader data: 0x00006000032ac000 of 'bootstrap']
[0.067s][debug][class,load,placeholders] find_and_add DEFINE_CLASS 'java/util/function/Function', loader loader data: 0x00006000032ac000 of 'bootstrap'
[0.067s][debug][class,load,placeholders] loadInstanceThreadQ threads:0x00007f8f4f008800, 
[0.067s][debug][class,load,placeholders] superThreadQ threads:
[0.067s][debug][class,load,placeholders] defineThreadQ threads:0x00007f8f4f008800, 
[0.067s][debug][class,load,placeholders] find_and_remove DEFINE_CLASS 'java/util/function/Function', loader loader data: 0x00006000032ac000 of 'bootstrap', InstanceKlass 'java/util/function/Function'
[0.067s][debug][class,load,placeholders] loadInstanceThreadQ threads:0x00007f8f4f008800, 
[0.067s][debug][class,load,placeholders] superThreadQ threads:
[0.067s][debug][class,load,placeholders] defineThreadQ threads:0x00007f8f4f008800, 
[0.067s][debug][class,load,placeholders] find_and_remove LOAD_INSTANCE 'java/util/function/Function', loader loader data: 0x00006000032ac000 of 'bootstrap', InstanceKlass 'java/util/function/Function'
[0.067s][debug][class,load,placeholders] loadInstanceThreadQ threads:0x00007f8f4f008800, 
[0.067s][debug][class,load,placeholders] superThreadQ threads:
[0.067s][debug][class,load,placeholders] defineThreadQ threads:
[0.067s][debug][class,load,placeholders] find_and_remove LOAD_SUPER 'jdk/internal/module/ModuleLoaderMap$Mapper', loader loader data: 0x00006000032ac000 of 'bootstrap', supername 'java/util/function/Function'
[0.067s][debug][class,load,placeholders] loadInstanceThreadQ threads:0x00007f8f4f008800, 
[0.067s][debug][class,load,placeholders] superThreadQ threads:0x00007f8f4f008800, 
[0.067s][debug][class,load,placeholders] defineThreadQ threads:
[0.067s][trace][cds,unshareable        ] restore: jdk.internal.module.ModuleLoaderMap$Mapper
[0.067s][trace][class,loader,data      ] Adding k: 0x0000000130167ed0 jdk.internal.module.ModuleLoaderMap$Mapper to loader data: 0x00006000032ac000 of 'bootstrap'
[0.067s][debug][cds,mirror             ] jdk.internal.module.ModuleLoaderMap$Mapper has raw archived mirror
[0.067s][debug][cds,heap               ] Clearing root 1065: was 0x00000007ffb1edc0
[0.067s][debug][cds,mirror             ] Archived mirror is: 0x00000007ffb1edc0
[0.067s][trace][cds,heap,mirror        ] Restored jdk.internal.module.ModuleLoaderMap$Mapper archived mirror 0x00000007ffb1edc0
[0.067s][info ][class,load             ] jdk.internal.module.ModuleLoaderMap$Mapper source: shared objects file
[0.067s][debug][class,load             ]  klass: 0x0000000130167ed0 super: 0x0000000130000db8 interfaces: 0x00000001300614e0 loader: [loader data: 0x00006000032ac000 of 'bootstrap']
[0.067s][debug][class,load,placeholders] find_and_add DEFINE_CLASS 'jdk/internal/module/ModuleLoaderMap$Mapper', loader loader data: 0x00006000032ac000 of 'bootstrap', supername 'java/util/function/Function'
[0.067s][debug][class,load,placeholders] loadInstanceThreadQ threads:0x00007f8f4f008800, 
[0.067s][debug][class,load,placeholders] superThreadQ threads:
[0.067s][debug][class,load,placeholders] defineThreadQ threads:0x00007f8f4f008800, 
[0.067s][debug][class,load,placeholders] find_and_remove DEFINE_CLASS 'jdk/internal/module/ModuleLoaderMap$Mapper', loader loader data: 0x00006000032ac000 of 'bootstrap', supername 'java/util/function/Function', InstanceKlass 'jdk/internal/module/ModuleLoaderMap$Mapper'
[0.067s][debug][class,load,placeholders] loadInstanceThreadQ threads:0x00007f8f4f008800, 
[0.067s][debug][class,load,placeholders] superThreadQ threads:
[0.067s][debug][class,load,placeholders] defineThreadQ threads:0x00007f8f4f008800, 
[0.067s][debug][class,load,placeholders] find_and_remove LOAD_INSTANCE 'jdk/internal/module/ModuleLoaderMap$Mapper', loader loader data: 0x00006000032ac000 of 'bootstrap', supername 'java/util/function/Function', InstanceKlass 'jdk/internal/module/ModuleLoaderMap$Mapper'
[0.067s][debug][class,load,placeholders] loadInstanceThreadQ threads:0x00007f8f4f008800, 
[0.067s][debug][class,load,placeholders] superThreadQ threads:
[0.067s][debug][class,load,placeholders] defineThreadQ threads:
[0.067s][debug][class,load,placeholders] find_and_add LOAD_INSTANCE 'java/util/ImmutableCollections', loader loader data: 0x00006000032ac000 of 'bootstrap'
[0.067s][debug][class,load,placeholders] loadInstanceThreadQ threads:0x00007f8f4f008800, 
[0.067s][debug][class,load,placeholders] superThreadQ threads:
[0.067s][debug][class,load,placeholders] defineThreadQ threads:
[0.067s][trace][cds,unshareable        ] restore: java.util.ImmutableCollections
[0.067s][trace][class,loader,data      ] Adding k: 0x000000013007b140 java.util.ImmutableCollections to loader data: 0x00006000032ac000 of 'bootstrap'
[0.067s][debug][cds,mirror             ] java.util.ImmutableCollections has raw archived mirror
[0.067s][debug][cds,heap               ] Clearing root 515: was 0x00000007ffb0e238
[0.067s][debug][cds,mirror             ] Archived mirror is: 0x00000007ffb0e238
[0.067s][trace][cds,heap,mirror        ] Restored java.util.ImmutableCollections archived mirror 0x00000007ffb0e238
[0.067s][info ][class,load             ] java.util.ImmutableCollections source: shared objects file
[0.067s][debug][class,load             ]  klass: 0x000000013007b140 super: 0x0000000130000db8 loader: [loader data: 0x00006000032ac000 of 'bootstrap']
[0.067s][debug][class,load,placeholders] find_and_add DEFINE_CLASS 'java/util/ImmutableCollections', loader loader data: 0x00006000032ac000 of 'bootstrap'
[0.067s][debug][class,load,placeholders] loadInstanceThreadQ threads:0x00007f8f4f008800, 
[0.067s][debug][class,load,placeholders] superThreadQ threads:
[0.067s][debug][class,load,placeholders] defineThreadQ threads:0x00007f8f4f008800, 
[0.067s][debug][class,load,placeholders] find_and_remove DEFINE_CLASS 'java/util/ImmutableCollections', loader loader data: 0x00006000032ac000 of 'bootstrap', InstanceKlass 'java/util/ImmutableCollections'
[0.067s][debug][class,load,placeholders] loadInstanceThreadQ threads:0x00007f8f4f008800, 
[0.067s][debug][class,load,placeholders] superThreadQ threads:
[0.067s][debug][class,load,placeholders] defineThreadQ threads:0x00007f8f4f008800, 
[0.067s][debug][class,load,placeholders] find_and_remove LOAD_INSTANCE 'java/util/ImmutableCollections', loader loader data: 0x00006000032ac000 of 'bootstrap', InstanceKlass 'java/util/ImmutableCollections'
[0.067s][debug][class,load,placeholders] loadInstanceThreadQ threads:0x00007f8f4f008800, 
[0.067s][debug][class,load,placeholders] superThreadQ threads:
[0.067s][debug][class,load,placeholders] defineThreadQ threads:
[0.067s][debug][class,load,placeholders] find_and_add LOAD_INSTANCE 'java/lang/ModuleLayer', loader loader data: 0x00006000032ac000 of 'bootstrap'
[0.067s][debug][class,load,placeholders] loadInstanceThreadQ threads:0x00007f8f4f008800, 
[0.067s][debug][class,load,placeholders] superThreadQ threads:
[0.067s][debug][class,load,placeholders] defineThreadQ threads:
[0.067s][trace][cds,unshareable        ] restore: java.lang.ModuleLayer
[0.067s][trace][class,loader,data      ] Adding k: 0x0000000130167a58 java.lang.ModuleLayer to loader data: 0x00006000032ac000 of 'bootstrap'
[0.067s][debug][cds,mirror             ] java.lang.ModuleLayer has raw archived mirror
[0.067s][debug][cds,heap               ] Clearing root 448: was 0x00000007ffb0c868
[0.067s][debug][cds,mirror             ] Archived mirror is: 0x00000007ffb0c868
[0.067s][trace][cds,heap,mirror        ] Restored java.lang.ModuleLayer archived mirror 0x00000007ffb0c868
[0.067s][debug][cds,heap               ] Clearing root 449: was 0x00000007ffb0c8e0
[0.067s][info ][class,load             ] java.lang.ModuleLayer source: shared objects file
[0.067s][debug][class,load             ]  klass: 0x0000000130167a58 super: 0x0000000130000db8 loader: [loader data: 0x00006000032ac000 of 'bootstrap']
[0.068s][debug][class,load,placeholders] find_and_add DEFINE_CLASS 'java/lang/ModuleLayer', loader loader data: 0x00006000032ac000 of 'bootstrap'
[0.068s][debug][class,load,placeholders] loadInstanceThreadQ threads:0x00007f8f4f008800, 
[0.068s][debug][class,load,placeholders] superThreadQ threads:
[0.068s][debug][class,load,placeholders] defineThreadQ threads:0x00007f8f4f008800, 
[0.068s][debug][class,load,placeholders] find_and_remove DEFINE_CLASS 'java/lang/ModuleLayer', loader loader data: 0x00006000032ac000 of 'bootstrap', InstanceKlass 'java/lang/ModuleLayer'
[0.068s][debug][class,load,placeholders] loadInstanceThreadQ threads:0x00007f8f4f008800, 
[0.068s][debug][class,load,placeholders] superThreadQ threads:
[0.068s][debug][class,load,placeholders] defineThreadQ threads:0x00007f8f4f008800, 
[0.068s][debug][class,load,placeholders] find_and_remove LOAD_INSTANCE 'java/lang/ModuleLayer', loader loader data: 0x00006000032ac000 of 'bootstrap', InstanceKlass 'java/lang/ModuleLayer'
[0.068s][debug][class,load,placeholders] loadInstanceThreadQ threads:0x00007f8f4f008800, 
[0.068s][debug][class,load,placeholders] superThreadQ threads:
[0.068s][debug][class,load,placeholders] defineThreadQ threads:
[0.068s][debug][class,load,placeholders] find_and_add LOAD_INSTANCE 'jdk/internal/math/FDBigInteger', loader loader data: 0x00006000032ac000 of 'bootstrap'
[0.068s][debug][class,load,placeholders] loadInstanceThreadQ threads:0x00007f8f4f008800, 
[0.068s][debug][class,load,placeholders] superThreadQ threads:
[0.068s][debug][class,load,placeholders] defineThreadQ threads:
[0.068s][trace][cds,unshareable        ] restore: jdk.internal.math.FDBigInteger
[0.068s][trace][class,loader,data      ] Adding k: 0x0000000130170588 jdk.internal.math.FDBigInteger to loader data: 0x00006000032ac000 of 'bootstrap'
[0.068s][debug][cds,mirror             ] jdk.internal.math.FDBigInteger has raw archived mirror
[0.068s][debug][cds,heap               ] Clearing root 1863: was 0x00000007ffb32780
[0.068s][debug][cds,mirror             ] Archived mirror is: 0x00000007ffb32780
[0.068s][trace][cds,heap,mirror        ] Restored jdk.internal.math.FDBigInteger archived mirror 0x00000007ffb32780
[0.068s][debug][cds,heap               ] Clearing root 1864: was 0x00000007ffb32818
[0.068s][trace][cds,unshareable        ] restore: [Ljdk.internal.math.FDBigInteger;
[0.068s][trace][class,loader,data      ] Adding k: 0x0000000130171040 [Ljdk.internal.math.FDBigInteger; to loader data: 0x00006000032ac000 of 'bootstrap'
[0.068s][debug][cds,mirror             ] [Ljdk.internal.math.FDBigInteger; has raw archived mirror
[0.068s][debug][cds,heap               ] Clearing root 1865: was 0x00000007ffb32840
[0.068s][debug][cds,mirror             ] Archived mirror is: 0x00000007ffb32840
[0.068s][trace][cds,heap,mirror        ] Restored [Ljdk.internal.math.FDBigInteger; archived mirror 0x00000007ffb32840
[0.068s][info ][class,load             ] jdk.internal.math.FDBigInteger source: shared objects file
[0.068s][debug][class,load             ]  klass: 0x0000000130170588 super: 0x0000000130000db8 loader: [loader data: 0x00006000032ac000 of 'bootstrap']
[0.068s][debug][class,load,placeholders] find_and_add DEFINE_CLASS 'jdk/internal/math/FDBigInteger', loader loader data: 0x00006000032ac000 of 'bootstrap'
[0.068s][debug][class,load,placeholders] loadInstanceThreadQ threads:0x00007f8f4f008800, 
[0.068s][debug][class,load,placeholders] superThreadQ threads:
[0.068s][debug][class,load,placeholders] defineThreadQ threads:0x00007f8f4f008800, 
[0.068s][debug][class,load,placeholders] find_and_remove DEFINE_CLASS 'jdk/internal/math/FDBigInteger', loader loader data: 0x00006000032ac000 of 'bootstrap', InstanceKlass 'jdk/internal/math/FDBigInteger'
[0.068s][debug][class,load,placeholders] loadInstanceThreadQ threads:0x00007f8f4f008800, 
[0.068s][debug][class,load,placeholders] superThreadQ threads:
[0.068s][debug][class,load,placeholders] defineThreadQ threads:0x00007f8f4f008800, 
[0.068s][debug][class,load,placeholders] find_and_remove LOAD_INSTANCE 'jdk/internal/math/FDBigInteger', loader loader data: 0x00006000032ac000 of 'bootstrap', InstanceKlass 'jdk/internal/math/FDBigInteger'
[0.068s][debug][class,load,placeholders] loadInstanceThreadQ threads:0x00007f8f4f008800, 
[0.068s][debug][class,load,placeholders] superThreadQ threads:
[0.068s][debug][class,load,placeholders] defineThreadQ threads:
[0.068s][debug][class,load,placeholders] find_and_add LOAD_INSTANCE 'jdk/internal/loader/ArchivedClassLoaders', loader loader data: 0x00006000032ac000 of 'bootstrap'
[0.068s][debug][class,load,placeholders] loadInstanceThreadQ threads:0x00007f8f4f008800, 
[0.068s][debug][class,load,placeholders] superThreadQ threads:
[0.068s][debug][class,load,placeholders] defineThreadQ threads:
[0.068s][trace][cds,unshareable        ] restore: jdk.internal.loader.ArchivedClassLoaders
[0.068s][trace][class,loader,data      ] Adding k: 0x00000001301c9480 jdk.internal.loader.ArchivedClassLoaders to loader data: 0x00006000032ac000 of 'bootstrap'
[0.068s][debug][cds,mirror             ] jdk.internal.loader.ArchivedClassLoaders has raw archived mirror
[0.068s][debug][cds,heap               ] Clearing root 667: was 0x00000007ffb12870
[0.068s][debug][cds,mirror             ] Archived mirror is: 0x00000007ffb12870
[0.068s][trace][cds,heap,mirror        ] Restored jdk.internal.loader.ArchivedClassLoaders archived mirror 0x00000007ffb12870
[0.068s][info ][class,load             ] jdk.internal.loader.ArchivedClassLoaders source: shared objects file
[0.068s][debug][class,load             ]  klass: 0x00000001301c9480 super: 0x0000000130000db8 loader: [loader data: 0x00006000032ac000 of 'bootstrap']
[0.068s][debug][class,load,placeholders] find_and_add DEFINE_CLASS 'jdk/internal/loader/ArchivedClassLoaders', loader loader data: 0x00006000032ac000 of 'bootstrap'
[0.068s][debug][class,load,placeholders] loadInstanceThreadQ threads:0x00007f8f4f008800, 
[0.068s][debug][class,load,placeholders] superThreadQ threads:
[0.068s][debug][class,load,placeholders] defineThreadQ threads:0x00007f8f4f008800, 
[0.068s][debug][class,load,placeholders] find_and_remove DEFINE_CLASS 'jdk/internal/loader/ArchivedClassLoaders', loader loader data: 0x00006000032ac000 of 'bootstrap', InstanceKlass 'jdk/internal/loader/ArchivedClassLoaders'
[0.068s][debug][class,load,placeholders] loadInstanceThreadQ threads:0x00007f8f4f008800, 
[0.068s][debug][class,load,placeholders] superThreadQ threads:
[0.068s][debug][class,load,placeholders] defineThreadQ threads:0x00007f8f4f008800, 
[0.068s][debug][class,load,placeholders] find_and_remove LOAD_INSTANCE 'jdk/internal/loader/ArchivedClassLoaders', loader loader data: 0x00006000032ac000 of 'bootstrap', InstanceKlass 'jdk/internal/loader/ArchivedClassLoaders'
[0.068s][debug][class,load,placeholders] loadInstanceThreadQ threads:0x00007f8f4f008800, 
[0.068s][debug][class,load,placeholders] superThreadQ threads:
[0.068s][debug][class,load,placeholders] defineThreadQ threads:
[0.068s][debug][class,load,placeholders] find_and_add LOAD_INSTANCE 'jdk/internal/loader/ClassLoaders$BootClassLoader', loader loader data: 0x00006000032ac000 of 'bootstrap'
[0.068s][debug][class,load,placeholders] loadInstanceThreadQ threads:0x00007f8f4f008800, 
[0.068s][debug][class,load,placeholders] superThreadQ threads:
[0.068s][debug][class,load,placeholders] defineThreadQ threads:
[0.068s][trace][cds,unshareable        ] restore: jdk.internal.loader.ClassLoaders$BootClassLoader
[0.068s][trace][class,loader,data      ] Adding k: 0x00000001301cad78 jdk.internal.loader.ClassLoaders$BootClassLoader to loader data: 0x00006000032ac000 of 'bootstrap'
[0.068s][debug][cds,mirror             ] jdk.internal.loader.ClassLoaders$BootClassLoader has raw archived mirror
[0.068s][debug][cds,heap               ] Clearing root 672: was 0x00000007ffb12af0
[0.068s][debug][cds,mirror             ] Archived mirror is: 0x00000007ffb12af0
[0.068s][trace][cds,heap,mirror        ] Restored jdk.internal.loader.ClassLoaders$BootClassLoader archived mirror 0x00000007ffb12af0
[0.068s][info ][class,load             ] jdk.internal.loader.ClassLoaders$BootClassLoader source: shared objects file
[0.068s][debug][class,load             ]  klass: 0x00000001301cad78 super: 0x000000013000a6e0 loader: [loader data: 0x00006000032ac000 of 'bootstrap']
[0.068s][debug][class,load,placeholders] find_and_add DEFINE_CLASS 'jdk/internal/loader/ClassLoaders$BootClassLoader', loader loader data: 0x00006000032ac000 of 'bootstrap'
[0.068s][debug][class,load,placeholders] loadInstanceThreadQ threads:0x00007f8f4f008800, 
[0.068s][debug][class,load,placeholders] superThreadQ threads:
[0.068s][debug][class,load,placeholders] defineThreadQ threads:0x00007f8f4f008800, 
[0.068s][debug][class,load,placeholders] find_and_remove DEFINE_CLASS 'jdk/internal/loader/ClassLoaders$BootClassLoader', loader loader data: 0x00006000032ac000 of 'bootstrap', InstanceKlass 'jdk/internal/loader/ClassLoaders$BootClassLoader'
[0.068s][debug][class,load,placeholders] loadInstanceThreadQ threads:0x00007f8f4f008800, 
[0.068s][debug][class,load,placeholders] superThreadQ threads:
[0.068s][debug][class,load,placeholders] defineThreadQ threads:0x00007f8f4f008800, 
[0.068s][debug][class,load,placeholders] find_and_remove LOAD_INSTANCE 'jdk/internal/loader/ClassLoaders$BootClassLoader', loader loader data: 0x00006000032ac000 of 'bootstrap', InstanceKlass 'jdk/internal/loader/ClassLoaders$BootClassLoader'
[0.068s][debug][class,load,placeholders] loadInstanceThreadQ threads:0x00007f8f4f008800, 
[0.068s][debug][class,load,placeholders] superThreadQ threads:
[0.069s][debug][class,load,placeholders] defineThreadQ threads:
[0.069s][debug][class,load,placeholders] find_and_add LOAD_INSTANCE 'java/security/Principal', loader loader data: 0x00006000032ac000 of 'bootstrap'
[0.069s][debug][class,load,placeholders] loadInstanceThreadQ threads:0x00007f8f4f008800, 
[0.069s][debug][class,load,placeholders] superThreadQ threads:
[0.069s][debug][class,load,placeholders] defineThreadQ threads:
[0.069s][trace][cds,unshareable        ] restore: java.security.Principal
[0.069s][trace][class,loader,data      ] Adding k: 0x000000013016e200 java.security.Principal to loader data: 0x00006000032ac000 of 'bootstrap'
[0.069s][debug][cds,mirror             ] java.security.Principal has raw archived mirror
[0.069s][debug][cds,heap               ] Clearing root 457: was 0x00000007ffb0cb70
[0.069s][debug][cds,mirror             ] Archived mirror is: 0x00000007ffb0cb70
[0.069s][trace][cds,heap,mirror        ] Restored java.security.Principal archived mirror 0x00000007ffb0cb70
[0.069s][trace][cds,unshareable        ] restore: [Ljava.security.Principal;
[0.069s][trace][class,loader,data      ] Adding k: 0x000000013016e620 [Ljava.security.Principal; to loader data: 0x00006000032ac000 of 'bootstrap'
[0.069s][debug][cds,mirror             ] [Ljava.security.Principal; has raw archived mirror
[0.069s][debug][cds,heap               ] Clearing root 458: was 0x00000007ffb0cbe0
[0.069s][debug][cds,mirror             ] Archived mirror is: 0x00000007ffb0cbe0
[0.069s][trace][cds,heap,mirror        ] Restored [Ljava.security.Principal; archived mirror 0x00000007ffb0cbe0
[0.069s][info ][class,load             ] java.security.Principal source: shared objects file
[0.069s][debug][class,load             ]  klass: 0x000000013016e200 super: 0x0000000130000db8 loader: [loader data: 0x00006000032ac000 of 'bootstrap']
[0.069s][debug][class,load,placeholders] find_and_add DEFINE_CLASS 'java/security/Principal', loader loader data: 0x00006000032ac000 of 'bootstrap'
[0.069s][debug][class,load,placeholders] loadInstanceThreadQ threads:0x00007f8f4f008800, 
[0.069s][debug][class,load,placeholders] superThreadQ threads:
[0.069s][debug][class,load,placeholders] defineThreadQ threads:0x00007f8f4f008800, 
[0.069s][debug][class,load,placeholders] find_and_remove DEFINE_CLASS 'java/security/Principal', loader loader data: 0x00006000032ac000 of 'bootstrap', InstanceKlass 'java/security/Principal'
[0.069s][debug][class,load,placeholders] loadInstanceThreadQ threads:0x00007f8f4f008800, 
[0.069s][debug][class,load,placeholders] superThreadQ threads:
[0.069s][debug][class,load,placeholders] defineThreadQ threads:0x00007f8f4f008800, 
[0.069s][debug][class,load,placeholders] find_and_remove LOAD_INSTANCE 'java/security/Principal', loader loader data: 0x00006000032ac000 of 'bootstrap', InstanceKlass 'java/security/Principal'
[0.069s][debug][class,load,placeholders] loadInstanceThreadQ threads:0x00007f8f4f008800, 
[0.069s][debug][class,load,placeholders] superThreadQ threads:
[0.069s][debug][class,load,placeholders] defineThreadQ threads:
[0.069s][debug][class,load,placeholders] find_and_add LOAD_INSTANCE 'java/security/ProtectionDomain$Key', loader loader data: 0x00006000032ac000 of 'bootstrap'
[0.069s][debug][class,load,placeholders] loadInstanceThreadQ threads:0x00007f8f4f008800, 
[0.069s][debug][class,load,placeholders] superThreadQ threads:
[0.069s][debug][class,load,placeholders] defineThreadQ threads:
[0.069s][trace][cds,unshareable        ] restore: java.security.ProtectionDomain$Key
[0.069s][trace][class,loader,data      ] Adding k: 0x000000013016d358 java.security.ProtectionDomain$Key to loader data: 0x00006000032ac000 of 'bootstrap'
[0.069s][debug][cds,mirror             ] java.security.ProtectionDomain$Key has raw archived mirror
[0.069s][debug][cds,heap               ] Clearing root 454: was 0x00000007ffb0ca68
[0.069s][debug][cds,mirror             ] Archived mirror is: 0x00000007ffb0ca68
[0.069s][trace][cds,heap,mirror        ] Restored java.security.ProtectionDomain$Key archived mirror 0x00000007ffb0ca68
[0.069s][info ][class,load             ] java.security.ProtectionDomain$Key source: shared objects file
[0.069s][debug][class,load             ]  klass: 0x000000013016d358 super: 0x0000000130000db8 loader: [loader data: 0x00006000032ac000 of 'bootstrap']
[0.069s][debug][class,load,placeholders] find_and_add DEFINE_CLASS 'java/security/ProtectionDomain$Key', loader loader data: 0x00006000032ac000 of 'bootstrap'
[0.069s][debug][class,load,placeholders] loadInstanceThreadQ threads:0x00007f8f4f008800, 
[0.069s][debug][class,load,placeholders] superThreadQ threads:
[0.069s][debug][class,load,placeholders] defineThreadQ threads:0x00007f8f4f008800, 
[0.069s][debug][class,load,placeholders] find_and_remove DEFINE_CLASS 'java/security/ProtectionDomain$Key', loader loader data: 0x00006000032ac000 of 'bootstrap', InstanceKlass 'java/security/ProtectionDomain$Key'
[0.069s][debug][class,load,placeholders] loadInstanceThreadQ threads:0x00007f8f4f008800, 
[0.069s][debug][class,load,placeholders] superThreadQ threads:
[0.069s][debug][class,load,placeholders] defineThreadQ threads:0x00007f8f4f008800, 
[0.069s][debug][class,load,placeholders] find_and_remove LOAD_INSTANCE 'java/security/ProtectionDomain$Key', loader loader data: 0x00006000032ac000 of 'bootstrap', InstanceKlass 'java/security/ProtectionDomain$Key'
[0.069s][debug][class,load,placeholders] loadInstanceThreadQ threads:0x00007f8f4f008800, 
[0.069s][debug][class,load,placeholders] superThreadQ threads:
[0.069s][debug][class,load,placeholders] defineThreadQ threads:
[0.069s][debug][class,load,placeholders] find_and_add LOAD_INSTANCE 'jdk/internal/loader/NativeLibraries', loader loader data: 0x00006000032ac000 of 'bootstrap'
[0.069s][debug][class,load,placeholders] loadInstanceThreadQ threads:0x00007f8f4f008800, 
[0.069s][debug][class,load,placeholders] superThreadQ threads:
[0.069s][debug][class,load,placeholders] defineThreadQ threads:
[0.069s][trace][cds,unshareable        ] restore: jdk.internal.loader.NativeLibraries
[0.069s][trace][class,loader,data      ] Adding k: 0x0000000130010390 jdk.internal.loader.NativeLibraries to loader data: 0x00006000032ac000 of 'bootstrap'
[0.069s][debug][cds,mirror             ] jdk.internal.loader.NativeLibraries has raw archived mirror
[0.069s][debug][cds,heap               ] Clearing root 140: was 0x00000007ffb03bf8
[0.069s][debug][cds,mirror             ] Archived mirror is: 0x00000007ffb03bf8
[0.069s][trace][cds,heap,mirror        ] Restored jdk.internal.loader.NativeLibraries archived mirror 0x00000007ffb03bf8
[0.069s][debug][cds,heap               ] Clearing root 141: was 0x00000007ffb03c78
[0.069s][info ][class,load             ] jdk.internal.loader.NativeLibraries source: shared objects file
[0.069s][debug][class,load             ]  klass: 0x0000000130010390 super: 0x0000000130000db8 loader: [loader data: 0x00006000032ac000 of 'bootstrap']
[0.069s][debug][class,load,placeholders] find_and_add DEFINE_CLASS 'jdk/internal/loader/NativeLibraries', loader loader data: 0x00006000032ac000 of 'bootstrap'
[0.069s][debug][class,load,placeholders] loadInstanceThreadQ threads:0x00007f8f4f008800, 
[0.069s][debug][class,load,placeholders] superThreadQ threads:
[0.069s][debug][class,load,placeholders] defineThreadQ threads:0x00007f8f4f008800, 
[0.069s][debug][class,load,placeholders] find_and_remove DEFINE_CLASS 'jdk/internal/loader/NativeLibraries', loader loader data: 0x00006000032ac000 of 'bootstrap', InstanceKlass 'jdk/internal/loader/NativeLibraries'
[0.069s][debug][class,load,placeholders] loadInstanceThreadQ threads:0x00007f8f4f008800, 
[0.069s][debug][class,load,placeholders] superThreadQ threads:
[0.069s][debug][class,load,placeholders] defineThreadQ threads:0x00007f8f4f008800, 
[0.069s][debug][class,load,placeholders] find_and_remove LOAD_INSTANCE 'jdk/internal/loader/NativeLibraries', loader loader data: 0x00006000032ac000 of 'bootstrap', InstanceKlass 'jdk/internal/loader/NativeLibraries'
[0.069s][debug][class,load,placeholders] loadInstanceThreadQ threads:0x00007f8f4f008800, 
[0.069s][debug][class,load,placeholders] superThreadQ threads:
[0.069s][debug][class,load,placeholders] defineThreadQ threads:
[0.069s][debug][class,load,placeholders] find_and_add LOAD_INSTANCE 'java/util/concurrent/ConcurrentHashMap$Node', loader loader data: 0x00006000032ac000 of 'bootstrap'
[0.069s][debug][class,load,placeholders] loadInstanceThreadQ threads:0x00007f8f4f008800, 
[0.069s][debug][class,load,placeholders] superThreadQ threads:
[0.069s][debug][class,load,placeholders] defineThreadQ threads:
[0.069s][trace][cds,unshareable        ] restore: java.util.concurrent.ConcurrentHashMap$Node
[0.069s][trace][class,loader,data      ] Adding k: 0x000000013012b660 java.util.concurrent.ConcurrentHashMap$Node to loader data: 0x00006000032ac000 of 'bootstrap'
[0.069s][debug][cds,mirror             ] java.util.concurrent.ConcurrentHashMap$Node has raw archived mirror
[0.069s][debug][cds,heap               ] Clearing root 677: was 0x00000007ffb12ca0
[0.069s][debug][cds,mirror             ] Archived mirror is: 0x00000007ffb12ca0
[0.069s][trace][cds,heap,mirror        ] Restored java.util.concurrent.ConcurrentHashMap$Node archived mirror 0x00000007ffb12ca0
[0.069s][trace][cds,unshareable        ] restore: [Ljava.util.concurrent.ConcurrentHashMap$Node;
[0.069s][trace][class,loader,data      ] Adding k: 0x000000013012b8d8 [Ljava.util.concurrent.ConcurrentHashMap$Node; to loader data: 0x00006000032ac000 of 'bootstrap'
[0.069s][debug][cds,mirror             ] [Ljava.util.concurrent.ConcurrentHashMap$Node; has raw archived mirror
[0.069s][debug][cds,heap               ] Clearing root 680: was 0x00000007ffb12d98
[0.070s][debug][cds,mirror             ] Archived mirror is: 0x00000007ffb12d98
[0.070s][trace][cds,heap,mirror        ] Restored [Ljava.util.concurrent.ConcurrentHashMap$Node; archived mirror 0x00000007ffb12d98
[0.070s][info ][class,load             ] java.util.concurrent.ConcurrentHashMap$Node source: shared objects file
[0.070s][debug][class,load             ]  klass: 0x000000013012b660 super: 0x0000000130000db8 interfaces: 0x000000013001b1c0 loader: [loader data: 0x00006000032ac000 of 'bootstrap']
[0.070s][debug][class,load,placeholders] find_and_add DEFINE_CLASS 'java/util/concurrent/ConcurrentHashMap$Node', loader loader data: 0x00006000032ac000 of 'bootstrap'
[0.070s][debug][class,load,placeholders] loadInstanceThreadQ threads:0x00007f8f4f008800, 
[0.070s][debug][class,load,placeholders] superThreadQ threads:
[0.070s][debug][class,load,placeholders] defineThreadQ threads:0x00007f8f4f008800, 
[0.070s][debug][class,load,placeholders] find_and_remove DEFINE_CLASS 'java/util/concurrent/ConcurrentHashMap$Node', loader loader data: 0x00006000032ac000 of 'bootstrap', InstanceKlass 'java/util/concurrent/ConcurrentHashMap$Node'
[0.070s][debug][class,load,placeholders] loadInstanceThreadQ threads:0x00007f8f4f008800, 
[0.070s][debug][class,load,placeholders] superThreadQ threads:
[0.070s][debug][class,load,placeholders] defineThreadQ threads:0x00007f8f4f008800, 
[0.070s][debug][class,load,placeholders] find_and_remove LOAD_INSTANCE 'java/util/concurrent/ConcurrentHashMap$Node', loader loader data: 0x00006000032ac000 of 'bootstrap', InstanceKlass 'java/util/concurrent/ConcurrentHashMap$Node'
[0.070s][debug][class,load,placeholders] loadInstanceThreadQ threads:0x00007f8f4f008800, 
[0.070s][debug][class,load,placeholders] superThreadQ threads:
[0.070s][debug][class,load,placeholders] defineThreadQ threads:
[0.070s][debug][class,load,placeholders] find_and_add LOAD_INSTANCE 'jdk/internal/loader/ClassLoaderValue', loader loader data: 0x00006000032ac000 of 'bootstrap'
[0.070s][debug][class,load,placeholders] loadInstanceThreadQ threads:0x00007f8f4f008800, 
[0.070s][debug][class,load,placeholders] superThreadQ threads:
[0.070s][debug][class,load,placeholders] defineThreadQ threads:
[0.070s][debug][class,load,placeholders] find_and_add LOAD_SUPER 'jdk/internal/loader/ClassLoaderValue', loader loader data: 0x00006000032ac000 of 'bootstrap', supername 'jdk/internal/loader/AbstractClassLoaderValue'
[0.070s][debug][class,load,placeholders] loadInstanceThreadQ threads:0x00007f8f4f008800, 
[0.070s][debug][class,load,placeholders] superThreadQ threads:0x00007f8f4f008800, 
[0.070s][debug][class,load,placeholders] defineThreadQ threads:
[0.070s][debug][class,load,placeholders] find_and_add LOAD_INSTANCE 'jdk/internal/loader/AbstractClassLoaderValue', loader loader data: 0x00006000032ac000 of 'bootstrap'
[0.070s][debug][class,load,placeholders] loadInstanceThreadQ threads:0x00007f8f4f008800, 
[0.070s][debug][class,load,placeholders] superThreadQ threads:
[0.070s][debug][class,load,placeholders] defineThreadQ threads:
[0.070s][trace][cds,unshareable        ] restore: jdk.internal.loader.AbstractClassLoaderValue
[0.070s][trace][class,loader,data      ] Adding k: 0x0000000130189798 jdk.internal.loader.AbstractClassLoaderValue to loader data: 0x00006000032ac000 of 'bootstrap'
[0.070s][debug][cds,mirror             ] jdk.internal.loader.AbstractClassLoaderValue has raw archived mirror
[0.070s][debug][cds,heap               ] Clearing root 1059: was 0x00000007ffb1e9c0
[0.070s][debug][cds,mirror             ] Archived mirror is: 0x00000007ffb1e9c0
[0.070s][trace][cds,heap,mirror        ] Restored jdk.internal.loader.AbstractClassLoaderValue archived mirror 0x00000007ffb1e9c0
[0.070s][info ][class,load             ] jdk.internal.loader.AbstractClassLoaderValue source: shared objects file
[0.070s][debug][class,load             ]  klass: 0x0000000130189798 super: 0x0000000130000db8 loader: [loader data: 0x00006000032ac000 of 'bootstrap']
[0.070s][debug][class,load,placeholders] find_and_add DEFINE_CLASS 'jdk/internal/loader/AbstractClassLoaderValue', loader loader data: 0x00006000032ac000 of 'bootstrap'
[0.070s][debug][class,load,placeholders] loadInstanceThreadQ threads:0x00007f8f4f008800, 
[0.070s][debug][class,load,placeholders] superThreadQ threads:
[0.070s][debug][class,load,placeholders] defineThreadQ threads:0x00007f8f4f008800, 
[0.070s][debug][class,load,placeholders] find_and_remove DEFINE_CLASS 'jdk/internal/loader/AbstractClassLoaderValue', loader loader data: 0x00006000032ac000 of 'bootstrap', InstanceKlass 'jdk/internal/loader/AbstractClassLoaderValue'
[0.070s][debug][class,load,placeholders] loadInstanceThreadQ threads:0x00007f8f4f008800, 
[0.070s][debug][class,load,placeholders] superThreadQ threads:
[0.070s][debug][class,load,placeholders] defineThreadQ threads:0x00007f8f4f008800, 
[0.070s][debug][class,load,placeholders] find_and_remove LOAD_INSTANCE 'jdk/internal/loader/AbstractClassLoaderValue', loader loader data: 0x00006000032ac000 of 'bootstrap', InstanceKlass 'jdk/internal/loader/AbstractClassLoaderValue'
[0.070s][debug][class,load,placeholders] loadInstanceThreadQ threads:0x00007f8f4f008800, 
[0.070s][debug][class,load,placeholders] superThreadQ threads:
[0.070s][debug][class,load,placeholders] defineThreadQ threads:
[0.070s][debug][class,load,placeholders] find_and_remove LOAD_SUPER 'jdk/internal/loader/ClassLoaderValue', loader loader data: 0x00006000032ac000 of 'bootstrap', supername 'jdk/internal/loader/AbstractClassLoaderValue'
[0.070s][debug][class,load,placeholders] loadInstanceThreadQ threads:0x00007f8f4f008800, 
[0.070s][debug][class,load,placeholders] superThreadQ threads:0x00007f8f4f008800, 
[0.070s][debug][class,load,placeholders] defineThreadQ threads:
[0.070s][trace][cds,unshareable        ] restore: jdk.internal.loader.ClassLoaderValue
[0.070s][trace][class,loader,data      ] Adding k: 0x0000000130189a10 jdk.internal.loader.ClassLoaderValue to loader data: 0x00006000032ac000 of 'bootstrap'
[0.070s][debug][cds,mirror             ] jdk.internal.loader.ClassLoaderValue has raw archived mirror
[0.070s][debug][cds,heap               ] Clearing root 1057: was 0x00000007ffb1e8e0
[0.070s][debug][cds,mirror             ] Archived mirror is: 0x00000007ffb1e8e0
[0.070s][trace][cds,heap,mirror        ] Restored jdk.internal.loader.ClassLoaderValue archived mirror 0x00000007ffb1e8e0
[0.070s][info ][class,load             ] jdk.internal.loader.ClassLoaderValue source: shared objects file
[0.070s][debug][class,load             ]  klass: 0x0000000130189a10 super: 0x0000000130189798 loader: [loader data: 0x00006000032ac000 of 'bootstrap']
[0.070s][debug][class,load,placeholders] find_and_add DEFINE_CLASS 'jdk/internal/loader/ClassLoaderValue', loader loader data: 0x00006000032ac000 of 'bootstrap', supername 'jdk/internal/loader/AbstractClassLoaderValue'
[0.070s][debug][class,load,placeholders] loadInstanceThreadQ threads:0x00007f8f4f008800, 
[0.070s][debug][class,load,placeholders] superThreadQ threads:
[0.070s][debug][class,load,placeholders] defineThreadQ threads:0x00007f8f4f008800, 
[0.070s][debug][class,load,placeholders] find_and_remove DEFINE_CLASS 'jdk/internal/loader/ClassLoaderValue', loader loader data: 0x00006000032ac000 of 'bootstrap', supername 'jdk/internal/loader/AbstractClassLoaderValue', InstanceKlass 'jdk/internal/loader/ClassLoaderValue'
[0.070s][debug][class,load,placeholders] loadInstanceThreadQ threads:0x00007f8f4f008800, 
[0.070s][debug][class,load,placeholders] superThreadQ threads:
[0.070s][debug][class,load,placeholders] defineThreadQ threads:0x00007f8f4f008800, 
[0.070s][debug][class,load,placeholders] find_and_remove LOAD_INSTANCE 'jdk/internal/loader/ClassLoaderValue', loader loader data: 0x00006000032ac000 of 'bootstrap', supername 'jdk/internal/loader/AbstractClassLoaderValue', InstanceKlass 'jdk/internal/loader/ClassLoaderValue'
[0.070s][debug][class,load,placeholders] loadInstanceThreadQ threads:0x00007f8f4f008800, 
[0.070s][debug][class,load,placeholders] superThreadQ threads:
[0.070s][debug][class,load,placeholders] defineThreadQ threads:
[0.070s][debug][class,load,placeholders] find_and_add LOAD_INSTANCE 'jdk/internal/module/ServicesCatalog', loader loader data: 0x00006000032ac000 of 'bootstrap'
[0.070s][debug][class,load,placeholders] loadInstanceThreadQ threads:0x00007f8f4f008800, 
[0.070s][debug][class,load,placeholders] superThreadQ threads:
[0.070s][debug][class,load,placeholders] defineThreadQ threads:
[0.070s][trace][cds,unshareable        ] restore: jdk.internal.module.ServicesCatalog
[0.070s][trace][class,loader,data      ] Adding k: 0x000000013012a1a0 jdk.internal.module.ServicesCatalog to loader data: 0x00006000032ac000 of 'bootstrap'
[0.070s][debug][cds,mirror             ] jdk.internal.module.ServicesCatalog has raw archived mirror
[0.070s][debug][cds,heap               ] Clearing root 536: was 0x00000007ffb0ead8
[0.070s][debug][cds,mirror             ] Archived mirror is: 0x00000007ffb0ead8
[0.070s][trace][cds,heap,mirror        ] Restored jdk.internal.module.ServicesCatalog archived mirror 0x00000007ffb0ead8
[0.070s][trace][cds,unshareable        ] restore: [Ljdk.internal.module.ServicesCatalog;
[0.070s][trace][class,loader,data      ] Adding k: 0x000000013012a3d8 [Ljdk.internal.module.ServicesCatalog; to loader data: 0x00006000032ac000 of 'bootstrap'
[0.070s][debug][cds,mirror             ] [Ljdk.internal.module.ServicesCatalog; has raw archived mirror
[0.070s][debug][cds,heap               ] Clearing root 1024: was 0x00000007ffb1dd70
[0.070s][debug][cds,mirror             ] Archived mirror is: 0x00000007ffb1dd70
[0.070s][trace][cds,heap,mirror        ] Restored [Ljdk.internal.module.ServicesCatalog; archived mirror 0x00000007ffb1dd70
[0.070s][info ][class,load             ] jdk.internal.module.ServicesCatalog source: shared objects file
[0.070s][debug][class,load             ]  klass: 0x000000013012a1a0 super: 0x0000000130000db8 loader: [loader data: 0x00006000032ac000 of 'bootstrap']
[0.070s][debug][class,load,placeholders] find_and_add DEFINE_CLASS 'jdk/internal/module/ServicesCatalog', loader loader data: 0x00006000032ac000 of 'bootstrap'
[0.071s][debug][class,load,placeholders] loadInstanceThreadQ threads:0x00007f8f4f008800, 
[0.071s][debug][class,load,placeholders] superThreadQ threads:
[0.071s][debug][class,load,placeholders] defineThreadQ threads:0x00007f8f4f008800, 
[0.071s][debug][class,load,placeholders] find_and_remove DEFINE_CLASS 'jdk/internal/module/ServicesCatalog', loader loader data: 0x00006000032ac000 of 'bootstrap', InstanceKlass 'jdk/internal/module/ServicesCatalog'
[0.071s][debug][class,load,placeholders] loadInstanceThreadQ threads:0x00007f8f4f008800, 
[0.071s][debug][class,load,placeholders] superThreadQ threads:
[0.071s][debug][class,load,placeholders] defineThreadQ threads:0x00007f8f4f008800, 
[0.071s][debug][class,load,placeholders] find_and_remove LOAD_INSTANCE 'jdk/internal/module/ServicesCatalog', loader loader data: 0x00006000032ac000 of 'bootstrap', InstanceKlass 'jdk/internal/module/ServicesCatalog'
[0.071s][debug][class,load,placeholders] loadInstanceThreadQ threads:0x00007f8f4f008800, 
[0.071s][debug][class,load,placeholders] superThreadQ threads:
[0.071s][debug][class,load,placeholders] defineThreadQ threads:
[0.071s][debug][class,load,placeholders] find_and_add LOAD_INSTANCE 'java/util/concurrent/CopyOnWriteArrayList', loader loader data: 0x00006000032ac000 of 'bootstrap'
[0.071s][debug][class,load,placeholders] loadInstanceThreadQ threads:0x00007f8f4f008800, 
[0.071s][debug][class,load,placeholders] superThreadQ threads:
[0.071s][debug][class,load,placeholders] defineThreadQ threads:
[0.071s][trace][cds,unshareable        ] restore: java.util.concurrent.CopyOnWriteArrayList
[0.071s][trace][class,loader,data      ] Adding k: 0x0000000130224590 java.util.concurrent.CopyOnWriteArrayList to loader data: 0x00006000032ac000 of 'bootstrap'
[0.071s][debug][cds,mirror             ] java.util.concurrent.CopyOnWriteArrayList has raw archived mirror
[0.071s][debug][cds,heap               ] Clearing root 1054: was 0x00000007ffb1e7b0
[0.071s][debug][cds,mirror             ] Archived mirror is: 0x00000007ffb1e7b0
[0.071s][trace][cds,heap,mirror        ] Restored java.util.concurrent.CopyOnWriteArrayList archived mirror 0x00000007ffb1e7b0
[0.071s][debug][cds,heap               ] Clearing root 1055: was 0x00000007ffb1e828
[0.071s][info ][class,load             ] java.util.concurrent.CopyOnWriteArrayList source: shared objects file
[0.071s][debug][class,load             ]  klass: 0x0000000130224590 super: 0x0000000130000db8 interfaces: 0x0000000130079598 0x0000000130079368 0x0000000130000b88 0x00000001300037c0 loader: [loader data: 0x00006000032ac000 of 'bootstrap']
[0.071s][debug][class,load,placeholders] find_and_add DEFINE_CLASS 'java/util/concurrent/CopyOnWriteArrayList', loader loader data: 0x00006000032ac000 of 'bootstrap'
[0.071s][debug][class,load,placeholders] loadInstanceThreadQ threads:0x00007f8f4f008800, 
[0.071s][debug][class,load,placeholders] superThreadQ threads:
[0.071s][debug][class,load,placeholders] defineThreadQ threads:0x00007f8f4f008800, 
[0.071s][debug][class,load,placeholders] find_and_remove DEFINE_CLASS 'java/util/concurrent/CopyOnWriteArrayList', loader loader data: 0x00006000032ac000 of 'bootstrap', InstanceKlass 'java/util/concurrent/CopyOnWriteArrayList'
[0.071s][debug][class,load,placeholders] loadInstanceThreadQ threads:0x00007f8f4f008800, 
[0.071s][debug][class,load,placeholders] superThreadQ threads:
[0.071s][debug][class,load,placeholders] defineThreadQ threads:0x00007f8f4f008800, 
[0.071s][debug][class,load,placeholders] find_and_remove LOAD_INSTANCE 'java/util/concurrent/CopyOnWriteArrayList', loader loader data: 0x00006000032ac000 of 'bootstrap', InstanceKlass 'java/util/concurrent/CopyOnWriteArrayList'
[0.071s][debug][class,load,placeholders] loadInstanceThreadQ threads:0x00007f8f4f008800, 
[0.071s][debug][class,load,placeholders] superThreadQ threads:
[0.071s][debug][class,load,placeholders] defineThreadQ threads:
[0.071s][debug][class,load,placeholders] find_and_add LOAD_INSTANCE 'jdk/internal/module/ServicesCatalog$ServiceProvider', loader loader data: 0x00006000032ac000 of 'bootstrap'
[0.071s][debug][class,load,placeholders] loadInstanceThreadQ threads:0x00007f8f4f008800, 
[0.071s][debug][class,load,placeholders] superThreadQ threads:
[0.071s][debug][class,load,placeholders] defineThreadQ threads:
[0.071s][trace][cds,unshareable        ] restore: jdk.internal.module.ServicesCatalog$ServiceProvider
[0.071s][trace][class,loader,data      ] Adding k: 0x0000000130224ad0 jdk.internal.module.ServicesCatalog$ServiceProvider to loader data: 0x00006000032ac000 of 'bootstrap'
[0.071s][debug][cds,mirror             ] jdk.internal.module.ServicesCatalog$ServiceProvider has raw archived mirror
[0.071s][debug][cds,heap               ] Clearing root 1056: was 0x00000007ffb1e870
[0.071s][debug][cds,mirror             ] Archived mirror is: 0x00000007ffb1e870
[0.071s][trace][cds,heap,mirror        ] Restored jdk.internal.module.ServicesCatalog$ServiceProvider archived mirror 0x00000007ffb1e870
[0.071s][trace][cds,unshareable        ] restore: [Ljdk.internal.module.ServicesCatalog$ServiceProvider;
[0.071s][trace][class,loader,data      ] Adding k: 0x00000001302253a0 [Ljdk.internal.module.ServicesCatalog$ServiceProvider; to loader data: 0x00006000032ac000 of 'bootstrap'
[0.071s][debug][cds,mirror             ] [Ljdk.internal.module.ServicesCatalog$ServiceProvider; has raw archived mirror
[0.071s][debug][cds,heap               ] Clearing root 1058: was 0x00000007ffb1e950
[0.071s][debug][cds,mirror             ] Archived mirror is: 0x00000007ffb1e950
[0.071s][trace][cds,heap,mirror        ] Restored [Ljdk.internal.module.ServicesCatalog$ServiceProvider; archived mirror 0x00000007ffb1e950
[0.071s][info ][class,load             ] jdk.internal.module.ServicesCatalog$ServiceProvider source: shared objects file
[0.071s][debug][class,load             ]  klass: 0x0000000130224ad0 super: 0x0000000130000db8 loader: [loader data: 0x00006000032ac000 of 'bootstrap']
[0.071s][debug][class,load,placeholders] find_and_add DEFINE_CLASS 'jdk/internal/module/ServicesCatalog$ServiceProvider', loader loader data: 0x00006000032ac000 of 'bootstrap'
[0.071s][debug][class,load,placeholders] loadInstanceThreadQ threads:0x00007f8f4f008800, 
[0.071s][debug][class,load,placeholders] superThreadQ threads:
[0.071s][debug][class,load,placeholders] defineThreadQ threads:0x00007f8f4f008800, 
[0.071s][debug][class,load,placeholders] find_and_remove DEFINE_CLASS 'jdk/internal/module/ServicesCatalog$ServiceProvider', loader loader data: 0x00006000032ac000 of 'bootstrap', InstanceKlass 'jdk/internal/module/ServicesCatalog$ServiceProvider'
[0.071s][debug][class,load,placeholders] loadInstanceThreadQ threads:0x00007f8f4f008800, 
[0.071s][debug][class,load,placeholders] superThreadQ threads:
[0.071s][debug][class,load,placeholders] defineThreadQ threads:0x00007f8f4f008800, 
[0.071s][debug][class,load,placeholders] find_and_remove LOAD_INSTANCE 'jdk/internal/module/ServicesCatalog$ServiceProvider', loader loader data: 0x00006000032ac000 of 'bootstrap', InstanceKlass 'jdk/internal/module/ServicesCatalog$ServiceProvider'
[0.071s][debug][class,load,placeholders] loadInstanceThreadQ threads:0x00007f8f4f008800, 
[0.071s][debug][class,load,placeholders] superThreadQ threads:
[0.071s][debug][class,load,placeholders] defineThreadQ threads:
[0.071s][debug][class,load,placeholders] find_and_add LOAD_INSTANCE 'java/util/HashSet', loader loader data: 0x00006000032ac000 of 'bootstrap'
[0.071s][debug][class,load,placeholders] loadInstanceThreadQ threads:0x00007f8f4f008800, 
[0.071s][debug][class,load,placeholders] superThreadQ threads:
[0.071s][debug][class,load,placeholders] defineThreadQ threads:
[0.071s][debug][class,load,placeholders] find_and_add LOAD_SUPER 'java/util/HashSet', loader loader data: 0x00006000032ac000 of 'bootstrap', supername 'java/util/AbstractSet'
[0.071s][debug][class,load,placeholders] loadInstanceThreadQ threads:0x00007f8f4f008800, 
[0.071s][debug][class,load,placeholders] superThreadQ threads:0x00007f8f4f008800, 
[0.071s][debug][class,load,placeholders] defineThreadQ threads:
[0.071s][debug][class,load,placeholders] find_and_add LOAD_INSTANCE 'java/util/AbstractSet', loader loader data: 0x00006000032ac000 of 'bootstrap'
[0.071s][debug][class,load,placeholders] loadInstanceThreadQ threads:0x00007f8f4f008800, 
[0.071s][debug][class,load,placeholders] superThreadQ threads:
[0.071s][debug][class,load,placeholders] defineThreadQ threads:
[0.071s][trace][cds,unshareable        ] restore: java.util.AbstractSet
[0.071s][trace][class,loader,data      ] Adding k: 0x000000013010bf50 java.util.AbstractSet to loader data: 0x00006000032ac000 of 'bootstrap'
[0.071s][debug][cds,mirror             ] java.util.AbstractSet has raw archived mirror
[0.071s][debug][cds,heap               ] Clearing root 821: was 0x00000007ffb167d0
[0.071s][debug][cds,mirror             ] Archived mirror is: 0x00000007ffb167d0
[0.071s][trace][cds,heap,mirror        ] Restored java.util.AbstractSet archived mirror 0x00000007ffb167d0
[0.071s][info ][class,load             ] java.util.AbstractSet source: shared objects file
[0.071s][debug][class,load             ]  klass: 0x000000013010bf50 super: 0x0000000130077dc0 interfaces: 0x000000013001aa60 loader: [loader data: 0x00006000032ac000 of 'bootstrap']
[0.071s][debug][class,load,placeholders] find_and_add DEFINE_CLASS 'java/util/AbstractSet', loader loader data: 0x00006000032ac000 of 'bootstrap'
[0.071s][debug][class,load,placeholders] loadInstanceThreadQ threads:0x00007f8f4f008800, 
[0.071s][debug][class,load,placeholders] superThreadQ threads:
[0.071s][debug][class,load,placeholders] defineThreadQ threads:0x00007f8f4f008800, 
[0.072s][debug][class,load,placeholders] find_and_remove DEFINE_CLASS 'java/util/AbstractSet', loader loader data: 0x00006000032ac000 of 'bootstrap', InstanceKlass 'java/util/AbstractSet'
[0.072s][debug][class,load,placeholders] loadInstanceThreadQ threads:0x00007f8f4f008800, 
[0.072s][debug][class,load,placeholders] superThreadQ threads:
[0.072s][debug][class,load,placeholders] defineThreadQ threads:0x00007f8f4f008800, 
[0.072s][debug][class,load,placeholders] find_and_remove LOAD_INSTANCE 'java/util/AbstractSet', loader loader data: 0x00006000032ac000 of 'bootstrap', InstanceKlass 'java/util/AbstractSet'
[0.072s][debug][class,load,placeholders] loadInstanceThreadQ threads:0x00007f8f4f008800, 
[0.072s][debug][class,load,placeholders] superThreadQ threads:
[0.072s][debug][class,load,placeholders] defineThreadQ threads:
[0.072s][debug][class,load,placeholders] find_and_remove LOAD_SUPER 'java/util/HashSet', loader loader data: 0x00006000032ac000 of 'bootstrap', supername 'java/util/AbstractSet'
[0.072s][debug][class,load,placeholders] loadInstanceThreadQ threads:0x00007f8f4f008800, 
[0.072s][debug][class,load,placeholders] superThreadQ threads:0x00007f8f4f008800, 
[0.072s][debug][class,load,placeholders] defineThreadQ threads:
[0.072s][trace][cds,unshareable        ] restore: java.util.HashSet
[0.072s][trace][class,loader,data      ] Adding k: 0x0000000130135db8 java.util.HashSet to loader data: 0x00006000032ac000 of 'bootstrap'
[0.072s][debug][cds,mirror             ] java.util.HashSet has raw archived mirror
[0.072s][debug][cds,heap               ] Clearing root 347: was 0x00000007ffb09e78
[0.072s][debug][cds,mirror             ] Archived mirror is: 0x00000007ffb09e78
[0.072s][trace][cds,heap,mirror        ] Restored java.util.HashSet archived mirror 0x00000007ffb09e78
[0.072s][debug][cds,heap               ] Clearing root 348: was 0x00000007ffb09ef8
[0.072s][info ][class,load             ] java.util.HashSet source: shared objects file
[0.072s][debug][class,load             ]  klass: 0x0000000130135db8 super: 0x000000013010bf50 interfaces: 0x000000013001aa60 0x0000000130000b88 0x00000001300037c0 loader: [loader data: 0x00006000032ac000 of 'bootstrap']
[0.072s][debug][class,load,placeholders] find_and_add DEFINE_CLASS 'java/util/HashSet', loader loader data: 0x00006000032ac000 of 'bootstrap', supername 'java/util/AbstractSet'
[0.072s][debug][class,load,placeholders] loadInstanceThreadQ threads:0x00007f8f4f008800, 
[0.072s][debug][class,load,placeholders] superThreadQ threads:
[0.072s][debug][class,load,placeholders] defineThreadQ threads:0x00007f8f4f008800, 
[0.072s][debug][class,load,placeholders] find_and_remove DEFINE_CLASS 'java/util/HashSet', loader loader data: 0x00006000032ac000 of 'bootstrap', supername 'java/util/AbstractSet', InstanceKlass 'java/util/HashSet'
[0.072s][debug][class,load,placeholders] loadInstanceThreadQ threads:0x00007f8f4f008800, 
[0.072s][debug][class,load,placeholders] superThreadQ threads:
[0.072s][debug][class,load,placeholders] defineThreadQ threads:0x00007f8f4f008800, 
[0.072s][debug][class,load,placeholders] find_and_remove LOAD_INSTANCE 'java/util/HashSet', loader loader data: 0x00006000032ac000 of 'bootstrap', supername 'java/util/AbstractSet', InstanceKlass 'java/util/HashSet'
[0.072s][debug][class,load,placeholders] loadInstanceThreadQ threads:0x00007f8f4f008800, 
[0.072s][debug][class,load,placeholders] superThreadQ threads:
[0.072s][debug][class,load,placeholders] defineThreadQ threads:
[0.072s][debug][class,load,placeholders] find_and_add LOAD_INSTANCE 'jdk/internal/loader/BuiltinClassLoader$LoadedModule', loader loader data: 0x00006000032ac000 of 'bootstrap'
[0.072s][debug][class,load,placeholders] loadInstanceThreadQ threads:0x00007f8f4f008800, 
[0.072s][debug][class,load,placeholders] superThreadQ threads:
[0.072s][debug][class,load,placeholders] defineThreadQ threads:
[0.072s][trace][cds,unshareable        ] restore: jdk.internal.loader.BuiltinClassLoader$LoadedModule
[0.072s][trace][class,loader,data      ] Adding k: 0x0000000130189538 jdk.internal.loader.BuiltinClassLoader$LoadedModule to loader data: 0x00006000032ac000 of 'bootstrap'
[0.072s][debug][cds,mirror             ] jdk.internal.loader.BuiltinClassLoader$LoadedModule has raw archived mirror
[0.072s][debug][cds,heap               ] Clearing root 654: was 0x00000007ffb12358
[0.072s][debug][cds,mirror             ] Archived mirror is: 0x00000007ffb12358
[0.072s][trace][cds,heap,mirror        ] Restored jdk.internal.loader.BuiltinClassLoader$LoadedModule archived mirror 0x00000007ffb12358
[0.072s][debug][cds,heap               ] Clearing root 655: was 0x00000007ffb123c8
[0.072s][info ][class,load             ] jdk.internal.loader.BuiltinClassLoader$LoadedModule source: shared objects file
[0.072s][debug][class,load             ]  klass: 0x0000000130189538 super: 0x0000000130000db8 loader: [loader data: 0x00006000032ac000 of 'bootstrap']
[0.072s][debug][class,load,placeholders] find_and_add DEFINE_CLASS 'jdk/internal/loader/BuiltinClassLoader$LoadedModule', loader loader data: 0x00006000032ac000 of 'bootstrap'
[0.072s][debug][class,load,placeholders] loadInstanceThreadQ threads:0x00007f8f4f008800, 
[0.072s][debug][class,load,placeholders] superThreadQ threads:
[0.072s][debug][class,load,placeholders] defineThreadQ threads:0x00007f8f4f008800, 
[0.072s][debug][class,load,placeholders] find_and_remove DEFINE_CLASS 'jdk/internal/loader/BuiltinClassLoader$LoadedModule', loader loader data: 0x00006000032ac000 of 'bootstrap', InstanceKlass 'jdk/internal/loader/BuiltinClassLoader$LoadedModule'
[0.072s][debug][class,load,placeholders] loadInstanceThreadQ threads:0x00007f8f4f008800, 
[0.072s][debug][class,load,placeholders] superThreadQ threads:
[0.072s][debug][class,load,placeholders] defineThreadQ threads:0x00007f8f4f008800, 
[0.072s][debug][class,load,placeholders] find_and_remove LOAD_INSTANCE 'jdk/internal/loader/BuiltinClassLoader$LoadedModule', loader loader data: 0x00006000032ac000 of 'bootstrap', InstanceKlass 'jdk/internal/loader/BuiltinClassLoader$LoadedModule'
[0.072s][debug][class,load,placeholders] loadInstanceThreadQ threads:0x00007f8f4f008800, 
[0.072s][debug][class,load,placeholders] superThreadQ threads:
[0.072s][debug][class,load,placeholders] defineThreadQ threads:
[0.072s][debug][class,load,placeholders] find_and_add LOAD_INSTANCE 'jdk/internal/module/ArchivedBootLayer', loader loader data: 0x00006000032ac000 of 'bootstrap'
[0.072s][debug][class,load,placeholders] loadInstanceThreadQ threads:0x00007f8f4f008800, 
[0.072s][debug][class,load,placeholders] superThreadQ threads:
[0.072s][debug][class,load,placeholders] defineThreadQ threads:
[0.072s][trace][cds,unshareable        ] restore: jdk.internal.module.ArchivedBootLayer
[0.072s][trace][class,loader,data      ] Adding k: 0x0000000130190900 jdk.internal.module.ArchivedBootLayer to loader data: 0x00006000032ac000 of 'bootstrap'
[0.072s][debug][cds,mirror             ] jdk.internal.module.ArchivedBootLayer has raw archived mirror
[0.072s][debug][cds,heap               ] Clearing root 931: was 0x00000007ffb195d8
[0.072s][debug][cds,mirror             ] Archived mirror is: 0x00000007ffb195d8
[0.072s][trace][cds,heap,mirror        ] Restored jdk.internal.module.ArchivedBootLayer archived mirror 0x00000007ffb195d8
[0.072s][info ][class,load             ] jdk.internal.module.ArchivedBootLayer source: shared objects file
[0.072s][debug][class,load             ]  klass: 0x0000000130190900 super: 0x0000000130000db8 loader: [loader data: 0x00006000032ac000 of 'bootstrap']
[0.072s][debug][class,load,placeholders] find_and_add DEFINE_CLASS 'jdk/internal/module/ArchivedBootLayer', loader loader data: 0x00006000032ac000 of 'bootstrap'
[0.072s][debug][class,load,placeholders] loadInstanceThreadQ threads:0x00007f8f4f008800, 
[0.072s][debug][class,load,placeholders] superThreadQ threads:
[0.072s][debug][class,load,placeholders] defineThreadQ threads:0x00007f8f4f008800, 
[0.072s][debug][class,load,placeholders] find_and_remove DEFINE_CLASS 'jdk/internal/module/ArchivedBootLayer', loader loader data: 0x00006000032ac000 of 'bootstrap', InstanceKlass 'jdk/internal/module/ArchivedBootLayer'
[0.072s][debug][class,load,placeholders] loadInstanceThreadQ threads:0x00007f8f4f008800, 
[0.072s][debug][class,load,placeholders] superThreadQ threads:
[0.072s][debug][class,load,placeholders] defineThreadQ threads:0x00007f8f4f008800, 
[0.072s][debug][class,load,placeholders] find_and_remove LOAD_INSTANCE 'jdk/internal/module/ArchivedBootLayer', loader loader data: 0x00006000032ac000 of 'bootstrap', InstanceKlass 'jdk/internal/module/ArchivedBootLayer'
[0.072s][debug][class,load,placeholders] loadInstanceThreadQ threads:0x00007f8f4f008800, 
[0.072s][debug][class,load,placeholders] superThreadQ threads:
[0.072s][debug][class,load,placeholders] defineThreadQ threads:
[0.072s][debug][class,load,placeholders] find_and_add LOAD_INSTANCE 'java/lang/Module$ArchivedData', loader loader data: 0x00006000032ac000 of 'bootstrap'
[0.072s][debug][class,load,placeholders] loadInstanceThreadQ threads:0x00007f8f4f008800, 
[0.072s][debug][class,load,placeholders] superThreadQ threads:
[0.072s][debug][class,load,placeholders] defineThreadQ threads:
[0.072s][trace][cds,unshareable        ] restore: java.lang.Module$ArchivedData
[0.072s][trace][class,loader,data      ] Adding k: 0x000000013019cb68 java.lang.Module$ArchivedData to loader data: 0x00006000032ac000 of 'bootstrap'
[0.073s][debug][cds,mirror             ] java.lang.Module$ArchivedData has raw archived mirror
[0.073s][debug][cds,heap               ] Clearing root 541: was 0x00000007ffb0ed40
[0.073s][debug][cds,mirror             ] Archived mirror is: 0x00000007ffb0ed40
[0.073s][trace][cds,heap,mirror        ] Restored java.lang.Module$ArchivedData archived mirror 0x00000007ffb0ed40
[0.073s][info ][class,load             ] java.lang.Module$ArchivedData source: shared objects file
[0.073s][debug][class,load             ]  klass: 0x000000013019cb68 super: 0x0000000130000db8 loader: [loader data: 0x00006000032ac000 of 'bootstrap']
[0.073s][debug][class,load,placeholders] find_and_add DEFINE_CLASS 'java/lang/Module$ArchivedData', loader loader data: 0x00006000032ac000 of 'bootstrap'
[0.073s][debug][class,load,placeholders] loadInstanceThreadQ threads:0x00007f8f4f008800, 
[0.073s][debug][class,load,placeholders] superThreadQ threads:
[0.073s][debug][class,load,placeholders] defineThreadQ threads:0x00007f8f4f008800, 
[0.073s][debug][class,load,placeholders] find_and_remove DEFINE_CLASS 'java/lang/Module$ArchivedData', loader loader data: 0x00006000032ac000 of 'bootstrap', InstanceKlass 'java/lang/Module$ArchivedData'
[0.073s][debug][class,load,placeholders] loadInstanceThreadQ threads:0x00007f8f4f008800, 
[0.073s][debug][class,load,placeholders] superThreadQ threads:
[0.073s][debug][class,load,placeholders] defineThreadQ threads:0x00007f8f4f008800, 
[0.073s][debug][class,load,placeholders] find_and_remove LOAD_INSTANCE 'java/lang/Module$ArchivedData', loader loader data: 0x00006000032ac000 of 'bootstrap', InstanceKlass 'java/lang/Module$ArchivedData'
[0.073s][debug][class,load,placeholders] loadInstanceThreadQ threads:0x00007f8f4f008800, 
[0.073s][debug][class,load,placeholders] superThreadQ threads:
[0.073s][debug][class,load,placeholders] defineThreadQ threads:
[0.073s][trace][oopstorage,ref         ] VM Global: allocated 0x00007f8f3cf04c50
[0.073s][debug][oopstorage,blocks      ] StringTable Weak: new block 0x00007f8f4cf05f00
[0.073s][trace][oopstorage,blocks      ] StringTable Weak: block not empty 0x00007f8f4cf05f00
[0.073s][trace][oopstorage,ref         ] StringTable Weak: allocated 0x00007f8f4cf05f00
[0.073s][trace][oopstorage,ref         ] VM Global: allocated 0x00007f8f3cf04c58
[0.073s][trace][cds,unshareable        ] restore: [Z
[0.073s][trace][class,loader,data      ] Adding k: 0x0000000130000960 [Z to loader data: 0x00006000032ac000 of 'bootstrap'
[0.073s][debug][cds,mirror             ] [Z has raw archived mirror
[0.073s][debug][cds,heap               ] Clearing root 7: was 0x00000007ffb003f0
[0.073s][debug][cds,mirror             ] Archived mirror is: 0x00000007ffb003f0
[0.073s][trace][cds,heap,mirror        ] Restored [Z archived mirror 0x00000007ffb003f0
[0.073s][trace][cds,unshareable        ] restore: [C
[0.073s][trace][class,loader,data      ] Adding k: 0x0000000130006a20 [C to loader data: 0x00006000032ac000 of 'bootstrap'
[0.073s][debug][cds,mirror             ] [C has raw archived mirror
[0.073s][debug][cds,heap               ] Clearing root 8: was 0x00000007ffb00460
[0.073s][debug][cds,mirror             ] Archived mirror is: 0x00000007ffb00460
[0.073s][trace][cds,heap,mirror        ] Restored [C archived mirror 0x00000007ffb00460
[0.073s][trace][cds,unshareable        ] restore: [F
[0.073s][trace][class,loader,data      ] Adding k: 0x0000000130006c40 [F to loader data: 0x00006000032ac000 of 'bootstrap'
[0.073s][debug][cds,mirror             ] [F has raw archived mirror
[0.073s][debug][cds,heap               ] Clearing root 9: was 0x00000007ffb004d0
[0.073s][debug][cds,mirror             ] Archived mirror is: 0x00000007ffb004d0
[0.073s][trace][cds,heap,mirror        ] Restored [F archived mirror 0x00000007ffb004d0
[0.073s][trace][cds,unshareable        ] restore: [D
[0.073s][trace][class,loader,data      ] Adding k: 0x0000000130006e60 [D to loader data: 0x00006000032ac000 of 'bootstrap'
[0.073s][debug][cds,mirror             ] [D has raw archived mirror
[0.073s][debug][cds,heap               ] Clearing root 10: was 0x00000007ffb00540
[0.073s][debug][cds,mirror             ] Archived mirror is: 0x00000007ffb00540
[0.073s][trace][cds,heap,mirror        ] Restored [D archived mirror 0x00000007ffb00540
[0.073s][trace][cds,unshareable        ] restore: [B
[0.073s][trace][class,loader,data      ] Adding k: 0x0000000130007080 [B to loader data: 0x00006000032ac000 of 'bootstrap'
[0.073s][debug][cds,mirror             ] [B has raw archived mirror
[0.073s][debug][cds,heap               ] Clearing root 11: was 0x00000007ffb005b0
[0.073s][debug][cds,mirror             ] Archived mirror is: 0x00000007ffb005b0
[0.073s][trace][cds,heap,mirror        ] Restored [B archived mirror 0x00000007ffb005b0
[0.073s][trace][cds,unshareable        ] restore: [S
[0.073s][trace][class,loader,data      ] Adding k: 0x00000001300072a0 [S to loader data: 0x00006000032ac000 of 'bootstrap'
[0.073s][debug][cds,mirror             ] [S has raw archived mirror
[0.073s][debug][cds,heap               ] Clearing root 12: was 0x00000007ffb00620
[0.073s][debug][cds,mirror             ] Archived mirror is: 0x00000007ffb00620
[0.073s][trace][cds,heap,mirror        ] Restored [S archived mirror 0x00000007ffb00620
[0.073s][trace][cds,unshareable        ] restore: [I
[0.073s][trace][class,loader,data      ] Adding k: 0x00000001300074c0 [I to loader data: 0x00006000032ac000 of 'bootstrap'
[0.073s][debug][cds,mirror             ] [I has raw archived mirror
[0.073s][debug][cds,heap               ] Clearing root 13: was 0x00000007ffb00690
[0.073s][debug][cds,mirror             ] Archived mirror is: 0x00000007ffb00690
[0.073s][trace][cds,heap,mirror        ] Restored [I archived mirror 0x00000007ffb00690
[0.073s][trace][cds,unshareable        ] restore: [[I
[0.073s][trace][class,loader,data      ] Adding k: 0x00000001300076e0 [[I to loader data: 0x00006000032ac000 of 'bootstrap'
[0.073s][debug][cds,mirror             ] [[I has raw archived mirror
[0.073s][debug][cds,heap               ] Clearing root 1175: was 0x00000007ffb213d0
[0.073s][debug][cds,mirror             ] Archived mirror is: 0x00000007ffb213d0
[0.073s][trace][cds,heap,mirror        ] Restored [[I archived mirror 0x00000007ffb213d0
[0.073s][trace][cds,unshareable        ] restore: [J
[0.073s][trace][class,loader,data      ] Adding k: 0x0000000130001220 [J to loader data: 0x00006000032ac000 of 'bootstrap'
[0.073s][debug][cds,mirror             ] [J has raw archived mirror
[0.073s][debug][cds,heap               ] Clearing root 14: was 0x00000007ffb00700
[0.073s][debug][cds,mirror             ] Archived mirror is: 0x00000007ffb00700
[0.073s][trace][cds,heap,mirror        ] Restored [J archived mirror 0x00000007ffb00700
[0.073s][trace][oopstorage,ref         ] VM Global: allocated 0x00007f8f3cf04c60
[0.073s][trace][oopstorage,ref         ] VM Global: allocated 0x00007f8f3cf04c68
[0.074s][info ][startuptime            ] Interpreter generation, 0.0009838 secs
[0.074s][debug][perf,datacreation      ] name = sun.ci.nmethodBucketsAllocated, dtype = 11, variability = 2, units = 4, dsize = 8, vlen = 0, pad_length = 5, size = 64, on_c_heap = FALSE, address = 0x0000000106f9c268, data address = 0x0000000106f9c2a0
[0.074s][debug][perf,datacreation      ] name = sun.ci.nmethodBucketsDeallocated, dtype = 11, variability = 2, units = 4, dsize = 8, vlen = 0, pad_length = 3, size = 64, on_c_heap = FALSE, address = 0x0000000106f9c2a8, data address = 0x0000000106f9c2e0
[0.074s][debug][perf,datacreation      ] name = sun.ci.nmethodBucketsStale, dtype = 11, variability = 2, units = 4, dsize = 8, vlen = 0, pad_length = 1, size = 56, on_c_heap = FALSE, address = 0x0000000106f9c2e8, data address = 0x0000000106f9c318
[0.074s][debug][perf,datacreation      ] name = sun.ci.nmethodBucketsStaleAccumulated, dtype = 11, variability = 2, units = 4, dsize = 8, vlen = 0, pad_length = 6, size = 72, on_c_heap = FALSE, address = 0x0000000106f9c320, data address = 0x0000000106f9c360
[0.074s][debug][perf,datacreation      ] name = sun.ci.findWitnessAnywhere, dtype = 11, variability = 2, units = 4, dsize = 8, vlen = 0, pad_length = 1, size = 56, on_c_heap = FALSE, address = 0x0000000106f9c368, data address = 0x0000000106f9c398
[0.074s][debug][perf,datacreation      ] name = sun.ci.findWitnessAnywhereSteps, dtype = 11, variability = 2, units = 4, dsize = 8, vlen = 0, pad_length = 4, size = 64, on_c_heap = FALSE, address = 0x0000000106f9c3a0, data address = 0x0000000106f9c3d8
[0.075s][debug][perf,datacreation      ] name = sun.ci.findWitnessIn, dtype = 11, variability = 2, units = 4, dsize = 8, vlen = 0, pad_length = 7, size = 56, on_c_heap = FALSE, address = 0x0000000106f9c3e0, data address = 0x0000000106f9c410
[0.075s][trace][oopstorage,ref         ] VM Global: allocated 0x00007f8f3cf04c70
[0.075s][trace][oopstorage,ref         ] VM Global: allocated 0x00007f8f3cf04c78
[0.075s][trace][oopstorage,ref         ] VM Global: allocated 0x00007f8f3cf04c80
[0.075s][trace][oopstorage,ref         ] VM Global: allocated 0x00007f8f3cf04c88
[0.075s][debug][class,load,placeholders] find_and_add LOAD_INSTANCE 'java/lang/NullPointerException', loader loader data: 0x00006000032ac000 of 'bootstrap'
[0.075s][debug][class,load,placeholders] loadInstanceThreadQ threads:0x00007f8f4f008800, 
[0.075s][debug][class,load,placeholders] superThreadQ threads:
[0.075s][debug][class,load,placeholders] defineThreadQ threads:
[0.075s][trace][cds,unshareable        ] restore: java.lang.NullPointerException
[0.075s][trace][class,loader,data      ] Adding k: 0x00000001300874a8 java.lang.NullPointerException to loader data: 0x00006000032ac000 of 'bootstrap'
[0.075s][debug][cds,mirror             ] java.lang.NullPointerException has raw archived mirror
[0.075s][debug][cds,heap               ] Clearing root 161: was 0x00000007ffb044f0
[0.075s][debug][cds,mirror             ] Archived mirror is: 0x00000007ffb044f0
[0.075s][trace][cds,heap,mirror        ] Restored java.lang.NullPointerException archived mirror 0x00000007ffb044f0
[0.075s][info ][class,load             ] java.lang.NullPointerException source: shared objects file
[0.075s][debug][class,load             ]  klass: 0x00000001300874a8 super: 0x0000000130050300 loader: [loader data: 0x00006000032ac000 of 'bootstrap']
[0.075s][debug][class,load,placeholders] find_and_add DEFINE_CLASS 'java/lang/NullPointerException', loader loader data: 0x00006000032ac000 of 'bootstrap'
[0.075s][debug][class,load,placeholders] loadInstanceThreadQ threads:0x00007f8f4f008800, 
[0.075s][debug][class,load,placeholders] superThreadQ threads:
[0.075s][debug][class,load,placeholders] defineThreadQ threads:0x00007f8f4f008800, 
[0.075s][debug][class,load,placeholders] find_and_remove DEFINE_CLASS 'java/lang/NullPointerException', loader loader data: 0x00006000032ac000 of 'bootstrap', InstanceKlass 'java/lang/NullPointerException'
[0.075s][debug][class,load,placeholders] loadInstanceThreadQ threads:0x00007f8f4f008800, 
[0.075s][debug][class,load,placeholders] superThreadQ threads:
[0.075s][debug][class,load,placeholders] defineThreadQ threads:0x00007f8f4f008800, 
[0.075s][debug][class,load,placeholders] find_and_remove LOAD_INSTANCE 'java/lang/NullPointerException', loader loader data: 0x00006000032ac000 of 'bootstrap', InstanceKlass 'java/lang/NullPointerException'
[0.075s][debug][class,load,placeholders] loadInstanceThreadQ threads:0x00007f8f4f008800, 
[0.075s][debug][class,load,placeholders] superThreadQ threads:
[0.075s][debug][class,load,placeholders] defineThreadQ threads:
[0.075s][trace][oopstorage,ref         ] VM Global: allocated 0x00007f8f3cf04c90
[0.075s][debug][class,load,placeholders] find_and_add LOAD_INSTANCE 'java/lang/ArithmeticException', loader loader data: 0x00006000032ac000 of 'bootstrap'
[0.075s][debug][class,load,placeholders] loadInstanceThreadQ threads:0x00007f8f4f008800, 
[0.075s][debug][class,load,placeholders] superThreadQ threads:
[0.075s][debug][class,load,placeholders] defineThreadQ threads:
[0.075s][trace][cds,unshareable        ] restore: java.lang.ArithmeticException
[0.075s][trace][class,loader,data      ] Adding k: 0x0000000130050820 java.lang.ArithmeticException to loader data: 0x00006000032ac000 of 'bootstrap'
[0.075s][debug][cds,mirror             ] java.lang.ArithmeticException has raw archived mirror
[0.075s][debug][cds,heap               ] Clearing root 150: was 0x00000007ffb04020
[0.075s][debug][cds,mirror             ] Archived mirror is: 0x00000007ffb04020
[0.075s][trace][cds,heap,mirror        ] Restored java.lang.ArithmeticException archived mirror 0x00000007ffb04020
[0.075s][info ][class,load             ] java.lang.ArithmeticException source: shared objects file
[0.075s][debug][class,load             ]  klass: 0x0000000130050820 super: 0x0000000130050300 loader: [loader data: 0x00006000032ac000 of 'bootstrap']
[0.075s][debug][class,load,placeholders] find_and_add DEFINE_CLASS 'java/lang/ArithmeticException', loader loader data: 0x00006000032ac000 of 'bootstrap'
[0.075s][debug][class,load,placeholders] loadInstanceThreadQ threads:0x00007f8f4f008800, 
[0.075s][debug][class,load,placeholders] superThreadQ threads:
[0.075s][debug][class,load,placeholders] defineThreadQ threads:0x00007f8f4f008800, 
[0.075s][debug][class,load,placeholders] find_and_remove DEFINE_CLASS 'java/lang/ArithmeticException', loader loader data: 0x00006000032ac000 of 'bootstrap', InstanceKlass 'java/lang/ArithmeticException'
[0.075s][debug][class,load,placeholders] loadInstanceThreadQ threads:0x00007f8f4f008800, 
[0.075s][debug][class,load,placeholders] superThreadQ threads:
[0.075s][debug][class,load,placeholders] defineThreadQ threads:0x00007f8f4f008800, 
[0.075s][debug][class,load,placeholders] find_and_remove LOAD_INSTANCE 'java/lang/ArithmeticException', loader loader data: 0x00006000032ac000 of 'bootstrap', InstanceKlass 'java/lang/ArithmeticException'
[0.075s][debug][class,load,placeholders] loadInstanceThreadQ threads:0x00007f8f4f008800, 
[0.075s][debug][class,load,placeholders] superThreadQ threads:
[0.075s][debug][class,load,placeholders] defineThreadQ threads:
[0.075s][trace][oopstorage,ref         ] VM Global: allocated 0x00007f8f3cf04c98
[0.075s][trace][oopstorage,ref         ] VM Global: allocated 0x00007f8f3cf04ca0
[0.076s][trace][oopstorage,ref         ] VM Global: allocated 0x00007f8f3cf04ca8
[0.076s][debug][metaspace              ] Arena @0x00006000016b2200 (non-class sm): : born.
[0.076s][debug][metaspace              ] Arena @0x00006000016b2240 (class sm): : born.
[0.076s][debug][metaspace              ] CLMS @0x00006000003b13e0 : born (nonclass arena: 0x00006000016b2200, class arena: 0x00006000016b2240.
[0.076s][trace][metaspace              ] Arena @0x00006000016b2240 (class sm): requested 68 words.
[0.076s][debug][metaspace              ] ChkMgr @0x00007f8f3cf042e0 (class-space): requested chunk: pref_level: lv06, max_level: lv14, min committed size: 68.
[0.076s][trace][metaspace              ] ChkMgr @0x00007f8f3cf042e0 (class-space): taken from freelist.
[0.076s][debug][metaspace              ] Chunk @0x00007f8f2d80afc0, f, base 0x0000000131040000, level lv06: attempting to move commit line to 8192 words.
[0.076s][debug][metaspace              ] VsListNode @0x00006000036b4000 base 0x0000000131000000 : committing range 0x0000000131040000..0x0000000131050000(8192 words)
[0.076s][trace][gc,metaspace,freelist  ] allowed expansion words: 2305843009213693951 (left_until_max: 2305843009213693951, left_until_GC: 2305843009213693951.
[0.076s][debug][metaspace              ] VsListNode @0x00006000036b4000 base 0x0000000131000000 : ... committed 8192 additional words.
[0.076s][debug][metaspace              ] ChkMgr @0x00007f8f3cf042e0 (class-space): handing out chunk @0x00007f8f2d80afc0, u, base 0x0000000131040000, level lv06.
[0.076s][debug][metaspace              ] Arena @0x00006000016b2240 (class sm): allocated new chunk @0x00007f8f2d80afc0, u, base 0x0000000131040000, level lv06 for requested word size 68.
[0.076s][trace][metaspace              ] Arena @0x00006000016b2240 (class sm): after allocation: 1 chunk(s), current:@0x00007f8f2d80afc0, u, base 0x0000000131040000, level lv06 (32768), used: 68, committed: 8192, committed-free: 8124
[0.076s][trace][metaspace              ] Arena @0x00006000016b2240 (class sm): returning 0x0000000131040000.
[0.076s][trace][metaspace              ] Metaspace::allocate: type 0 return 0x0000000131040000.
[0.076s][trace][metaspace              ] Arena @0x00006000016b2200 (non-class sm): requested 4 words.
[0.076s][debug][metaspace              ] ChkMgr @0x00007f8f3cf044e0 (non-class-space): requested chunk: pref_level: lv02, max_level: lv14, min committed size: 4.
[0.076s][debug][metaspace              ] VsListNode @0x00006000036b8180 base 0x0000000171000000 : born (word_size 8388608).
[0.076s][debug][metaspace              ] VsList @0x00006000016a4340 (non-class-space): added new node (now: 1).
[0.076s][debug][metaspace              ] VsListNode @0x00006000036b8180 base 0x0000000171000000 : new root chunk @0x00007f8f2d80b248, f, base 0x0000000171000000, level lv00.
[0.076s][debug][metaspace              ] ChkMgr @0x00007f8f3cf044e0 (non-class-space): allocated new root chunk.
[0.076s][debug][metaspace              ] ChkMgr @0x00007f8f3cf044e0 (non-class-space): splitting chunk @0x00007f8f2d80b248, f, base 0x0000000171000000, level lv00 to lv02.
[0.076s][trace][metaspace              ] Splitting chunk: @0x00007f8f2d80b248, f, base 0x0000000171000000, level lv00 (2097152), used: 0, committed: 0, committed-free: 0.
[0.076s][trace][metaspace              ] .. Result chunk: @0x00007f8f2d80b248, f, base 0x0000000171000000, level lv01 (1048576), used: 0, committed: 0, committed-free: 0.
[0.076s][trace][metaspace              ] .. Splinter chunk: @0x00007f8f2d80b290, f, base 0x0000000171800000, level lv01 (1048576), used: 0, committed: 0, committed-free: 0.
[0.076s][trace][metaspace              ] Splitting chunk: @0x00007f8f2d80b248, f, base 0x0000000171000000, level lv01 (1048576), used: 0, committed: 0, committed-free: 0.
[0.076s][trace][metaspace              ] .. Result chunk: @0x00007f8f2d80b248, f, base 0x0000000171000000, level lv02 (524288), used: 0, committed: 0, committed-free: 0.
[0.076s][trace][metaspace              ] .. Splinter chunk: @0x00007f8f2d80b2d8, f, base 0x0000000171400000, level lv02 (524288), used: 0, committed: 0, committed-free: 0.
[0.076s][debug][metaspace              ] Chunk @0x00007f8f2d80b248, f, base 0x0000000171000000, level lv02: attempting to move commit line to 8192 words.
[0.076s][debug][metaspace              ] VsListNode @0x00006000036b8180 base 0x0000000171000000 : committing range 0x0000000171000000..0x0000000171010000(8192 words)
[0.076s][trace][gc,metaspace,freelist  ] allowed expansion words: 2305843009213685759 (left_until_max: 2305843009213685759, left_until_GC: 2305843009213685759.
[0.076s][debug][metaspace              ] VsListNode @0x00006000036b8180 base 0x0000000171000000 : ... committed 8192 additional words.
[0.076s][debug][metaspace              ] ChkMgr @0x00007f8f3cf044e0 (non-class-space): handing out chunk @0x00007f8f2d80b248, u, base 0x0000000171000000, level lv02.
[0.076s][debug][metaspace              ] Arena @0x00006000016b2200 (non-class sm): allocated new chunk @0x00007f8f2d80b248, u, base 0x0000000171000000, level lv02 for requested word size 4.
[0.076s][trace][metaspace              ] Arena @0x00006000016b2200 (non-class sm): after allocation: 1 chunk(s), current:@0x00007f8f2d80b248, u, base 0x0000000171000000, level lv02 (524288), used: 4, committed: 8192, committed-free: 8188
[0.076s][trace][metaspace              ] Arena @0x00006000016b2200 (non-class sm): returning 0x0000000171000000.
[0.076s][trace][metaspace              ] Metaspace::allocate: type 5 return 0x0000000171000000.
[0.076s][trace][class,loader,data      ] Adding k: 0x0000000131040000 [Ljava.net.URL; to loader data: 0x00006000032ac000 of 'bootstrap'
[0.076s][trace][oopstorage,ref         ] VM Global: allocated 0x00007f8f3cf04cb0
[0.076s][trace][metaspace              ] Arena @0x00006000016b2240 (class sm): requested 68 words.
[0.076s][trace][metaspace              ] Arena @0x00006000016b2240 (class sm): after allocation: 1 chunk(s), current:@0x00007f8f2d80afc0, u, base 0x0000000131040000, level lv06 (32768), used: 136, committed: 8192, committed-free: 8056
[0.076s][trace][metaspace              ] Arena @0x00006000016b2240 (class sm): returning 0x0000000131040220.
[0.076s][trace][metaspace              ] Metaspace::allocate: type 0 return 0x0000000131040220.
[0.076s][trace][metaspace              ] Arena @0x00006000016b2200 (non-class sm): requested 4 words.
[0.076s][trace][metaspace              ] Arena @0x00006000016b2200 (non-class sm): after allocation: 1 chunk(s), current:@0x00007f8f2d80b248, u, base 0x0000000171000000, level lv02 (524288), used: 8, committed: 8192, committed-free: 8184
[0.076s][trace][metaspace              ] Arena @0x00006000016b2200 (non-class sm): returning 0x0000000171000020.
[0.076s][trace][metaspace              ] Metaspace::allocate: type 5 return 0x0000000171000020.
[0.076s][trace][class,loader,data      ] Adding k: 0x0000000131040220 [Ljava.util.jar.Manifest; to loader data: 0x00006000032ac000 of 'bootstrap'
[0.076s][trace][oopstorage,ref         ] VM Global: allocated 0x00007f8f3cf04cb8
[0.077s][info ][startuptime            ] StubRoutines generation 2, 0.0006886 secs
[0.077s][info ][startuptime            ] MethodHandles adapters generation, 0.0000329 secs
[0.077s][debug][thread,smr             ] tid=10243: Threads::add: new ThreadsList=0x00006000003b1500
[0.077s][debug][thread,smr             ] tid=10243: ThreadsSMRSupport::free_list: bootstrap ThreadsList=0x00000001094218f0 is no longer in use.
[0.077s][debug][perf,datacreation      ] name = sun.threads.vmOperationTime, dtype = 11, variability = 2, units = 3, dsize = 8, vlen = 0, pad_length = 0, size = 56, on_c_heap = FALSE, address = 0x0000000106f9c418, data address = 0x0000000106f9c448
[0.077s][info ][os,thread              ] Thread "VM Thread" started (pthread id: 123145549033472, attributes: stacksize: 1024k, guardsize: 4k, detached). 
[0.077s][info ][os,thread              ] Thread is alive (tid: 18179, pthread id: 123145549033472).
[0.077s][debug][os,thread              ] Thread 18179 stack dimensions: 0x000070000ea4b000-0x000070000eb4b000 (1024k).
[0.077s][info ][startuptime            ] Start VMThread, 0.0001695 secs
[0.077s][info ][class,init             ] 0 Initializing 'java/lang/Object'(no method) (0x0000000130000db8)
[0.077s][info ][class,init             ] 1 Initializing 'java/lang/CharSequence'(no method) (0x0000000130063dd8)
[0.077s][info ][class,init             ] 2 Initializing 'java/lang/String' (0x000000013000fc18)
[0.077s][trace][metaspace              ] Arena @0x00006000016b2200 (non-class sm): requested 7 words.
[0.077s][trace][metaspace              ] Arena @0x00006000016b2200 (non-class sm): after allocation: 1 chunk(s), current:@0x00007f8f2d80b248, u, base 0x0000000171000000, level lv02 (524288), used: 15, committed: 8192, committed-free: 8177
[0.077s][trace][metaspace              ] Arena @0x00006000016b2200 (non-class sm): returning 0x0000000171000040.
[0.077s][trace][metaspace              ] Metaspace::allocate: type 13 return 0x0000000171000040.
[0.077s][debug][class,load,placeholders] find_and_add LOAD_INSTANCE 'java/io/ObjectStreamField', loader loader data: 0x00006000032ac000 of 'bootstrap'
[0.077s][debug][class,load,placeholders] loadInstanceThreadQ threads:0x00007f8f4f008800, 
[0.077s][debug][class,load,placeholders] superThreadQ threads:
[0.077s][debug][class,load,placeholders] defineThreadQ threads:
[0.077s][trace][cds,unshareable        ] restore: java.io.ObjectStreamField
[0.077s][trace][class,loader,data      ] Adding k: 0x00000001300f50c0 java.io.ObjectStreamField to loader data: 0x00006000032ac000 of 'bootstrap'
[0.077s][debug][cds,mirror             ] java.io.ObjectStreamField has raw archived mirror
[0.078s][debug][cds,heap               ] Clearing root 310: was 0x00000007ffb08cf8
[0.078s][debug][cds,mirror             ] Archived mirror is: 0x00000007ffb08cf8
[0.078s][trace][cds,heap,mirror        ] Restored java.io.ObjectStreamField archived mirror 0x00000007ffb08cf8
[0.078s][debug][cds,heap               ] Clearing root 311: was 0x00000007ffb08d68
[0.078s][trace][cds,unshareable        ] restore: [Ljava.io.ObjectStreamField;
[0.078s][trace][class,loader,data      ] Adding k: 0x00000001300f5848 [Ljava.io.ObjectStreamField; to loader data: 0x00006000032ac000 of 'bootstrap'
[0.078s][debug][cds,mirror             ] [Ljava.io.ObjectStreamField; has raw archived mirror
[0.078s][debug][cds,heap               ] Clearing root 312: was 0x00000007ffb08da0
[0.078s][debug][cds,mirror             ] Archived mirror is: 0x00000007ffb08da0
[0.078s][trace][cds,heap,mirror        ] Restored [Ljava.io.ObjectStreamField; archived mirror 0x00000007ffb08da0
[0.078s][info ][class,load             ] java.io.ObjectStreamField source: shared objects file
[0.078s][debug][class,load             ]  klass: 0x00000001300f50c0 super: 0x0000000130000db8 interfaces: 0x00000001300098f8 loader: [loader data: 0x00006000032ac000 of 'bootstrap']
[0.078s][debug][class,load,placeholders] find_and_add DEFINE_CLASS 'java/io/ObjectStreamField', loader loader data: 0x00006000032ac000 of 'bootstrap'
[0.078s][debug][class,load,placeholders] loadInstanceThreadQ threads:0x00007f8f4f008800, 
[0.078s][debug][class,load,placeholders] superThreadQ threads:
[0.078s][debug][class,load,placeholders] defineThreadQ threads:0x00007f8f4f008800, 
[0.078s][debug][class,load,placeholders] find_and_remove DEFINE_CLASS 'java/io/ObjectStreamField', loader loader data: 0x00006000032ac000 of 'bootstrap', InstanceKlass 'java/io/ObjectStreamField'
[0.078s][debug][class,load,placeholders] loadInstanceThreadQ threads:0x00007f8f4f008800, 
[0.078s][debug][class,load,placeholders] superThreadQ threads:
[0.078s][debug][class,load,placeholders] defineThreadQ threads:0x00007f8f4f008800, 
[0.078s][debug][class,load,placeholders] find_and_remove LOAD_INSTANCE 'java/io/ObjectStreamField', loader loader data: 0x00006000032ac000 of 'bootstrap', InstanceKlass 'java/io/ObjectStreamField'
[0.078s][debug][class,load,placeholders] loadInstanceThreadQ threads:0x00007f8f4f008800, 
[0.078s][debug][class,load,placeholders] superThreadQ threads:
[0.078s][debug][class,load,placeholders] defineThreadQ threads:
[0.078s][debug][class,resolve          ] java.lang.String java.io.ObjectStreamField String.java:235
[0.078s][debug][class,load,placeholders] find_and_add LOAD_INSTANCE 'java/lang/String$CaseInsensitiveComparator', loader loader data: 0x00006000032ac000 of 'bootstrap'
[0.078s][debug][class,load,placeholders] loadInstanceThreadQ threads:0x00007f8f4f008800, 
[0.078s][debug][class,load,placeholders] superThreadQ threads:
[0.078s][debug][class,load,placeholders] defineThreadQ threads:
[0.078s][debug][class,load,placeholders] find_and_add LOAD_SUPER 'java/lang/String$CaseInsensitiveComparator', loader loader data: 0x00006000032ac000 of 'bootstrap', supername 'java/util/Comparator'
[0.078s][debug][class,load,placeholders] loadInstanceThreadQ threads:0x00007f8f4f008800, 
[0.078s][debug][class,load,placeholders] superThreadQ threads:0x00007f8f4f008800, 
[0.078s][debug][class,load,placeholders] defineThreadQ threads:
[0.078s][debug][class,load,placeholders] find_and_add LOAD_INSTANCE 'java/util/Comparator', loader loader data: 0x00006000032ac000 of 'bootstrap'
[0.078s][debug][class,load,placeholders] loadInstanceThreadQ threads:0x00007f8f4f008800, 
[0.078s][debug][class,load,placeholders] superThreadQ threads:
[0.078s][debug][class,load,placeholders] defineThreadQ threads:
[0.078s][trace][cds,unshareable        ] restore: java.util.Comparator
[0.078s][trace][class,loader,data      ] Adding k: 0x00000001300f4e90 java.util.Comparator to loader data: 0x00006000032ac000 of 'bootstrap'
[0.078s][debug][cds,mirror             ] java.util.Comparator has raw archived mirror
[0.078s][debug][cds,heap               ] Clearing root 284: was 0x00000007ffb07b30
[0.078s][debug][cds,mirror             ] Archived mirror is: 0x00000007ffb07b30
[0.078s][trace][cds,heap,mirror        ] Restored java.util.Comparator archived mirror 0x00000007ffb07b30
[0.078s][debug][cds,heap               ] Clearing root 285: was 0x00000007ffb07ba0
[0.078s][info ][class,load             ] java.util.Comparator source: shared objects file
[0.078s][debug][class,load             ]  klass: 0x00000001300f4e90 super: 0x0000000130000db8 loader: [loader data: 0x00006000032ac000 of 'bootstrap']
[0.078s][debug][class,load,placeholders] find_and_add DEFINE_CLASS 'java/util/Comparator', loader loader data: 0x00006000032ac000 of 'bootstrap'
[0.078s][debug][class,load,placeholders] loadInstanceThreadQ threads:0x00007f8f4f008800, 
[0.078s][debug][class,load,placeholders] superThreadQ threads:
[0.078s][debug][class,load,placeholders] defineThreadQ threads:0x00007f8f4f008800, 
[0.078s][debug][class,load,placeholders] find_and_remove DEFINE_CLASS 'java/util/Comparator', loader loader data: 0x00006000032ac000 of 'bootstrap', InstanceKlass 'java/util/Comparator'
[0.078s][debug][class,load,placeholders] loadInstanceThreadQ threads:0x00007f8f4f008800, 
[0.078s][debug][class,load,placeholders] superThreadQ threads:
[0.078s][debug][class,load,placeholders] defineThreadQ threads:0x00007f8f4f008800, 
[0.078s][debug][class,load,placeholders] find_and_remove LOAD_INSTANCE 'java/util/Comparator', loader loader data: 0x00006000032ac000 of 'bootstrap', InstanceKlass 'java/util/Comparator'
[0.078s][debug][class,load,placeholders] loadInstanceThreadQ threads:0x00007f8f4f008800, 
[0.078s][debug][class,load,placeholders] superThreadQ threads:
[0.078s][debug][class,load,placeholders] defineThreadQ threads:
[0.078s][debug][class,load,placeholders] find_and_remove LOAD_SUPER 'java/lang/String$CaseInsensitiveComparator', loader loader data: 0x00006000032ac000 of 'bootstrap', supername 'java/util/Comparator'
[0.078s][debug][class,load,placeholders] loadInstanceThreadQ threads:0x00007f8f4f008800, 
[0.078s][debug][class,load,placeholders] superThreadQ threads:0x00007f8f4f008800, 
[0.078s][debug][class,load,placeholders] defineThreadQ threads:
[0.078s][trace][cds,unshareable        ] restore: java.lang.String$CaseInsensitiveComparator
[0.078s][trace][class,loader,data      ] Adding k: 0x00000001301244b8 java.lang.String$CaseInsensitiveComparator to loader data: 0x00006000032ac000 of 'bootstrap'
[0.078s][debug][cds,mirror             ] java.lang.String$CaseInsensitiveComparator has raw archived mirror
[0.078s][debug][cds,heap               ] Clearing root 313: was 0x00000007ffb08e10
[0.078s][debug][cds,mirror             ] Archived mirror is: 0x00000007ffb08e10
[0.078s][trace][cds,heap,mirror        ] Restored java.lang.String$CaseInsensitiveComparator archived mirror 0x00000007ffb08e10
[0.078s][info ][class,load             ] java.lang.String$CaseInsensitiveComparator source: shared objects file
[0.078s][debug][class,load             ]  klass: 0x00000001301244b8 super: 0x0000000130000db8 interfaces: 0x00000001300f4e90 0x00000001300037c0 loader: [loader data: 0x00006000032ac000 of 'bootstrap']
[0.078s][debug][class,load,placeholders] find_and_add DEFINE_CLASS 'java/lang/String$CaseInsensitiveComparator', loader loader data: 0x00006000032ac000 of 'bootstrap', supername 'java/util/Comparator'
[0.078s][debug][class,load,placeholders] loadInstanceThreadQ threads:0x00007f8f4f008800, 
[0.078s][debug][class,load,placeholders] superThreadQ threads:
[0.078s][debug][class,load,placeholders] defineThreadQ threads:0x00007f8f4f008800, 
[0.078s][debug][class,load,placeholders] find_and_remove DEFINE_CLASS 'java/lang/String$CaseInsensitiveComparator', loader loader data: 0x00006000032ac000 of 'bootstrap', supername 'java/util/Comparator', InstanceKlass 'java/lang/String$CaseInsensitiveComparator'
[0.078s][debug][class,load,placeholders] loadInstanceThreadQ threads:0x00007f8f4f008800, 
[0.078s][debug][class,load,placeholders] superThreadQ threads:
[0.078s][debug][class,load,placeholders] defineThreadQ threads:0x00007f8f4f008800, 
[0.078s][debug][class,load,placeholders] find_and_remove LOAD_INSTANCE 'java/lang/String$CaseInsensitiveComparator', loader loader data: 0x00006000032ac000 of 'bootstrap', supername 'java/util/Comparator', InstanceKlass 'java/lang/String$CaseInsensitiveComparator'
[0.078s][debug][class,load,placeholders] loadInstanceThreadQ threads:0x00007f8f4f008800, 
[0.078s][debug][class,load,placeholders] superThreadQ threads:
[0.078s][debug][class,load,placeholders] defineThreadQ threads:
[0.078s][debug][class,resolve          ] java.lang.String java.lang.String$CaseInsensitiveComparator String.java:2039
[0.078s][info ][class,init             ] 3 Initializing 'java/util/Comparator'(no method) (0x00000001300f4e90)
[0.078s][info ][class,init             ] 4 Initializing 'java/lang/String$CaseInsensitiveComparator'(no method) (0x00000001301244b8)
[0.078s][trace][class,nestmates        ] Type java.lang.String is not part of a nest: setting nest-host to self
[0.078s][trace][class,nestmates        ] Resolving nest-host of java.lang.String$CaseInsensitiveComparator using cp entry for java/lang/String
[0.079s][debug][class,resolve          ] java.lang.String$CaseInsensitiveComparator java.lang.String String.java:2039
[0.079s][trace][class,nestmates        ] Checking nest membership of java.lang.String$CaseInsensitiveComparator in java.lang.String
[0.079s][trace][class,nestmates        ] - named class found at nest_members[0] => cp[1057]
[0.079s][trace][class,nestmates        ] Resolved nest-host of java.lang.String$CaseInsensitiveComparator to java.lang.String
[0.079s][trace][class,nestmates        ] Class java.lang.String does have nestmate access to java.lang.String$CaseInsensitiveComparator
[0.079s][trace][metaspace              ] Arena @0x00006000016b2200 (non-class sm): requested 7 words.
[0.079s][trace][metaspace              ] Arena @0x00006000016b2200 (non-class sm): after allocation: 1 chunk(s), current:@0x00007f8f2d80b248, u, base 0x0000000171000000, level lv02 (524288), used: 22, committed: 8192, committed-free: 8170
[0.079s][trace][metaspace              ] Arena @0x00006000016b2200 (non-class sm): returning 0x0000000171000078.
[0.079s][trace][metaspace              ] Metaspace::allocate: type 13 return 0x0000000171000078.
[0.079s][debug][class,resolve          ] java.lang.String$CaseInsensitiveComparator java.lang.Object String.java:2045
[0.079s][trace][metaspace              ] Arena @0x00006000016b2200 (non-class sm): requested 7 words.
[0.079s][trace][metaspace              ] Arena @0x00006000016b2200 (non-class sm): after allocation: 1 chunk(s), current:@0x00007f8f2d80b248, u, base 0x0000000171000000, level lv02 (524288), used: 29, committed: 8192, committed-free: 8163
[0.079s][trace][metaspace              ] Arena @0x00006000016b2200 (non-class sm): returning 0x00000001710000b0.
[0.079s][trace][metaspace              ] Metaspace::allocate: type 13 return 0x00000001710000b0.
[0.079s][info ][class,init             ] 5 Initializing 'java/lang/System' (0x0000000130009b28)
[0.079s][trace][metaspace              ] Arena @0x00006000016b2200 (non-class sm): requested 7 words.
[0.079s][trace][metaspace              ] Arena @0x00006000016b2200 (non-class sm): after allocation: 1 chunk(s), current:@0x00007f8f2d80b248, u, base 0x0000000171000000, level lv02 (524288), used: 36, committed: 8192, committed-free: 8156
[0.079s][trace][metaspace              ] Arena @0x00006000016b2200 (non-class sm): returning 0x00000001710000e8.
[0.079s][trace][metaspace              ] Metaspace::allocate: type 13 return 0x00000001710000e8.
[0.079s][trace][metaspace              ] Arena @0x00006000016b2200 (non-class sm): requested 7 words.
[0.079s][trace][metaspace              ] Arena @0x00006000016b2200 (non-class sm): after allocation: 1 chunk(s), current:@0x00007f8f2d80b248, u, base 0x0000000171000000, level lv02 (524288), used: 43, committed: 8192, committed-free: 8149
[0.079s][trace][metaspace              ] Arena @0x00006000016b2200 (non-class sm): returning 0x0000000171000120.
[0.079s][trace][metaspace              ] Metaspace::allocate: type 13 return 0x0000000171000120.
[0.079s][debug][jni,resolve            ] [Dynamic-linking native method java.lang.System.registerNatives ... JNI]
[0.079s][debug][jni,resolve            ] [Registering JNI native method java.lang.System.currentTimeMillis]
[0.079s][debug][jni,resolve            ] [Registering JNI native method java.lang.System.nanoTime]
[0.079s][debug][jni,resolve            ] [Registering JNI native method java.lang.System.arraycopy]
[0.079s][info ][class,init             ] 6 Initializing 'java/lang/reflect/AnnotatedElement'(no method) (0x0000000130002200)
[0.079s][info ][class,init             ] 7 Initializing 'java/lang/reflect/Type'(no method) (0x0000000130002c38)
[0.079s][info ][class,init             ] 8 Initializing 'java/lang/Class' (0x0000000130001898)
[0.079s][trace][metaspace              ] Arena @0x00006000016b2200 (non-class sm): requested 7 words.
[0.079s][trace][metaspace              ] Arena @0x00006000016b2200 (non-class sm): after allocation: 1 chunk(s), current:@0x00007f8f2d80b248, u, base 0x0000000171000000, level lv02 (524288), used: 50, committed: 8192, committed-free: 8142
[0.079s][trace][metaspace              ] Arena @0x00006000016b2200 (non-class sm): returning 0x0000000171000158.
[0.079s][trace][metaspace              ] Metaspace::allocate: type 13 return 0x0000000171000158.
[0.079s][trace][metaspace              ] Arena @0x00006000016b2200 (non-class sm): requested 7 words.
[0.079s][trace][metaspace              ] Arena @0x00006000016b2200 (non-class sm): after allocation: 1 chunk(s), current:@0x00007f8f2d80b248, u, base 0x0000000171000000, level lv02 (524288), used: 57, committed: 8192, committed-free: 8135
[0.079s][trace][metaspace              ] Arena @0x00006000016b2200 (non-class sm): returning 0x0000000171000190.
[0.079s][trace][metaspace              ] Metaspace::allocate: type 13 return 0x0000000171000190.
[0.079s][debug][jni,resolve            ] [Dynamic-linking native method java.lang.Class.registerNatives ... JNI]
[0.079s][debug][jni,resolve            ] [Registering JNI native method java.lang.Class.initClassName]
[0.079s][debug][jni,resolve            ] [Registering JNI native method java.lang.Class.getSuperclass]
[0.079s][debug][jni,resolve            ] [Registering JNI native method java.lang.Class.getInterfaces0]
[0.079s][debug][jni,resolve            ] [Registering JNI native method java.lang.Class.isInterface]
[0.079s][debug][jni,resolve            ] [Registering JNI native method java.lang.Class.getSigners]
[0.079s][debug][jni,resolve            ] [Registering JNI native method java.lang.Class.setSigners]
[0.079s][debug][jni,resolve            ] [Registering JNI native method java.lang.Class.isArray]
[0.079s][debug][jni,resolve            ] [Registering JNI native method java.lang.Class.isHidden]
[0.079s][debug][jni,resolve            ] [Registering JNI native method java.lang.Class.isPrimitive]
[0.079s][debug][jni,resolve            ] [Registering JNI native method java.lang.Class.getModifiers]
[0.079s][debug][jni,resolve            ] [Registering JNI native method java.lang.Class.getDeclaredFields0]
[0.079s][debug][jni,resolve            ] [Registering JNI native method java.lang.Class.getDeclaredMethods0]
[0.079s][debug][jni,resolve            ] [Registering JNI native method java.lang.Class.getDeclaredConstructors0]
[0.079s][debug][jni,resolve            ] [Registering JNI native method java.lang.Class.getProtectionDomain0]
[0.079s][debug][jni,resolve            ] [Registering JNI native method java.lang.Class.getDeclaredClasses0]
[0.079s][debug][jni,resolve            ] [Registering JNI native method java.lang.Class.getDeclaringClass0]
[0.079s][debug][jni,resolve            ] [Registering JNI native method java.lang.Class.getSimpleBinaryName0]
[0.079s][debug][jni,resolve            ] [Registering JNI native method java.lang.Class.getGenericSignature0]
[0.079s][debug][jni,resolve            ] [Registering JNI native method java.lang.Class.getRawAnnotations]
[0.079s][debug][jni,resolve            ] [Registering JNI native method java.lang.Class.getConstantPool]
[0.079s][debug][jni,resolve            ] [Registering JNI native method java.lang.Class.desiredAssertionStatus0]
[0.079s][debug][jni,resolve            ] [Registering JNI native method java.lang.Class.getEnclosingMethod0]
[0.079s][debug][jni,resolve            ] [Registering JNI native method java.lang.Class.getRawTypeAnnotations]
[0.079s][debug][jni,resolve            ] [Registering JNI native method java.lang.Class.getNestHost0]
[0.079s][debug][jni,resolve            ] [Registering JNI native method java.lang.Class.getNestMembers0]
[0.079s][debug][jni,resolve            ] [Registering JNI native method java.lang.Class.getRecordComponents0]
[0.079s][debug][jni,resolve            ] [Registering JNI native method java.lang.Class.isRecord0]
[0.079s][debug][jni,resolve            ] [Registering JNI native method java.lang.Class.getPermittedSubclasses0]
[0.079s][debug][class,resolve          ] java.lang.Class java.io.ObjectStreamField Class.java:3690
[0.079s][info ][class,init             ] 9 Initializing 'java/lang/ThreadGroup'(no method) (0x0000000130015380)
[0.079s][trace][metaspace              ] Arena @0x00006000016b2200 (non-class sm): requested 7 words.
[0.079s][trace][metaspace              ] Arena @0x00006000016b2200 (non-class sm): after allocation: 1 chunk(s), current:@0x00007f8f2d80b248, u, base 0x0000000171000000, level lv02 (524288), used: 64, committed: 8192, committed-free: 8128
[0.080s][trace][metaspace              ] Arena @0x00006000016b2200 (non-class sm): returning 0x00000001710001c8.
[0.080s][trace][metaspace              ] Metaspace::allocate: type 13 return 0x00000001710001c8.
[0.080s][debug][class,resolve          ] java.lang.ThreadGroup java.lang.Object ThreadGroup.java:72
[0.080s][trace][oopstorage,ref         ] VM Global: allocated 0x00007f8f3cf04cc0
[0.080s][trace][metaspace              ] Arena @0x00006000016b2200 (non-class sm): requested 7 words.
[0.080s][trace][metaspace              ] Arena @0x00006000016b2200 (non-class sm): after allocation: 1 chunk(s), current:@0x00007f8f2d80b248, u, base 0x0000000171000000, level lv02 (524288), used: 71, committed: 8192, committed-free: 8121
[0.080s][trace][metaspace              ] Arena @0x00006000016b2200 (non-class sm): returning 0x0000000171000200.
[0.080s][trace][metaspace              ] Metaspace::allocate: type 13 return 0x0000000171000200.
[0.080s][trace][metaspace              ] Arena @0x00006000016b2200 (non-class sm): requested 7 words.
[0.080s][trace][metaspace              ] Arena @0x00006000016b2200 (non-class sm): after allocation: 1 chunk(s), current:@0x00007f8f2d80b248, u, base 0x0000000171000000, level lv02 (524288), used: 78, committed: 8192, committed-free: 8114
[0.080s][trace][metaspace              ] Arena @0x00006000016b2200 (non-class sm): returning 0x0000000171000238.
[0.080s][trace][metaspace              ] Metaspace::allocate: type 13 return 0x0000000171000238.
[0.080s][trace][metaspace              ] Arena @0x00006000016b2200 (non-class sm): requested 7 words.
[0.080s][trace][metaspace              ] Arena @0x00006000016b2200 (non-class sm): after allocation: 1 chunk(s), current:@0x00007f8f2d80b248, u, base 0x0000000171000000, level lv02 (524288), used: 85, committed: 8192, committed-free: 8107
[0.080s][trace][metaspace              ] Arena @0x00006000016b2200 (non-class sm): returning 0x0000000171000270.
[0.080s][trace][metaspace              ] Metaspace::allocate: type 13 return 0x0000000171000270.
[0.080s][debug][class,resolve          ] java.lang.ThreadGroup java.lang.System ThreadGroup.java:333
[0.080s][trace][metaspace              ] Arena @0x00006000016b2200 (non-class sm): requested 7 words.
[0.080s][trace][metaspace              ] Arena @0x00006000016b2200 (non-class sm): after allocation: 1 chunk(s), current:@0x00007f8f2d80b248, u, base 0x0000000171000000, level lv02 (524288), used: 92, committed: 8192, committed-free: 8100
[0.080s][trace][metaspace              ] Arena @0x00006000016b2200 (non-class sm): returning 0x00000001710002a8.
[0.080s][trace][metaspace              ] Metaspace::allocate: type 13 return 0x00000001710002a8.
[0.080s][trace][metaspace              ] Arena @0x00006000016b2200 (non-class sm): requested 7 words.
[0.080s][trace][metaspace              ] Arena @0x00006000016b2200 (non-class sm): after allocation: 1 chunk(s), current:@0x00007f8f2d80b248, u, base 0x0000000171000000, level lv02 (524288), used: 99, committed: 8192, committed-free: 8093
[0.080s][trace][metaspace              ] Arena @0x00006000016b2200 (non-class sm): returning 0x00000001710002e0.
[0.080s][trace][metaspace              ] Metaspace::allocate: type 13 return 0x00000001710002e0.
[0.080s][trace][metaspace              ] Arena @0x00006000016b2200 (non-class sm): requested 7 words.
[0.080s][trace][metaspace              ] Arena @0x00006000016b2200 (non-class sm): after allocation: 1 chunk(s), current:@0x00007f8f2d80b248, u, base 0x0000000171000000, level lv02 (524288), used: 106, committed: 8192, committed-free: 8086
[0.080s][trace][metaspace              ] Arena @0x00006000016b2200 (non-class sm): returning 0x0000000171000318.
[0.080s][trace][metaspace              ] Metaspace::allocate: type 13 return 0x0000000171000318.
[0.080s][trace][metaspace              ] Arena @0x00006000016b2200 (non-class sm): requested 7 words.
[0.080s][trace][metaspace              ] Arena @0x00006000016b2200 (non-class sm): after allocation: 1 chunk(s), current:@0x00007f8f2d80b248, u, base 0x0000000171000000, level lv02 (524288), used: 113, committed: 8192, committed-free: 8079
[0.080s][trace][metaspace              ] Arena @0x00006000016b2200 (non-class sm): returning 0x0000000171000350.
[0.080s][trace][metaspace              ] Metaspace::allocate: type 13 return 0x0000000171000350.
[0.080s][trace][oopstorage,ref         ] VM Global: allocated 0x00007f8f3cf04cc8
[0.080s][info ][class,init             ] 10 Initializing 'java/lang/Thread' (0x000000013001eab0)
[0.080s][trace][metaspace              ] Arena @0x00006000016b2200 (non-class sm): requested 7 words.
[0.080s][trace][metaspace              ] Arena @0x00006000016b2200 (non-class sm): after allocation: 1 chunk(s), current:@0x00007f8f2d80b248, u, base 0x0000000171000000, level lv02 (524288), used: 120, committed: 8192, committed-free: 8072
[0.080s][trace][metaspace              ] Arena @0x00006000016b2200 (non-class sm): returning 0x0000000171000388.
[0.080s][trace][metaspace              ] Metaspace::allocate: type 13 return 0x0000000171000388.
[0.080s][trace][metaspace              ] Arena @0x00006000016b2200 (non-class sm): requested 7 words.
[0.080s][trace][metaspace              ] Arena @0x00006000016b2200 (non-class sm): after allocation: 1 chunk(s), current:@0x00007f8f2d80b248, u, base 0x0000000171000000, level lv02 (524288), used: 127, committed: 8192, committed-free: 8065
[0.080s][trace][metaspace              ] Arena @0x00006000016b2200 (non-class sm): returning 0x00000001710003c0.
[0.080s][trace][metaspace              ] Metaspace::allocate: type 13 return 0x00000001710003c0.
[0.080s][debug][jni,resolve            ] [Dynamic-linking native method java.lang.Thread.registerNatives ... JNI]
[0.080s][debug][jni,resolve            ] [Registering JNI native method java.lang.Thread.start0]
[0.080s][debug][jni,resolve            ] [Registering JNI native method java.lang.Thread.stop0]
[0.080s][debug][jni,resolve            ] [Registering JNI native method java.lang.Thread.suspend0]
[0.080s][debug][jni,resolve            ] [Registering JNI native method java.lang.Thread.resume0]
[0.080s][debug][jni,resolve            ] [Registering JNI native method java.lang.Thread.setPriority0]
[0.080s][debug][jni,resolve            ] [Registering JNI native method java.lang.Thread.yield]
[0.080s][debug][jni,resolve            ] [Registering JNI native method java.lang.Thread.sleep]
[0.080s][debug][jni,resolve            ] [Registering JNI native method java.lang.Thread.currentThread]
[0.080s][debug][jni,resolve            ] [Registering JNI native method java.lang.Thread.interrupt0]
[0.080s][debug][jni,resolve            ] [Registering JNI native method java.lang.Thread.holdsLock]
[0.080s][debug][jni,resolve            ] [Registering JNI native method java.lang.Thread.getThreads]
[0.080s][debug][jni,resolve            ] [Registering JNI native method java.lang.Thread.dumpThreads]
[0.080s][debug][jni,resolve            ] [Registering JNI native method java.lang.Thread.setNativeName]
[0.080s][debug][class,resolve          ] java.lang.Thread java.lang.StackTraceElement Thread.java:1557
[0.080s][debug][oopstorage,blocks      ] Thread OopStorage: new block 0x00007f8f4e2058c0
[0.080s][trace][oopstorage,blocks      ] Thread OopStorage: block not empty 0x00007f8f4e2058c0
[0.080s][trace][oopstorage,ref         ] Thread OopStorage: allocated 0x00007f8f4e2058c0
[0.080s][trace][metaspace              ] Arena @0x00006000016b2200 (non-class sm): requested 7 words.
[0.080s][trace][metaspace              ] Arena @0x00006000016b2200 (non-class sm): after allocation: 1 chunk(s), current:@0x00007f8f2d80b248, u, base 0x0000000171000000, level lv02 (524288), used: 134, committed: 8192, committed-free: 8058
[0.080s][trace][metaspace              ] Arena @0x00006000016b2200 (non-class sm): returning 0x00000001710003f8.
[0.080s][trace][metaspace              ] Metaspace::allocate: type 13 return 0x00000001710003f8.
[0.080s][trace][metaspace              ] Arena @0x00006000016b2200 (non-class sm): requested 7 words.
[0.080s][trace][metaspace              ] Arena @0x00006000016b2200 (non-class sm): after allocation: 1 chunk(s), current:@0x00007f8f2d80b248, u, base 0x0000000171000000, level lv02 (524288), used: 141, committed: 8192, committed-free: 8051
[0.080s][trace][metaspace              ] Arena @0x00006000016b2200 (non-class sm): returning 0x0000000171000430.
[0.080s][trace][metaspace              ] Metaspace::allocate: type 13 return 0x0000000171000430.
[0.080s][trace][metaspace              ] Arena @0x00006000016b2200 (non-class sm): requested 7 words.
[0.080s][trace][metaspace              ] Arena @0x00006000016b2200 (non-class sm): after allocation: 1 chunk(s), current:@0x00007f8f2d80b248, u, base 0x0000000171000000, level lv02 (524288), used: 148, committed: 8192, committed-free: 8044
[0.080s][trace][metaspace              ] Arena @0x00006000016b2200 (non-class sm): returning 0x0000000171000468.
[0.080s][trace][metaspace              ] Metaspace::allocate: type 13 return 0x0000000171000468.
[0.080s][debug][class,resolve          ] java.lang.Thread java.lang.Object Thread.java:402
[0.080s][trace][metaspace              ] Arena @0x00006000016b2200 (non-class sm): requested 7 words.
[0.080s][trace][metaspace              ] Arena @0x00006000016b2200 (non-class sm): after allocation: 1 chunk(s), current:@0x00007f8f2d80b248, u, base 0x0000000171000000, level lv02 (524288), used: 155, committed: 8192, committed-free: 8037
[0.080s][trace][metaspace              ] Arena @0x00006000016b2200 (non-class sm): returning 0x00000001710004a0.
[0.080s][trace][metaspace              ] Metaspace::allocate: type 13 return 0x00000001710004a0.
[0.080s][debug][class,resolve          ] java.lang.Thread java.lang.System Thread.java:410
[0.080s][debug][class,resolve          ] java.lang.Thread java.lang.ThreadGroup Thread.java:429
[0.080s][trace][metaspace              ] Arena @0x00006000016b2200 (non-class sm): requested 7 words.
[0.081s][trace][metaspace              ] Arena @0x00006000016b2200 (non-class sm): after allocation: 1 chunk(s), current:@0x00007f8f2d80b248, u, base 0x0000000171000000, level lv02 (524288), used: 162, committed: 8192, committed-free: 8030
[0.081s][trace][metaspace              ] Arena @0x00006000016b2200 (non-class sm): returning 0x00000001710004d8.
[0.081s][trace][metaspace              ] Metaspace::allocate: type 13 return 0x00000001710004d8.
[0.081s][trace][metaspace              ] Arena @0x00006000016b2200 (non-class sm): requested 7 words.
[0.081s][trace][metaspace              ] Arena @0x00006000016b2200 (non-class sm): after allocation: 1 chunk(s), current:@0x00007f8f2d80b248, u, base 0x0000000171000000, level lv02 (524288), used: 169, committed: 8192, committed-free: 8023
[0.081s][trace][metaspace              ] Arena @0x00006000016b2200 (non-class sm): returning 0x0000000171000510.
[0.081s][trace][metaspace              ] Metaspace::allocate: type 13 return 0x0000000171000510.
[0.081s][trace][metaspace              ] Arena @0x00006000016b2200 (non-class sm): requested 7 words.
[0.081s][trace][metaspace              ] Arena @0x00006000016b2200 (non-class sm): after allocation: 1 chunk(s), current:@0x00007f8f2d80b248, u, base 0x0000000171000000, level lv02 (524288), used: 176, committed: 8192, committed-free: 8016
[0.081s][trace][metaspace              ] Arena @0x00006000016b2200 (non-class sm): returning 0x0000000171000548.
[0.081s][trace][metaspace              ] Metaspace::allocate: type 13 return 0x0000000171000548.
[0.081s][trace][metaspace              ] Arena @0x00006000016b2200 (non-class sm): requested 7 words.
[0.081s][trace][metaspace              ] Arena @0x00006000016b2200 (non-class sm): after allocation: 1 chunk(s), current:@0x00007f8f2d80b248, u, base 0x0000000171000000, level lv02 (524288), used: 183, committed: 8192, committed-free: 8009
[0.081s][trace][metaspace              ] Arena @0x00006000016b2200 (non-class sm): returning 0x0000000171000580.
[0.081s][trace][metaspace              ] Metaspace::allocate: type 13 return 0x0000000171000580.
[0.081s][debug][class,resolve          ] java.lang.Thread java.security.AccessController Thread.java:451
[0.081s][info ][class,init             ] 11 Initializing 'java/security/AccessController' (0x000000013000aa50)
[0.081s][trace][metaspace              ] Arena @0x00006000016b2200 (non-class sm): requested 7 words.
[0.081s][trace][metaspace              ] Arena @0x00006000016b2200 (non-class sm): after allocation: 1 chunk(s), current:@0x00007f8f2d80b248, u, base 0x0000000171000000, level lv02 (524288), used: 190, committed: 8192, committed-free: 8002
[0.081s][trace][metaspace              ] Arena @0x00006000016b2200 (non-class sm): returning 0x00000001710005b8.
[0.081s][trace][metaspace              ] Metaspace::allocate: type 13 return 0x00000001710005b8.
[0.081s][debug][class,resolve          ] java.security.AccessController java.lang.Class AccessController.java:281
[0.081s][trace][metaspace              ] Arena @0x00006000016b2200 (non-class sm): requested 7 words.
[0.081s][trace][metaspace              ] Arena @0x00006000016b2200 (non-class sm): after allocation: 1 chunk(s), current:@0x00007f8f2d80b248, u, base 0x0000000171000000, level lv02 (524288), used: 197, committed: 8192, committed-free: 7995
[0.081s][trace][metaspace              ] Arena @0x00006000016b2200 (non-class sm): returning 0x00000001710005f0.
[0.081s][trace][metaspace              ] Metaspace::allocate: type 13 return 0x00000001710005f0.
[0.081s][trace][metaspace              ] Arena @0x00006000016b2200 (non-class sm): requested 7 words.
[0.081s][trace][metaspace              ] Arena @0x00006000016b2200 (non-class sm): after allocation: 1 chunk(s), current:@0x00007f8f2d80b248, u, base 0x0000000171000000, level lv02 (524288), used: 204, committed: 8192, committed-free: 7988
[0.081s][trace][metaspace              ] Arena @0x00006000016b2200 (non-class sm): returning 0x0000000171000628.
[0.081s][trace][metaspace              ] Metaspace::allocate: type 13 return 0x0000000171000628.
[0.081s][trace][metaspace              ] Arena @0x00006000016b2200 (non-class sm): requested 7 words.
[0.081s][trace][metaspace              ] Arena @0x00006000016b2200 (non-class sm): after allocation: 1 chunk(s), current:@0x00007f8f2d80b248, u, base 0x0000000171000000, level lv02 (524288), used: 211, committed: 8192, committed-free: 7981
[0.081s][trace][metaspace              ] Arena @0x00006000016b2200 (non-class sm): returning 0x0000000171000660.
[0.081s][trace][metaspace              ] Metaspace::allocate: type 13 return 0x0000000171000660.
[0.081s][trace][metaspace              ] Arena @0x00006000016b2200 (non-class sm): requested 7 words.
[0.081s][trace][metaspace              ] Arena @0x00006000016b2200 (non-class sm): after allocation: 1 chunk(s), current:@0x00007f8f2d80b248, u, base 0x0000000171000000, level lv02 (524288), used: 218, committed: 8192, committed-free: 7974
[0.081s][trace][metaspace              ] Arena @0x00006000016b2200 (non-class sm): returning 0x0000000171000698.
[0.081s][trace][metaspace              ] Metaspace::allocate: type 13 return 0x0000000171000698.
[0.081s][trace][metaspace              ] Arena @0x00006000016b2200 (non-class sm): requested 7 words.
[0.081s][trace][metaspace              ] Arena @0x00006000016b2200 (non-class sm): after allocation: 1 chunk(s), current:@0x00007f8f2d80b248, u, base 0x0000000171000000, level lv02 (524288), used: 225, committed: 8192, committed-free: 7967
[0.081s][trace][metaspace              ] Arena @0x00006000016b2200 (non-class sm): returning 0x00000001710006d0.
[0.081s][trace][metaspace              ] Metaspace::allocate: type 13 return 0x00000001710006d0.
[0.081s][debug][jni,resolve            ] [Dynamic-linking native method java.security.AccessController.getStackAccessControlContext ... JNI]
[0.081s][info ][class,init             ] 12 Initializing 'java/security/AccessControlContext' (0x000000013006cc60)
[0.081s][trace][metaspace              ] Arena @0x00006000016b2200 (non-class sm): requested 7 words.
[0.081s][trace][metaspace              ] Arena @0x00006000016b2200 (non-class sm): after allocation: 1 chunk(s), current:@0x00007f8f2d80b248, u, base 0x0000000171000000, level lv02 (524288), used: 232, committed: 8192, committed-free: 7960
[0.081s][trace][metaspace              ] Arena @0x00006000016b2200 (non-class sm): returning 0x0000000171000708.
[0.081s][trace][metaspace              ] Metaspace::allocate: type 13 return 0x0000000171000708.
[0.081s][debug][class,resolve          ] java.security.AccessController java.security.AccessControlContext AccessController.java:1009
[0.081s][trace][metaspace              ] Arena @0x00006000016b2200 (non-class sm): requested 7 words.
[0.081s][trace][metaspace              ] Arena @0x00006000016b2200 (non-class sm): after allocation: 1 chunk(s), current:@0x00007f8f2d80b248, u, base 0x0000000171000000, level lv02 (524288), used: 239, committed: 8192, committed-free: 7953
[0.081s][trace][metaspace              ] Arena @0x00006000016b2200 (non-class sm): returning 0x0000000171000740.
[0.081s][trace][metaspace              ] Metaspace::allocate: type 13 return 0x0000000171000740.
[0.081s][debug][class,resolve          ] java.security.AccessControlContext java.security.AccessController AccessControlContext.java:586
[0.081s][trace][metaspace              ] Arena @0x00006000016b2200 (non-class sm): requested 7 words.
[0.081s][trace][metaspace              ] Arena @0x00006000016b2200 (non-class sm): after allocation: 1 chunk(s), current:@0x00007f8f2d80b248, u, base 0x0000000171000000, level lv02 (524288), used: 246, committed: 8192, committed-free: 7946
[0.081s][trace][metaspace              ] Arena @0x00006000016b2200 (non-class sm): returning 0x0000000171000778.
[0.081s][trace][metaspace              ] Metaspace::allocate: type 13 return 0x0000000171000778.
[0.081s][debug][jni,resolve            ] [Dynamic-linking native method java.security.AccessController.getInheritedAccessControlContext ... JNI]
[0.081s][trace][metaspace              ] Arena @0x00006000016b2200 (non-class sm): requested 7 words.
[0.081s][trace][metaspace              ] Arena @0x00006000016b2200 (non-class sm): after allocation: 1 chunk(s), current:@0x00007f8f2d80b248, u, base 0x0000000171000000, level lv02 (524288), used: 253, committed: 8192, committed-free: 7939
[0.081s][trace][metaspace              ] Arena @0x00006000016b2200 (non-class sm): returning 0x00000001710007b0.
[0.081s][trace][metaspace              ] Metaspace::allocate: type 13 return 0x00000001710007b0.
[0.081s][trace][metaspace              ] Arena @0x00006000016b2200 (non-class sm): requested 7 words.
[0.081s][trace][metaspace              ] Arena @0x00006000016b2200 (non-class sm): after allocation: 1 chunk(s), current:@0x00007f8f2d80b248, u, base 0x0000000171000000, level lv02 (524288), used: 260, committed: 8192, committed-free: 7932
[0.081s][trace][metaspace              ] Arena @0x00006000016b2200 (non-class sm): returning 0x00000001710007e8.
[0.081s][trace][metaspace              ] Metaspace::allocate: type 13 return 0x00000001710007e8.
[0.081s][trace][metaspace              ] Arena @0x00006000016b2200 (non-class sm): requested 7 words.
[0.081s][trace][metaspace              ] Arena @0x00006000016b2200 (non-class sm): after allocation: 1 chunk(s), current:@0x00007f8f2d80b248, u, base 0x0000000171000000, level lv02 (524288), used: 267, committed: 8192, committed-free: 7925
[0.081s][trace][metaspace              ] Arena @0x00006000016b2200 (non-class sm): returning 0x0000000171000820.
[0.081s][trace][metaspace              ] Metaspace::allocate: type 13 return 0x0000000171000820.
[0.081s][trace][metaspace              ] Arena @0x00006000016b2200 (non-class sm): requested 7 words.
[0.081s][trace][metaspace              ] Arena @0x00006000016b2200 (non-class sm): after allocation: 1 chunk(s), current:@0x00007f8f2d80b248, u, base 0x0000000171000000, level lv02 (524288), used: 274, committed: 8192, committed-free: 7918
[0.081s][trace][metaspace              ] Arena @0x00006000016b2200 (non-class sm): returning 0x0000000171000858.
[0.081s][trace][metaspace              ] Metaspace::allocate: type 13 return 0x0000000171000858.
[0.081s][trace][metaspace              ] Arena @0x00006000016b2200 (non-class sm): requested 7 words.
[0.081s][trace][metaspace              ] Arena @0x00006000016b2200 (non-class sm): after allocation: 1 chunk(s), current:@0x00007f8f2d80b248, u, base 0x0000000171000000, level lv02 (524288), used: 281, committed: 8192, committed-free: 7911
[0.081s][trace][metaspace              ] Arena @0x00006000016b2200 (non-class sm): returning 0x0000000171000890.
[0.081s][trace][metaspace              ] Metaspace::allocate: type 13 return 0x0000000171000890.
[0.081s][trace][metaspace              ] Arena @0x00006000016b2200 (non-class sm): requested 7 words.
[0.081s][trace][metaspace              ] Arena @0x00006000016b2200 (non-class sm): after allocation: 1 chunk(s), current:@0x00007f8f2d80b248, u, base 0x0000000171000000, level lv02 (524288), used: 288, committed: 8192, committed-free: 7904
[0.081s][trace][metaspace              ] Arena @0x00006000016b2200 (non-class sm): returning 0x00000001710008c8.
[0.081s][trace][metaspace              ] Metaspace::allocate: type 13 return 0x00000001710008c8.
[0.081s][trace][metaspace              ] Arena @0x00006000016b2200 (non-class sm): requested 7 words.
[0.081s][trace][metaspace              ] Arena @0x00006000016b2200 (non-class sm): after allocation: 1 chunk(s), current:@0x00007f8f2d80b248, u, base 0x0000000171000000, level lv02 (524288), used: 295, committed: 8192, committed-free: 7897
[0.081s][trace][metaspace              ] Arena @0x00006000016b2200 (non-class sm): returning 0x0000000171000900.
[0.082s][trace][metaspace              ] Metaspace::allocate: type 13 return 0x0000000171000900.
[0.082s][trace][metaspace              ] Arena @0x00006000016b2200 (non-class sm): requested 7 words.
[0.082s][trace][metaspace              ] Arena @0x00006000016b2200 (non-class sm): after allocation: 1 chunk(s), current:@0x00007f8f2d80b248, u, base 0x0000000171000000, level lv02 (524288), used: 302, committed: 8192, committed-free: 7890
[0.082s][trace][metaspace              ] Arena @0x00006000016b2200 (non-class sm): returning 0x0000000171000938.
[0.082s][trace][metaspace              ] Metaspace::allocate: type 13 return 0x0000000171000938.
[0.082s][info ][class,init             ] 13 Initializing 'java/lang/Module' (0x000000013000ccc0)
[0.082s][trace][metaspace              ] Arena @0x00006000016b2200 (non-class sm): requested 7 words.
[0.082s][trace][metaspace              ] Arena @0x00006000016b2200 (non-class sm): after allocation: 1 chunk(s), current:@0x00007f8f2d80b248, u, base 0x0000000171000000, level lv02 (524288), used: 309, committed: 8192, committed-free: 7883
[0.082s][trace][metaspace              ] Arena @0x00006000016b2200 (non-class sm): returning 0x0000000171000970.
[0.082s][trace][metaspace              ] Metaspace::allocate: type 13 return 0x0000000171000970.
[0.082s][debug][class,resolve          ] java.lang.Module java.lang.Class Module.java:100
[0.082s][debug][class,resolve          ] java.lang.Module java.lang.Module$ArchivedData Module.java:316
[0.082s][info ][class,init             ] 14 Initializing 'java/lang/Module$ArchivedData' (0x000000013019cb68)
[0.082s][trace][metaspace              ] Arena @0x00006000016b2200 (non-class sm): requested 7 words.
[0.082s][trace][metaspace              ] Arena @0x00006000016b2200 (non-class sm): after allocation: 1 chunk(s), current:@0x00007f8f2d80b248, u, base 0x0000000171000000, level lv02 (524288), used: 316, committed: 8192, committed-free: 7876
[0.082s][trace][metaspace              ] Arena @0x00006000016b2200 (non-class sm): returning 0x00000001710009a8.
[0.082s][trace][metaspace              ] Metaspace::allocate: type 13 return 0x00000001710009a8.
[0.082s][debug][class,load,placeholders] find_and_add LOAD_INSTANCE 'jdk/internal/misc/CDS', loader loader data: 0x00006000032ac000 of 'bootstrap'
[0.082s][debug][class,load,placeholders] loadInstanceThreadQ threads:0x00007f8f4f008800, 
[0.082s][debug][class,load,placeholders] superThreadQ threads:
[0.082s][debug][class,load,placeholders] defineThreadQ threads:
[0.082s][trace][cds,unshareable        ] restore: jdk.internal.misc.CDS
[0.082s][trace][class,loader,data      ] Adding k: 0x000000013001ac90 jdk.internal.misc.CDS to loader data: 0x00006000032ac000 of 'bootstrap'
[0.082s][debug][cds,mirror             ] jdk.internal.misc.CDS has raw archived mirror
[0.082s][debug][cds,heap               ] Clearing root 260: was 0x00000007ffb07188
[0.082s][debug][cds,mirror             ] Archived mirror is: 0x00000007ffb07188
[0.082s][trace][cds,heap,mirror        ] Restored jdk.internal.misc.CDS archived mirror 0x00000007ffb07188
[0.082s][debug][cds,heap               ] Clearing root 261: was 0x00000007ffb07210
[0.082s][info ][class,load             ] jdk.internal.misc.CDS source: shared objects file
[0.082s][debug][class,load             ]  klass: 0x000000013001ac90 super: 0x0000000130000db8 loader: [loader data: 0x00006000032ac000 of 'bootstrap']
[0.082s][debug][class,load,placeholders] find_and_add DEFINE_CLASS 'jdk/internal/misc/CDS', loader loader data: 0x00006000032ac000 of 'bootstrap'
[0.082s][debug][class,load,placeholders] loadInstanceThreadQ threads:0x00007f8f4f008800, 
[0.082s][debug][class,load,placeholders] superThreadQ threads:
[0.082s][debug][class,load,placeholders] defineThreadQ threads:0x00007f8f4f008800, 
[0.082s][debug][class,load,placeholders] find_and_remove DEFINE_CLASS 'jdk/internal/misc/CDS', loader loader data: 0x00006000032ac000 of 'bootstrap', InstanceKlass 'jdk/internal/misc/CDS'
[0.082s][debug][class,load,placeholders] loadInstanceThreadQ threads:0x00007f8f4f008800, 
[0.082s][debug][class,load,placeholders] superThreadQ threads:
[0.082s][debug][class,load,placeholders] defineThreadQ threads:0x00007f8f4f008800, 
[0.082s][debug][class,load,placeholders] find_and_remove LOAD_INSTANCE 'jdk/internal/misc/CDS', loader loader data: 0x00006000032ac000 of 'bootstrap', InstanceKlass 'jdk/internal/misc/CDS'
[0.082s][debug][class,load,placeholders] loadInstanceThreadQ threads:0x00007f8f4f008800, 
[0.082s][debug][class,load,placeholders] superThreadQ threads:
[0.082s][debug][class,load,placeholders] defineThreadQ threads:
[0.082s][debug][class,resolve          ] java.lang.Module$ArchivedData jdk.internal.misc.CDS Module.java:311
[0.082s][info ][class,init             ] 15 Initializing 'jdk/internal/misc/CDS' (0x000000013001ac90)
[0.082s][trace][metaspace              ] Arena @0x00006000016b2200 (non-class sm): requested 7 words.
[0.082s][trace][metaspace              ] Arena @0x00006000016b2200 (non-class sm): after allocation: 1 chunk(s), current:@0x00007f8f2d80b248, u, base 0x0000000171000000, level lv02 (524288), used: 323, committed: 8192, committed-free: 7869
[0.082s][trace][metaspace              ] Arena @0x00006000016b2200 (non-class sm): returning 0x00000001710009e0.
[0.082s][trace][metaspace              ] Metaspace::allocate: type 13 return 0x00000001710009e0.
[0.082s][trace][metaspace              ] Arena @0x00006000016b2200 (non-class sm): requested 7 words.
[0.082s][trace][metaspace              ] Arena @0x00006000016b2200 (non-class sm): after allocation: 1 chunk(s), current:@0x00007f8f2d80b248, u, base 0x0000000171000000, level lv02 (524288), used: 330, committed: 8192, committed-free: 7862
[0.082s][trace][metaspace              ] Arena @0x00006000016b2200 (non-class sm): returning 0x0000000171000a18.
[0.082s][trace][metaspace              ] Metaspace::allocate: type 13 return 0x0000000171000a18.
[0.082s][debug][jni,resolve            ] [Dynamic-linking native method jdk.internal.misc.CDS.isDumpingClassList0 ... JNI]
[0.082s][trace][metaspace              ] Arena @0x00006000016b2200 (non-class sm): requested 7 words.
[0.082s][trace][metaspace              ] Arena @0x00006000016b2200 (non-class sm): after allocation: 1 chunk(s), current:@0x00007f8f2d80b248, u, base 0x0000000171000000, level lv02 (524288), used: 337, committed: 8192, committed-free: 7855
[0.082s][trace][metaspace              ] Arena @0x00006000016b2200 (non-class sm): returning 0x0000000171000a50.
[0.082s][trace][metaspace              ] Metaspace::allocate: type 13 return 0x0000000171000a50.
[0.082s][debug][jni,resolve            ] [Dynamic-linking native method jdk.internal.misc.CDS.isDumpingArchive0 ... JNI]
[0.082s][trace][metaspace              ] Arena @0x00006000016b2200 (non-class sm): requested 7 words.
[0.082s][trace][metaspace              ] Arena @0x00006000016b2200 (non-class sm): after allocation: 1 chunk(s), current:@0x00007f8f2d80b248, u, base 0x0000000171000000, level lv02 (524288), used: 344, committed: 8192, committed-free: 7848
[0.082s][trace][metaspace              ] Arena @0x00006000016b2200 (non-class sm): returning 0x0000000171000a88.
[0.082s][trace][metaspace              ] Metaspace::allocate: type 13 return 0x0000000171000a88.
[0.082s][debug][jni,resolve            ] [Dynamic-linking native method jdk.internal.misc.CDS.isSharingEnabled0 ... JNI]
[0.082s][debug][class,resolve          ] jdk.internal.misc.CDS java.lang.String CDS.java:233
[0.082s][trace][metaspace              ] Arena @0x00006000016b2200 (non-class sm): requested 7 words.
[0.082s][trace][metaspace              ] Arena @0x00006000016b2200 (non-class sm): after allocation: 1 chunk(s), current:@0x00007f8f2d80b248, u, base 0x0000000171000000, level lv02 (524288), used: 351, committed: 8192, committed-free: 7841
[0.082s][trace][metaspace              ] Arena @0x00006000016b2200 (non-class sm): returning 0x0000000171000ac0.
[0.082s][trace][metaspace              ] Metaspace::allocate: type 13 return 0x0000000171000ac0.
[0.082s][debug][jni,resolve            ] [Dynamic-linking native method jdk.internal.misc.CDS.initializeFromArchive ... JNI]
[0.082s][info ][class,init             ] 16 Initializing 'java/lang/Iterable'(no method) (0x0000000130077880)
[0.082s][info ][class,init             ] 17 Initializing 'java/util/Collection'(no method) (0x0000000130077ab8)
[0.082s][info ][class,init             ] 18 Initializing 'java/util/AbstractCollection'(no method) (0x0000000130077dc0)
[0.082s][info ][class,init             ] 19 Initializing 'java/util/ImmutableCollections$AbstractImmutableCollection'(no method) (0x0000000130079f58)
[0.082s][info ][class,init             ] 20 Initializing 'java/util/Set'(no method) (0x000000013001aa60)
[0.082s][info ][class,init             ] 21 Initializing 'java/util/ImmutableCollections$AbstractImmutableSet'(no method) (0x000000013007ad08)
[0.082s][info ][class,init             ] 22 Initializing 'java/util/ImmutableCollections$Set12'(no method) (0x0000000130077440)
[0.082s][debug][cds,heap               ] Clearing root 2083: was 0x00000007ffb71d40
[0.083s][debug][cds,heap               ]   0x000000013019cb68 init field @ 112 = 0x00000007ffb71d40
[0.083s][info ][cds,heap               ] initialize_from_archived_subgraph java.lang.Module$ArchivedData 0x000000013019cb68 (early)
[0.083s][trace][metaspace              ] Arena @0x00006000016b2200 (non-class sm): requested 7 words.
[0.083s][trace][metaspace              ] Arena @0x00006000016b2200 (non-class sm): after allocation: 1 chunk(s), current:@0x00007f8f2d80b248, u, base 0x0000000171000000, level lv02 (524288), used: 358, committed: 8192, committed-free: 7834
[0.083s][trace][metaspace              ] Arena @0x00006000016b2200 (non-class sm): returning 0x0000000171000af8.
[0.083s][trace][metaspace              ] Metaspace::allocate: type 13 return 0x0000000171000af8.
[0.083s][trace][class,nestmates        ] Type java.lang.Module is not part of a nest: setting nest-host to self
[0.083s][trace][class,nestmates        ] Resolving nest-host of java.lang.Module$ArchivedData using cp entry for java/lang/Module
[0.083s][debug][class,resolve          ] java.lang.Module$ArchivedData java.lang.Module Module.java:318
[0.083s][trace][class,nestmates        ] Checking nest membership of java.lang.Module$ArchivedData in java.lang.Module
[0.083s][trace][class,nestmates        ] - named class found at nest_members[1] => cp[716]
[0.083s][trace][class,nestmates        ] Resolved nest-host of java.lang.Module$ArchivedData to java.lang.Module
[0.083s][trace][class,nestmates        ] Class java.lang.Module does have nestmate access to java.lang.Module$ArchivedData
[0.083s][trace][class,nestmates        ] Class java.lang.Module does have nestmate access to java.lang.Module$ArchivedData
[0.083s][trace][class,nestmates        ] Class java.lang.Module does have nestmate access to java.lang.Module$ArchivedData
[0.083s][trace][class,nestmates        ] Class java.lang.Module does have nestmate access to java.lang.Module$ArchivedData
[0.083s][info ][class,init             ] 23 Initializing 'jdk/internal/misc/UnsafeConstants' (0x00000001300aaff8)
[0.083s][trace][metaspace              ] Arena @0x00006000016b2200 (non-class sm): requested 7 words.
[0.083s][trace][metaspace              ] Arena @0x00006000016b2200 (non-class sm): after allocation: 1 chunk(s), current:@0x00007f8f2d80b248, u, base 0x0000000171000000, level lv02 (524288), used: 365, committed: 8192, committed-free: 7827
[0.083s][trace][metaspace              ] Arena @0x00006000016b2200 (non-class sm): returning 0x0000000171000b30.
[0.083s][trace][metaspace              ] Metaspace::allocate: type 13 return 0x0000000171000b30.
[0.083s][info ][class,init             ] 24 Initializing 'java/lang/reflect/AccessibleObject' (0x0000000130056da0)
[0.083s][trace][metaspace              ] Arena @0x00006000016b2200 (non-class sm): requested 7 words.
[0.083s][trace][metaspace              ] Arena @0x00006000016b2200 (non-class sm): after allocation: 1 chunk(s), current:@0x00007f8f2d80b248, u, base 0x0000000171000000, level lv02 (524288), used: 372, committed: 8192, committed-free: 7820
[0.083s][trace][metaspace              ] Arena @0x00006000016b2200 (non-class sm): returning 0x0000000171000b68.
[0.083s][trace][metaspace              ] Metaspace::allocate: type 13 return 0x0000000171000b68.
[0.083s][debug][class,load,placeholders] find_and_add LOAD_INSTANCE 'java/lang/reflect/ReflectAccess', loader loader data: 0x00006000032ac000 of 'bootstrap'
[0.083s][debug][class,load,placeholders] loadInstanceThreadQ threads:0x00007f8f4f008800, 
[0.083s][debug][class,load,placeholders] superThreadQ threads:
[0.083s][debug][class,load,placeholders] defineThreadQ threads:
[0.083s][debug][class,load,placeholders] find_and_add LOAD_SUPER 'java/lang/reflect/ReflectAccess', loader loader data: 0x00006000032ac000 of 'bootstrap', supername 'jdk/internal/access/JavaLangReflectAccess'
[0.083s][debug][class,load,placeholders] loadInstanceThreadQ threads:0x00007f8f4f008800, 
[0.083s][debug][class,load,placeholders] superThreadQ threads:0x00007f8f4f008800, 
[0.083s][debug][class,load,placeholders] defineThreadQ threads:
[0.083s][debug][class,load,placeholders] find_and_add LOAD_INSTANCE 'jdk/internal/access/JavaLangReflectAccess', loader loader data: 0x00006000032ac000 of 'bootstrap'
[0.083s][debug][class,load,placeholders] loadInstanceThreadQ threads:0x00007f8f4f008800, 
[0.083s][debug][class,load,placeholders] superThreadQ threads:
[0.083s][debug][class,load,placeholders] defineThreadQ threads:
[0.083s][trace][cds,unshareable        ] restore: jdk.internal.access.JavaLangReflectAccess
[0.083s][trace][class,loader,data      ] Adding k: 0x00000001301e5520 jdk.internal.access.JavaLangReflectAccess to loader data: 0x00006000032ac000 of 'bootstrap'
[0.083s][debug][cds,mirror             ] jdk.internal.access.JavaLangReflectAccess has raw archived mirror
[0.083s][debug][cds,heap               ] Clearing root 762: was 0x00000007ffb14e50
[0.083s][debug][cds,mirror             ] Archived mirror is: 0x00000007ffb14e50
[0.083s][trace][cds,heap,mirror        ] Restored jdk.internal.access.JavaLangReflectAccess archived mirror 0x00000007ffb14e50
[0.083s][info ][class,load             ] jdk.internal.access.JavaLangReflectAccess source: shared objects file
[0.083s][debug][class,load             ]  klass: 0x00000001301e5520 super: 0x0000000130000db8 loader: [loader data: 0x00006000032ac000 of 'bootstrap']
[0.083s][debug][class,load,placeholders] find_and_add DEFINE_CLASS 'jdk/internal/access/JavaLangReflectAccess', loader loader data: 0x00006000032ac000 of 'bootstrap'
[0.083s][debug][class,load,placeholders] loadInstanceThreadQ threads:0x00007f8f4f008800, 
[0.083s][debug][class,load,placeholders] superThreadQ threads:
[0.083s][debug][class,load,placeholders] defineThreadQ threads:0x00007f8f4f008800, 
[0.083s][debug][class,load,placeholders] find_and_remove DEFINE_CLASS 'jdk/internal/access/JavaLangReflectAccess', loader loader data: 0x00006000032ac000 of 'bootstrap', InstanceKlass 'jdk/internal/access/JavaLangReflectAccess'
[0.083s][debug][class,load,placeholders] loadInstanceThreadQ threads:0x00007f8f4f008800, 
[0.083s][debug][class,load,placeholders] superThreadQ threads:
[0.083s][debug][class,load,placeholders] defineThreadQ threads:0x00007f8f4f008800, 
[0.083s][debug][class,load,placeholders] find_and_remove LOAD_INSTANCE 'jdk/internal/access/JavaLangReflectAccess', loader loader data: 0x00006000032ac000 of 'bootstrap', InstanceKlass 'jdk/internal/access/JavaLangReflectAccess'
[0.083s][debug][class,load,placeholders] loadInstanceThreadQ threads:0x00007f8f4f008800, 
[0.083s][debug][class,load,placeholders] superThreadQ threads:
[0.083s][debug][class,load,placeholders] defineThreadQ threads:
[0.083s][debug][class,load,placeholders] find_and_remove LOAD_SUPER 'java/lang/reflect/ReflectAccess', loader loader data: 0x00006000032ac000 of 'bootstrap', supername 'jdk/internal/access/JavaLangReflectAccess'
[0.083s][debug][class,load,placeholders] loadInstanceThreadQ threads:0x00007f8f4f008800, 
[0.083s][debug][class,load,placeholders] superThreadQ threads:0x00007f8f4f008800, 
[0.083s][debug][class,load,placeholders] defineThreadQ threads:
[0.083s][trace][cds,unshareable        ] restore: java.lang.reflect.ReflectAccess
[0.083s][trace][class,loader,data      ] Adding k: 0x0000000130014c68 java.lang.reflect.ReflectAccess to loader data: 0x00006000032ac000 of 'bootstrap'
[0.083s][debug][cds,mirror             ] java.lang.reflect.ReflectAccess has raw archived mirror
[0.083s][debug][cds,heap               ] Clearing root 549: was 0x00000007ffb0f0a8
[0.083s][debug][cds,mirror             ] Archived mirror is: 0x00000007ffb0f0a8
[0.083s][trace][cds,heap,mirror        ] Restored java.lang.reflect.ReflectAccess archived mirror 0x00000007ffb0f0a8
[0.083s][info ][class,load             ] java.lang.reflect.ReflectAccess source: shared objects file
[0.083s][debug][class,load             ]  klass: 0x0000000130014c68 super: 0x0000000130000db8 interfaces: 0x00000001301e5520 loader: [loader data: 0x00006000032ac000 of 'bootstrap']
[0.083s][debug][class,load,placeholders] find_and_add DEFINE_CLASS 'java/lang/reflect/ReflectAccess', loader loader data: 0x00006000032ac000 of 'bootstrap', supername 'jdk/internal/access/JavaLangReflectAccess'
[0.083s][debug][class,load,placeholders] loadInstanceThreadQ threads:0x00007f8f4f008800, 
[0.083s][debug][class,load,placeholders] superThreadQ threads:
[0.083s][debug][class,load,placeholders] defineThreadQ threads:0x00007f8f4f008800, 
[0.083s][debug][class,load,placeholders] find_and_remove DEFINE_CLASS 'java/lang/reflect/ReflectAccess', loader loader data: 0x00006000032ac000 of 'bootstrap', supername 'jdk/internal/access/JavaLangReflectAccess', InstanceKlass 'java/lang/reflect/ReflectAccess'
[0.083s][debug][class,load,placeholders] loadInstanceThreadQ threads:0x00007f8f4f008800, 
[0.083s][debug][class,load,placeholders] superThreadQ threads:
[0.083s][debug][class,load,placeholders] defineThreadQ threads:0x00007f8f4f008800, 
[0.083s][debug][class,load,placeholders] find_and_remove LOAD_INSTANCE 'java/lang/reflect/ReflectAccess', loader loader data: 0x00006000032ac000 of 'bootstrap', supername 'jdk/internal/access/JavaLangReflectAccess', InstanceKlass 'java/lang/reflect/ReflectAccess'
[0.083s][debug][class,load,placeholders] loadInstanceThreadQ threads:0x00007f8f4f008800, 
[0.083s][debug][class,load,placeholders] superThreadQ threads:
[0.083s][debug][class,load,placeholders] defineThreadQ threads:
[0.083s][debug][class,resolve          ] java.lang.reflect.AccessibleObject java.lang.reflect.ReflectAccess AccessibleObject.java:81
[0.084s][info ][class,init             ] 25 Initializing 'java/lang/reflect/ReflectAccess'(no method) (0x0000000130014c68)
[0.084s][trace][metaspace              ] Arena @0x00006000016b2200 (non-class sm): requested 7 words.
[0.084s][trace][metaspace              ] Arena @0x00006000016b2200 (non-class sm): after allocation: 1 chunk(s), current:@0x00007f8f2d80b248, u, base 0x0000000171000000, level lv02 (524288), used: 379, committed: 8192, committed-free: 7813
[0.084s][trace][metaspace              ] Arena @0x00006000016b2200 (non-class sm): returning 0x0000000171000ba0.
[0.084s][trace][metaspace              ] Metaspace::allocate: type 13 return 0x0000000171000ba0.
[0.084s][debug][class,resolve          ] java.lang.reflect.ReflectAccess java.lang.Object ReflectAccess.java:35
[0.084s][debug][class,load,placeholders] find_and_add LOAD_INSTANCE 'jdk/internal/access/SharedSecrets', loader loader data: 0x00006000032ac000 of 'bootstrap'
[0.084s][debug][class,load,placeholders] loadInstanceThreadQ threads:0x00007f8f4f008800, 
[0.084s][debug][class,load,placeholders] superThreadQ threads:
[0.084s][debug][class,load,placeholders] defineThreadQ threads:
[0.084s][trace][cds,unshareable        ] restore: jdk.internal.access.SharedSecrets
[0.084s][trace][class,loader,data      ] Adding k: 0x0000000130014a30 jdk.internal.access.SharedSecrets to loader data: 0x00006000032ac000 of 'bootstrap'
[0.084s][debug][cds,mirror             ] jdk.internal.access.SharedSecrets has raw archived mirror
[0.084s][debug][cds,heap               ] Clearing root 403: was 0x00000007ffb0b4e0
[0.084s][debug][cds,mirror             ] Archived mirror is: 0x00000007ffb0b4e0
[0.084s][trace][cds,heap,mirror        ] Restored jdk.internal.access.SharedSecrets archived mirror 0x00000007ffb0b4e0
[0.084s][debug][cds,heap               ] Clearing root 404: was 0x00000007ffb0b5d0
[0.084s][info ][class,load             ] jdk.internal.access.SharedSecrets source: shared objects file
[0.084s][debug][class,load             ]  klass: 0x0000000130014a30 super: 0x0000000130000db8 loader: [loader data: 0x00006000032ac000 of 'bootstrap']
[0.084s][debug][class,load,placeholders] find_and_add DEFINE_CLASS 'jdk/internal/access/SharedSecrets', loader loader data: 0x00006000032ac000 of 'bootstrap'
[0.084s][debug][class,load,placeholders] loadInstanceThreadQ threads:0x00007f8f4f008800, 
[0.084s][debug][class,load,placeholders] superThreadQ threads:
[0.084s][debug][class,load,placeholders] defineThreadQ threads:0x00007f8f4f008800, 
[0.084s][debug][class,load,placeholders] find_and_remove DEFINE_CLASS 'jdk/internal/access/SharedSecrets', loader loader data: 0x00006000032ac000 of 'bootstrap', InstanceKlass 'jdk/internal/access/SharedSecrets'
[0.084s][debug][class,load,placeholders] loadInstanceThreadQ threads:0x00007f8f4f008800, 
[0.084s][debug][class,load,placeholders] superThreadQ threads:
[0.084s][debug][class,load,placeholders] defineThreadQ threads:0x00007f8f4f008800, 
[0.084s][debug][class,load,placeholders] find_and_remove LOAD_INSTANCE 'jdk/internal/access/SharedSecrets', loader loader data: 0x00006000032ac000 of 'bootstrap', InstanceKlass 'jdk/internal/access/SharedSecrets'
[0.084s][debug][class,load,placeholders] loadInstanceThreadQ threads:0x00007f8f4f008800, 
[0.084s][debug][class,load,placeholders] superThreadQ threads:
[0.084s][debug][class,load,placeholders] defineThreadQ threads:
[0.084s][debug][class,resolve          ] java.lang.reflect.AccessibleObject jdk.internal.access.SharedSecrets AccessibleObject.java:81
[0.084s][info ][class,init             ] 26 Initializing 'jdk/internal/access/SharedSecrets' (0x0000000130014a30)
[0.084s][trace][metaspace              ] Arena @0x00006000016b2200 (non-class sm): requested 7 words.
[0.084s][trace][metaspace              ] Arena @0x00006000016b2200 (non-class sm): after allocation: 1 chunk(s), current:@0x00007f8f2d80b248, u, base 0x0000000171000000, level lv02 (524288), used: 386, committed: 8192, committed-free: 7806
[0.084s][trace][metaspace              ] Arena @0x00006000016b2200 (non-class sm): returning 0x0000000171000bd8.
[0.084s][trace][metaspace              ] Metaspace::allocate: type 13 return 0x0000000171000bd8.
[0.084s][debug][class,load,placeholders] find_and_add LOAD_INSTANCE 'java/lang/invoke/MethodHandles', loader loader data: 0x00006000032ac000 of 'bootstrap'
[0.084s][debug][class,load,placeholders] loadInstanceThreadQ threads:0x00007f8f4f008800, 
[0.084s][debug][class,load,placeholders] superThreadQ threads:
[0.084s][debug][class,load,placeholders] defineThreadQ threads:
[0.084s][trace][cds,unshareable        ] restore: java.lang.invoke.MethodHandles
[0.084s][trace][class,loader,data      ] Adding k: 0x00000001300cc3f0 java.lang.invoke.MethodHandles to loader data: 0x00006000032ac000 of 'bootstrap'
[0.084s][debug][cds,mirror             ] java.lang.invoke.MethodHandles has raw archived mirror
[0.084s][debug][cds,heap               ] Clearing root 327: was 0x00000007ffb09438
[0.084s][debug][cds,mirror             ] Archived mirror is: 0x00000007ffb09438
[0.084s][trace][cds,heap,mirror        ] Restored java.lang.invoke.MethodHandles archived mirror 0x00000007ffb09438
[0.084s][debug][cds,heap               ] Clearing root 328: was 0x00000007ffb094c0
[0.084s][info ][class,load             ] java.lang.invoke.MethodHandles source: shared objects file
[0.084s][debug][class,load             ]  klass: 0x00000001300cc3f0 super: 0x0000000130000db8 loader: [loader data: 0x00006000032ac000 of 'bootstrap']
[0.084s][debug][class,load,placeholders] find_and_add DEFINE_CLASS 'java/lang/invoke/MethodHandles', loader loader data: 0x00006000032ac000 of 'bootstrap'
[0.084s][debug][class,load,placeholders] loadInstanceThreadQ threads:0x00007f8f4f008800, 
[0.084s][debug][class,load,placeholders] superThreadQ threads:
[0.084s][debug][class,load,placeholders] defineThreadQ threads:0x00007f8f4f008800, 
[0.084s][debug][class,load,placeholders] find_and_remove DEFINE_CLASS 'java/lang/invoke/MethodHandles', loader loader data: 0x00006000032ac000 of 'bootstrap', InstanceKlass 'java/lang/invoke/MethodHandles'
[0.084s][debug][class,load,placeholders] loadInstanceThreadQ threads:0x00007f8f4f008800, 
[0.084s][debug][class,load,placeholders] superThreadQ threads:
[0.084s][debug][class,load,placeholders] defineThreadQ threads:0x00007f8f4f008800, 
[0.084s][debug][class,load,placeholders] find_and_remove LOAD_INSTANCE 'java/lang/invoke/MethodHandles', loader loader data: 0x00006000032ac000 of 'bootstrap', InstanceKlass 'java/lang/invoke/MethodHandles'
[0.084s][debug][class,load,placeholders] loadInstanceThreadQ threads:0x00007f8f4f008800, 
[0.084s][debug][class,load,placeholders] superThreadQ threads:
[0.084s][debug][class,load,placeholders] defineThreadQ threads:
[0.084s][debug][class,resolve          ] jdk.internal.access.SharedSecrets java.lang.invoke.MethodHandles SharedSecrets.java:55
[0.084s][info ][class,init             ] 27 Initializing 'java/lang/invoke/MethodHandles' (0x00000001300cc3f0)
[0.084s][trace][metaspace              ] Arena @0x00006000016b2200 (non-class sm): requested 7 words.
[0.084s][trace][metaspace              ] Arena @0x00006000016b2200 (non-class sm): after allocation: 1 chunk(s), current:@0x00007f8f2d80b248, u, base 0x0000000171000000, level lv02 (524288), used: 393, committed: 8192, committed-free: 7799
[0.084s][trace][metaspace              ] Arena @0x00006000016b2200 (non-class sm): returning 0x0000000171000c10.
[0.084s][trace][metaspace              ] Metaspace::allocate: type 13 return 0x0000000171000c10.
[0.084s][debug][class,resolve          ] java.lang.invoke.MethodHandles java.lang.Class MethodHandles.java:84
[0.084s][debug][class,resolve          ] java.lang.invoke.MethodHandles java.lang.invoke.MemberName MethodHandles.java:88
[0.084s][info ][class,init             ] 28 Initializing 'java/lang/invoke/MemberName' (0x00000001300df388)
[0.084s][trace][metaspace              ] Arena @0x00006000016b2200 (non-class sm): requested 7 words.
[0.084s][trace][metaspace              ] Arena @0x00006000016b2200 (non-class sm): after allocation: 1 chunk(s), current:@0x00007f8f2d80b248, u, base 0x0000000171000000, level lv02 (524288), used: 400, committed: 8192, committed-free: 7792
[0.084s][trace][metaspace              ] Arena @0x00006000016b2200 (non-class sm): returning 0x0000000171000c48.
[0.084s][trace][metaspace              ] Metaspace::allocate: type 13 return 0x0000000171000c48.
[0.084s][debug][class,resolve          ] java.lang.invoke.MemberName java.lang.Class MemberName.java:80
[0.084s][trace][metaspace              ] Arena @0x00006000016b2200 (non-class sm): requested 7 words.
[0.084s][trace][metaspace              ] Arena @0x00006000016b2200 (non-class sm): after allocation: 1 chunk(s), current:@0x00007f8f2d80b248, u, base 0x0000000171000000, level lv02 (524288), used: 407, committed: 8192, committed-free: 7785
[0.084s][trace][metaspace              ] Arena @0x00006000016b2200 (non-class sm): returning 0x0000000171000c80.
[0.084s][trace][metaspace              ] Metaspace::allocate: type 13 return 0x0000000171000c80.
[0.085s][debug][class,load,placeholders] find_and_add LOAD_INSTANCE 'java/lang/invoke/MemberName$Factory', loader loader data: 0x00006000032ac000 of 'bootstrap'
[0.085s][debug][class,load,placeholders] loadInstanceThreadQ threads:0x00007f8f4f008800, 
[0.085s][debug][class,load,placeholders] superThreadQ threads:
[0.085s][debug][class,load,placeholders] defineThreadQ threads:
[0.085s][trace][cds,unshareable        ] restore: java.lang.invoke.MemberName$Factory
[0.085s][trace][class,loader,data      ] Adding k: 0x0000000130028508 java.lang.invoke.MemberName$Factory to loader data: 0x00006000032ac000 of 'bootstrap'
[0.085s][debug][cds,mirror             ] java.lang.invoke.MemberName$Factory has raw archived mirror
[0.085s][debug][cds,heap               ] Clearing root 561: was 0x00000007ffb0f5e0
[0.085s][debug][cds,mirror             ] Archived mirror is: 0x00000007ffb0f5e0
[0.085s][trace][cds,heap,mirror        ] Restored java.lang.invoke.MemberName$Factory archived mirror 0x00000007ffb0f5e0
[0.085s][debug][cds,heap               ] Clearing root 562: was 0x00000007ffb0f660
[0.085s][info ][class,load             ] java.lang.invoke.MemberName$Factory source: shared objects file
[0.085s][debug][class,load             ]  klass: 0x0000000130028508 super: 0x0000000130000db8 loader: [loader data: 0x00006000032ac000 of 'bootstrap']
[0.085s][debug][class,load,placeholders] find_and_add DEFINE_CLASS 'java/lang/invoke/MemberName$Factory', loader loader data: 0x00006000032ac000 of 'bootstrap'
[0.085s][debug][class,load,placeholders] loadInstanceThreadQ threads:0x00007f8f4f008800, 
[0.085s][debug][class,load,placeholders] superThreadQ threads:
[0.085s][debug][class,load,placeholders] defineThreadQ threads:0x00007f8f4f008800, 
[0.085s][debug][class,load,placeholders] find_and_remove DEFINE_CLASS 'java/lang/invoke/MemberName$Factory', loader loader data: 0x00006000032ac000 of 'bootstrap', InstanceKlass 'java/lang/invoke/MemberName$Factory'
[0.085s][debug][class,load,placeholders] loadInstanceThreadQ threads:0x00007f8f4f008800, 
[0.085s][debug][class,load,placeholders] superThreadQ threads:
[0.085s][debug][class,load,placeholders] defineThreadQ threads:0x00007f8f4f008800, 
[0.085s][debug][class,load,placeholders] find_and_remove LOAD_INSTANCE 'java/lang/invoke/MemberName$Factory', loader loader data: 0x00006000032ac000 of 'bootstrap', InstanceKlass 'java/lang/invoke/MemberName$Factory'
[0.085s][debug][class,load,placeholders] loadInstanceThreadQ threads:0x00007f8f4f008800, 
[0.085s][debug][class,load,placeholders] superThreadQ threads:
[0.085s][debug][class,load,placeholders] defineThreadQ threads:
[0.085s][debug][class,resolve          ] java.lang.invoke.MemberName java.lang.invoke.MemberName$Factory MemberName.java:987
[0.085s][info ][class,init             ] 29 Initializing 'java/lang/invoke/MemberName$Factory' (0x0000000130028508)
[0.085s][trace][metaspace              ] Arena @0x00006000016b2200 (non-class sm): requested 7 words.
[0.085s][trace][metaspace              ] Arena @0x00006000016b2200 (non-class sm): after allocation: 1 chunk(s), current:@0x00007f8f2d80b248, u, base 0x0000000171000000, level lv02 (524288), used: 414, committed: 8192, committed-free: 7778
[0.085s][trace][metaspace              ] Arena @0x00006000016b2200 (non-class sm): returning 0x0000000171000cb8.
[0.085s][trace][metaspace              ] Metaspace::allocate: type 13 return 0x0000000171000cb8.
[0.085s][debug][class,resolve          ] java.lang.invoke.MemberName$Factory java.lang.invoke.MemberName MemberName.java:993
[0.085s][debug][class,resolve          ] java.lang.invoke.MemberName$Factory java.lang.Class MemberName.java:993
[0.085s][trace][metaspace              ] Arena @0x00006000016b2200 (non-class sm): requested 7 words.
[0.085s][trace][metaspace              ] Arena @0x00006000016b2200 (non-class sm): after allocation: 1 chunk(s), current:@0x00007f8f2d80b248, u, base 0x0000000171000000, level lv02 (524288), used: 421, committed: 8192, committed-free: 7771
[0.085s][trace][metaspace              ] Arena @0x00006000016b2200 (non-class sm): returning 0x0000000171000cf0.
[0.085s][trace][metaspace              ] Metaspace::allocate: type 13 return 0x0000000171000cf0.
[0.085s][debug][class,resolve          ] java.lang.invoke.MemberName$Factory java.lang.Object MemberName.java:994
[0.085s][debug][class,load,placeholders] find_and_add LOAD_INSTANCE 'java/lang/reflect/ReflectPermission', loader loader data: 0x00006000032ac000 of 'bootstrap'
[0.085s][debug][class,load,placeholders] loadInstanceThreadQ threads:0x00007f8f4f008800, 
[0.085s][debug][class,load,placeholders] superThreadQ threads:
[0.085s][debug][class,load,placeholders] defineThreadQ threads:
[0.085s][debug][class,load,placeholders] find_and_add LOAD_SUPER 'java/lang/reflect/ReflectPermission', loader loader data: 0x00006000032ac000 of 'bootstrap', supername 'java/security/BasicPermission'
[0.085s][debug][class,load,placeholders] loadInstanceThreadQ threads:0x00007f8f4f008800, 
[0.085s][debug][class,load,placeholders] superThreadQ threads:0x00007f8f4f008800, 
[0.085s][debug][class,load,placeholders] defineThreadQ threads:
[0.085s][debug][class,load,placeholders] find_and_add LOAD_INSTANCE 'java/security/BasicPermission', loader loader data: 0x00006000032ac000 of 'bootstrap'
[0.085s][debug][class,load,placeholders] loadInstanceThreadQ threads:0x00007f8f4f008800, 
[0.085s][debug][class,load,placeholders] superThreadQ threads:
[0.085s][debug][class,load,placeholders] defineThreadQ threads:
[0.085s][debug][class,load,placeholders] find_and_add LOAD_SUPER 'java/security/BasicPermission', loader loader data: 0x00006000032ac000 of 'bootstrap', supername 'java/security/Permission'
[0.085s][debug][class,load,placeholders] loadInstanceThreadQ threads:0x00007f8f4f008800, 
[0.085s][debug][class,load,placeholders] superThreadQ threads:0x00007f8f4f008800, 
[0.085s][debug][class,load,placeholders] defineThreadQ threads:
[0.085s][debug][class,load,placeholders] find_and_add LOAD_INSTANCE 'java/security/Permission', loader loader data: 0x00006000032ac000 of 'bootstrap'
[0.085s][debug][class,load,placeholders] loadInstanceThreadQ threads:0x00007f8f4f008800, 
[0.085s][debug][class,load,placeholders] superThreadQ threads:
[0.085s][debug][class,load,placeholders] defineThreadQ threads:
[0.085s][debug][class,load,placeholders] find_and_add LOAD_SUPER 'java/security/Permission', loader loader data: 0x00006000032ac000 of 'bootstrap', supername 'java/security/Guard'
[0.085s][debug][class,load,placeholders] loadInstanceThreadQ threads:0x00007f8f4f008800, 
[0.085s][debug][class,load,placeholders] superThreadQ threads:0x00007f8f4f008800, 
[0.085s][debug][class,load,placeholders] defineThreadQ threads:
[0.085s][debug][class,load,placeholders] find_and_add LOAD_INSTANCE 'java/security/Guard', loader loader data: 0x00006000032ac000 of 'bootstrap'
[0.085s][debug][class,load,placeholders] loadInstanceThreadQ threads:0x00007f8f4f008800, 
[0.085s][debug][class,load,placeholders] superThreadQ threads:
[0.085s][debug][class,load,placeholders] defineThreadQ threads:
[0.085s][trace][cds,unshareable        ] restore: java.security.Guard
[0.085s][trace][class,loader,data      ] Adding k: 0x00000001300282d8 java.security.Guard to loader data: 0x00006000032ac000 of 'bootstrap'
[0.085s][debug][cds,mirror             ] java.security.Guard has raw archived mirror
[0.085s][debug][cds,heap               ] Clearing root 798: was 0x00000007ffb15d78
[0.085s][debug][cds,mirror             ] Archived mirror is: 0x00000007ffb15d78
[0.085s][trace][cds,heap,mirror        ] Restored java.security.Guard archived mirror 0x00000007ffb15d78
[0.085s][info ][class,load             ] java.security.Guard source: shared objects file
[0.085s][debug][class,load             ]  klass: 0x00000001300282d8 super: 0x0000000130000db8 loader: [loader data: 0x00006000032ac000 of 'bootstrap']
[0.085s][debug][class,load,placeholders] find_and_add DEFINE_CLASS 'java/security/Guard', loader loader data: 0x00006000032ac000 of 'bootstrap'
[0.085s][debug][class,load,placeholders] loadInstanceThreadQ threads:0x00007f8f4f008800, 
[0.085s][debug][class,load,placeholders] superThreadQ threads:
[0.085s][debug][class,load,placeholders] defineThreadQ threads:0x00007f8f4f008800, 
[0.085s][debug][class,load,placeholders] find_and_remove DEFINE_CLASS 'java/security/Guard', loader loader data: 0x00006000032ac000 of 'bootstrap', InstanceKlass 'java/security/Guard'
[0.085s][debug][class,load,placeholders] loadInstanceThreadQ threads:0x00007f8f4f008800, 
[0.085s][debug][class,load,placeholders] superThreadQ threads:
[0.085s][debug][class,load,placeholders] defineThreadQ threads:0x00007f8f4f008800, 
[0.085s][debug][class,load,placeholders] find_and_remove LOAD_INSTANCE 'java/security/Guard', loader loader data: 0x00006000032ac000 of 'bootstrap', InstanceKlass 'java/security/Guard'
[0.085s][debug][class,load,placeholders] loadInstanceThreadQ threads:0x00007f8f4f008800, 
[0.085s][debug][class,load,placeholders] superThreadQ threads:
[0.085s][debug][class,load,placeholders] defineThreadQ threads:
[0.086s][debug][class,load,placeholders] find_and_remove LOAD_SUPER 'java/security/Permission', loader loader data: 0x00006000032ac000 of 'bootstrap', supername 'java/security/Guard'
[0.086s][debug][class,load,placeholders] loadInstanceThreadQ threads:0x00007f8f4f008800, 
[0.086s][debug][class,load,placeholders] superThreadQ threads:0x00007f8f4f008800, 
[0.086s][debug][class,load,placeholders] defineThreadQ threads:
[0.086s][trace][cds,unshareable        ] restore: java.security.Permission
[0.086s][trace][class,loader,data      ] Adding k: 0x0000000130028060 java.security.Permission to loader data: 0x00006000032ac000 of 'bootstrap'
[0.086s][debug][cds,mirror             ] java.security.Permission has raw archived mirror
[0.086s][debug][cds,heap               ] Clearing root 413: was 0x00000007ffb0b9b8
[0.086s][debug][cds,mirror             ] Archived mirror is: 0x00000007ffb0b9b8
[0.086s][trace][cds,heap,mirror        ] Restored java.security.Permission archived mirror 0x00000007ffb0b9b8
[0.086s][debug][cds,heap               ] Clearing root 414: was 0x00000007ffb0ba30
[0.086s][info ][class,load             ] java.security.Permission source: shared objects file
[0.086s][debug][class,load             ]  klass: 0x0000000130028060 super: 0x0000000130000db8 interfaces: 0x00000001300282d8 0x00000001300037c0 loader: [loader data: 0x00006000032ac000 of 'bootstrap']
[0.086s][debug][class,load,placeholders] find_and_add DEFINE_CLASS 'java/security/Permission', loader loader data: 0x00006000032ac000 of 'bootstrap', supername 'java/security/Guard'
[0.086s][debug][class,load,placeholders] loadInstanceThreadQ threads:0x00007f8f4f008800, 
[0.086s][debug][class,load,placeholders] superThreadQ threads:
[0.086s][debug][class,load,placeholders] defineThreadQ threads:0x00007f8f4f008800, 
[0.086s][debug][class,load,placeholders] find_and_remove DEFINE_CLASS 'java/security/Permission', loader loader data: 0x00006000032ac000 of 'bootstrap', supername 'java/security/Guard', InstanceKlass 'java/security/Permission'
[0.086s][debug][class,load,placeholders] loadInstanceThreadQ threads:0x00007f8f4f008800, 
[0.086s][debug][class,load,placeholders] superThreadQ threads:
[0.086s][debug][class,load,placeholders] defineThreadQ threads:0x00007f8f4f008800, 
[0.086s][debug][class,load,placeholders] find_and_remove LOAD_INSTANCE 'java/security/Permission', loader loader data: 0x00006000032ac000 of 'bootstrap', supername 'java/security/Guard', InstanceKlass 'java/security/Permission'
[0.086s][debug][class,load,placeholders] loadInstanceThreadQ threads:0x00007f8f4f008800, 
[0.086s][debug][class,load,placeholders] superThreadQ threads:
[0.086s][debug][class,load,placeholders] defineThreadQ threads:
[0.086s][debug][class,load,placeholders] find_and_remove LOAD_SUPER 'java/security/BasicPermission', loader loader data: 0x00006000032ac000 of 'bootstrap', supername 'java/security/Permission'
[0.086s][debug][class,load,placeholders] loadInstanceThreadQ threads:0x00007f8f4f008800, 
[0.086s][debug][class,load,placeholders] superThreadQ threads:0x00007f8f4f008800, 
[0.086s][debug][class,load,placeholders] defineThreadQ threads:
[0.086s][trace][cds,unshareable        ] restore: java.security.BasicPermission
[0.086s][trace][class,loader,data      ] Adding k: 0x000000013002af98 java.security.BasicPermission to loader data: 0x00006000032ac000 of 'bootstrap'
[0.086s][debug][cds,mirror             ] java.security.BasicPermission has raw archived mirror
[0.086s][debug][cds,heap               ] Clearing root 794: was 0x00000007ffb15c30
[0.086s][debug][cds,mirror             ] Archived mirror is: 0x00000007ffb15c30
[0.086s][trace][cds,heap,mirror        ] Restored java.security.BasicPermission archived mirror 0x00000007ffb15c30
[0.086s][debug][cds,heap               ] Clearing root 795: was 0x00000007ffb15ca8
[0.086s][info ][class,load             ] java.security.BasicPermission source: shared objects file
[0.086s][debug][class,load             ]  klass: 0x000000013002af98 super: 0x0000000130028060 interfaces: 0x00000001300037c0 loader: [loader data: 0x00006000032ac000 of 'bootstrap']
[0.086s][debug][class,load,placeholders] find_and_add DEFINE_CLASS 'java/security/BasicPermission', loader loader data: 0x00006000032ac000 of 'bootstrap', supername 'java/security/Permission'
[0.086s][debug][class,load,placeholders] loadInstanceThreadQ threads:0x00007f8f4f008800, 
[0.086s][debug][class,load,placeholders] superThreadQ threads:
[0.086s][debug][class,load,placeholders] defineThreadQ threads:0x00007f8f4f008800, 
[0.086s][debug][class,load,placeholders] find_and_remove DEFINE_CLASS 'java/security/BasicPermission', loader loader data: 0x00006000032ac000 of 'bootstrap', supername 'java/security/Permission', InstanceKlass 'java/security/BasicPermission'
[0.086s][debug][class,load,placeholders] loadInstanceThreadQ threads:0x00007f8f4f008800, 
[0.086s][debug][class,load,placeholders] superThreadQ threads:
[0.086s][debug][class,load,placeholders] defineThreadQ threads:0x00007f8f4f008800, 
[0.086s][debug][class,load,placeholders] find_and_remove LOAD_INSTANCE 'java/security/BasicPermission', loader loader data: 0x00006000032ac000 of 'bootstrap', supername 'java/security/Permission', InstanceKlass 'java/security/BasicPermission'
[0.086s][debug][class,load,placeholders] loadInstanceThreadQ threads:0x00007f8f4f008800, 
[0.086s][debug][class,load,placeholders] superThreadQ threads:
[0.086s][debug][class,load,placeholders] defineThreadQ threads:
[0.086s][debug][class,load,placeholders] find_and_remove LOAD_SUPER 'java/lang/reflect/ReflectPermission', loader loader data: 0x00006000032ac000 of 'bootstrap', supername 'java/security/BasicPermission'
[0.086s][debug][class,load,placeholders] loadInstanceThreadQ threads:0x00007f8f4f008800, 
[0.086s][debug][class,load,placeholders] superThreadQ threads:0x00007f8f4f008800, 
[0.086s][debug][class,load,placeholders] defineThreadQ threads:
[0.086s][trace][cds,unshareable        ] restore: java.lang.reflect.ReflectPermission
[0.086s][trace][class,loader,data      ] Adding k: 0x000000013002ad18 java.lang.reflect.ReflectPermission to loader data: 0x00006000032ac000 of 'bootstrap'
[0.086s][debug][cds,mirror             ] java.lang.reflect.ReflectPermission has raw archived mirror
[0.086s][debug][cds,heap               ] Clearing root 788: was 0x00000007ffb15a00
[0.086s][debug][cds,mirror             ] Archived mirror is: 0x00000007ffb15a00
[0.086s][trace][cds,heap,mirror        ] Restored java.lang.reflect.ReflectPermission archived mirror 0x00000007ffb15a00
[0.086s][info ][class,load             ] java.lang.reflect.ReflectPermission source: shared objects file
[0.086s][debug][class,load             ]  klass: 0x000000013002ad18 super: 0x000000013002af98 loader: [loader data: 0x00006000032ac000 of 'bootstrap']
[0.086s][debug][class,load,placeholders] find_and_add DEFINE_CLASS 'java/lang/reflect/ReflectPermission', loader loader data: 0x00006000032ac000 of 'bootstrap', supername 'java/security/BasicPermission'
[0.086s][debug][class,load,placeholders] loadInstanceThreadQ threads:0x00007f8f4f008800, 
[0.086s][debug][class,load,placeholders] superThreadQ threads:
[0.086s][debug][class,load,placeholders] defineThreadQ threads:0x00007f8f4f008800, 
[0.086s][debug][class,load,placeholders] find_and_remove DEFINE_CLASS 'java/lang/reflect/ReflectPermission', loader loader data: 0x00006000032ac000 of 'bootstrap', supername 'java/security/BasicPermission', InstanceKlass 'java/lang/reflect/ReflectPermission'
[0.086s][debug][class,load,placeholders] loadInstanceThreadQ threads:0x00007f8f4f008800, 
[0.086s][debug][class,load,placeholders] superThreadQ threads:
[0.086s][debug][class,load,placeholders] defineThreadQ threads:0x00007f8f4f008800, 
[0.086s][debug][class,load,placeholders] find_and_remove LOAD_INSTANCE 'java/lang/reflect/ReflectPermission', loader loader data: 0x00006000032ac000 of 'bootstrap', supername 'java/security/BasicPermission', InstanceKlass 'java/lang/reflect/ReflectPermission'
[0.086s][debug][class,load,placeholders] loadInstanceThreadQ threads:0x00007f8f4f008800, 
[0.086s][debug][class,load,placeholders] superThreadQ threads:
[0.086s][debug][class,load,placeholders] defineThreadQ threads:
[0.086s][debug][class,resolve          ] java.lang.invoke.MethodHandles java.lang.reflect.ReflectPermission MethodHandles.java:451
[0.086s][info ][class,init             ] 30 Initializing 'java/security/Permission'(no method) (0x0000000130028060)
[0.086s][info ][class,init             ] 31 Initializing 'java/security/BasicPermission'(no method) (0x000000013002af98)
[0.086s][info ][class,init             ] 32 Initializing 'java/lang/reflect/ReflectPermission'(no method) (0x000000013002ad18)
[0.086s][trace][metaspace              ] Arena @0x00006000016b2200 (non-class sm): requested 7 words.
[0.086s][trace][metaspace              ] Arena @0x00006000016b2200 (non-class sm): after allocation: 1 chunk(s), current:@0x00007f8f2d80b248, u, base 0x0000000171000000, level lv02 (524288), used: 428, committed: 8192, committed-free: 7764
[0.086s][trace][metaspace              ] Arena @0x00006000016b2200 (non-class sm): returning 0x0000000171000d28.
[0.086s][trace][metaspace              ] Metaspace::allocate: type 13 return 0x0000000171000d28.
[0.086s][debug][class,resolve          ] java.lang.reflect.ReflectPermission java.security.BasicPermission ReflectPermission.java:94
[0.086s][trace][metaspace              ] Arena @0x00006000016b2200 (non-class sm): requested 7 words.
[0.086s][trace][metaspace              ] Arena @0x00006000016b2200 (non-class sm): after allocation: 1 chunk(s), current:@0x00007f8f2d80b248, u, base 0x0000000171000000, level lv02 (524288), used: 435, committed: 8192, committed-free: 7757
[0.086s][trace][metaspace              ] Arena @0x00006000016b2200 (non-class sm): returning 0x0000000171000d60.
[0.086s][trace][metaspace              ] Metaspace::allocate: type 13 return 0x0000000171000d60.
[0.086s][debug][class,resolve          ] java.security.BasicPermission java.security.Permission BasicPermission.java:130
[0.086s][trace][metaspace              ] Arena @0x00006000016b2200 (non-class sm): requested 7 words.
[0.086s][trace][metaspace              ] Arena @0x00006000016b2200 (non-class sm): after allocation: 1 chunk(s), current:@0x00007f8f2d80b248, u, base 0x0000000171000000, level lv02 (524288), used: 442, committed: 8192, committed-free: 7750
[0.087s][trace][metaspace              ] Arena @0x00006000016b2200 (non-class sm): returning 0x0000000171000d98.
[0.087s][trace][metaspace              ] Metaspace::allocate: type 13 return 0x0000000171000d98.
[0.087s][debug][class,resolve          ] java.security.Permission java.lang.Object Permission.java:83
[0.087s][trace][metaspace              ] Arena @0x00006000016b2200 (non-class sm): requested 7 words.
[0.087s][trace][metaspace              ] Arena @0x00006000016b2200 (non-class sm): after allocation: 1 chunk(s), current:@0x00007f8f2d80b248, u, base 0x0000000171000000, level lv02 (524288), used: 449, committed: 8192, committed-free: 7743
[0.087s][trace][metaspace              ] Arena @0x00006000016b2200 (non-class sm): returning 0x0000000171000dd0.
[0.087s][trace][metaspace              ] Metaspace::allocate: type 13 return 0x0000000171000dd0.
[0.087s][debug][class,resolve          ] java.security.BasicPermission java.lang.String BasicPermission.java:91
[0.087s][trace][metaspace              ] Arena @0x00006000016b2200 (non-class sm): requested 7 words.
[0.087s][trace][metaspace              ] Arena @0x00006000016b2200 (non-class sm): after allocation: 1 chunk(s), current:@0x00007f8f2d80b248, u, base 0x0000000171000000, level lv02 (524288), used: 456, committed: 8192, committed-free: 7736
[0.087s][trace][metaspace              ] Arena @0x00006000016b2200 (non-class sm): returning 0x0000000171000e08.
[0.087s][trace][metaspace              ] Metaspace::allocate: type 13 return 0x0000000171000e08.
[0.087s][trace][metaspace              ] Arena @0x00006000016b2200 (non-class sm): requested 7 words.
[0.087s][trace][metaspace              ] Arena @0x00006000016b2200 (non-class sm): after allocation: 1 chunk(s), current:@0x00007f8f2d80b248, u, base 0x0000000171000000, level lv02 (524288), used: 463, committed: 8192, committed-free: 7729
[0.087s][trace][metaspace              ] Arena @0x00006000016b2200 (non-class sm): returning 0x0000000171000e40.
[0.087s][trace][metaspace              ] Metaspace::allocate: type 13 return 0x0000000171000e40.
[0.087s][trace][metaspace              ] Arena @0x00006000016b2200 (non-class sm): requested 7 words.
[0.087s][trace][metaspace              ] Arena @0x00006000016b2200 (non-class sm): after allocation: 1 chunk(s), current:@0x00007f8f2d80b248, u, base 0x0000000171000000, level lv02 (524288), used: 470, committed: 8192, committed-free: 7722
[0.087s][trace][metaspace              ] Arena @0x00006000016b2200 (non-class sm): returning 0x0000000171000e78.
[0.087s][trace][metaspace              ] Metaspace::allocate: type 13 return 0x0000000171000e78.
[0.087s][trace][metaspace              ] Arena @0x00006000016b2200 (non-class sm): requested 7 words.
[0.087s][trace][metaspace              ] Arena @0x00006000016b2200 (non-class sm): after allocation: 1 chunk(s), current:@0x00007f8f2d80b248, u, base 0x0000000171000000, level lv02 (524288), used: 477, committed: 8192, committed-free: 7715
[0.087s][trace][metaspace              ] Arena @0x00006000016b2200 (non-class sm): returning 0x0000000171000eb0.
[0.087s][trace][metaspace              ] Metaspace::allocate: type 13 return 0x0000000171000eb0.
[0.087s][debug][class,load,placeholders] find_and_add LOAD_INSTANCE 'java/lang/StringLatin1', loader loader data: 0x00006000032ac000 of 'bootstrap'
[0.087s][debug][class,load,placeholders] loadInstanceThreadQ threads:0x00007f8f4f008800, 
[0.087s][debug][class,load,placeholders] superThreadQ threads:
[0.087s][debug][class,load,placeholders] defineThreadQ threads:
[0.087s][trace][cds,unshareable        ] restore: java.lang.StringLatin1
[0.087s][trace][class,loader,data      ] Adding k: 0x0000000130027e28 java.lang.StringLatin1 to loader data: 0x00006000032ac000 of 'bootstrap'
[0.087s][debug][cds,mirror             ] java.lang.StringLatin1 has raw archived mirror
[0.087s][debug][cds,heap               ] Clearing root 27: was 0x00000007ffb00de8
[0.087s][debug][cds,mirror             ] Archived mirror is: 0x00000007ffb00de8
[0.087s][trace][cds,heap,mirror        ] Restored java.lang.StringLatin1 archived mirror 0x00000007ffb00de8
[0.087s][debug][cds,heap               ] Clearing root 28: was 0x00000007ffb00e60
[0.087s][info ][class,load             ] java.lang.StringLatin1 source: shared objects file
[0.087s][debug][class,load             ]  klass: 0x0000000130027e28 super: 0x0000000130000db8 loader: [loader data: 0x00006000032ac000 of 'bootstrap']
[0.087s][debug][class,load,placeholders] find_and_add DEFINE_CLASS 'java/lang/StringLatin1', loader loader data: 0x00006000032ac000 of 'bootstrap'
[0.087s][debug][class,load,placeholders] loadInstanceThreadQ threads:0x00007f8f4f008800, 
[0.087s][debug][class,load,placeholders] superThreadQ threads:
[0.087s][debug][class,load,placeholders] defineThreadQ threads:0x00007f8f4f008800, 
[0.087s][debug][class,load,placeholders] find_and_remove DEFINE_CLASS 'java/lang/StringLatin1', loader loader data: 0x00006000032ac000 of 'bootstrap', InstanceKlass 'java/lang/StringLatin1'
[0.087s][debug][class,load,placeholders] loadInstanceThreadQ threads:0x00007f8f4f008800, 
[0.087s][debug][class,load,placeholders] superThreadQ threads:
[0.087s][debug][class,load,placeholders] defineThreadQ threads:0x00007f8f4f008800, 
[0.087s][debug][class,load,placeholders] find_and_remove LOAD_INSTANCE 'java/lang/StringLatin1', loader loader data: 0x00006000032ac000 of 'bootstrap', InstanceKlass 'java/lang/StringLatin1'
[0.087s][debug][class,load,placeholders] loadInstanceThreadQ threads:0x00007f8f4f008800, 
[0.087s][debug][class,load,placeholders] superThreadQ threads:
[0.087s][debug][class,load,placeholders] defineThreadQ threads:
[0.087s][debug][class,resolve          ] java.lang.String java.lang.StringLatin1 String.java:1517
[0.087s][info ][class,init             ] 33 Initializing 'java/lang/StringLatin1' (0x0000000130027e28)
[0.087s][trace][metaspace              ] Arena @0x00006000016b2200 (non-class sm): requested 7 words.
[0.087s][trace][metaspace              ] Arena @0x00006000016b2200 (non-class sm): after allocation: 1 chunk(s), current:@0x00007f8f2d80b248, u, base 0x0000000171000000, level lv02 (524288), used: 484, committed: 8192, committed-free: 7708
[0.087s][trace][metaspace              ] Arena @0x00006000016b2200 (non-class sm): returning 0x0000000171000ee8.
[0.087s][trace][metaspace              ] Metaspace::allocate: type 13 return 0x0000000171000ee8.
[0.087s][debug][class,resolve          ] java.lang.StringLatin1 java.lang.Class StringLatin1.java:44
[0.087s][trace][metaspace              ] Arena @0x00006000016b2200 (non-class sm): requested 7 words.
[0.087s][trace][metaspace              ] Arena @0x00006000016b2200 (non-class sm): after allocation: 1 chunk(s), current:@0x00007f8f2d80b248, u, base 0x0000000171000000, level lv02 (524288), used: 491, committed: 8192, committed-free: 7701
[0.087s][trace][metaspace              ] Arena @0x00006000016b2200 (non-class sm): returning 0x0000000171000f20.
[0.087s][trace][metaspace              ] Metaspace::allocate: type 13 return 0x0000000171000f20.
[0.087s][trace][metaspace              ] Arena @0x00006000016b2200 (non-class sm): requested 7 words.
[0.087s][trace][metaspace              ] Arena @0x00006000016b2200 (non-class sm): after allocation: 1 chunk(s), current:@0x00007f8f2d80b248, u, base 0x0000000171000000, level lv02 (524288), used: 498, committed: 8192, committed-free: 7694
[0.087s][trace][metaspace              ] Arena @0x00006000016b2200 (non-class sm): returning 0x0000000171000f58.
[0.087s][trace][metaspace              ] Metaspace::allocate: type 13 return 0x0000000171000f58.
[0.087s][trace][metaspace              ] Arena @0x00006000016b2200 (non-class sm): requested 7 words.
[0.087s][trace][metaspace              ] Arena @0x00006000016b2200 (non-class sm): after allocation: 1 chunk(s), current:@0x00007f8f2d80b248, u, base 0x0000000171000000, level lv02 (524288), used: 505, committed: 8192, committed-free: 7687
[0.087s][trace][metaspace              ] Arena @0x00006000016b2200 (non-class sm): returning 0x0000000171000f90.
[0.087s][trace][metaspace              ] Metaspace::allocate: type 13 return 0x0000000171000f90.
[0.087s][debug][class,resolve          ] java.lang.invoke.MethodHandles java.lang.invoke.MethodHandle MethodHandles.java:5095
[0.087s][trace][metaspace              ] Arena @0x00006000016b2200 (non-class sm): requested 7 words.
[0.087s][trace][metaspace              ] Arena @0x00006000016b2200 (non-class sm): after allocation: 1 chunk(s), current:@0x00007f8f2d80b248, u, base 0x0000000171000000, level lv02 (524288), used: 512, committed: 8192, committed-free: 7680
[0.087s][trace][metaspace              ] Arena @0x00006000016b2200 (non-class sm): returning 0x0000000171000fc8.
[0.087s][trace][metaspace              ] Metaspace::allocate: type 13 return 0x0000000171000fc8.
[0.087s][debug][class,load,placeholders] find_and_add LOAD_INSTANCE 'java/lang/invoke/MethodHandles$Lookup', loader loader data: 0x00006000032ac000 of 'bootstrap'
[0.087s][debug][class,load,placeholders] loadInstanceThreadQ threads:0x00007f8f4f008800, 
[0.087s][debug][class,load,placeholders] superThreadQ threads:
[0.087s][debug][class,load,placeholders] defineThreadQ threads:
[0.087s][trace][cds,unshareable        ] restore: java.lang.invoke.MethodHandles$Lookup
[0.087s][trace][class,loader,data      ] Adding k: 0x00000001300ce690 java.lang.invoke.MethodHandles$Lookup to loader data: 0x00006000032ac000 of 'bootstrap'
[0.087s][debug][cds,mirror             ] java.lang.invoke.MethodHandles$Lookup has raw archived mirror
[0.087s][debug][cds,heap               ] Clearing root 325: was 0x00000007ffb092a0
[0.087s][debug][cds,mirror             ] Archived mirror is: 0x00000007ffb092a0
[0.087s][trace][cds,heap,mirror        ] Restored java.lang.invoke.MethodHandles$Lookup archived mirror 0x00000007ffb092a0
[0.087s][debug][cds,heap               ] Clearing root 326: was 0x00000007ffb09348
[0.088s][info ][class,load             ] java.lang.invoke.MethodHandles$Lookup source: shared objects file
[0.088s][debug][class,load             ]  klass: 0x00000001300ce690 super: 0x0000000130000db8 loader: [loader data: 0x00006000032ac000 of 'bootstrap']
[0.088s][debug][class,load,placeholders] find_and_add DEFINE_CLASS 'java/lang/invoke/MethodHandles$Lookup', loader loader data: 0x00006000032ac000 of 'bootstrap'
[0.088s][debug][class,load,placeholders] loadInstanceThreadQ threads:0x00007f8f4f008800, 
[0.088s][debug][class,load,placeholders] superThreadQ threads:
[0.088s][debug][class,load,placeholders] defineThreadQ threads:0x00007f8f4f008800, 
[0.088s][debug][class,load,placeholders] find_and_remove DEFINE_CLASS 'java/lang/invoke/MethodHandles$Lookup', loader loader data: 0x00006000032ac000 of 'bootstrap', InstanceKlass 'java/lang/invoke/MethodHandles$Lookup'
[0.088s][debug][class,load,placeholders] loadInstanceThreadQ threads:0x00007f8f4f008800, 
[0.088s][debug][class,load,placeholders] superThreadQ threads:
[0.088s][debug][class,load,placeholders] defineThreadQ threads:0x00007f8f4f008800, 
[0.088s][debug][class,load,placeholders] find_and_remove LOAD_INSTANCE 'java/lang/invoke/MethodHandles$Lookup', loader loader data: 0x00006000032ac000 of 'bootstrap', InstanceKlass 'java/lang/invoke/MethodHandles$Lookup'
[0.088s][debug][class,load,placeholders] loadInstanceThreadQ threads:0x00007f8f4f008800, 
[0.088s][debug][class,load,placeholders] superThreadQ threads:
[0.088s][debug][class,load,placeholders] defineThreadQ threads:
[0.088s][debug][class,resolve          ] java.lang.invoke.MethodHandles java.lang.invoke.MethodHandles$Lookup MethodHandles.java:116
[0.088s][info ][class,init             ] 34 Initializing 'java/lang/invoke/MethodHandles$Lookup' (0x00000001300ce690)
[0.088s][trace][metaspace              ] Arena @0x00006000016b2200 (non-class sm): requested 7 words.
[0.088s][trace][metaspace              ] Arena @0x00006000016b2200 (non-class sm): after allocation: 1 chunk(s), current:@0x00007f8f2d80b248, u, base 0x0000000171000000, level lv02 (524288), used: 519, committed: 8192, committed-free: 7673
[0.088s][trace][metaspace              ] Arena @0x00006000016b2200 (non-class sm): returning 0x0000000171001000.
[0.088s][trace][metaspace              ] Metaspace::allocate: type 13 return 0x0000000171001000.
[0.088s][debug][class,resolve          ] java.lang.invoke.MethodHandles$Lookup java.lang.invoke.MethodHandles MethodHandles.java:1421
[0.088s][debug][class,resolve          ] java.lang.invoke.MethodHandles$Lookup java.lang.Class MethodHandles.java:1421
[0.088s][debug][class,resolve          ] java.lang.invoke.MethodHandles$Lookup java.util.Set MethodHandles.java:1433
[0.088s][trace][metaspace              ] Arena @0x00006000016b2200 (non-class sm): requested 7 words.
[0.088s][trace][metaspace              ] Arena @0x00006000016b2200 (non-class sm): after allocation: 1 chunk(s), current:@0x00007f8f2d80b248, u, base 0x0000000171000000, level lv02 (524288), used: 526, committed: 8192, committed-free: 7666
[0.088s][trace][metaspace              ] Arena @0x00006000016b2200 (non-class sm): returning 0x0000000171001038.
[0.088s][trace][metaspace              ] Metaspace::allocate: type 13 return 0x0000000171001038.
[0.088s][debug][class,resolve          ] java.util.Set java.util.ImmutableCollections$Set12 Set.java:487
[0.088s][trace][metaspace              ] Arena @0x00006000016b2200 (non-class sm): requested 7 words.
[0.088s][trace][metaspace              ] Arena @0x00006000016b2200 (non-class sm): after allocation: 1 chunk(s), current:@0x00007f8f2d80b248, u, base 0x0000000171000000, level lv02 (524288), used: 533, committed: 8192, committed-free: 7659
[0.088s][trace][metaspace              ] Arena @0x00006000016b2200 (non-class sm): returning 0x0000000171001070.
[0.088s][trace][metaspace              ] Metaspace::allocate: type 13 return 0x0000000171001070.
[0.088s][debug][class,resolve          ] java.util.ImmutableCollections$Set12 java.util.ImmutableCollections$AbstractImmutableSet ImmutableCollections.java:789
[0.088s][trace][metaspace              ] Arena @0x00006000016b2200 (non-class sm): requested 7 words.
[0.088s][trace][metaspace              ] Arena @0x00006000016b2200 (non-class sm): after allocation: 1 chunk(s), current:@0x00007f8f2d80b248, u, base 0x0000000171000000, level lv02 (524288), used: 540, committed: 8192, committed-free: 7652
[0.088s][trace][metaspace              ] Arena @0x00006000016b2200 (non-class sm): returning 0x00000001710010a8.
[0.088s][trace][metaspace              ] Metaspace::allocate: type 13 return 0x00000001710010a8.
[0.088s][debug][class,resolve          ] java.util.ImmutableCollections$AbstractImmutableSet java.util.ImmutableCollections$AbstractImmutableCollection ImmutableCollections.java:745
[0.088s][trace][metaspace              ] Arena @0x00006000016b2200 (non-class sm): requested 7 words.
[0.088s][trace][metaspace              ] Arena @0x00006000016b2200 (non-class sm): after allocation: 1 chunk(s), current:@0x00007f8f2d80b248, u, base 0x0000000171000000, level lv02 (524288), used: 547, committed: 8192, committed-free: 7645
[0.088s][trace][metaspace              ] Arena @0x00006000016b2200 (non-class sm): returning 0x00000001710010e0.
[0.088s][trace][metaspace              ] Metaspace::allocate: type 13 return 0x00000001710010e0.
[0.088s][debug][class,resolve          ] java.util.ImmutableCollections$AbstractImmutableCollection java.util.AbstractCollection ImmutableCollections.java:145
[0.088s][trace][metaspace              ] Arena @0x00006000016b2200 (non-class sm): requested 7 words.
[0.088s][trace][metaspace              ] Arena @0x00006000016b2200 (non-class sm): after allocation: 1 chunk(s), current:@0x00007f8f2d80b248, u, base 0x0000000171000000, level lv02 (524288), used: 554, committed: 8192, committed-free: 7638
[0.088s][trace][metaspace              ] Arena @0x00006000016b2200 (non-class sm): returning 0x0000000171001118.
[0.088s][trace][metaspace              ] Metaspace::allocate: type 13 return 0x0000000171001118.
[0.088s][debug][class,resolve          ] java.util.AbstractCollection java.lang.Object AbstractCollection.java:68
[0.088s][debug][class,load,placeholders] find_and_add LOAD_INSTANCE 'java/util/Objects', loader loader data: 0x00006000032ac000 of 'bootstrap'
[0.088s][debug][class,load,placeholders] loadInstanceThreadQ threads:0x00007f8f4f008800, 
[0.088s][debug][class,load,placeholders] superThreadQ threads:
[0.088s][debug][class,load,placeholders] defineThreadQ threads:
[0.088s][trace][cds,unshareable        ] restore: java.util.Objects
[0.088s][trace][class,loader,data      ] Adding k: 0x0000000130077208 java.util.Objects to loader data: 0x00006000032ac000 of 'bootstrap'
[0.088s][debug][cds,mirror             ] java.util.Objects has raw archived mirror
[0.088s][debug][cds,heap               ] Clearing root 122: was 0x00000007ffb034c0
[0.088s][debug][cds,mirror             ] Archived mirror is: 0x00000007ffb034c0
[0.088s][trace][cds,heap,mirror        ] Restored java.util.Objects archived mirror 0x00000007ffb034c0
[0.088s][debug][cds,heap               ] Clearing root 123: was 0x00000007ffb03530
[0.088s][info ][class,load             ] java.util.Objects source: shared objects file
[0.088s][debug][class,load             ]  klass: 0x0000000130077208 super: 0x0000000130000db8 loader: [loader data: 0x00006000032ac000 of 'bootstrap']
[0.088s][debug][class,load,placeholders] find_and_add DEFINE_CLASS 'java/util/Objects', loader loader data: 0x00006000032ac000 of 'bootstrap'
[0.088s][debug][class,load,placeholders] loadInstanceThreadQ threads:0x00007f8f4f008800, 
[0.088s][debug][class,load,placeholders] superThreadQ threads:
[0.088s][debug][class,load,placeholders] defineThreadQ threads:0x00007f8f4f008800, 
[0.088s][debug][class,load,placeholders] find_and_remove DEFINE_CLASS 'java/util/Objects', loader loader data: 0x00006000032ac000 of 'bootstrap', InstanceKlass 'java/util/Objects'
[0.088s][debug][class,load,placeholders] loadInstanceThreadQ threads:0x00007f8f4f008800, 
[0.088s][debug][class,load,placeholders] superThreadQ threads:
[0.088s][debug][class,load,placeholders] defineThreadQ threads:0x00007f8f4f008800, 
[0.088s][debug][class,load,placeholders] find_and_remove LOAD_INSTANCE 'java/util/Objects', loader loader data: 0x00006000032ac000 of 'bootstrap', InstanceKlass 'java/util/Objects'
[0.088s][debug][class,load,placeholders] loadInstanceThreadQ threads:0x00007f8f4f008800, 
[0.088s][debug][class,load,placeholders] superThreadQ threads:
[0.088s][debug][class,load,placeholders] defineThreadQ threads:
[0.088s][debug][class,resolve          ] java.util.ImmutableCollections$Set12 java.util.Objects ImmutableCollections.java:790
[0.088s][info ][class,init             ] 35 Initializing 'java/util/Objects'(no method) (0x0000000130077208)
[0.088s][trace][metaspace              ] Arena @0x00006000016b2200 (non-class sm): requested 7 words.
[0.088s][trace][metaspace              ] Arena @0x00006000016b2200 (non-class sm): after allocation: 1 chunk(s), current:@0x00007f8f2d80b248, u, base 0x0000000171000000, level lv02 (524288), used: 561, committed: 8192, committed-free: 7631
[0.088s][trace][metaspace              ] Arena @0x00006000016b2200 (non-class sm): returning 0x0000000171001150.
[0.088s][trace][metaspace              ] Metaspace::allocate: type 13 return 0x0000000171001150.
[0.088s][debug][class,resolve          ] java.util.ImmutableCollections$Set12 java.lang.Object ImmutableCollections.java:790
[0.089s][debug][class,load,placeholders] find_and_add LOAD_INSTANCE 'jdk/internal/reflect/Reflection', loader loader data: 0x00006000032ac000 of 'bootstrap'
[0.089s][debug][class,load,placeholders] loadInstanceThreadQ threads:0x00007f8f4f008800, 
[0.089s][debug][class,load,placeholders] superThreadQ threads:
[0.089s][debug][class,load,placeholders] defineThreadQ threads:
[0.089s][trace][cds,unshareable        ] restore: jdk.internal.reflect.Reflection
[0.089s][trace][class,loader,data      ] Adding k: 0x0000000130010f18 jdk.internal.reflect.Reflection to loader data: 0x00006000032ac000 of 'bootstrap'
[0.089s][debug][cds,mirror             ] jdk.internal.reflect.Reflection has raw archived mirror
[0.089s][debug][cds,heap               ] Clearing root 196: was 0x00000007ffb055d0
[0.089s][debug][cds,mirror             ] Archived mirror is: 0x00000007ffb055d0
[0.089s][trace][cds,heap,mirror        ] Restored jdk.internal.reflect.Reflection archived mirror 0x00000007ffb055d0
[0.089s][debug][cds,heap               ] Clearing root 197: was 0x00000007ffb05650
[0.089s][info ][class,load             ] jdk.internal.reflect.Reflection source: shared objects file
[0.089s][debug][class,load             ]  klass: 0x0000000130010f18 super: 0x0000000130000db8 loader: [loader data: 0x00006000032ac000 of 'bootstrap']
[0.089s][debug][class,load,placeholders] find_and_add DEFINE_CLASS 'jdk/internal/reflect/Reflection', loader loader data: 0x00006000032ac000 of 'bootstrap'
[0.089s][debug][class,load,placeholders] loadInstanceThreadQ threads:0x00007f8f4f008800, 
[0.089s][debug][class,load,placeholders] superThreadQ threads:
[0.089s][debug][class,load,placeholders] defineThreadQ threads:0x00007f8f4f008800, 
[0.089s][debug][class,load,placeholders] find_and_remove DEFINE_CLASS 'jdk/internal/reflect/Reflection', loader loader data: 0x00006000032ac000 of 'bootstrap', InstanceKlass 'jdk/internal/reflect/Reflection'
[0.089s][debug][class,load,placeholders] loadInstanceThreadQ threads:0x00007f8f4f008800, 
[0.089s][debug][class,load,placeholders] superThreadQ threads:
[0.089s][debug][class,load,placeholders] defineThreadQ threads:0x00007f8f4f008800, 
[0.089s][debug][class,load,placeholders] find_and_remove LOAD_INSTANCE 'jdk/internal/reflect/Reflection', loader loader data: 0x00006000032ac000 of 'bootstrap', InstanceKlass 'jdk/internal/reflect/Reflection'
[0.089s][debug][class,load,placeholders] loadInstanceThreadQ threads:0x00007f8f4f008800, 
[0.089s][debug][class,load,placeholders] superThreadQ threads:
[0.089s][debug][class,load,placeholders] defineThreadQ threads:
[0.089s][debug][class,resolve          ] java.lang.invoke.MethodHandles$Lookup jdk.internal.reflect.Reflection MethodHandles.java:1433
[0.089s][info ][class,init             ] 36 Initializing 'jdk/internal/reflect/Reflection' (0x0000000130010f18)
[0.089s][trace][metaspace              ] Arena @0x00006000016b2200 (non-class sm): requested 7 words.
[0.089s][trace][metaspace              ] Arena @0x00006000016b2200 (non-class sm): after allocation: 1 chunk(s), current:@0x00007f8f2d80b248, u, base 0x0000000171000000, level lv02 (524288), used: 568, committed: 8192, committed-free: 7624
[0.089s][trace][metaspace              ] Arena @0x00006000016b2200 (non-class sm): returning 0x0000000171001188.
[0.089s][trace][metaspace              ] Metaspace::allocate: type 13 return 0x0000000171001188.
[0.089s][debug][class,resolve          ] jdk.internal.reflect.Reflection java.util.Set Reflection.java:49
[0.089s][trace][metaspace              ] Arena @0x00006000016b2200 (non-class sm): requested 7 words.
[0.089s][trace][metaspace              ] Arena @0x00006000016b2200 (non-class sm): after allocation: 1 chunk(s), current:@0x00007f8f2d80b248, u, base 0x0000000171000000, level lv02 (524288), used: 575, committed: 8192, committed-free: 7617
[0.089s][trace][metaspace              ] Arena @0x00006000016b2200 (non-class sm): returning 0x00000001710011c0.
[0.089s][trace][metaspace              ] Metaspace::allocate: type 13 return 0x00000001710011c0.
[0.089s][trace][metaspace              ] Arena @0x00006000016b2200 (non-class sm): requested 7 words.
[0.089s][trace][metaspace              ] Arena @0x00006000016b2200 (non-class sm): after allocation: 1 chunk(s), current:@0x00007f8f2d80b248, u, base 0x0000000171000000, level lv02 (524288), used: 582, committed: 8192, committed-free: 7610
[0.089s][trace][metaspace              ] Arena @0x00006000016b2200 (non-class sm): returning 0x00000001710011f8.
[0.089s][trace][metaspace              ] Metaspace::allocate: type 13 return 0x00000001710011f8.
[0.089s][debug][class,resolve          ] java.util.ImmutableCollections$Set12 java.util.ImmutableCollections ImmutableCollections.java:786
[0.089s][trace][class,nestmates        ] Resolving nest-host of java.util.ImmutableCollections$Set12 using cp entry for java/util/ImmutableCollections
[0.089s][trace][class,nestmates        ] Checking nest membership of java.util.ImmutableCollections$Set12 in java.util.ImmutableCollections
[0.089s][trace][class,nestmates        ] - named class found at nest_members[7] => cp[172]
[0.089s][trace][class,nestmates        ] Resolved nest-host of java.util.ImmutableCollections$Set12 to java.util.ImmutableCollections
[0.089s][trace][class,nestmates        ] Type java.util.ImmutableCollections is not part of a nest: setting nest-host to self
[0.089s][trace][class,nestmates        ] Class java.util.ImmutableCollections$Set12 does have nestmate access to java.util.ImmutableCollections
[0.089s][info ][class,init             ] 37 Initializing 'java/util/ImmutableCollections' (0x000000013007b140)
[0.089s][trace][metaspace              ] Arena @0x00006000016b2200 (non-class sm): requested 7 words.
[0.089s][trace][metaspace              ] Arena @0x00006000016b2200 (non-class sm): after allocation: 1 chunk(s), current:@0x00007f8f2d80b248, u, base 0x0000000171000000, level lv02 (524288), used: 589, committed: 8192, committed-free: 7603
[0.089s][trace][metaspace              ] Arena @0x00006000016b2200 (non-class sm): returning 0x0000000171001230.
[0.089s][trace][metaspace              ] Metaspace::allocate: type 13 return 0x0000000171001230.
[0.089s][debug][class,resolve          ] java.util.ImmutableCollections java.lang.Class ImmutableCollections.java:51
[0.089s][debug][class,resolve          ] java.util.ImmutableCollections jdk.internal.misc.CDS ImmutableCollections.java:80
[0.089s][trace][metaspace              ] Arena @0x00006000016b2200 (non-class sm): requested 7 words.
[0.089s][trace][metaspace              ] Arena @0x00006000016b2200 (non-class sm): after allocation: 1 chunk(s), current:@0x00007f8f2d80b248, u, base 0x0000000171000000, level lv02 (524288), used: 596, committed: 8192, committed-free: 7596
[0.089s][trace][metaspace              ] Arena @0x00006000016b2200 (non-class sm): returning 0x0000000171001268.
[0.089s][trace][metaspace              ] Metaspace::allocate: type 13 return 0x0000000171001268.
[0.089s][debug][jni,resolve            ] [Dynamic-linking native method jdk.internal.misc.CDS.getRandomSeedForDumping ... JNI]
[0.089s][debug][class,resolve          ] java.util.ImmutableCollections java.lang.System ImmutableCollections.java:82
[0.089s][trace][metaspace              ] Arena @0x00006000016b2200 (non-class sm): requested 7 words.
[0.089s][trace][metaspace              ] Arena @0x00006000016b2200 (non-class sm): after allocation: 1 chunk(s), current:@0x00007f8f2d80b248, u, base 0x0000000171000000, level lv02 (524288), used: 603, committed: 8192, committed-free: 7589
[0.089s][trace][metaspace              ] Arena @0x00006000016b2200 (non-class sm): returning 0x00000001710012a0.
[0.089s][trace][metaspace              ] Metaspace::allocate: type 13 return 0x00000001710012a0.
[0.089s][info ][class,init             ] 38 Initializing 'java/util/List'(no method) (0x0000000130079598)
[0.089s][info ][class,init             ] 39 Initializing 'java/util/ImmutableCollections$AbstractImmutableList'(no method) (0x000000013007a300)
[0.089s][info ][class,init             ] 40 Initializing 'java/util/ImmutableCollections$ListN'(no method) (0x00000001301e0ea0)
[0.089s][info ][class,init             ] 41 Initializing 'java/util/ImmutableCollections$SetN'(no method) (0x000000013016c338)
[0.089s][info ][class,init             ] 42 Initializing 'java/util/Map'(no method) (0x0000000130015150)
[0.089s][info ][class,init             ] 43 Initializing 'java/util/AbstractMap'(no method) (0x00000001300535d0)
[0.089s][info ][class,init             ] 44 Initializing 'java/util/ImmutableCollections$AbstractImmutableMap'(no method) (0x00000001300c2838)
[0.089s][info ][class,init             ] 45 Initializing 'java/util/ImmutableCollections$MapN'(no method) (0x0000000130185d60)
[0.089s][debug][cds,heap               ] Clearing root 2077: was 0x00000007ffb4b468
[0.089s][debug][cds,heap               ]   0x000000013007b140 init field @ 112 = 0x00000007ffb4b468
[0.089s][info ][cds,heap               ] initialize_from_archived_subgraph java.util.ImmutableCollections 0x000000013007b140 (early)
[0.089s][debug][class,resolve          ] java.util.ImmutableCollections java.util.ImmutableCollections$ListN ImmutableCollections.java:113
[0.089s][debug][class,resolve          ] java.util.ImmutableCollections java.util.ImmutableCollections$SetN ImmutableCollections.java:115
[0.089s][debug][class,resolve          ] java.util.ImmutableCollections java.util.ImmutableCollections$MapN ImmutableCollections.java:116
[0.090s][debug][class,resolve          ] jdk.internal.reflect.Reflection java.lang.reflect.AccessibleObject Reflection.java:52
[0.090s][debug][class,resolve          ] jdk.internal.reflect.Reflection java.lang.Class Reflection.java:52
[0.090s][debug][class,resolve          ] jdk.internal.reflect.Reflection java.lang.ClassLoader Reflection.java:55
[0.090s][debug][class,resolve          ] jdk.internal.reflect.Reflection java.lang.reflect.Constructor Reflection.java:55
[0.090s][debug][class,resolve          ] jdk.internal.reflect.Reflection java.lang.reflect.Field Reflection.java:55
[0.090s][debug][class,resolve          ] jdk.internal.reflect.Reflection java.lang.reflect.Method Reflection.java:55
[0.090s][debug][class,resolve          ] jdk.internal.reflect.Reflection java.lang.Module Reflection.java:55
[0.090s][debug][class,resolve          ] jdk.internal.reflect.Reflection java.lang.System Reflection.java:55
[0.090s][debug][class,resolve          ] jdk.internal.reflect.Reflection java.util.Map Reflection.java:52
[0.090s][trace][metaspace              ] Arena @0x00006000016b2200 (non-class sm): requested 7 words.
[0.090s][trace][metaspace              ] Arena @0x00006000016b2200 (non-class sm): after allocation: 1 chunk(s), current:@0x00007f8f2d80b248, u, base 0x0000000171000000, level lv02 (524288), used: 610, committed: 8192, committed-free: 7582
[0.090s][trace][metaspace              ] Arena @0x00006000016b2200 (non-class sm): returning 0x00000001710012d8.
[0.090s][trace][metaspace              ] Metaspace::allocate: type 13 return 0x00000001710012d8.
[0.090s][debug][class,resolve          ] java.util.Map java.util.ImmutableCollections$MapN Map.java:1576
[0.090s][debug][class,resolve          ] java.util.Map java.lang.Object Map.java:1576
[0.090s][trace][metaspace              ] Arena @0x00006000016b2200 (non-class sm): requested 7 words.
[0.090s][trace][metaspace              ] Arena @0x00006000016b2200 (non-class sm): after allocation: 1 chunk(s), current:@0x00007f8f2d80b248, u, base 0x0000000171000000, level lv02 (524288), used: 617, committed: 8192, committed-free: 7575
[0.090s][trace][metaspace              ] Arena @0x00006000016b2200 (non-class sm): returning 0x0000000171001310.
[0.090s][trace][metaspace              ] Metaspace::allocate: type 13 return 0x0000000171001310.
[0.090s][debug][class,resolve          ] java.util.ImmutableCollections$MapN java.util.ImmutableCollections$AbstractImmutableMap ImmutableCollections.java:1172
[0.090s][trace][metaspace              ] Arena @0x00006000016b2200 (non-class sm): requested 7 words.
[0.090s][trace][metaspace              ] Arena @0x00006000016b2200 (non-class sm): after allocation: 1 chunk(s), current:@0x00007f8f2d80b248, u, base 0x0000000171000000, level lv02 (524288), used: 624, committed: 8192, committed-free: 7568
[0.090s][trace][metaspace              ] Arena @0x00006000016b2200 (non-class sm): returning 0x0000000171001348.
[0.090s][trace][metaspace              ] Metaspace::allocate: type 13 return 0x0000000171001348.
[0.090s][debug][class,resolve          ] java.util.ImmutableCollections$AbstractImmutableMap java.util.AbstractMap ImmutableCollections.java:1066
[0.090s][trace][metaspace              ] Arena @0x00006000016b2200 (non-class sm): requested 7 words.
[0.090s][trace][metaspace              ] Arena @0x00006000016b2200 (non-class sm): after allocation: 1 chunk(s), current:@0x00007f8f2d80b248, u, base 0x0000000171000000, level lv02 (524288), used: 631, committed: 8192, committed-free: 7561
[0.090s][trace][metaspace              ] Arena @0x00006000016b2200 (non-class sm): returning 0x0000000171001380.
[0.090s][trace][metaspace              ] Metaspace::allocate: type 13 return 0x0000000171001380.
[0.090s][debug][class,resolve          ] java.util.AbstractMap java.lang.Object AbstractMap.java:73
[0.090s][debug][class,resolve          ] java.util.ImmutableCollections$MapN java.lang.Object ImmutableCollections.java:1180
[0.090s][debug][class,resolve          ] java.util.ImmutableCollections$MapN java.util.Objects ImmutableCollections.java:1184
[0.090s][trace][metaspace              ] Arena @0x00006000016b2200 (non-class sm): requested 7 words.
[0.090s][trace][metaspace              ] Arena @0x00006000016b2200 (non-class sm): after allocation: 1 chunk(s), current:@0x00007f8f2d80b248, u, base 0x0000000171000000, level lv02 (524288), used: 638, committed: 8192, committed-free: 7554
[0.090s][trace][metaspace              ] Arena @0x00006000016b2200 (non-class sm): returning 0x00000001710013b8.
[0.090s][trace][metaspace              ] Metaspace::allocate: type 13 return 0x00000001710013b8.
[0.090s][trace][metaspace              ] Arena @0x00006000016b2200 (non-class sm): requested 7 words.
[0.090s][trace][metaspace              ] Arena @0x00006000016b2200 (non-class sm): after allocation: 1 chunk(s), current:@0x00007f8f2d80b248, u, base 0x0000000171000000, level lv02 (524288), used: 645, committed: 8192, committed-free: 7547
[0.090s][trace][metaspace              ] Arena @0x00006000016b2200 (non-class sm): returning 0x00000001710013f0.
[0.090s][trace][metaspace              ] Metaspace::allocate: type 13 return 0x00000001710013f0.
[0.090s][debug][class,load,placeholders] find_and_add LOAD_INSTANCE 'java/lang/Math', loader loader data: 0x00006000032ac000 of 'bootstrap'
[0.090s][debug][class,load,placeholders] loadInstanceThreadQ threads:0x00007f8f4f008800, 
[0.090s][debug][class,load,placeholders] superThreadQ threads:
[0.090s][debug][class,load,placeholders] defineThreadQ threads:
[0.090s][trace][cds,unshareable        ] restore: java.lang.Math
[0.090s][trace][class,loader,data      ] Adding k: 0x000000013002cc20 java.lang.Math to loader data: 0x00006000032ac000 of 'bootstrap'
[0.090s][debug][cds,mirror             ] java.lang.Math has raw archived mirror
[0.090s][debug][cds,heap               ] Clearing root 175: was 0x00000007ffb04b50
[0.090s][debug][cds,mirror             ] Archived mirror is: 0x00000007ffb04b50
[0.090s][trace][cds,heap,mirror        ] Restored java.lang.Math archived mirror 0x00000007ffb04b50
[0.090s][debug][cds,heap               ] Clearing root 176: was 0x00000007ffb04c08
[0.090s][info ][class,load             ] java.lang.Math source: shared objects file
[0.090s][debug][class,load             ]  klass: 0x000000013002cc20 super: 0x0000000130000db8 loader: [loader data: 0x00006000032ac000 of 'bootstrap']
[0.090s][debug][class,load,placeholders] find_and_add DEFINE_CLASS 'java/lang/Math', loader loader data: 0x00006000032ac000 of 'bootstrap'
[0.090s][debug][class,load,placeholders] loadInstanceThreadQ threads:0x00007f8f4f008800, 
[0.090s][debug][class,load,placeholders] superThreadQ threads:
[0.090s][debug][class,load,placeholders] defineThreadQ threads:0x00007f8f4f008800, 
[0.090s][debug][class,load,placeholders] find_and_remove DEFINE_CLASS 'java/lang/Math', loader loader data: 0x00006000032ac000 of 'bootstrap', InstanceKlass 'java/lang/Math'
[0.090s][debug][class,load,placeholders] loadInstanceThreadQ threads:0x00007f8f4f008800, 
[0.090s][debug][class,load,placeholders] superThreadQ threads:
[0.090s][debug][class,load,placeholders] defineThreadQ threads:0x00007f8f4f008800, 
[0.090s][debug][class,load,placeholders] find_and_remove LOAD_INSTANCE 'java/lang/Math', loader loader data: 0x00006000032ac000 of 'bootstrap', InstanceKlass 'java/lang/Math'
[0.090s][debug][class,load,placeholders] loadInstanceThreadQ threads:0x00007f8f4f008800, 
[0.090s][debug][class,load,placeholders] superThreadQ threads:
[0.090s][debug][class,load,placeholders] defineThreadQ threads:
[0.090s][debug][class,resolve          ] java.util.ImmutableCollections$MapN java.lang.Math ImmutableCollections.java:1321
[0.090s][info ][class,init             ] 46 Initializing 'java/lang/Math' (0x000000013002cc20)
[0.090s][trace][metaspace              ] Arena @0x00006000016b2200 (non-class sm): requested 7 words.
[0.090s][trace][metaspace              ] Arena @0x00006000016b2200 (non-class sm): after allocation: 1 chunk(s), current:@0x00007f8f2d80b248, u, base 0x0000000171000000, level lv02 (524288), used: 652, committed: 8192, committed-free: 7540
[0.090s][trace][metaspace              ] Arena @0x00006000016b2200 (non-class sm): returning 0x0000000171001428.
[0.090s][trace][metaspace              ] Metaspace::allocate: type 13 return 0x0000000171001428.
[0.090s][debug][class,resolve          ] java.lang.Math java.lang.Class Math.java:128
[0.090s][debug][class,resolve          ] java.lang.Math java.lang.Float Math.java:1580
[0.090s][info ][class,init             ] 47 Initializing 'java/lang/Number'(no method) (0x0000000130034240)
[0.090s][info ][class,init             ] 48 Initializing 'java/lang/Float' (0x00000001300421c0)
[0.090s][trace][metaspace              ] Arena @0x00006000016b2200 (non-class sm): requested 7 words.
[0.090s][trace][metaspace              ] Arena @0x00006000016b2200 (non-class sm): after allocation: 1 chunk(s), current:@0x00007f8f2d80b248, u, base 0x0000000171000000, level lv02 (524288), used: 659, committed: 8192, committed-free: 7533
[0.090s][trace][metaspace              ] Arena @0x00006000016b2200 (non-class sm): returning 0x0000000171001460.
[0.090s][trace][metaspace              ] Metaspace::allocate: type 13 return 0x0000000171001460.
[0.090s][debug][class,resolve          ] java.lang.Float java.lang.Class Float.java:157
[0.090s][trace][metaspace              ] Arena @0x00006000016b2200 (non-class sm): requested 7 words.
[0.091s][trace][metaspace              ] Arena @0x00006000016b2200 (non-class sm): after allocation: 1 chunk(s), current:@0x00007f8f2d80b248, u, base 0x0000000171000000, level lv02 (524288), used: 666, committed: 8192, committed-free: 7526
[0.091s][trace][metaspace              ] Arena @0x00006000016b2200 (non-class sm): returning 0x0000000171001498.
[0.091s][trace][metaspace              ] Metaspace::allocate: type 13 return 0x0000000171001498.
[0.091s][debug][jni,resolve            ] [Dynamic-linking native method java.lang.Class.getPrimitiveClass ... JNI]
[0.091s][trace][metaspace              ] Arena @0x00006000016b2200 (non-class sm): requested 7 words.
[0.091s][trace][metaspace              ] Arena @0x00006000016b2200 (non-class sm): after allocation: 1 chunk(s), current:@0x00007f8f2d80b248, u, base 0x0000000171000000, level lv02 (524288), used: 673, committed: 8192, committed-free: 7519
[0.091s][trace][metaspace              ] Arena @0x00006000016b2200 (non-class sm): returning 0x00000001710014d0.
[0.091s][trace][metaspace              ] Metaspace::allocate: type 13 return 0x00000001710014d0.
[0.091s][debug][jni,resolve            ] [Dynamic-linking native method java.lang.Float.floatToRawIntBits ... JNI]
[0.091s][debug][class,resolve          ] java.lang.Math java.lang.Double Math.java:1581
[0.091s][info ][class,init             ] 49 Initializing 'java/lang/Double' (0x0000000130043e00)
[0.091s][trace][metaspace              ] Arena @0x00006000016b2200 (non-class sm): requested 7 words.
[0.091s][trace][metaspace              ] Arena @0x00006000016b2200 (non-class sm): after allocation: 1 chunk(s), current:@0x00007f8f2d80b248, u, base 0x0000000171000000, level lv02 (524288), used: 680, committed: 8192, committed-free: 7512
[0.091s][trace][metaspace              ] Arena @0x00006000016b2200 (non-class sm): returning 0x0000000171001508.
[0.091s][trace][metaspace              ] Metaspace::allocate: type 13 return 0x0000000171001508.
[0.091s][debug][class,resolve          ] java.lang.Double java.lang.Class Double.java:247
[0.091s][trace][metaspace              ] Arena @0x00006000016b2200 (non-class sm): requested 7 words.
[0.091s][trace][metaspace              ] Arena @0x00006000016b2200 (non-class sm): after allocation: 1 chunk(s), current:@0x00007f8f2d80b248, u, base 0x0000000171000000, level lv02 (524288), used: 687, committed: 8192, committed-free: 7505
[0.091s][trace][metaspace              ] Arena @0x00006000016b2200 (non-class sm): returning 0x0000000171001540.
[0.091s][trace][metaspace              ] Metaspace::allocate: type 13 return 0x0000000171001540.
[0.091s][debug][jni,resolve            ] [Dynamic-linking native method java.lang.Double.doubleToRawLongBits ... JNI]
[0.091s][trace][metaspace              ] Arena @0x00006000016b2200 (non-class sm): requested 7 words.
[0.091s][trace][metaspace              ] Arena @0x00006000016b2200 (non-class sm): after allocation: 1 chunk(s), current:@0x00007f8f2d80b248, u, base 0x0000000171000000, level lv02 (524288), used: 694, committed: 8192, committed-free: 7498
[0.091s][trace][metaspace              ] Arena @0x00006000016b2200 (non-class sm): returning 0x0000000171001578.
[0.091s][trace][metaspace              ] Metaspace::allocate: type 13 return 0x0000000171001578.
[0.091s][trace][metaspace              ] Arena @0x00006000016b2200 (non-class sm): requested 7 words.
[0.091s][trace][metaspace              ] Arena @0x00006000016b2200 (non-class sm): after allocation: 1 chunk(s), current:@0x00007f8f2d80b248, u, base 0x0000000171000000, level lv02 (524288), used: 701, committed: 8192, committed-free: 7491
[0.091s][trace][metaspace              ] Arena @0x00006000016b2200 (non-class sm): returning 0x00000001710015b0.
[0.091s][trace][metaspace              ] Metaspace::allocate: type 13 return 0x00000001710015b0.
[0.091s][debug][jni,resolve            ] [Dynamic-linking native method java.lang.Double.longBitsToDouble ... JNI]
[0.091s][trace][metaspace              ] Arena @0x00006000016b2200 (non-class sm): requested 7 words.
[0.091s][trace][metaspace              ] Arena @0x00006000016b2200 (non-class sm): after allocation: 1 chunk(s), current:@0x00007f8f2d80b248, u, base 0x0000000171000000, level lv02 (524288), used: 708, committed: 8192, committed-free: 7484
[0.091s][trace][metaspace              ] Arena @0x00006000016b2200 (non-class sm): returning 0x00000001710015e8.
[0.091s][trace][metaspace              ] Metaspace::allocate: type 13 return 0x00000001710015e8.
[0.091s][trace][metaspace              ] Arena @0x00006000016b2200 (non-class sm): requested 7 words.
[0.091s][trace][metaspace              ] Arena @0x00006000016b2200 (non-class sm): after allocation: 1 chunk(s), current:@0x00007f8f2d80b248, u, base 0x0000000171000000, level lv02 (524288), used: 715, committed: 8192, committed-free: 7477
[0.091s][trace][metaspace              ] Arena @0x00006000016b2200 (non-class sm): returning 0x0000000171001620.
[0.091s][trace][metaspace              ] Metaspace::allocate: type 13 return 0x0000000171001620.
[0.091s][trace][metaspace              ] Arena @0x00006000016b2200 (non-class sm): requested 7 words.
[0.091s][trace][metaspace              ] Arena @0x00006000016b2200 (non-class sm): after allocation: 1 chunk(s), current:@0x00007f8f2d80b248, u, base 0x0000000171000000, level lv02 (524288), used: 722, committed: 8192, committed-free: 7470
[0.091s][trace][metaspace              ] Arena @0x00006000016b2200 (non-class sm): returning 0x0000000171001658.
[0.091s][trace][metaspace              ] Metaspace::allocate: type 13 return 0x0000000171001658.
[0.091s][debug][class,resolve          ] java.util.Map java.util.ImmutableCollections Map.java:1336
[0.091s][trace][metaspace              ] Arena @0x00006000016b2200 (non-class sm): requested 7 words.
[0.091s][trace][metaspace              ] Arena @0x00006000016b2200 (non-class sm): after allocation: 1 chunk(s), current:@0x00007f8f2d80b248, u, base 0x0000000171000000, level lv02 (524288), used: 729, committed: 8192, committed-free: 7463
[0.091s][trace][metaspace              ] Arena @0x00006000016b2200 (non-class sm): returning 0x0000000171001690.
[0.091s][trace][metaspace              ] Metaspace::allocate: type 13 return 0x0000000171001690.
[0.091s][trace][metaspace              ] Arena @0x00006000016b2200 (non-class sm): requested 7 words.
[0.091s][trace][metaspace              ] Arena @0x00006000016b2200 (non-class sm): after allocation: 1 chunk(s), current:@0x00007f8f2d80b248, u, base 0x0000000171000000, level lv02 (524288), used: 736, committed: 8192, committed-free: 7456
[0.091s][trace][metaspace              ] Arena @0x00006000016b2200 (non-class sm): returning 0x00000001710016c8.
[0.091s][trace][metaspace              ] Metaspace::allocate: type 13 return 0x00000001710016c8.
[0.091s][trace][metaspace              ] Arena @0x00006000016b2200 (non-class sm): requested 7 words.
[0.091s][trace][metaspace              ] Arena @0x00006000016b2200 (non-class sm): after allocation: 1 chunk(s), current:@0x00007f8f2d80b248, u, base 0x0000000171000000, level lv02 (524288), used: 743, committed: 8192, committed-free: 7449
[0.091s][trace][metaspace              ] Arena @0x00006000016b2200 (non-class sm): returning 0x0000000171001700.
[0.091s][trace][metaspace              ] Metaspace::allocate: type 13 return 0x0000000171001700.
[0.091s][debug][class,resolve          ] jdk.internal.reflect.Reflection java.util.HashMap Reflection.java:290
[0.091s][info ][class,init             ] 50 Initializing 'java/util/HashMap'(no method) (0x00000001300c1f80)
[0.091s][trace][metaspace              ] Arena @0x00006000016b2200 (non-class sm): requested 7 words.
[0.091s][trace][metaspace              ] Arena @0x00006000016b2200 (non-class sm): after allocation: 1 chunk(s), current:@0x00007f8f2d80b248, u, base 0x0000000171000000, level lv02 (524288), used: 750, committed: 8192, committed-free: 7442
[0.091s][trace][metaspace              ] Arena @0x00006000016b2200 (non-class sm): returning 0x0000000171001738.
[0.091s][trace][metaspace              ] Metaspace::allocate: type 13 return 0x0000000171001738.
[0.091s][debug][class,resolve          ] java.util.HashMap java.util.AbstractMap HashMap.java:482
[0.091s][trace][metaspace              ] Arena @0x00006000016b2200 (non-class sm): requested 7 words.
[0.091s][trace][metaspace              ] Arena @0x00006000016b2200 (non-class sm): after allocation: 1 chunk(s), current:@0x00007f8f2d80b248, u, base 0x0000000171000000, level lv02 (524288), used: 757, committed: 8192, committed-free: 7435
[0.091s][trace][metaspace              ] Arena @0x00006000016b2200 (non-class sm): returning 0x0000000171001770.
[0.091s][trace][metaspace              ] Metaspace::allocate: type 13 return 0x0000000171001770.
[0.091s][debug][class,resolve          ] java.util.HashMap java.util.Map HashMap.java:495
[0.091s][trace][metaspace              ] Arena @0x00006000016b2200 (non-class sm): requested 7 words.
[0.091s][trace][metaspace              ] Arena @0x00006000016b2200 (non-class sm): after allocation: 1 chunk(s), current:@0x00007f8f2d80b248, u, base 0x0000000171000000, level lv02 (524288), used: 764, committed: 8192, committed-free: 7428
[0.091s][trace][metaspace              ] Arena @0x00006000016b2200 (non-class sm): returning 0x00000001710017a8.
[0.091s][trace][metaspace              ] Metaspace::allocate: type 13 return 0x00000001710017a8.
[0.091s][trace][metaspace              ] Arena @0x00006000016b2200 (non-class sm): requested 7 words.
[0.091s][trace][metaspace              ] Arena @0x00006000016b2200 (non-class sm): after allocation: 1 chunk(s), current:@0x00007f8f2d80b248, u, base 0x0000000171000000, level lv02 (524288), used: 771, committed: 8192, committed-free: 7421
[0.091s][trace][metaspace              ] Arena @0x00006000016b2200 (non-class sm): returning 0x00000001710017e0.
[0.091s][trace][metaspace              ] Metaspace::allocate: type 13 return 0x00000001710017e0.
[0.091s][debug][class,resolve          ] java.util.HashMap java.lang.Integer HashMap.java:378
[0.091s][info ][class,init             ] 51 Initializing 'java/lang/Integer' (0x0000000130046f40)
[0.091s][trace][metaspace              ] Arena @0x00006000016b2200 (non-class sm): requested 7 words.
[0.091s][trace][metaspace              ] Arena @0x00006000016b2200 (non-class sm): after allocation: 1 chunk(s), current:@0x00007f8f2d80b248, u, base 0x0000000171000000, level lv02 (524288), used: 778, committed: 8192, committed-free: 7414
[0.091s][trace][metaspace              ] Arena @0x00006000016b2200 (non-class sm): returning 0x0000000171001818.
[0.091s][trace][metaspace              ] Metaspace::allocate: type 13 return 0x0000000171001818.
[0.091s][debug][class,resolve          ] java.lang.Integer java.lang.Class Integer.java:93
[0.091s][trace][metaspace              ] Arena @0x00006000016b2200 (non-class sm): requested 7 words.
[0.092s][trace][metaspace              ] Arena @0x00006000016b2200 (non-class sm): after allocation: 1 chunk(s), current:@0x00007f8f2d80b248, u, base 0x0000000171000000, level lv02 (524288), used: 785, committed: 8192, committed-free: 7407
[0.092s][trace][metaspace              ] Arena @0x00006000016b2200 (non-class sm): returning 0x0000000171001850.
[0.092s][trace][metaspace              ] Metaspace::allocate: type 13 return 0x0000000171001850.
[0.092s][trace][metaspace              ] Arena @0x00006000016b2200 (non-class sm): requested 7 words.
[0.092s][trace][metaspace              ] Arena @0x00006000016b2200 (non-class sm): after allocation: 1 chunk(s), current:@0x00007f8f2d80b248, u, base 0x0000000171000000, level lv02 (524288), used: 792, committed: 8192, committed-free: 7400
[0.092s][trace][metaspace              ] Arena @0x00006000016b2200 (non-class sm): returning 0x0000000171001888.
[0.092s][trace][metaspace              ] Metaspace::allocate: type 13 return 0x0000000171001888.
[0.092s][debug][class,load,placeholders] find_and_add LOAD_INSTANCE 'java/util/ImmutableCollections$MapN$1', loader loader data: 0x00006000032ac000 of 'bootstrap'
[0.092s][debug][class,load,placeholders] loadInstanceThreadQ threads:0x00007f8f4f008800, 
[0.092s][debug][class,load,placeholders] superThreadQ threads:
[0.092s][debug][class,load,placeholders] defineThreadQ threads:
[0.092s][trace][cds,unshareable        ] restore: java.util.ImmutableCollections$MapN$1
[0.092s][trace][class,loader,data      ] Adding k: 0x0000000130136a70 java.util.ImmutableCollections$MapN$1 to loader data: 0x00006000032ac000 of 'bootstrap'
[0.092s][debug][cds,mirror             ] java.util.ImmutableCollections$MapN$1 has raw archived mirror
[0.092s][debug][cds,heap               ] Clearing root 757: was 0x00000007ffb14c58
[0.092s][debug][cds,mirror             ] Archived mirror is: 0x00000007ffb14c58
[0.092s][trace][cds,heap,mirror        ] Restored java.util.ImmutableCollections$MapN$1 archived mirror 0x00000007ffb14c58
[0.092s][info ][class,load             ] java.util.ImmutableCollections$MapN$1 source: shared objects file
[0.092s][debug][class,load             ]  klass: 0x0000000130136a70 super: 0x000000013010bf50 loader: [loader data: 0x00006000032ac000 of 'bootstrap']
[0.092s][debug][class,load,placeholders] find_and_add DEFINE_CLASS 'java/util/ImmutableCollections$MapN$1', loader loader data: 0x00006000032ac000 of 'bootstrap'
[0.092s][debug][class,load,placeholders] loadInstanceThreadQ threads:0x00007f8f4f008800, 
[0.092s][debug][class,load,placeholders] superThreadQ threads:
[0.092s][debug][class,load,placeholders] defineThreadQ threads:0x00007f8f4f008800, 
[0.092s][debug][class,load,placeholders] find_and_remove DEFINE_CLASS 'java/util/ImmutableCollections$MapN$1', loader loader data: 0x00006000032ac000 of 'bootstrap', InstanceKlass 'java/util/ImmutableCollections$MapN$1'
[0.092s][debug][class,load,placeholders] loadInstanceThreadQ threads:0x00007f8f4f008800, 
[0.092s][debug][class,load,placeholders] superThreadQ threads:
[0.092s][debug][class,load,placeholders] defineThreadQ threads:0x00007f8f4f008800, 
[0.092s][debug][class,load,placeholders] find_and_remove LOAD_INSTANCE 'java/util/ImmutableCollections$MapN$1', loader loader data: 0x00006000032ac000 of 'bootstrap', InstanceKlass 'java/util/ImmutableCollections$MapN$1'
[0.092s][debug][class,load,placeholders] loadInstanceThreadQ threads:0x00007f8f4f008800, 
[0.092s][debug][class,load,placeholders] superThreadQ threads:
[0.092s][debug][class,load,placeholders] defineThreadQ threads:
[0.092s][debug][class,resolve          ] java.util.ImmutableCollections$MapN java.util.ImmutableCollections$MapN$1 ImmutableCollections.java:1303
[0.092s][info ][class,init             ] 52 Initializing 'java/util/AbstractSet'(no method) (0x000000013010bf50)
[0.092s][info ][class,init             ] 53 Initializing 'java/util/ImmutableCollections$MapN$1'(no method) (0x0000000130136a70)
[0.092s][trace][metaspace              ] Arena @0x00006000016b2200 (non-class sm): requested 7 words.
[0.092s][trace][metaspace              ] Arena @0x00006000016b2200 (non-class sm): after allocation: 1 chunk(s), current:@0x00007f8f2d80b248, u, base 0x0000000171000000, level lv02 (524288), used: 799, committed: 8192, committed-free: 7393
[0.092s][trace][metaspace              ] Arena @0x00006000016b2200 (non-class sm): returning 0x00000001710018c0.
[0.092s][trace][metaspace              ] Metaspace::allocate: type 13 return 0x00000001710018c0.
[0.092s][debug][class,resolve          ] java.util.ImmutableCollections$MapN$1 java.util.AbstractSet ImmutableCollections.java:1303
[0.092s][trace][metaspace              ] Arena @0x00006000016b2200 (non-class sm): requested 7 words.
[0.092s][trace][metaspace              ] Arena @0x00006000016b2200 (non-class sm): after allocation: 1 chunk(s), current:@0x00007f8f2d80b248, u, base 0x0000000171000000, level lv02 (524288), used: 806, committed: 8192, committed-free: 7386
[0.092s][trace][metaspace              ] Arena @0x00006000016b2200 (non-class sm): returning 0x00000001710018f8.
[0.092s][trace][metaspace              ] Metaspace::allocate: type 13 return 0x00000001710018f8.
[0.092s][debug][class,resolve          ] java.util.AbstractSet java.util.AbstractCollection AbstractSet.java:63
[0.092s][debug][class,resolve          ] java.util.HashMap java.util.Set HashMap.java:511
[0.092s][trace][metaspace              ] Arena @0x00006000016b2200 (non-class sm): requested 7 words.
[0.092s][trace][metaspace              ] Arena @0x00006000016b2200 (non-class sm): after allocation: 1 chunk(s), current:@0x00007f8f2d80b248, u, base 0x0000000171000000, level lv02 (524288), used: 813, committed: 8192, committed-free: 7379
[0.092s][trace][metaspace              ] Arena @0x00006000016b2200 (non-class sm): returning 0x0000000171001930.
[0.092s][trace][metaspace              ] Metaspace::allocate: type 13 return 0x0000000171001930.
[0.092s][debug][class,load,placeholders] find_and_add LOAD_INSTANCE 'java/util/ImmutableCollections$MapN$MapNIterator', loader loader data: 0x00006000032ac000 of 'bootstrap'
[0.092s][debug][class,load,placeholders] loadInstanceThreadQ threads:0x00007f8f4f008800, 
[0.092s][debug][class,load,placeholders] superThreadQ threads:
[0.092s][debug][class,load,placeholders] defineThreadQ threads:
[0.092s][trace][cds,unshareable        ] restore: java.util.ImmutableCollections$MapN$MapNIterator
[0.092s][trace][class,loader,data      ] Adding k: 0x000000013001b3f0 java.util.ImmutableCollections$MapN$MapNIterator to loader data: 0x00006000032ac000 of 'bootstrap'
[0.092s][debug][cds,mirror             ] java.util.ImmutableCollections$MapN$MapNIterator has raw archived mirror
[0.092s][debug][cds,heap               ] Clearing root 756: was 0x00000007ffb14be8
[0.092s][debug][cds,mirror             ] Archived mirror is: 0x00000007ffb14be8
[0.092s][trace][cds,heap,mirror        ] Restored java.util.ImmutableCollections$MapN$MapNIterator archived mirror 0x00000007ffb14be8
[0.092s][info ][class,load             ] java.util.ImmutableCollections$MapN$MapNIterator source: shared objects file
[0.092s][debug][class,load             ]  klass: 0x000000013001b3f0 super: 0x0000000130000db8 interfaces: 0x0000000130004d70 loader: [loader data: 0x00006000032ac000 of 'bootstrap']
[0.092s][debug][class,load,placeholders] find_and_add DEFINE_CLASS 'java/util/ImmutableCollections$MapN$MapNIterator', loader loader data: 0x00006000032ac000 of 'bootstrap'
[0.092s][debug][class,load,placeholders] loadInstanceThreadQ threads:0x00007f8f4f008800, 
[0.092s][debug][class,load,placeholders] superThreadQ threads:
[0.092s][debug][class,load,placeholders] defineThreadQ threads:0x00007f8f4f008800, 
[0.092s][debug][class,load,placeholders] find_and_remove DEFINE_CLASS 'java/util/ImmutableCollections$MapN$MapNIterator', loader loader data: 0x00006000032ac000 of 'bootstrap', InstanceKlass 'java/util/ImmutableCollections$MapN$MapNIterator'
[0.092s][debug][class,load,placeholders] loadInstanceThreadQ threads:0x00007f8f4f008800, 
[0.092s][debug][class,load,placeholders] superThreadQ threads:
[0.092s][debug][class,load,placeholders] defineThreadQ threads:0x00007f8f4f008800, 
[0.092s][debug][class,load,placeholders] find_and_remove LOAD_INSTANCE 'java/util/ImmutableCollections$MapN$MapNIterator', loader loader data: 0x00006000032ac000 of 'bootstrap', InstanceKlass 'java/util/ImmutableCollections$MapN$MapNIterator'
[0.092s][debug][class,load,placeholders] loadInstanceThreadQ threads:0x00007f8f4f008800, 
[0.092s][debug][class,load,placeholders] superThreadQ threads:
[0.092s][debug][class,load,placeholders] defineThreadQ threads:
[0.092s][debug][class,resolve          ] java.util.ImmutableCollections$MapN$1 java.util.ImmutableCollections$MapN$MapNIterator ImmutableCollections.java:1311
[0.092s][info ][class,init             ] 54 Initializing 'java/util/Iterator'(no method) (0x0000000130004d70)
[0.092s][info ][class,init             ] 55 Initializing 'java/util/ImmutableCollections$MapN$MapNIterator'(no method) (0x000000013001b3f0)
[0.092s][trace][metaspace              ] Arena @0x00006000016b2200 (non-class sm): requested 7 words.
[0.092s][trace][metaspace              ] Arena @0x00006000016b2200 (non-class sm): after allocation: 1 chunk(s), current:@0x00007f8f2d80b248, u, base 0x0000000171000000, level lv02 (524288), used: 820, committed: 8192, committed-free: 7372
[0.092s][trace][metaspace              ] Arena @0x00006000016b2200 (non-class sm): returning 0x0000000171001968.
[0.092s][trace][metaspace              ] Metaspace::allocate: type 13 return 0x0000000171001968.
[0.092s][debug][class,resolve          ] java.util.ImmutableCollections$MapN$MapNIterator java.lang.Object ImmutableCollections.java:1259
[0.092s][debug][class,resolve          ] java.util.ImmutableCollections$MapN$MapNIterator java.util.ImmutableCollections$MapN ImmutableCollections.java:1260
[0.092s][debug][class,resolve          ] java.util.ImmutableCollections$MapN$MapNIterator java.util.ImmutableCollections ImmutableCollections.java:1263
[0.092s][trace][class,nestmates        ] Resolving nest-host of java.util.ImmutableCollections$MapN$MapNIterator using cp entry for java/util/ImmutableCollections
[0.092s][trace][class,nestmates        ] Checking nest membership of java.util.ImmutableCollections$MapN$MapNIterator in java.util.ImmutableCollections
[0.092s][trace][class,nestmates        ] - named class found at nest_members[1] => cp[162]
[0.092s][trace][class,nestmates        ] Resolved nest-host of java.util.ImmutableCollections$MapN$MapNIterator to java.util.ImmutableCollections
[0.093s][trace][class,nestmates        ] Class java.util.ImmutableCollections$MapN$MapNIterator does have nestmate access to java.util.ImmutableCollections
[0.093s][debug][class,resolve          ] java.util.HashMap java.util.Iterator HashMap.java:511
[0.093s][trace][metaspace              ] Arena @0x00006000016b2200 (non-class sm): requested 7 words.
[0.093s][trace][metaspace              ] Arena @0x00006000016b2200 (non-class sm): after allocation: 1 chunk(s), current:@0x00007f8f2d80b248, u, base 0x0000000171000000, level lv02 (524288), used: 827, committed: 8192, committed-free: 7365
[0.093s][trace][metaspace              ] Arena @0x00006000016b2200 (non-class sm): returning 0x00000001710019a0.
[0.093s][trace][metaspace              ] Metaspace::allocate: type 13 return 0x00000001710019a0.
[0.093s][trace][metaspace              ] Arena @0x00006000016b2200 (non-class sm): requested 7 words.
[0.093s][trace][metaspace              ] Arena @0x00006000016b2200 (non-class sm): after allocation: 1 chunk(s), current:@0x00007f8f2d80b248, u, base 0x0000000171000000, level lv02 (524288), used: 834, committed: 8192, committed-free: 7358
[0.093s][trace][metaspace              ] Arena @0x00006000016b2200 (non-class sm): returning 0x00000001710019d8.
[0.093s][trace][metaspace              ] Metaspace::allocate: type 13 return 0x00000001710019d8.
[0.093s][trace][metaspace              ] Arena @0x00006000016b2200 (non-class sm): requested 7 words.
[0.093s][trace][metaspace              ] Arena @0x00006000016b2200 (non-class sm): after allocation: 1 chunk(s), current:@0x00007f8f2d80b248, u, base 0x0000000171000000, level lv02 (524288), used: 841, committed: 8192, committed-free: 7351
[0.093s][trace][metaspace              ] Arena @0x00006000016b2200 (non-class sm): returning 0x0000000171001a10.
[0.093s][trace][metaspace              ] Metaspace::allocate: type 13 return 0x0000000171001a10.
[0.093s][trace][metaspace              ] Arena @0x00006000016b2200 (non-class sm): requested 7 words.
[0.093s][trace][metaspace              ] Arena @0x00006000016b2200 (non-class sm): after allocation: 1 chunk(s), current:@0x00007f8f2d80b248, u, base 0x0000000171000000, level lv02 (524288), used: 848, committed: 8192, committed-free: 7344
[0.093s][trace][metaspace              ] Arena @0x00006000016b2200 (non-class sm): returning 0x0000000171001a48.
[0.093s][trace][metaspace              ] Metaspace::allocate: type 13 return 0x0000000171001a48.
[0.093s][trace][class,nestmates        ] Class java.util.ImmutableCollections$MapN$MapNIterator does have nestmate access to java.util.ImmutableCollections
[0.093s][debug][class,load,placeholders] find_and_add LOAD_INSTANCE 'java/util/KeyValueHolder', loader loader data: 0x00006000032ac000 of 'bootstrap'
[0.093s][debug][class,load,placeholders] loadInstanceThreadQ threads:0x00007f8f4f008800, 
[0.093s][debug][class,load,placeholders] superThreadQ threads:
[0.093s][debug][class,load,placeholders] defineThreadQ threads:
[0.093s][trace][cds,unshareable        ] restore: java.util.KeyValueHolder
[0.093s][trace][class,loader,data      ] Adding k: 0x0000000130156d80 java.util.KeyValueHolder to loader data: 0x00006000032ac000 of 'bootstrap'
[0.093s][debug][cds,mirror             ] java.util.KeyValueHolder has raw archived mirror
[0.093s][debug][cds,heap               ] Clearing root 520: was 0x00000007ffb0e3e8
[0.093s][debug][cds,mirror             ] Archived mirror is: 0x00000007ffb0e3e8
[0.093s][trace][cds,heap,mirror        ] Restored java.util.KeyValueHolder archived mirror 0x00000007ffb0e3e8
[0.093s][debug][cds,heap               ] Clearing root 521: was 0x00000007ffb0e458
[0.093s][info ][class,load             ] java.util.KeyValueHolder source: shared objects file
[0.093s][debug][class,load             ]  klass: 0x0000000130156d80 super: 0x0000000130000db8 interfaces: 0x000000013001b1c0 loader: [loader data: 0x00006000032ac000 of 'bootstrap']
[0.093s][debug][class,load,placeholders] find_and_add DEFINE_CLASS 'java/util/KeyValueHolder', loader loader data: 0x00006000032ac000 of 'bootstrap'
[0.093s][debug][class,load,placeholders] loadInstanceThreadQ threads:0x00007f8f4f008800, 
[0.093s][debug][class,load,placeholders] superThreadQ threads:
[0.093s][debug][class,load,placeholders] defineThreadQ threads:0x00007f8f4f008800, 
[0.093s][debug][class,load,placeholders] find_and_remove DEFINE_CLASS 'java/util/KeyValueHolder', loader loader data: 0x00006000032ac000 of 'bootstrap', InstanceKlass 'java/util/KeyValueHolder'
[0.093s][debug][class,load,placeholders] loadInstanceThreadQ threads:0x00007f8f4f008800, 
[0.093s][debug][class,load,placeholders] superThreadQ threads:
[0.093s][debug][class,load,placeholders] defineThreadQ threads:0x00007f8f4f008800, 
[0.093s][debug][class,load,placeholders] find_and_remove LOAD_INSTANCE 'java/util/KeyValueHolder', loader loader data: 0x00006000032ac000 of 'bootstrap', InstanceKlass 'java/util/KeyValueHolder'
[0.093s][debug][class,load,placeholders] loadInstanceThreadQ threads:0x00007f8f4f008800, 
[0.093s][debug][class,load,placeholders] superThreadQ threads:
[0.093s][debug][class,load,placeholders] defineThreadQ threads:
[0.093s][debug][class,resolve          ] java.util.ImmutableCollections$MapN$MapNIterator java.util.KeyValueHolder ImmutableCollections.java:1291
[0.093s][info ][class,init             ] 56 Initializing 'java/util/KeyValueHolder'(no method) (0x0000000130156d80)
[0.093s][trace][metaspace              ] Arena @0x00006000016b2200 (non-class sm): requested 7 words.
[0.093s][trace][metaspace              ] Arena @0x00006000016b2200 (non-class sm): after allocation: 1 chunk(s), current:@0x00007f8f2d80b248, u, base 0x0000000171000000, level lv02 (524288), used: 855, committed: 8192, committed-free: 7337
[0.093s][trace][metaspace              ] Arena @0x00006000016b2200 (non-class sm): returning 0x0000000171001a80.
[0.093s][trace][metaspace              ] Metaspace::allocate: type 13 return 0x0000000171001a80.
[0.093s][debug][class,resolve          ] java.util.KeyValueHolder java.lang.Object KeyValueHolder.java:60
[0.093s][debug][class,resolve          ] java.util.KeyValueHolder java.util.Objects KeyValueHolder.java:61
[0.093s][debug][class,resolve          ] java.util.HashMap java.util.Map$Entry HashMap.java:511
[0.093s][trace][metaspace              ] Arena @0x00006000016b2200 (non-class sm): requested 7 words.
[0.093s][trace][metaspace              ] Arena @0x00006000016b2200 (non-class sm): after allocation: 1 chunk(s), current:@0x00007f8f2d80b248, u, base 0x0000000171000000, level lv02 (524288), used: 862, committed: 8192, committed-free: 7330
[0.093s][trace][metaspace              ] Arena @0x00006000016b2200 (non-class sm): returning 0x0000000171001ab8.
[0.093s][trace][metaspace              ] Metaspace::allocate: type 13 return 0x0000000171001ab8.
[0.093s][trace][metaspace              ] Arena @0x00006000016b2200 (non-class sm): requested 7 words.
[0.093s][trace][metaspace              ] Arena @0x00006000016b2200 (non-class sm): after allocation: 1 chunk(s), current:@0x00007f8f2d80b248, u, base 0x0000000171000000, level lv02 (524288), used: 869, committed: 8192, committed-free: 7323
[0.093s][trace][metaspace              ] Arena @0x00006000016b2200 (non-class sm): returning 0x0000000171001af0.
[0.093s][trace][metaspace              ] Metaspace::allocate: type 13 return 0x0000000171001af0.
[0.093s][trace][metaspace              ] Arena @0x00006000016b2200 (non-class sm): requested 7 words.
[0.093s][trace][metaspace              ] Arena @0x00006000016b2200 (non-class sm): after allocation: 1 chunk(s), current:@0x00007f8f2d80b248, u, base 0x0000000171000000, level lv02 (524288), used: 876, committed: 8192, committed-free: 7316
[0.093s][trace][metaspace              ] Arena @0x00006000016b2200 (non-class sm): returning 0x0000000171001b28.
[0.093s][trace][metaspace              ] Metaspace::allocate: type 13 return 0x0000000171001b28.
[0.093s][debug][class,resolve          ] java.util.HashMap java.lang.Object HashMap.java:338
[0.093s][trace][metaspace              ] Arena @0x00006000016b2200 (non-class sm): requested 7 words.
[0.093s][trace][metaspace              ] Arena @0x00006000016b2200 (non-class sm): after allocation: 1 chunk(s), current:@0x00007f8f2d80b248, u, base 0x0000000171000000, level lv02 (524288), used: 883, committed: 8192, committed-free: 7309
[0.093s][trace][metaspace              ] Arena @0x00006000016b2200 (non-class sm): returning 0x0000000171001b60.
[0.093s][trace][metaspace              ] Metaspace::allocate: type 13 return 0x0000000171001b60.
[0.093s][trace][metaspace              ] Arena @0x00006000016b2200 (non-class sm): requested 7 words.
[0.093s][trace][metaspace              ] Arena @0x00006000016b2200 (non-class sm): after allocation: 1 chunk(s), current:@0x00007f8f2d80b248, u, base 0x0000000171000000, level lv02 (524288), used: 890, committed: 8192, committed-free: 7302
[0.093s][trace][metaspace              ] Arena @0x00006000016b2200 (non-class sm): returning 0x0000000171001b98.
[0.093s][trace][metaspace              ] Metaspace::allocate: type 13 return 0x0000000171001b98.
[0.093s][debug][class,resolve          ] java.util.HashMap java.util.HashMap$Node HashMap.java:702
[0.093s][trace][metaspace              ] Arena @0x00006000016b2200 (non-class sm): requested 7 words.
[0.093s][trace][metaspace              ] Arena @0x00006000016b2200 (non-class sm): after allocation: 1 chunk(s), current:@0x00007f8f2d80b248, u, base 0x0000000171000000, level lv02 (524288), used: 897, committed: 8192, committed-free: 7295
[0.093s][trace][metaspace              ] Arena @0x00006000016b2200 (non-class sm): returning 0x0000000171001bd0.
[0.093s][trace][metaspace              ] Metaspace::allocate: type 13 return 0x0000000171001bd0.
[0.093s][info ][class,init             ] 57 Initializing 'java/util/HashMap$Node'(no method) (0x0000000130155ff8)
[0.093s][trace][metaspace              ] Arena @0x00006000016b2200 (non-class sm): requested 7 words.
[0.093s][trace][metaspace              ] Arena @0x00006000016b2200 (non-class sm): after allocation: 1 chunk(s), current:@0x00007f8f2d80b248, u, base 0x0000000171000000, level lv02 (524288), used: 904, committed: 8192, committed-free: 7288
[0.093s][trace][metaspace              ] Arena @0x00006000016b2200 (non-class sm): returning 0x0000000171001c08.
[0.093s][trace][metaspace              ] Metaspace::allocate: type 13 return 0x0000000171001c08.
[0.093s][debug][class,resolve          ] java.util.HashMap$Node java.lang.Object HashMap.java:287
[0.093s][trace][metaspace              ] Arena @0x00006000016b2200 (non-class sm): requested 7 words.
[0.093s][trace][metaspace              ] Arena @0x00006000016b2200 (non-class sm): after allocation: 1 chunk(s), current:@0x00007f8f2d80b248, u, base 0x0000000171000000, level lv02 (524288), used: 911, committed: 8192, committed-free: 7281
[0.093s][trace][metaspace              ] Arena @0x00006000016b2200 (non-class sm): returning 0x0000000171001c40.
[0.093s][trace][metaspace              ] Metaspace::allocate: type 13 return 0x0000000171001c40.
[0.093s][debug][class,load,placeholders] find_and_add LOAD_INSTANCE 'java/util/HashMap$TreeNode', loader loader data: 0x00006000032ac000 of 'bootstrap'
[0.094s][debug][class,load,placeholders] loadInstanceThreadQ threads:0x00007f8f4f008800, 
[0.094s][debug][class,load,placeholders] superThreadQ threads:
[0.094s][debug][class,load,placeholders] defineThreadQ threads:
[0.094s][debug][class,load,placeholders] find_and_add LOAD_SUPER 'java/util/HashMap$TreeNode', loader loader data: 0x00006000032ac000 of 'bootstrap', supername 'java/util/LinkedHashMap$Entry'
[0.094s][debug][class,load,placeholders] loadInstanceThreadQ threads:0x00007f8f4f008800, 
[0.094s][debug][class,load,placeholders] superThreadQ threads:0x00007f8f4f008800, 
[0.094s][debug][class,load,placeholders] defineThreadQ threads:
[0.094s][debug][class,load,placeholders] find_and_add LOAD_INSTANCE 'java/util/LinkedHashMap$Entry', loader loader data: 0x00006000032ac000 of 'bootstrap'
[0.094s][debug][class,load,placeholders] loadInstanceThreadQ threads:0x00007f8f4f008800, 
[0.094s][debug][class,load,placeholders] superThreadQ threads:
[0.094s][debug][class,load,placeholders] defineThreadQ threads:
[0.094s][trace][cds,unshareable        ] restore: java.util.LinkedHashMap$Entry
[0.094s][trace][class,loader,data      ] Adding k: 0x0000000130156270 java.util.LinkedHashMap$Entry to loader data: 0x00006000032ac000 of 'bootstrap'
[0.094s][debug][cds,mirror             ] java.util.LinkedHashMap$Entry has raw archived mirror
[0.094s][debug][cds,heap               ] Clearing root 822: was 0x00000007ffb16840
[0.094s][debug][cds,mirror             ] Archived mirror is: 0x00000007ffb16840
[0.094s][trace][cds,heap,mirror        ] Restored java.util.LinkedHashMap$Entry archived mirror 0x00000007ffb16840
[0.094s][info ][class,load             ] java.util.LinkedHashMap$Entry source: shared objects file
[0.094s][debug][class,load             ]  klass: 0x0000000130156270 super: 0x0000000130155ff8 loader: [loader data: 0x00006000032ac000 of 'bootstrap']
[0.094s][debug][class,load,placeholders] find_and_add DEFINE_CLASS 'java/util/LinkedHashMap$Entry', loader loader data: 0x00006000032ac000 of 'bootstrap'
[0.094s][debug][class,load,placeholders] loadInstanceThreadQ threads:0x00007f8f4f008800, 
[0.094s][debug][class,load,placeholders] superThreadQ threads:
[0.094s][debug][class,load,placeholders] defineThreadQ threads:0x00007f8f4f008800, 
[0.094s][debug][class,load,placeholders] find_and_remove DEFINE_CLASS 'java/util/LinkedHashMap$Entry', loader loader data: 0x00006000032ac000 of 'bootstrap', InstanceKlass 'java/util/LinkedHashMap$Entry'
[0.094s][debug][class,load,placeholders] loadInstanceThreadQ threads:0x00007f8f4f008800, 
[0.094s][debug][class,load,placeholders] superThreadQ threads:
[0.094s][debug][class,load,placeholders] defineThreadQ threads:0x00007f8f4f008800, 
[0.094s][debug][class,load,placeholders] find_and_remove LOAD_INSTANCE 'java/util/LinkedHashMap$Entry', loader loader data: 0x00006000032ac000 of 'bootstrap', InstanceKlass 'java/util/LinkedHashMap$Entry'
[0.094s][debug][class,load,placeholders] loadInstanceThreadQ threads:0x00007f8f4f008800, 
[0.094s][debug][class,load,placeholders] superThreadQ threads:
[0.094s][debug][class,load,placeholders] defineThreadQ threads:
[0.094s][debug][class,load,placeholders] find_and_remove LOAD_SUPER 'java/util/HashMap$TreeNode', loader loader data: 0x00006000032ac000 of 'bootstrap', supername 'java/util/LinkedHashMap$Entry'
[0.094s][debug][class,load,placeholders] loadInstanceThreadQ threads:0x00007f8f4f008800, 
[0.094s][debug][class,load,placeholders] superThreadQ threads:0x00007f8f4f008800, 
[0.094s][debug][class,load,placeholders] defineThreadQ threads:
[0.094s][trace][cds,unshareable        ] restore: java.util.HashMap$TreeNode
[0.094s][trace][class,loader,data      ] Adding k: 0x00000001301564e8 java.util.HashMap$TreeNode to loader data: 0x00006000032ac000 of 'bootstrap'
[0.094s][debug][cds,mirror             ] java.util.HashMap$TreeNode has raw archived mirror
[0.094s][debug][cds,heap               ] Clearing root 810: was 0x00000007ffb162f8
[0.094s][debug][cds,mirror             ] Archived mirror is: 0x00000007ffb162f8
[0.094s][trace][cds,heap,mirror        ] Restored java.util.HashMap$TreeNode archived mirror 0x00000007ffb162f8
[0.094s][info ][class,load             ] java.util.HashMap$TreeNode source: shared objects file
[0.094s][debug][class,load             ]  klass: 0x00000001301564e8 super: 0x0000000130156270 loader: [loader data: 0x00006000032ac000 of 'bootstrap']
[0.094s][debug][class,load,placeholders] find_and_add DEFINE_CLASS 'java/util/HashMap$TreeNode', loader loader data: 0x00006000032ac000 of 'bootstrap', supername 'java/util/LinkedHashMap$Entry'
[0.094s][debug][class,load,placeholders] loadInstanceThreadQ threads:0x00007f8f4f008800, 
[0.094s][debug][class,load,placeholders] superThreadQ threads:
[0.094s][debug][class,load,placeholders] defineThreadQ threads:0x00007f8f4f008800, 
[0.094s][debug][class,load,placeholders] find_and_remove DEFINE_CLASS 'java/util/HashMap$TreeNode', loader loader data: 0x00006000032ac000 of 'bootstrap', supername 'java/util/LinkedHashMap$Entry', InstanceKlass 'java/util/HashMap$TreeNode'
[0.094s][debug][class,load,placeholders] loadInstanceThreadQ threads:0x00007f8f4f008800, 
[0.094s][debug][class,load,placeholders] superThreadQ threads:
[0.094s][debug][class,load,placeholders] defineThreadQ threads:0x00007f8f4f008800, 
[0.094s][debug][class,load,placeholders] find_and_remove LOAD_INSTANCE 'java/util/HashMap$TreeNode', loader loader data: 0x00006000032ac000 of 'bootstrap', supername 'java/util/LinkedHashMap$Entry', InstanceKlass 'java/util/HashMap$TreeNode'
[0.094s][debug][class,load,placeholders] loadInstanceThreadQ threads:0x00007f8f4f008800, 
[0.094s][debug][class,load,placeholders] superThreadQ threads:
[0.094s][debug][class,load,placeholders] defineThreadQ threads:
[0.094s][debug][class,resolve          ] java.util.HashMap java.util.HashMap$TreeNode HashMap.java:635
[0.094s][trace][metaspace              ] Arena @0x00006000016b2200 (non-class sm): requested 7 words.
[0.094s][trace][metaspace              ] Arena @0x00006000016b2200 (non-class sm): after allocation: 1 chunk(s), current:@0x00007f8f2d80b248, u, base 0x0000000171000000, level lv02 (524288), used: 918, committed: 8192, committed-free: 7274
[0.094s][trace][metaspace              ] Arena @0x00006000016b2200 (non-class sm): returning 0x0000000171001c78.
[0.094s][trace][metaspace              ] Metaspace::allocate: type 13 return 0x0000000171001c78.
[0.094s][debug][class,resolve          ] java.util.Set java.util.ImmutableCollections$AbstractImmutableSet Set.java:729
[0.094s][trace][metaspace              ] Arena @0x00006000016b2200 (non-class sm): requested 7 words.
[0.094s][trace][metaspace              ] Arena @0x00006000016b2200 (non-class sm): after allocation: 1 chunk(s), current:@0x00007f8f2d80b248, u, base 0x0000000171000000, level lv02 (524288), used: 925, committed: 8192, committed-free: 7267
[0.094s][trace][metaspace              ] Arena @0x00006000016b2200 (non-class sm): returning 0x0000000171001cb0.
[0.094s][trace][metaspace              ] Metaspace::allocate: type 13 return 0x0000000171001cb0.
[0.094s][debug][class,resolve          ] java.lang.invoke.MethodHandles$Lookup java.lang.Object MethodHandles.java:2466
[0.094s][trace][metaspace              ] Arena @0x00006000016b2200 (non-class sm): requested 7 words.
[0.094s][trace][metaspace              ] Arena @0x00006000016b2200 (non-class sm): after allocation: 1 chunk(s), current:@0x00007f8f2d80b248, u, base 0x0000000171000000, level lv02 (524288), used: 932, committed: 8192, committed-free: 7260
[0.094s][trace][metaspace              ] Arena @0x00006000016b2200 (non-class sm): returning 0x0000000171001ce8.
[0.094s][trace][metaspace              ] Metaspace::allocate: type 13 return 0x0000000171001ce8.
[0.094s][debug][jni,resolve            ] [Dynamic-linking native method java.lang.Object.getClass ... JNI]
[0.094s][trace][metaspace              ] Arena @0x00006000016b2200 (non-class sm): requested 7 words.
[0.094s][trace][metaspace              ] Arena @0x00006000016b2200 (non-class sm): after allocation: 1 chunk(s), current:@0x00007f8f2d80b248, u, base 0x0000000171000000, level lv02 (524288), used: 939, committed: 8192, committed-free: 7253
[0.094s][trace][metaspace              ] Arena @0x00006000016b2200 (non-class sm): returning 0x0000000171001d20.
[0.094s][trace][metaspace              ] Metaspace::allocate: type 13 return 0x0000000171001d20.
[0.094s][debug][class,resolve          ] java.lang.invoke.MethodHandles$Lookup java.util.concurrent.ConcurrentHashMap MethodHandles.java:4212
[0.094s][info ][class,init             ] 58 Initializing 'java/util/concurrent/ConcurrentMap'(no method) (0x000000013017a728)
[0.094s][info ][class,init             ] 59 Initializing 'java/util/concurrent/ConcurrentHashMap' (0x000000013000f640)
[0.094s][trace][metaspace              ] Arena @0x00006000016b2200 (non-class sm): requested 7 words.
[0.094s][trace][metaspace              ] Arena @0x00006000016b2200 (non-class sm): after allocation: 1 chunk(s), current:@0x00007f8f2d80b248, u, base 0x0000000171000000, level lv02 (524288), used: 946, committed: 8192, committed-free: 7246
[0.094s][trace][metaspace              ] Arena @0x00006000016b2200 (non-class sm): returning 0x0000000171001d58.
[0.094s][trace][metaspace              ] Metaspace::allocate: type 13 return 0x0000000171001d58.
[0.095s][debug][class,load,placeholders] find_and_add LOAD_INSTANCE 'java/lang/Runtime', loader loader data: 0x00006000032ac000 of 'bootstrap'
[0.095s][debug][class,load,placeholders] loadInstanceThreadQ threads:0x00007f8f4f008800, 
[0.095s][debug][class,load,placeholders] superThreadQ threads:
[0.095s][debug][class,load,placeholders] defineThreadQ threads:
[0.095s][trace][cds,unshareable        ] restore: java.lang.Runtime
[0.095s][trace][class,loader,data      ] Adding k: 0x0000000130155d20 java.lang.Runtime to loader data: 0x00006000032ac000 of 'bootstrap'
[0.095s][debug][cds,mirror             ] java.lang.Runtime has raw archived mirror
[0.095s][debug][cds,heap               ] Clearing root 418: was 0x00000007ffb0bb60
[0.095s][debug][cds,mirror             ] Archived mirror is: 0x00000007ffb0bb60
[0.095s][trace][cds,heap,mirror        ] Restored java.lang.Runtime archived mirror 0x00000007ffb0bb60
[0.095s][debug][cds,heap               ] Clearing root 419: was 0x00000007ffb0bbd8
[0.095s][info ][class,load             ] java.lang.Runtime source: shared objects file
[0.095s][debug][class,load             ]  klass: 0x0000000130155d20 super: 0x0000000130000db8 loader: [loader data: 0x00006000032ac000 of 'bootstrap']
[0.095s][debug][class,load,placeholders] find_and_add DEFINE_CLASS 'java/lang/Runtime', loader loader data: 0x00006000032ac000 of 'bootstrap'
[0.095s][debug][class,load,placeholders] loadInstanceThreadQ threads:0x00007f8f4f008800, 
[0.095s][debug][class,load,placeholders] superThreadQ threads:
[0.095s][debug][class,load,placeholders] defineThreadQ threads:0x00007f8f4f008800, 
[0.095s][debug][class,load,placeholders] find_and_remove DEFINE_CLASS 'java/lang/Runtime', loader loader data: 0x00006000032ac000 of 'bootstrap', InstanceKlass 'java/lang/Runtime'
[0.095s][debug][class,load,placeholders] loadInstanceThreadQ threads:0x00007f8f4f008800, 
[0.095s][debug][class,load,placeholders] superThreadQ threads:
[0.095s][debug][class,load,placeholders] defineThreadQ threads:0x00007f8f4f008800, 
[0.095s][debug][class,load,placeholders] find_and_remove LOAD_INSTANCE 'java/lang/Runtime', loader loader data: 0x00006000032ac000 of 'bootstrap', InstanceKlass 'java/lang/Runtime'
[0.095s][debug][class,load,placeholders] loadInstanceThreadQ threads:0x00007f8f4f008800, 
[0.095s][debug][class,load,placeholders] superThreadQ threads:
[0.095s][debug][class,load,placeholders] defineThreadQ threads:
[0.095s][debug][class,resolve          ] java.util.concurrent.ConcurrentHashMap java.lang.Runtime ConcurrentHashMap.java:597
[0.095s][info ][class,init             ] 60 Initializing 'java/lang/Runtime' (0x0000000130155d20)
[0.095s][trace][metaspace              ] Arena @0x00006000016b2200 (non-class sm): requested 7 words.
[0.095s][trace][metaspace              ] Arena @0x00006000016b2200 (non-class sm): after allocation: 1 chunk(s), current:@0x00007f8f2d80b248, u, base 0x0000000171000000, level lv02 (524288), used: 953, committed: 8192, committed-free: 7239
[0.095s][trace][metaspace              ] Arena @0x00006000016b2200 (non-class sm): returning 0x0000000171001d90.
[0.095s][trace][metaspace              ] Metaspace::allocate: type 13 return 0x0000000171001d90.
[0.095s][trace][metaspace              ] Arena @0x00006000016b2200 (non-class sm): requested 7 words.
[0.095s][trace][metaspace              ] Arena @0x00006000016b2200 (non-class sm): after allocation: 1 chunk(s), current:@0x00007f8f2d80b248, u, base 0x0000000171000000, level lv02 (524288), used: 960, committed: 8192, committed-free: 7232
[0.095s][trace][metaspace              ] Arena @0x00006000016b2200 (non-class sm): returning 0x0000000171001dc8.
[0.095s][trace][metaspace              ] Metaspace::allocate: type 13 return 0x0000000171001dc8.
[0.095s][debug][class,resolve          ] java.lang.Runtime java.lang.Object Runtime.java:73
[0.095s][trace][metaspace              ] Arena @0x00006000016b2200 (non-class sm): requested 7 words.
[0.095s][trace][metaspace              ] Arena @0x00006000016b2200 (non-class sm): after allocation: 1 chunk(s), current:@0x00007f8f2d80b248, u, base 0x0000000171000000, level lv02 (524288), used: 967, committed: 8192, committed-free: 7225
[0.095s][trace][metaspace              ] Arena @0x00006000016b2200 (non-class sm): returning 0x0000000171001e00.
[0.095s][trace][metaspace              ] Metaspace::allocate: type 13 return 0x0000000171001e00.
[0.095s][trace][metaspace              ] Arena @0x00006000016b2200 (non-class sm): requested 7 words.
[0.095s][trace][metaspace              ] Arena @0x00006000016b2200 (non-class sm): after allocation: 1 chunk(s), current:@0x00007f8f2d80b248, u, base 0x0000000171000000, level lv02 (524288), used: 974, committed: 8192, committed-free: 7218
[0.095s][trace][metaspace              ] Arena @0x00006000016b2200 (non-class sm): returning 0x0000000171001e38.
[0.095s][trace][metaspace              ] Metaspace::allocate: type 13 return 0x0000000171001e38.
[0.095s][debug][jni,resolve            ] [Dynamic-linking native method java.lang.Runtime.availableProcessors ... JNI]
[0.095s][debug][class,resolve          ] java.util.concurrent.ConcurrentHashMap java.io.ObjectStreamField ConcurrentHashMap.java:609
[0.095s][info ][class,init             ] 61 Initializing 'java/io/ObjectStreamField'(no method) (0x00000001300f50c0)
[0.095s][debug][class,load,placeholders] find_and_add LOAD_INSTANCE 'java/util/concurrent/ConcurrentHashMap$Segment', loader loader data: 0x00006000032ac000 of 'bootstrap'
[0.095s][debug][class,load,placeholders] loadInstanceThreadQ threads:0x00007f8f4f008800, 
[0.095s][debug][class,load,placeholders] superThreadQ threads:
[0.095s][debug][class,load,placeholders] defineThreadQ threads:
[0.095s][debug][class,load,placeholders] find_and_add LOAD_SUPER 'java/util/concurrent/ConcurrentHashMap$Segment', loader loader data: 0x00006000032ac000 of 'bootstrap', supername 'java/util/concurrent/locks/ReentrantLock'
[0.095s][debug][class,load,placeholders] loadInstanceThreadQ threads:0x00007f8f4f008800, 
[0.095s][debug][class,load,placeholders] superThreadQ threads:0x00007f8f4f008800, 
[0.095s][debug][class,load,placeholders] defineThreadQ threads:
[0.095s][debug][class,load,placeholders] find_and_add LOAD_INSTANCE 'java/util/concurrent/locks/ReentrantLock', loader loader data: 0x00006000032ac000 of 'bootstrap'
[0.095s][debug][class,load,placeholders] loadInstanceThreadQ threads:0x00007f8f4f008800, 
[0.095s][debug][class,load,placeholders] superThreadQ threads:
[0.095s][debug][class,load,placeholders] defineThreadQ threads:
[0.095s][debug][class,load,placeholders] find_and_add LOAD_SUPER 'java/util/concurrent/locks/ReentrantLock', loader loader data: 0x00006000032ac000 of 'bootstrap', supername 'java/util/concurrent/locks/Lock'
[0.095s][debug][class,load,placeholders] loadInstanceThreadQ threads:0x00007f8f4f008800, 
[0.095s][debug][class,load,placeholders] superThreadQ threads:0x00007f8f4f008800, 
[0.095s][debug][class,load,placeholders] defineThreadQ threads:
[0.095s][debug][class,load,placeholders] find_and_add LOAD_INSTANCE 'java/util/concurrent/locks/Lock', loader loader data: 0x00006000032ac000 of 'bootstrap'
[0.095s][debug][class,load,placeholders] loadInstanceThreadQ threads:0x00007f8f4f008800, 
[0.095s][debug][class,load,placeholders] superThreadQ threads:
[0.095s][debug][class,load,placeholders] defineThreadQ threads:
[0.095s][trace][cds,unshareable        ] restore: java.util.concurrent.locks.Lock
[0.095s][trace][class,loader,data      ] Adding k: 0x00000001301cb598 java.util.concurrent.locks.Lock to loader data: 0x00006000032ac000 of 'bootstrap'
[0.095s][debug][cds,mirror             ] java.util.concurrent.locks.Lock has raw archived mirror
[0.095s][debug][cds,heap               ] Clearing root 834: was 0x00000007ffb16c58
[0.095s][debug][cds,mirror             ] Archived mirror is: 0x00000007ffb16c58
[0.095s][trace][cds,heap,mirror        ] Restored java.util.concurrent.locks.Lock archived mirror 0x00000007ffb16c58
[0.095s][trace][cds,unshareable        ] restore: [Ljava.util.concurrent.locks.Lock;
[0.095s][trace][class,loader,data      ] Adding k: 0x00000001301cb7c0 [Ljava.util.concurrent.locks.Lock; to loader data: 0x00006000032ac000 of 'bootstrap'
[0.095s][debug][cds,mirror             ] [Ljava.util.concurrent.locks.Lock; has raw archived mirror
[0.095s][debug][cds,heap               ] Clearing root 837: was 0x00000007ffb16da8
[0.095s][debug][cds,mirror             ] Archived mirror is: 0x00000007ffb16da8
[0.095s][trace][cds,heap,mirror        ] Restored [Ljava.util.concurrent.locks.Lock; archived mirror 0x00000007ffb16da8
[0.095s][info ][class,load             ] java.util.concurrent.locks.Lock source: shared objects file
[0.095s][debug][class,load             ]  klass: 0x00000001301cb598 super: 0x0000000130000db8 loader: [loader data: 0x00006000032ac000 of 'bootstrap']
[0.095s][debug][class,load,placeholders] find_and_add DEFINE_CLASS 'java/util/concurrent/locks/Lock', loader loader data: 0x00006000032ac000 of 'bootstrap'
[0.095s][debug][class,load,placeholders] loadInstanceThreadQ threads:0x00007f8f4f008800, 
[0.095s][debug][class,load,placeholders] superThreadQ threads:
[0.095s][debug][class,load,placeholders] defineThreadQ threads:0x00007f8f4f008800, 
[0.096s][debug][class,load,placeholders] find_and_remove DEFINE_CLASS 'java/util/concurrent/locks/Lock', loader loader data: 0x00006000032ac000 of 'bootstrap', InstanceKlass 'java/util/concurrent/locks/Lock'
[0.096s][debug][class,load,placeholders] loadInstanceThreadQ threads:0x00007f8f4f008800, 
[0.096s][debug][class,load,placeholders] superThreadQ threads:
[0.096s][debug][class,load,placeholders] defineThreadQ threads:0x00007f8f4f008800, 
[0.096s][debug][class,load,placeholders] find_and_remove LOAD_INSTANCE 'java/util/concurrent/locks/Lock', loader loader data: 0x00006000032ac000 of 'bootstrap', InstanceKlass 'java/util/concurrent/locks/Lock'
[0.096s][debug][class,load,placeholders] loadInstanceThreadQ threads:0x00007f8f4f008800, 
[0.096s][debug][class,load,placeholders] superThreadQ threads:
[0.096s][debug][class,load,placeholders] defineThreadQ threads:
[0.096s][debug][class,load,placeholders] find_and_remove LOAD_SUPER 'java/util/concurrent/locks/ReentrantLock', loader loader data: 0x00006000032ac000 of 'bootstrap', supername 'java/util/concurrent/locks/Lock'
[0.096s][debug][class,load,placeholders] loadInstanceThreadQ threads:0x00007f8f4f008800, 
[0.096s][debug][class,load,placeholders] superThreadQ threads:0x00007f8f4f008800, 
[0.096s][debug][class,load,placeholders] defineThreadQ threads:
[0.096s][trace][cds,unshareable        ] restore: java.util.concurrent.locks.ReentrantLock
[0.096s][trace][class,loader,data      ] Adding k: 0x00000001301cbcc8 java.util.concurrent.locks.ReentrantLock to loader data: 0x00006000032ac000 of 'bootstrap'
[0.096s][debug][cds,mirror             ] java.util.concurrent.locks.ReentrantLock has raw archived mirror
[0.096s][debug][cds,heap               ] Clearing root 828: was 0x00000007ffb16aa0
[0.096s][debug][cds,mirror             ] Archived mirror is: 0x00000007ffb16aa0
[0.096s][trace][cds,heap,mirror        ] Restored java.util.concurrent.locks.ReentrantLock archived mirror 0x00000007ffb16aa0
[0.096s][debug][cds,heap               ] Clearing root 829: was 0x00000007ffb16b18
[0.096s][trace][cds,unshareable        ] restore: [Ljava.util.concurrent.locks.ReentrantLock;
[0.096s][trace][class,loader,data      ] Adding k: 0x00000001301cc5c8 [Ljava.util.concurrent.locks.ReentrantLock; to loader data: 0x00006000032ac000 of 'bootstrap'
[0.096s][debug][cds,mirror             ] [Ljava.util.concurrent.locks.ReentrantLock; has raw archived mirror
[0.096s][debug][cds,heap               ] Clearing root 838: was 0x00000007ffb16e18
[0.096s][debug][cds,mirror             ] Archived mirror is: 0x00000007ffb16e18
[0.096s][trace][cds,heap,mirror        ] Restored [Ljava.util.concurrent.locks.ReentrantLock; archived mirror 0x00000007ffb16e18
[0.096s][info ][class,load             ] java.util.concurrent.locks.ReentrantLock source: shared objects file
[0.096s][debug][class,load             ]  klass: 0x00000001301cbcc8 super: 0x0000000130000db8 interfaces: 0x00000001301cb598 0x00000001300037c0 loader: [loader data: 0x00006000032ac000 of 'bootstrap']
[0.096s][debug][class,load,placeholders] find_and_add DEFINE_CLASS 'java/util/concurrent/locks/ReentrantLock', loader loader data: 0x00006000032ac000 of 'bootstrap', supername 'java/util/concurrent/locks/Lock'
[0.096s][debug][class,load,placeholders] loadInstanceThreadQ threads:0x00007f8f4f008800, 
[0.096s][debug][class,load,placeholders] superThreadQ threads:
[0.096s][debug][class,load,placeholders] defineThreadQ threads:0x00007f8f4f008800, 
[0.096s][debug][class,load,placeholders] find_and_remove DEFINE_CLASS 'java/util/concurrent/locks/ReentrantLock', loader loader data: 0x00006000032ac000 of 'bootstrap', supername 'java/util/concurrent/locks/Lock', InstanceKlass 'java/util/concurrent/locks/ReentrantLock'
[0.096s][debug][class,load,placeholders] loadInstanceThreadQ threads:0x00007f8f4f008800, 
[0.096s][debug][class,load,placeholders] superThreadQ threads:
[0.096s][debug][class,load,placeholders] defineThreadQ threads:0x00007f8f4f008800, 
[0.096s][debug][class,load,placeholders] find_and_remove LOAD_INSTANCE 'java/util/concurrent/locks/ReentrantLock', loader loader data: 0x00006000032ac000 of 'bootstrap', supername 'java/util/concurrent/locks/Lock', InstanceKlass 'java/util/concurrent/locks/ReentrantLock'
[0.096s][debug][class,load,placeholders] loadInstanceThreadQ threads:0x00007f8f4f008800, 
[0.096s][debug][class,load,placeholders] superThreadQ threads:
[0.096s][debug][class,load,placeholders] defineThreadQ threads:
[0.096s][debug][class,load,placeholders] find_and_remove LOAD_SUPER 'java/util/concurrent/ConcurrentHashMap$Segment', loader loader data: 0x00006000032ac000 of 'bootstrap', supername 'java/util/concurrent/locks/ReentrantLock'
[0.096s][debug][class,load,placeholders] loadInstanceThreadQ threads:0x00007f8f4f008800, 
[0.096s][debug][class,load,placeholders] superThreadQ threads:0x00007f8f4f008800, 
[0.096s][debug][class,load,placeholders] defineThreadQ threads:
[0.096s][trace][cds,unshareable        ] restore: java.util.concurrent.ConcurrentHashMap$Segment
[0.096s][trace][class,loader,data      ] Adding k: 0x00000001301cb2a8 java.util.concurrent.ConcurrentHashMap$Segment to loader data: 0x00006000032ac000 of 'bootstrap'
[0.096s][debug][cds,mirror             ] java.util.concurrent.ConcurrentHashMap$Segment has raw archived mirror
[0.096s][debug][cds,heap               ] Clearing root 685: was 0x00000007ffb12fd8
[0.096s][debug][cds,mirror             ] Archived mirror is: 0x00000007ffb12fd8
[0.096s][trace][cds,heap,mirror        ] Restored java.util.concurrent.ConcurrentHashMap$Segment archived mirror 0x00000007ffb12fd8
[0.096s][trace][cds,unshareable        ] restore: [Ljava.util.concurrent.ConcurrentHashMap$Segment;
[0.096s][trace][class,loader,data      ] Adding k: 0x00000001301cca78 [Ljava.util.concurrent.ConcurrentHashMap$Segment; to loader data: 0x00006000032ac000 of 'bootstrap'
[0.096s][debug][cds,mirror             ] [Ljava.util.concurrent.ConcurrentHashMap$Segment; has raw archived mirror
[0.096s][debug][cds,heap               ] Clearing root 698: was 0x00000007ffb13628
[0.096s][debug][cds,mirror             ] Archived mirror is: 0x00000007ffb13628
[0.096s][trace][cds,heap,mirror        ] Restored [Ljava.util.concurrent.ConcurrentHashMap$Segment; archived mirror 0x00000007ffb13628
[0.096s][info ][class,load             ] java.util.concurrent.ConcurrentHashMap$Segment source: shared objects file
[0.096s][debug][class,load             ]  klass: 0x00000001301cb2a8 super: 0x00000001301cbcc8 interfaces: 0x00000001300037c0 loader: [loader data: 0x00006000032ac000 of 'bootstrap']
[0.096s][debug][class,load,placeholders] find_and_add DEFINE_CLASS 'java/util/concurrent/ConcurrentHashMap$Segment', loader loader data: 0x00006000032ac000 of 'bootstrap', supername 'java/util/concurrent/locks/ReentrantLock'
[0.096s][debug][class,load,placeholders] loadInstanceThreadQ threads:0x00007f8f4f008800, 
[0.096s][debug][class,load,placeholders] superThreadQ threads:
[0.096s][debug][class,load,placeholders] defineThreadQ threads:0x00007f8f4f008800, 
[0.096s][debug][class,load,placeholders] find_and_remove DEFINE_CLASS 'java/util/concurrent/ConcurrentHashMap$Segment', loader loader data: 0x00006000032ac000 of 'bootstrap', supername 'java/util/concurrent/locks/ReentrantLock', InstanceKlass 'java/util/concurrent/ConcurrentHashMap$Segment'
[0.096s][debug][class,load,placeholders] loadInstanceThreadQ threads:0x00007f8f4f008800, 
[0.096s][debug][class,load,placeholders] superThreadQ threads:
[0.096s][debug][class,load,placeholders] defineThreadQ threads:0x00007f8f4f008800, 
[0.096s][debug][class,load,placeholders] find_and_remove LOAD_INSTANCE 'java/util/concurrent/ConcurrentHashMap$Segment', loader loader data: 0x00006000032ac000 of 'bootstrap', supername 'java/util/concurrent/locks/ReentrantLock', InstanceKlass 'java/util/concurrent/ConcurrentHashMap$Segment'
[0.096s][debug][class,load,placeholders] loadInstanceThreadQ threads:0x00007f8f4f008800, 
[0.096s][debug][class,load,placeholders] superThreadQ threads:
[0.096s][debug][class,load,placeholders] defineThreadQ threads:
[0.096s][debug][class,resolve          ] java.util.concurrent.ConcurrentHashMap [Ljava.util.concurrent.ConcurrentHashMap$Segment; ConcurrentHashMap.java:609
[0.096s][trace][metaspace              ] Arena @0x00006000016b2200 (non-class sm): requested 7 words.
[0.096s][trace][metaspace              ] Arena @0x00006000016b2200 (non-class sm): after allocation: 1 chunk(s), current:@0x00007f8f2d80b248, u, base 0x0000000171000000, level lv02 (524288), used: 981, committed: 8192, committed-free: 7211
[0.096s][trace][metaspace              ] Arena @0x00006000016b2200 (non-class sm): returning 0x0000000171001e70.
[0.096s][trace][metaspace              ] Metaspace::allocate: type 13 return 0x0000000171001e70.
[0.096s][trace][metaspace              ] Arena @0x00006000016b2200 (non-class sm): requested 7 words.
[0.096s][trace][metaspace              ] Arena @0x00006000016b2200 (non-class sm): after allocation: 1 chunk(s), current:@0x00007f8f2d80b248, u, base 0x0000000171000000, level lv02 (524288), used: 988, committed: 8192, committed-free: 7204
[0.096s][trace][metaspace              ] Arena @0x00006000016b2200 (non-class sm): returning 0x0000000171001ea8.
[0.096s][trace][metaspace              ] Metaspace::allocate: type 13 return 0x0000000171001ea8.
[0.096s][debug][class,resolve          ] java.io.ObjectStreamField java.lang.Object ObjectStreamField.java:89
[0.096s][debug][class,resolve          ] java.util.concurrent.ConcurrentHashMap java.lang.Integer ConcurrentHashMap.java:609
[0.096s][debug][class,resolve          ] java.util.concurrent.ConcurrentHashMap jdk.internal.misc.Unsafe ConcurrentHashMap.java:6355
[0.096s][info ][class,init             ] 62 Initializing 'jdk/internal/misc/Unsafe' (0x00000001300115c0)
[0.096s][trace][metaspace              ] Arena @0x00006000016b2200 (non-class sm): requested 7 words.
[0.096s][trace][metaspace              ] Arena @0x00006000016b2200 (non-class sm): after allocation: 1 chunk(s), current:@0x00007f8f2d80b248, u, base 0x0000000171000000, level lv02 (524288), used: 995, committed: 8192, committed-free: 7197
[0.096s][trace][metaspace              ] Arena @0x00006000016b2200 (non-class sm): returning 0x0000000171001ee0.
[0.096s][trace][metaspace              ] Metaspace::allocate: type 13 return 0x0000000171001ee0.
[0.096s][trace][metaspace              ] Arena @0x00006000016b2200 (non-class sm): requested 7 words.
[0.096s][trace][metaspace              ] Arena @0x00006000016b2200 (non-class sm): after allocation: 1 chunk(s), current:@0x00007f8f2d80b248, u, base 0x0000000171000000, level lv02 (524288), used: 1002, committed: 8192, committed-free: 7190
[0.097s][trace][metaspace              ] Arena @0x00006000016b2200 (non-class sm): returning 0x0000000171001f18.
[0.097s][trace][metaspace              ] Metaspace::allocate: type 13 return 0x0000000171001f18.
[0.097s][debug][jni,resolve            ] [Dynamic-linking native method jdk.internal.misc.Unsafe.registerNatives ... JNI]
[0.097s][debug][jni,resolve            ] [Registering JNI native method jdk.internal.misc.Unsafe.getReference]
[0.097s][debug][jni,resolve            ] [Registering JNI native method jdk.internal.misc.Unsafe.putReference]
[0.097s][debug][jni,resolve            ] [Registering JNI native method jdk.internal.misc.Unsafe.getReferenceVolatile]
[0.097s][debug][jni,resolve            ] [Registering JNI native method jdk.internal.misc.Unsafe.putReferenceVolatile]
[0.097s][debug][jni,resolve            ] [Registering JNI native method jdk.internal.misc.Unsafe.getUncompressedObject]
[0.097s][debug][jni,resolve            ] [Registering JNI native method jdk.internal.misc.Unsafe.getBoolean]
[0.097s][debug][jni,resolve            ] [Registering JNI native method jdk.internal.misc.Unsafe.putBoolean]
[0.097s][debug][jni,resolve            ] [Registering JNI native method jdk.internal.misc.Unsafe.getBooleanVolatile]
[0.097s][debug][jni,resolve            ] [Registering JNI native method jdk.internal.misc.Unsafe.putBooleanVolatile]
[0.097s][debug][jni,resolve            ] [Registering JNI native method jdk.internal.misc.Unsafe.getByte]
[0.097s][debug][jni,resolve            ] [Registering JNI native method jdk.internal.misc.Unsafe.putByte]
[0.097s][debug][jni,resolve            ] [Registering JNI native method jdk.internal.misc.Unsafe.getByteVolatile]
[0.097s][debug][jni,resolve            ] [Registering JNI native method jdk.internal.misc.Unsafe.putByteVolatile]
[0.097s][debug][jni,resolve            ] [Registering JNI native method jdk.internal.misc.Unsafe.getShort]
[0.097s][debug][jni,resolve            ] [Registering JNI native method jdk.internal.misc.Unsafe.putShort]
[0.097s][debug][jni,resolve            ] [Registering JNI native method jdk.internal.misc.Unsafe.getShortVolatile]
[0.097s][debug][jni,resolve            ] [Registering JNI native method jdk.internal.misc.Unsafe.putShortVolatile]
[0.097s][debug][jni,resolve            ] [Registering JNI native method jdk.internal.misc.Unsafe.getChar]
[0.097s][debug][jni,resolve            ] [Registering JNI native method jdk.internal.misc.Unsafe.putChar]
[0.097s][debug][jni,resolve            ] [Registering JNI native method jdk.internal.misc.Unsafe.getCharVolatile]
[0.097s][debug][jni,resolve            ] [Registering JNI native method jdk.internal.misc.Unsafe.putCharVolatile]
[0.097s][debug][jni,resolve            ] [Registering JNI native method jdk.internal.misc.Unsafe.getInt]
[0.097s][debug][jni,resolve            ] [Registering JNI native method jdk.internal.misc.Unsafe.putInt]
[0.097s][debug][jni,resolve            ] [Registering JNI native method jdk.internal.misc.Unsafe.getIntVolatile]
[0.097s][debug][jni,resolve            ] [Registering JNI native method jdk.internal.misc.Unsafe.putIntVolatile]
[0.097s][debug][jni,resolve            ] [Registering JNI native method jdk.internal.misc.Unsafe.getLong]
[0.097s][debug][jni,resolve            ] [Registering JNI native method jdk.internal.misc.Unsafe.putLong]
[0.097s][debug][jni,resolve            ] [Registering JNI native method jdk.internal.misc.Unsafe.getLongVolatile]
[0.097s][debug][jni,resolve            ] [Registering JNI native method jdk.internal.misc.Unsafe.putLongVolatile]
[0.097s][debug][jni,resolve            ] [Registering JNI native method jdk.internal.misc.Unsafe.getFloat]
[0.097s][debug][jni,resolve            ] [Registering JNI native method jdk.internal.misc.Unsafe.putFloat]
[0.097s][debug][jni,resolve            ] [Registering JNI native method jdk.internal.misc.Unsafe.getFloatVolatile]
[0.097s][debug][jni,resolve            ] [Registering JNI native method jdk.internal.misc.Unsafe.putFloatVolatile]
[0.097s][debug][jni,resolve            ] [Registering JNI native method jdk.internal.misc.Unsafe.getDouble]
[0.097s][debug][jni,resolve            ] [Registering JNI native method jdk.internal.misc.Unsafe.putDouble]
[0.097s][debug][jni,resolve            ] [Registering JNI native method jdk.internal.misc.Unsafe.getDoubleVolatile]
[0.097s][debug][jni,resolve            ] [Registering JNI native method jdk.internal.misc.Unsafe.putDoubleVolatile]
[0.097s][debug][jni,resolve            ] [Registering JNI native method jdk.internal.misc.Unsafe.allocateMemory0]
[0.097s][debug][jni,resolve            ] [Registering JNI native method jdk.internal.misc.Unsafe.reallocateMemory0]
[0.097s][debug][jni,resolve            ] [Registering JNI native method jdk.internal.misc.Unsafe.freeMemory0]
[0.097s][debug][jni,resolve            ] [Registering JNI native method jdk.internal.misc.Unsafe.objectFieldOffset0]
[0.097s][debug][jni,resolve            ] [Registering JNI native method jdk.internal.misc.Unsafe.objectFieldOffset1]
[0.097s][debug][jni,resolve            ] [Registering JNI native method jdk.internal.misc.Unsafe.staticFieldOffset0]
[0.097s][debug][jni,resolve            ] [Registering JNI native method jdk.internal.misc.Unsafe.staticFieldBase0]
[0.097s][debug][jni,resolve            ] [Registering JNI native method jdk.internal.misc.Unsafe.ensureClassInitialized0]
[0.097s][debug][jni,resolve            ] [Registering JNI native method jdk.internal.misc.Unsafe.arrayBaseOffset0]
[0.097s][debug][jni,resolve            ] [Registering JNI native method jdk.internal.misc.Unsafe.arrayIndexScale0]
[0.097s][debug][jni,resolve            ] [Registering JNI native method jdk.internal.misc.Unsafe.defineClass0]
[0.097s][debug][jni,resolve            ] [Registering JNI native method jdk.internal.misc.Unsafe.allocateInstance]
[0.097s][debug][jni,resolve            ] [Registering JNI native method jdk.internal.misc.Unsafe.throwException]
[0.097s][debug][jni,resolve            ] [Registering JNI native method jdk.internal.misc.Unsafe.compareAndSetReference]
[0.097s][debug][jni,resolve            ] [Registering JNI native method jdk.internal.misc.Unsafe.compareAndSetInt]
[0.097s][debug][jni,resolve            ] [Registering JNI native method jdk.internal.misc.Unsafe.compareAndSetLong]
[0.097s][debug][jni,resolve            ] [Registering JNI native method jdk.internal.misc.Unsafe.compareAndExchangeReference]
[0.097s][debug][jni,resolve            ] [Registering JNI native method jdk.internal.misc.Unsafe.compareAndExchangeInt]
[0.097s][debug][jni,resolve            ] [Registering JNI native method jdk.internal.misc.Unsafe.compareAndExchangeLong]
[0.097s][debug][jni,resolve            ] [Registering JNI native method jdk.internal.misc.Unsafe.park]
[0.097s][debug][jni,resolve            ] [Registering JNI native method jdk.internal.misc.Unsafe.unpark]
[0.097s][debug][jni,resolve            ] [Registering JNI native method jdk.internal.misc.Unsafe.getLoadAverage0]
[0.097s][debug][jni,resolve            ] [Registering JNI native method jdk.internal.misc.Unsafe.copyMemory0]
[0.097s][debug][jni,resolve            ] [Registering JNI native method jdk.internal.misc.Unsafe.copySwapMemory0]
[0.097s][debug][jni,resolve            ] [Registering JNI native method jdk.internal.misc.Unsafe.writeback0]
[0.097s][debug][jni,resolve            ] [Registering JNI native method jdk.internal.misc.Unsafe.writebackPreSync0]
[0.097s][debug][jni,resolve            ] [Registering JNI native method jdk.internal.misc.Unsafe.writebackPostSync0]
[0.097s][debug][jni,resolve            ] [Registering JNI native method jdk.internal.misc.Unsafe.setMemory0]
[0.097s][debug][jni,resolve            ] [Registering JNI native method jdk.internal.misc.Unsafe.shouldBeInitialized0]
[0.097s][debug][jni,resolve            ] [Registering JNI native method jdk.internal.misc.Unsafe.loadFence]
[0.097s][debug][jni,resolve            ] [Registering JNI native method jdk.internal.misc.Unsafe.storeFence]
[0.097s][debug][jni,resolve            ] [Registering JNI native method jdk.internal.misc.Unsafe.fullFence]
[0.097s][trace][metaspace              ] Arena @0x00006000016b2200 (non-class sm): requested 7 words.
[0.097s][trace][metaspace              ] Arena @0x00006000016b2200 (non-class sm): after allocation: 1 chunk(s), current:@0x00007f8f2d80b248, u, base 0x0000000171000000, level lv02 (524288), used: 1009, committed: 8192, committed-free: 7183
[0.097s][trace][metaspace              ] Arena @0x00006000016b2200 (non-class sm): returning 0x0000000171001f50.
[0.097s][trace][metaspace              ] Metaspace::allocate: type 13 return 0x0000000171001f50.
[0.097s][debug][class,resolve          ] jdk.internal.misc.Unsafe java.lang.Object Unsafe.java:63
[0.097s][debug][class,resolve          ] jdk.internal.misc.Unsafe [Z Unsafe.java:1178
[0.097s][trace][metaspace              ] Arena @0x00006000016b2200 (non-class sm): requested 7 words.
[0.097s][trace][metaspace              ] Arena @0x00006000016b2200 (non-class sm): after allocation: 1 chunk(s), current:@0x00007f8f2d80b248, u, base 0x0000000171000000, level lv02 (524288), used: 1016, committed: 8192, committed-free: 7176
[0.097s][trace][metaspace              ] Arena @0x00006000016b2200 (non-class sm): returning 0x0000000171001f88.
[0.097s][trace][metaspace              ] Metaspace::allocate: type 13 return 0x0000000171001f88.
[0.097s][trace][metaspace              ] Arena @0x00006000016b2200 (non-class sm): requested 7 words.
[0.097s][trace][metaspace              ] Arena @0x00006000016b2200 (non-class sm): after allocation: 1 chunk(s), current:@0x00007f8f2d80b248, u, base 0x0000000171000000, level lv02 (524288), used: 1023, committed: 8192, committed-free: 7169
[0.097s][trace][metaspace              ] Arena @0x00006000016b2200 (non-class sm): returning 0x0000000171001fc0.
[0.097s][trace][metaspace              ] Metaspace::allocate: type 13 return 0x0000000171001fc0.
[0.097s][debug][class,resolve          ] jdk.internal.misc.Unsafe [B Unsafe.java:1182
[0.098s][debug][class,resolve          ] jdk.internal.misc.Unsafe [S Unsafe.java:1186
[0.098s][debug][class,resolve          ] jdk.internal.misc.Unsafe [C Unsafe.java:1190
[0.098s][debug][class,resolve          ] jdk.internal.misc.Unsafe [I Unsafe.java:1194
[0.098s][debug][class,resolve          ] jdk.internal.misc.Unsafe [J Unsafe.java:1198
[0.098s][debug][class,resolve          ] jdk.internal.misc.Unsafe [F Unsafe.java:1202
[0.098s][debug][class,resolve          ] jdk.internal.misc.Unsafe [D Unsafe.java:1206
[0.098s][debug][class,resolve          ] jdk.internal.misc.Unsafe [Ljava.lang.Object; Unsafe.java:1210
[0.098s][trace][metaspace              ] Arena @0x00006000016b2200 (non-class sm): requested 7 words.
[0.098s][trace][metaspace              ] Arena @0x00006000016b2200 (non-class sm): after allocation: 1 chunk(s), current:@0x00007f8f2d80b248, u, base 0x0000000171000000, level lv02 (524288), used: 1030, committed: 8192, committed-free: 7162
[0.098s][trace][metaspace              ] Arena @0x00006000016b2200 (non-class sm): returning 0x0000000171001ff8.
[0.098s][trace][metaspace              ] Metaspace::allocate: type 13 return 0x0000000171001ff8.
[0.098s][trace][metaspace              ] Arena @0x00006000016b2200 (non-class sm): requested 7 words.
[0.098s][trace][metaspace              ] Arena @0x00006000016b2200 (non-class sm): after allocation: 1 chunk(s), current:@0x00007f8f2d80b248, u, base 0x0000000171000000, level lv02 (524288), used: 1037, committed: 8192, committed-free: 7155
[0.098s][trace][metaspace              ] Arena @0x00006000016b2200 (non-class sm): returning 0x0000000171002030.
[0.098s][trace][metaspace              ] Metaspace::allocate: type 13 return 0x0000000171002030.
[0.098s][debug][class,resolve          ] jdk.internal.misc.Unsafe jdk.internal.misc.UnsafeConstants Unsafe.java:1280
[0.098s][trace][metaspace              ] Arena @0x00006000016b2200 (non-class sm): requested 7 words.
[0.098s][trace][metaspace              ] Arena @0x00006000016b2200 (non-class sm): after allocation: 1 chunk(s), current:@0x00007f8f2d80b248, u, base 0x0000000171000000, level lv02 (524288), used: 1044, committed: 8192, committed-free: 7148
[0.098s][trace][metaspace              ] Arena @0x00006000016b2200 (non-class sm): returning 0x0000000171002068.
[0.098s][trace][metaspace              ] Metaspace::allocate: type 13 return 0x0000000171002068.
[0.098s][trace][metaspace              ] Arena @0x00006000016b2200 (non-class sm): requested 7 words.
[0.098s][trace][metaspace              ] Arena @0x00006000016b2200 (non-class sm): after allocation: 1 chunk(s), current:@0x00007f8f2d80b248, u, base 0x0000000171000000, level lv02 (524288), used: 1051, committed: 8192, committed-free: 7141
[0.098s][trace][metaspace              ] Arena @0x00006000016b2200 (non-class sm): returning 0x00000001710020a0.
[0.098s][trace][metaspace              ] Metaspace::allocate: type 13 return 0x00000001710020a0.
[0.098s][trace][metaspace              ] Arena @0x00006000016b2200 (non-class sm): requested 7 words.
[0.098s][trace][metaspace              ] Arena @0x00006000016b2200 (non-class sm): after allocation: 1 chunk(s), current:@0x00007f8f2d80b248, u, base 0x0000000171000000, level lv02 (524288), used: 1058, committed: 8192, committed-free: 7134
[0.098s][trace][metaspace              ] Arena @0x00006000016b2200 (non-class sm): returning 0x00000001710020d8.
[0.098s][trace][metaspace              ] Metaspace::allocate: type 13 return 0x00000001710020d8.
[0.098s][debug][class,load,placeholders] find_and_add LOAD_INSTANCE 'java/util/concurrent/ConcurrentHashMap$CounterCell', loader loader data: 0x00006000032ac000 of 'bootstrap'
[0.098s][debug][class,load,placeholders] loadInstanceThreadQ threads:0x00007f8f4f008800, 
[0.098s][debug][class,load,placeholders] superThreadQ threads:
[0.098s][debug][class,load,placeholders] defineThreadQ threads:
[0.098s][trace][cds,unshareable        ] restore: java.util.concurrent.ConcurrentHashMap$CounterCell
[0.098s][trace][class,loader,data      ] Adding k: 0x00000001301d0510 java.util.concurrent.ConcurrentHashMap$CounterCell to loader data: 0x00006000032ac000 of 'bootstrap'
[0.098s][debug][cds,mirror             ] java.util.concurrent.ConcurrentHashMap$CounterCell has raw archived mirror
[0.098s][debug][cds,heap               ] Clearing root 694: was 0x00000007ffb13390
[0.098s][debug][cds,mirror             ] Archived mirror is: 0x00000007ffb13390
[0.098s][trace][cds,heap,mirror        ] Restored java.util.concurrent.ConcurrentHashMap$CounterCell archived mirror 0x00000007ffb13390
[0.098s][info ][class,load             ] java.util.concurrent.ConcurrentHashMap$CounterCell source: shared objects file
[0.098s][debug][class,load             ]  klass: 0x00000001301d0510 super: 0x0000000130000db8 loader: [loader data: 0x00006000032ac000 of 'bootstrap']
[0.098s][debug][class,load,placeholders] find_and_add DEFINE_CLASS 'java/util/concurrent/ConcurrentHashMap$CounterCell', loader loader data: 0x00006000032ac000 of 'bootstrap'
[0.098s][debug][class,load,placeholders] loadInstanceThreadQ threads:0x00007f8f4f008800, 
[0.098s][debug][class,load,placeholders] superThreadQ threads:
[0.098s][debug][class,load,placeholders] defineThreadQ threads:0x00007f8f4f008800, 
[0.098s][debug][class,load,placeholders] find_and_remove DEFINE_CLASS 'java/util/concurrent/ConcurrentHashMap$CounterCell', loader loader data: 0x00006000032ac000 of 'bootstrap', InstanceKlass 'java/util/concurrent/ConcurrentHashMap$CounterCell'
[0.098s][debug][class,load,placeholders] loadInstanceThreadQ threads:0x00007f8f4f008800, 
[0.098s][debug][class,load,placeholders] superThreadQ threads:
[0.098s][debug][class,load,placeholders] defineThreadQ threads:0x00007f8f4f008800, 
[0.098s][debug][class,load,placeholders] find_and_remove LOAD_INSTANCE 'java/util/concurrent/ConcurrentHashMap$CounterCell', loader loader data: 0x00006000032ac000 of 'bootstrap', InstanceKlass 'java/util/concurrent/ConcurrentHashMap$CounterCell'
[0.098s][debug][class,load,placeholders] loadInstanceThreadQ threads:0x00007f8f4f008800, 
[0.098s][debug][class,load,placeholders] superThreadQ threads:
[0.098s][debug][class,load,placeholders] defineThreadQ threads:
[0.098s][debug][class,resolve          ] java.util.concurrent.ConcurrentHashMap java.util.concurrent.ConcurrentHashMap$CounterCell ConcurrentHashMap.java:6364
[0.098s][debug][class,resolve          ] java.util.concurrent.ConcurrentHashMap [Ljava.util.concurrent.ConcurrentHashMap$Node; ConcurrentHashMap.java:6366
[0.098s][debug][class,load,placeholders] find_and_add LOAD_INSTANCE 'java/util/concurrent/locks/LockSupport', loader loader data: 0x00006000032ac000 of 'bootstrap'
[0.098s][debug][class,load,placeholders] loadInstanceThreadQ threads:0x00007f8f4f008800, 
[0.098s][debug][class,load,placeholders] superThreadQ threads:
[0.098s][debug][class,load,placeholders] defineThreadQ threads:
[0.098s][trace][cds,unshareable        ] restore: java.util.concurrent.locks.LockSupport
[0.098s][trace][class,loader,data      ] Adding k: 0x000000013012b428 java.util.concurrent.locks.LockSupport to loader data: 0x00006000032ac000 of 'bootstrap'
[0.098s][debug][cds,mirror             ] java.util.concurrent.locks.LockSupport has raw archived mirror
[0.098s][debug][cds,heap               ] Clearing root 699: was 0x00000007ffb13698
[0.098s][debug][cds,mirror             ] Archived mirror is: 0x00000007ffb13698
[0.098s][trace][cds,heap,mirror        ] Restored java.util.concurrent.locks.LockSupport archived mirror 0x00000007ffb13698
[0.098s][debug][cds,heap               ] Clearing root 700: was 0x00000007ffb13720
[0.098s][info ][class,load             ] java.util.concurrent.locks.LockSupport source: shared objects file
[0.098s][debug][class,load             ]  klass: 0x000000013012b428 super: 0x0000000130000db8 loader: [loader data: 0x00006000032ac000 of 'bootstrap']
[0.098s][debug][class,load,placeholders] find_and_add DEFINE_CLASS 'java/util/concurrent/locks/LockSupport', loader loader data: 0x00006000032ac000 of 'bootstrap'
[0.098s][debug][class,load,placeholders] loadInstanceThreadQ threads:0x00007f8f4f008800, 
[0.098s][debug][class,load,placeholders] superThreadQ threads:
[0.098s][debug][class,load,placeholders] defineThreadQ threads:0x00007f8f4f008800, 
[0.098s][debug][class,load,placeholders] find_and_remove DEFINE_CLASS 'java/util/concurrent/locks/LockSupport', loader loader data: 0x00006000032ac000 of 'bootstrap', InstanceKlass 'java/util/concurrent/locks/LockSupport'
[0.098s][debug][class,load,placeholders] loadInstanceThreadQ threads:0x00007f8f4f008800, 
[0.098s][debug][class,load,placeholders] superThreadQ threads:
[0.098s][debug][class,load,placeholders] defineThreadQ threads:0x00007f8f4f008800, 
[0.098s][debug][class,load,placeholders] find_and_remove LOAD_INSTANCE 'java/util/concurrent/locks/LockSupport', loader loader data: 0x00006000032ac000 of 'bootstrap', InstanceKlass 'java/util/concurrent/locks/LockSupport'
[0.098s][debug][class,load,placeholders] loadInstanceThreadQ threads:0x00007f8f4f008800, 
[0.098s][debug][class,load,placeholders] superThreadQ threads:
[0.098s][debug][class,load,placeholders] defineThreadQ threads:
[0.098s][debug][class,resolve          ] java.util.concurrent.ConcurrentHashMap java.util.concurrent.locks.LockSupport ConcurrentHashMap.java:6377
[0.098s][debug][class,load,placeholders] find_and_add LOAD_INSTANCE 'java/util/concurrent/ConcurrentHashMap$ReservationNode', loader loader data: 0x00006000032ac000 of 'bootstrap'
[0.098s][debug][class,load,placeholders] loadInstanceThreadQ threads:0x00007f8f4f008800, 
[0.098s][debug][class,load,placeholders] superThreadQ threads:
[0.099s][debug][class,load,placeholders] defineThreadQ threads:
[0.099s][trace][cds,unshareable        ] restore: java.util.concurrent.ConcurrentHashMap$ReservationNode
[0.099s][trace][class,loader,data      ] Adding k: 0x000000013012bb30 java.util.concurrent.ConcurrentHashMap$ReservationNode to loader data: 0x00006000032ac000 of 'bootstrap'
[0.099s][debug][cds,mirror             ] java.util.concurrent.ConcurrentHashMap$ReservationNode has raw archived mirror
[0.099s][debug][cds,heap               ] Clearing root 682: was 0x00000007ffb12e78
[0.099s][debug][cds,mirror             ] Archived mirror is: 0x00000007ffb12e78
[0.099s][trace][cds,heap,mirror        ] Restored java.util.concurrent.ConcurrentHashMap$ReservationNode archived mirror 0x00000007ffb12e78
[0.099s][info ][class,load             ] java.util.concurrent.ConcurrentHashMap$ReservationNode source: shared objects file
[0.099s][debug][class,load             ]  klass: 0x000000013012bb30 super: 0x000000013012b660 loader: [loader data: 0x00006000032ac000 of 'bootstrap']
[0.099s][debug][class,load,placeholders] find_and_add DEFINE_CLASS 'java/util/concurrent/ConcurrentHashMap$ReservationNode', loader loader data: 0x00006000032ac000 of 'bootstrap'
[0.099s][debug][class,load,placeholders] loadInstanceThreadQ threads:0x00007f8f4f008800, 
[0.099s][debug][class,load,placeholders] superThreadQ threads:
[0.099s][debug][class,load,placeholders] defineThreadQ threads:0x00007f8f4f008800, 
[0.099s][debug][class,load,placeholders] find_and_remove DEFINE_CLASS 'java/util/concurrent/ConcurrentHashMap$ReservationNode', loader loader data: 0x00006000032ac000 of 'bootstrap', InstanceKlass 'java/util/concurrent/ConcurrentHashMap$ReservationNode'
[0.099s][debug][class,load,placeholders] loadInstanceThreadQ threads:0x00007f8f4f008800, 
[0.099s][debug][class,load,placeholders] superThreadQ threads:
[0.099s][debug][class,load,placeholders] defineThreadQ threads:0x00007f8f4f008800, 
[0.099s][debug][class,load,placeholders] find_and_remove LOAD_INSTANCE 'java/util/concurrent/ConcurrentHashMap$ReservationNode', loader loader data: 0x00006000032ac000 of 'bootstrap', InstanceKlass 'java/util/concurrent/ConcurrentHashMap$ReservationNode'
[0.099s][debug][class,load,placeholders] loadInstanceThreadQ threads:0x00007f8f4f008800, 
[0.099s][debug][class,load,placeholders] superThreadQ threads:
[0.099s][debug][class,load,placeholders] defineThreadQ threads:
[0.099s][debug][class,resolve          ] java.util.concurrent.ConcurrentHashMap java.util.concurrent.ConcurrentHashMap$ReservationNode ConcurrentHashMap.java:6380
[0.099s][trace][metaspace              ] Arena @0x00006000016b2200 (non-class sm): requested 7 words.
[0.099s][trace][metaspace              ] Arena @0x00006000016b2200 (non-class sm): after allocation: 1 chunk(s), current:@0x00007f8f2d80b248, u, base 0x0000000171000000, level lv02 (524288), used: 1065, committed: 8192, committed-free: 7127
[0.099s][trace][metaspace              ] Arena @0x00006000016b2200 (non-class sm): returning 0x0000000171002110.
[0.099s][trace][metaspace              ] Metaspace::allocate: type 13 return 0x0000000171002110.
[0.099s][debug][class,resolve          ] java.util.concurrent.ConcurrentHashMap java.util.AbstractMap ConcurrentHashMap.java:828
[0.099s][debug][class,resolve          ] java.lang.invoke.MethodHandles jdk.internal.reflect.Reflection MethodHandles.java:116
[0.099s][trace][metaspace              ] Arena @0x00006000016b2200 (non-class sm): requested 7 words.
[0.099s][trace][metaspace              ] Arena @0x00006000016b2200 (non-class sm): after allocation: 1 chunk(s), current:@0x00007f8f2d80b248, u, base 0x0000000171000000, level lv02 (524288), used: 1072, committed: 8192, committed-free: 7120
[0.099s][trace][metaspace              ] Arena @0x00006000016b2200 (non-class sm): returning 0x0000000171002148.
[0.099s][trace][metaspace              ] Metaspace::allocate: type 13 return 0x0000000171002148.
[0.099s][debug][jni,resolve            ] [Dynamic-linking native method jdk.internal.reflect.Reflection.getCallerClass ... JNI]
[0.099s][trace][metaspace              ] Arena @0x00006000016b2200 (non-class sm): requested 7 words.
[0.099s][trace][metaspace              ] Arena @0x00006000016b2200 (non-class sm): after allocation: 1 chunk(s), current:@0x00007f8f2d80b248, u, base 0x0000000171000000, level lv02 (524288), used: 1079, committed: 8192, committed-free: 7113
[0.099s][trace][metaspace              ] Arena @0x00006000016b2200 (non-class sm): returning 0x0000000171002180.
[0.099s][trace][metaspace              ] Metaspace::allocate: type 13 return 0x0000000171002180.
[0.099s][trace][metaspace              ] Arena @0x00006000016b2200 (non-class sm): requested 7 words.
[0.099s][trace][metaspace              ] Arena @0x00006000016b2200 (non-class sm): after allocation: 1 chunk(s), current:@0x00007f8f2d80b248, u, base 0x0000000171000000, level lv02 (524288), used: 1086, committed: 8192, committed-free: 7106
[0.099s][trace][metaspace              ] Arena @0x00006000016b2200 (non-class sm): returning 0x00000001710021b8.
[0.099s][trace][metaspace              ] Metaspace::allocate: type 13 return 0x00000001710021b8.
[0.099s][debug][class,load,placeholders] find_and_add LOAD_INSTANCE 'jdk/internal/reflect/ReflectionFactory$GetReflectionFactoryAction', loader loader data: 0x00006000032ac000 of 'bootstrap'
[0.099s][debug][class,load,placeholders] loadInstanceThreadQ threads:0x00007f8f4f008800, 
[0.099s][debug][class,load,placeholders] superThreadQ threads:
[0.099s][debug][class,load,placeholders] defineThreadQ threads:
[0.099s][debug][class,load,placeholders] find_and_add LOAD_SUPER 'jdk/internal/reflect/ReflectionFactory$GetReflectionFactoryAction', loader loader data: 0x00006000032ac000 of 'bootstrap', supername 'java/security/PrivilegedAction'
[0.099s][debug][class,load,placeholders] loadInstanceThreadQ threads:0x00007f8f4f008800, 
[0.099s][debug][class,load,placeholders] superThreadQ threads:0x00007f8f4f008800, 
[0.099s][debug][class,load,placeholders] defineThreadQ threads:
[0.099s][debug][class,load,placeholders] find_and_add LOAD_INSTANCE 'java/security/PrivilegedAction', loader loader data: 0x00006000032ac000 of 'bootstrap'
[0.099s][debug][class,load,placeholders] loadInstanceThreadQ threads:0x00007f8f4f008800, 
[0.099s][debug][class,load,placeholders] superThreadQ threads:
[0.099s][debug][class,load,placeholders] defineThreadQ threads:
[0.099s][trace][cds,unshareable        ] restore: java.security.PrivilegedAction
[0.099s][trace][class,loader,data      ] Adding k: 0x000000013012b1f8 java.security.PrivilegedAction to loader data: 0x00006000032ac000 of 'bootstrap'
[0.099s][debug][cds,mirror             ] java.security.PrivilegedAction has raw archived mirror
[0.099s][debug][cds,heap               ] Clearing root 436: was 0x00000007ffb0c328
[0.099s][debug][cds,mirror             ] Archived mirror is: 0x00000007ffb0c328
[0.099s][trace][cds,heap,mirror        ] Restored java.security.PrivilegedAction archived mirror 0x00000007ffb0c328
[0.099s][info ][class,load             ] java.security.PrivilegedAction source: shared objects file
[0.099s][debug][class,load             ]  klass: 0x000000013012b1f8 super: 0x0000000130000db8 loader: [loader data: 0x00006000032ac000 of 'bootstrap']
[0.099s][debug][class,load,placeholders] find_and_add DEFINE_CLASS 'java/security/PrivilegedAction', loader loader data: 0x00006000032ac000 of 'bootstrap'
[0.099s][debug][class,load,placeholders] loadInstanceThreadQ threads:0x00007f8f4f008800, 
[0.099s][debug][class,load,placeholders] superThreadQ threads:
[0.099s][debug][class,load,placeholders] defineThreadQ threads:0x00007f8f4f008800, 
[0.099s][debug][class,load,placeholders] find_and_remove DEFINE_CLASS 'java/security/PrivilegedAction', loader loader data: 0x00006000032ac000 of 'bootstrap', InstanceKlass 'java/security/PrivilegedAction'
[0.099s][debug][class,load,placeholders] loadInstanceThreadQ threads:0x00007f8f4f008800, 
[0.099s][debug][class,load,placeholders] superThreadQ threads:
[0.099s][debug][class,load,placeholders] defineThreadQ threads:0x00007f8f4f008800, 
[0.099s][debug][class,load,placeholders] find_and_remove LOAD_INSTANCE 'java/security/PrivilegedAction', loader loader data: 0x00006000032ac000 of 'bootstrap', InstanceKlass 'java/security/PrivilegedAction'
[0.099s][debug][class,load,placeholders] loadInstanceThreadQ threads:0x00007f8f4f008800, 
[0.099s][debug][class,load,placeholders] superThreadQ threads:
[0.099s][debug][class,load,placeholders] defineThreadQ threads:
[0.099s][debug][class,load,placeholders] find_and_remove LOAD_SUPER 'jdk/internal/reflect/ReflectionFactory$GetReflectionFactoryAction', loader loader data: 0x00006000032ac000 of 'bootstrap', supername 'java/security/PrivilegedAction'
[0.099s][debug][class,load,placeholders] loadInstanceThreadQ threads:0x00007f8f4f008800, 
[0.099s][debug][class,load,placeholders] superThreadQ threads:0x00007f8f4f008800, 
[0.099s][debug][class,load,placeholders] defineThreadQ threads:
[0.099s][trace][cds,unshareable        ] restore: jdk.internal.reflect.ReflectionFactory$GetReflectionFactoryAction
[0.099s][trace][class,loader,data      ] Adding k: 0x0000000130139440 jdk.internal.reflect.ReflectionFactory$GetReflectionFactoryAction to loader data: 0x00006000032ac000 of 'bootstrap'
[0.099s][debug][cds,mirror             ] jdk.internal.reflect.ReflectionFactory$GetReflectionFactoryAction has raw archived mirror
[0.099s][debug][cds,heap               ] Clearing root 358: was 0x00000007ffb0a2a8
[0.099s][debug][cds,mirror             ] Archived mirror is: 0x00000007ffb0a2a8
[0.099s][trace][cds,heap,mirror        ] Restored jdk.internal.reflect.ReflectionFactory$GetReflectionFactoryAction archived mirror 0x00000007ffb0a2a8
[0.099s][info ][class,load             ] jdk.internal.reflect.ReflectionFactory$GetReflectionFactoryAction source: shared objects file
[0.099s][debug][class,load             ]  klass: 0x0000000130139440 super: 0x0000000130000db8 interfaces: 0x000000013012b1f8 loader: [loader data: 0x00006000032ac000 of 'bootstrap']
[0.099s][debug][class,load,placeholders] find_and_add DEFINE_CLASS 'jdk/internal/reflect/ReflectionFactory$GetReflectionFactoryAction', loader loader data: 0x00006000032ac000 of 'bootstrap', supername 'java/security/PrivilegedAction'
[0.099s][debug][class,load,placeholders] loadInstanceThreadQ threads:0x00007f8f4f008800, 
[0.099s][debug][class,load,placeholders] superThreadQ threads:
[0.099s][debug][class,load,placeholders] defineThreadQ threads:0x00007f8f4f008800, 
[0.100s][debug][class,load,placeholders] find_and_remove DEFINE_CLASS 'jdk/internal/reflect/ReflectionFactory$GetReflectionFactoryAction', loader loader data: 0x00006000032ac000 of 'bootstrap', supername 'java/security/PrivilegedAction', InstanceKlass 'jdk/internal/reflect/ReflectionFactory$GetReflectionFactoryAction'
[0.100s][debug][class,load,placeholders] loadInstanceThreadQ threads:0x00007f8f4f008800, 
[0.100s][debug][class,load,placeholders] superThreadQ threads:
[0.100s][debug][class,load,placeholders] defineThreadQ threads:0x00007f8f4f008800, 
[0.100s][debug][class,load,placeholders] find_and_remove LOAD_INSTANCE 'jdk/internal/reflect/ReflectionFactory$GetReflectionFactoryAction', loader loader data: 0x00006000032ac000 of 'bootstrap', supername 'java/security/PrivilegedAction', InstanceKlass 'jdk/internal/reflect/ReflectionFactory$GetReflectionFactoryAction'
[0.100s][debug][class,load,placeholders] loadInstanceThreadQ threads:0x00007f8f4f008800, 
[0.100s][debug][class,load,placeholders] superThreadQ threads:
[0.100s][debug][class,load,placeholders] defineThreadQ threads:
[0.100s][debug][class,resolve          ] java.lang.reflect.AccessibleObject jdk.internal.reflect.ReflectionFactory$GetReflectionFactoryAction AccessibleObject.java:488
[0.100s][info ][class,init             ] 63 Initializing 'jdk/internal/reflect/ReflectionFactory$GetReflectionFactoryAction'(no method) (0x0000000130139440)
[0.100s][trace][metaspace              ] Arena @0x00006000016b2200 (non-class sm): requested 7 words.
[0.100s][trace][metaspace              ] Arena @0x00006000016b2200 (non-class sm): after allocation: 1 chunk(s), current:@0x00007f8f2d80b248, u, base 0x0000000171000000, level lv02 (524288), used: 1093, committed: 8192, committed-free: 7099
[0.100s][trace][metaspace              ] Arena @0x00006000016b2200 (non-class sm): returning 0x00000001710021f0.
[0.100s][trace][metaspace              ] Metaspace::allocate: type 13 return 0x00000001710021f0.
[0.100s][debug][class,resolve          ] jdk.internal.reflect.ReflectionFactory$GetReflectionFactoryAction java.lang.Object ReflectionFactory.java:106
[0.100s][debug][class,resolve          ] java.lang.reflect.AccessibleObject java.security.AccessController AccessibleObject.java:489
[0.100s][trace][metaspace              ] Arena @0x00006000016b2200 (non-class sm): requested 7 words.
[0.100s][trace][metaspace              ] Arena @0x00006000016b2200 (non-class sm): after allocation: 1 chunk(s), current:@0x00007f8f2d80b248, u, base 0x0000000171000000, level lv02 (524288), used: 1100, committed: 8192, committed-free: 7092
[0.100s][trace][metaspace              ] Arena @0x00006000016b2200 (non-class sm): returning 0x0000000171002228.
[0.100s][trace][metaspace              ] Metaspace::allocate: type 13 return 0x0000000171002228.
[0.100s][debug][class,resolve          ] java.security.AccessController jdk.internal.reflect.Reflection AccessController.java:318
[0.100s][trace][metaspace              ] Arena @0x00006000016b2200 (non-class sm): requested 7 words.
[0.100s][trace][metaspace              ] Arena @0x00006000016b2200 (non-class sm): after allocation: 1 chunk(s), current:@0x00007f8f2d80b248, u, base 0x0000000171000000, level lv02 (524288), used: 1107, committed: 8192, committed-free: 7085
[0.100s][trace][metaspace              ] Arena @0x00006000016b2200 (non-class sm): returning 0x0000000171002260.
[0.100s][trace][metaspace              ] Metaspace::allocate: type 13 return 0x0000000171002260.
[0.100s][debug][class,resolve          ] java.security.AccessController java.security.PrivilegedAction AccessController.java:776
[0.100s][trace][metaspace              ] Arena @0x00006000016b2200 (non-class sm): requested 7 words.
[0.100s][trace][metaspace              ] Arena @0x00006000016b2200 (non-class sm): after allocation: 1 chunk(s), current:@0x00007f8f2d80b248, u, base 0x0000000171000000, level lv02 (524288), used: 1114, committed: 8192, committed-free: 7078
[0.100s][trace][metaspace              ] Arena @0x00006000016b2200 (non-class sm): returning 0x0000000171002298.
[0.100s][trace][metaspace              ] Metaspace::allocate: type 13 return 0x0000000171002298.
[0.100s][trace][metaspace              ] Arena @0x00006000016b2200 (non-class sm): requested 7 words.
[0.100s][trace][metaspace              ] Arena @0x00006000016b2200 (non-class sm): after allocation: 1 chunk(s), current:@0x00007f8f2d80b248, u, base 0x0000000171000000, level lv02 (524288), used: 1121, committed: 8192, committed-free: 7071
[0.100s][trace][metaspace              ] Arena @0x00006000016b2200 (non-class sm): returning 0x00000001710022d0.
[0.100s][trace][metaspace              ] Metaspace::allocate: type 13 return 0x00000001710022d0.
[0.100s][debug][class,load,placeholders] find_and_add LOAD_INSTANCE 'jdk/internal/reflect/ReflectionFactory', loader loader data: 0x00006000032ac000 of 'bootstrap'
[0.100s][debug][class,load,placeholders] loadInstanceThreadQ threads:0x00007f8f4f008800, 
[0.100s][debug][class,load,placeholders] superThreadQ threads:
[0.100s][debug][class,load,placeholders] defineThreadQ threads:
[0.100s][trace][cds,unshareable        ] restore: jdk.internal.reflect.ReflectionFactory
[0.100s][trace][class,loader,data      ] Adding k: 0x0000000130055d30 jdk.internal.reflect.ReflectionFactory to loader data: 0x00006000032ac000 of 'bootstrap'
[0.100s][debug][cds,mirror             ] jdk.internal.reflect.ReflectionFactory has raw archived mirror
[0.100s][debug][cds,heap               ] Clearing root 336: was 0x00000007ffb09a38
[0.100s][debug][cds,mirror             ] Archived mirror is: 0x00000007ffb09a38
[0.100s][trace][cds,heap,mirror        ] Restored jdk.internal.reflect.ReflectionFactory archived mirror 0x00000007ffb09a38
[0.100s][debug][cds,heap               ] Clearing root 337: was 0x00000007ffb09ab8
[0.100s][info ][class,load             ] jdk.internal.reflect.ReflectionFactory source: shared objects file
[0.100s][debug][class,load             ]  klass: 0x0000000130055d30 super: 0x0000000130000db8 loader: [loader data: 0x00006000032ac000 of 'bootstrap']
[0.100s][debug][class,load,placeholders] find_and_add DEFINE_CLASS 'jdk/internal/reflect/ReflectionFactory', loader loader data: 0x00006000032ac000 of 'bootstrap'
[0.100s][debug][class,load,placeholders] loadInstanceThreadQ threads:0x00007f8f4f008800, 
[0.100s][debug][class,load,placeholders] superThreadQ threads:
[0.100s][debug][class,load,placeholders] defineThreadQ threads:0x00007f8f4f008800, 
[0.100s][debug][class,load,placeholders] find_and_remove DEFINE_CLASS 'jdk/internal/reflect/ReflectionFactory', loader loader data: 0x00006000032ac000 of 'bootstrap', InstanceKlass 'jdk/internal/reflect/ReflectionFactory'
[0.100s][debug][class,load,placeholders] loadInstanceThreadQ threads:0x00007f8f4f008800, 
[0.100s][debug][class,load,placeholders] superThreadQ threads:
[0.100s][debug][class,load,placeholders] defineThreadQ threads:0x00007f8f4f008800, 
[0.100s][debug][class,load,placeholders] find_and_remove LOAD_INSTANCE 'jdk/internal/reflect/ReflectionFactory', loader loader data: 0x00006000032ac000 of 'bootstrap', InstanceKlass 'jdk/internal/reflect/ReflectionFactory'
[0.100s][debug][class,load,placeholders] loadInstanceThreadQ threads:0x00007f8f4f008800, 
[0.100s][debug][class,load,placeholders] superThreadQ threads:
[0.100s][debug][class,load,placeholders] defineThreadQ threads:
[0.100s][debug][class,resolve          ] jdk.internal.reflect.ReflectionFactory$GetReflectionFactoryAction jdk.internal.reflect.ReflectionFactory ReflectionFactory.java:109
[0.100s][info ][class,init             ] 64 Initializing 'jdk/internal/reflect/ReflectionFactory' (0x0000000130055d30)
[0.100s][trace][metaspace              ] Arena @0x00006000016b2200 (non-class sm): requested 7 words.
[0.100s][trace][metaspace              ] Arena @0x00006000016b2200 (non-class sm): after allocation: 1 chunk(s), current:@0x00007f8f2d80b248, u, base 0x0000000171000000, level lv02 (524288), used: 1128, committed: 8192, committed-free: 7064
[0.100s][trace][metaspace              ] Arena @0x00006000016b2200 (non-class sm): returning 0x0000000171002308.
[0.100s][trace][metaspace              ] Metaspace::allocate: type 13 return 0x0000000171002308.
[0.100s][debug][class,resolve          ] jdk.internal.reflect.ReflectionFactory java.lang.Class ReflectionFactory.java:63
[0.100s][trace][metaspace              ] Arena @0x00006000016b2200 (non-class sm): requested 7 words.
[0.100s][trace][metaspace              ] Arena @0x00006000016b2200 (non-class sm): after allocation: 1 chunk(s), current:@0x00007f8f2d80b248, u, base 0x0000000171000000, level lv02 (524288), used: 1135, committed: 8192, committed-free: 7057
[0.100s][trace][metaspace              ] Arena @0x00006000016b2200 (non-class sm): returning 0x0000000171002340.
[0.100s][trace][metaspace              ] Metaspace::allocate: type 13 return 0x0000000171002340.
[0.100s][debug][class,resolve          ] jdk.internal.reflect.ReflectionFactory java.lang.Object ReflectionFactory.java:93
[0.100s][debug][class,resolve          ] jdk.internal.reflect.ReflectionFactory jdk.internal.access.SharedSecrets ReflectionFactory.java:94
[0.100s][trace][metaspace              ] Arena @0x00006000016b2200 (non-class sm): requested 7 words.
[0.100s][trace][metaspace              ] Arena @0x00006000016b2200 (non-class sm): after allocation: 1 chunk(s), current:@0x00007f8f2d80b248, u, base 0x0000000171000000, level lv02 (524288), used: 1142, committed: 8192, committed-free: 7050
[0.100s][trace][metaspace              ] Arena @0x00006000016b2200 (non-class sm): returning 0x0000000171002378.
[0.100s][trace][metaspace              ] Metaspace::allocate: type 13 return 0x0000000171002378.
[0.100s][trace][metaspace              ] Arena @0x00006000016b2200 (non-class sm): requested 7 words.
[0.100s][trace][metaspace              ] Arena @0x00006000016b2200 (non-class sm): after allocation: 1 chunk(s), current:@0x00007f8f2d80b248, u, base 0x0000000171000000, level lv02 (524288), used: 1149, committed: 8192, committed-free: 7043
[0.100s][trace][metaspace              ] Arena @0x00006000016b2200 (non-class sm): returning 0x00000001710023b0.
[0.100s][trace][metaspace              ] Metaspace::allocate: type 13 return 0x00000001710023b0.
[0.100s][debug][class,resolve          ] jdk.internal.reflect.ReflectionFactory java.lang.System ReflectionFactory.java:133
[0.100s][debug][class,resolve          ] java.security.AccessController java.lang.ref.Reference AccessController.java:781
[0.100s][info ][class,init             ] 65 Initializing 'java/lang/ref/Reference' (0x000000013004cbd0)
[0.100s][trace][metaspace              ] Arena @0x00006000016b2200 (non-class sm): requested 7 words.
[0.100s][trace][metaspace              ] Arena @0x00006000016b2200 (non-class sm): after allocation: 1 chunk(s), current:@0x00007f8f2d80b248, u, base 0x0000000171000000, level lv02 (524288), used: 1156, committed: 8192, committed-free: 7036
[0.101s][trace][metaspace              ] Arena @0x00006000016b2200 (non-class sm): returning 0x00000001710023e8.
[0.101s][trace][metaspace              ] Metaspace::allocate: type 13 return 0x00000001710023e8.
[0.101s][debug][class,resolve          ] java.lang.ref.Reference java.lang.Class Reference.java:44
[0.101s][debug][class,resolve          ] java.lang.ref.Reference java.lang.Object Reference.java:245
[0.101s][debug][class,resolve          ] java.lang.ref.Reference java.lang.Thread Reference.java:304
[0.101s][debug][class,resolve          ] java.lang.ref.Reference java.lang.ThreadGroup Reference.java:307
[0.101s][trace][metaspace              ] Arena @0x00006000016b2200 (non-class sm): requested 7 words.
[0.101s][trace][metaspace              ] Arena @0x00006000016b2200 (non-class sm): after allocation: 1 chunk(s), current:@0x00007f8f2d80b248, u, base 0x0000000171000000, level lv02 (524288), used: 1163, committed: 8192, committed-free: 7029
[0.101s][trace][metaspace              ] Arena @0x00006000016b2200 (non-class sm): returning 0x0000000171002420.
[0.101s][trace][metaspace              ] Metaspace::allocate: type 13 return 0x0000000171002420.
[0.101s][debug][class,load,placeholders] find_and_add LOAD_INSTANCE 'java/lang/ref/Reference$ReferenceHandler', loader loader data: 0x00006000032ac000 of 'bootstrap'
[0.101s][debug][class,load,placeholders] loadInstanceThreadQ threads:0x00007f8f4f008800, 
[0.101s][debug][class,load,placeholders] superThreadQ threads:
[0.101s][debug][class,load,placeholders] defineThreadQ threads:
[0.101s][trace][cds,unshareable        ] restore: java.lang.ref.Reference$ReferenceHandler
[0.101s][trace][class,loader,data      ] Adding k: 0x000000013004e228 java.lang.ref.Reference$ReferenceHandler to loader data: 0x00006000032ac000 of 'bootstrap'
[0.101s][debug][cds,mirror             ] java.lang.ref.Reference$ReferenceHandler has raw archived mirror
[0.101s][debug][cds,heap               ] Clearing root 476: was 0x00000007ffb0d308
[0.101s][debug][cds,mirror             ] Archived mirror is: 0x00000007ffb0d308
[0.101s][trace][cds,heap,mirror        ] Restored java.lang.ref.Reference$ReferenceHandler archived mirror 0x00000007ffb0d308
[0.101s][info ][class,load             ] java.lang.ref.Reference$ReferenceHandler source: shared objects file
[0.101s][debug][class,load             ]  klass: 0x000000013004e228 super: 0x000000013001eab0 loader: [loader data: 0x00006000032ac000 of 'bootstrap']
[0.101s][debug][class,load,placeholders] find_and_add DEFINE_CLASS 'java/lang/ref/Reference$ReferenceHandler', loader loader data: 0x00006000032ac000 of 'bootstrap'
[0.101s][debug][class,load,placeholders] loadInstanceThreadQ threads:0x00007f8f4f008800, 
[0.101s][debug][class,load,placeholders] superThreadQ threads:
[0.101s][debug][class,load,placeholders] defineThreadQ threads:0x00007f8f4f008800, 
[0.101s][debug][class,load,placeholders] find_and_remove DEFINE_CLASS 'java/lang/ref/Reference$ReferenceHandler', loader loader data: 0x00006000032ac000 of 'bootstrap', InstanceKlass 'java/lang/ref/Reference$ReferenceHandler'
[0.101s][debug][class,load,placeholders] loadInstanceThreadQ threads:0x00007f8f4f008800, 
[0.101s][debug][class,load,placeholders] superThreadQ threads:
[0.101s][debug][class,load,placeholders] defineThreadQ threads:0x00007f8f4f008800, 
[0.101s][debug][class,load,placeholders] find_and_remove LOAD_INSTANCE 'java/lang/ref/Reference$ReferenceHandler', loader loader data: 0x00006000032ac000 of 'bootstrap', InstanceKlass 'java/lang/ref/Reference$ReferenceHandler'
[0.101s][debug][class,load,placeholders] loadInstanceThreadQ threads:0x00007f8f4f008800, 
[0.101s][debug][class,load,placeholders] superThreadQ threads:
[0.101s][debug][class,load,placeholders] defineThreadQ threads:
[0.101s][debug][class,resolve          ] java.lang.ref.Reference java.lang.ref.Reference$ReferenceHandler Reference.java:308
[0.101s][info ][class,init             ] 66 Initializing 'java/lang/ref/Reference$ReferenceHandler' (0x000000013004e228)
[0.101s][trace][metaspace              ] Arena @0x00006000016b2200 (non-class sm): requested 7 words.
[0.101s][trace][metaspace              ] Arena @0x00006000016b2200 (non-class sm): after allocation: 1 chunk(s), current:@0x00007f8f2d80b248, u, base 0x0000000171000000, level lv02 (524288), used: 1170, committed: 8192, committed-free: 7022
[0.101s][trace][metaspace              ] Arena @0x00006000016b2200 (non-class sm): returning 0x0000000171002458.
[0.101s][trace][metaspace              ] Metaspace::allocate: type 13 return 0x0000000171002458.
[0.101s][debug][class,load,placeholders] find_and_add LOAD_INSTANCE 'jdk/internal/ref/Cleaner', loader loader data: 0x00006000032ac000 of 'bootstrap'
[0.101s][debug][class,load,placeholders] loadInstanceThreadQ threads:0x00007f8f4f008800, 
[0.101s][debug][class,load,placeholders] superThreadQ threads:
[0.101s][debug][class,load,placeholders] defineThreadQ threads:
[0.101s][trace][cds,unshareable        ] restore: jdk.internal.ref.Cleaner
[0.101s][trace][class,loader,data      ] Adding k: 0x000000013004df98 jdk.internal.ref.Cleaner to loader data: 0x00006000032ac000 of 'bootstrap'
[0.101s][debug][cds,mirror             ] jdk.internal.ref.Cleaner has raw archived mirror
[0.101s][debug][cds,heap               ] Clearing root 475: was 0x00000007ffb0d290
[0.101s][debug][cds,mirror             ] Archived mirror is: 0x00000007ffb0d290
[0.101s][trace][cds,heap,mirror        ] Restored jdk.internal.ref.Cleaner archived mirror 0x00000007ffb0d290
[0.101s][info ][class,load             ] jdk.internal.ref.Cleaner source: shared objects file
[0.101s][debug][class,load             ]  klass: 0x000000013004df98 super: 0x000000013004ce48 loader: [loader data: 0x00006000032ac000 of 'bootstrap']
[0.101s][debug][class,load,placeholders] find_and_add DEFINE_CLASS 'jdk/internal/ref/Cleaner', loader loader data: 0x00006000032ac000 of 'bootstrap'
[0.101s][debug][class,load,placeholders] loadInstanceThreadQ threads:0x00007f8f4f008800, 
[0.101s][debug][class,load,placeholders] superThreadQ threads:
[0.101s][debug][class,load,placeholders] defineThreadQ threads:0x00007f8f4f008800, 
[0.101s][debug][class,load,placeholders] find_and_remove DEFINE_CLASS 'jdk/internal/ref/Cleaner', loader loader data: 0x00006000032ac000 of 'bootstrap', InstanceKlass 'jdk/internal/ref/Cleaner'
[0.101s][debug][class,load,placeholders] loadInstanceThreadQ threads:0x00007f8f4f008800, 
[0.101s][debug][class,load,placeholders] superThreadQ threads:
[0.101s][debug][class,load,placeholders] defineThreadQ threads:0x00007f8f4f008800, 
[0.101s][debug][class,load,placeholders] find_and_remove LOAD_INSTANCE 'jdk/internal/ref/Cleaner', loader loader data: 0x00006000032ac000 of 'bootstrap', InstanceKlass 'jdk/internal/ref/Cleaner'
[0.101s][debug][class,load,placeholders] loadInstanceThreadQ threads:0x00007f8f4f008800, 
[0.101s][debug][class,load,placeholders] superThreadQ threads:
[0.101s][debug][class,load,placeholders] defineThreadQ threads:
[0.101s][debug][class,resolve          ] java.lang.ref.Reference$ReferenceHandler jdk.internal.ref.Cleaner Reference.java:206
[0.101s][trace][metaspace              ] Arena @0x00006000016b2200 (non-class sm): requested 7 words.
[0.101s][trace][metaspace              ] Arena @0x00006000016b2200 (non-class sm): after allocation: 1 chunk(s), current:@0x00007f8f2d80b248, u, base 0x0000000171000000, level lv02 (524288), used: 1177, committed: 8192, committed-free: 7015
[0.101s][trace][metaspace              ] Arena @0x00006000016b2200 (non-class sm): returning 0x0000000171002490.
[0.101s][trace][metaspace              ] Metaspace::allocate: type 13 return 0x0000000171002490.
[0.101s][debug][class,resolve          ] java.lang.ref.Reference$ReferenceHandler java.lang.Class Reference.java:196
[0.101s][trace][metaspace              ] Arena @0x00006000016b2200 (non-class sm): requested 7 words.
[0.101s][trace][metaspace              ] Arena @0x00006000016b2200 (non-class sm): after allocation: 1 chunk(s), current:@0x00007f8f2d80b248, u, base 0x0000000171000000, level lv02 (524288), used: 1184, committed: 8192, committed-free: 7008
[0.101s][trace][metaspace              ] Arena @0x00006000016b2200 (non-class sm): returning 0x00000001710024c8.
[0.101s][trace][metaspace              ] Metaspace::allocate: type 13 return 0x00000001710024c8.
[0.101s][trace][metaspace              ] Arena @0x00006000016b2200 (non-class sm): requested 7 words.
[0.101s][trace][metaspace              ] Arena @0x00006000016b2200 (non-class sm): after allocation: 1 chunk(s), current:@0x00007f8f2d80b248, u, base 0x0000000171000000, level lv02 (524288), used: 1191, committed: 8192, committed-free: 7001
[0.101s][trace][metaspace              ] Arena @0x00006000016b2200 (non-class sm): returning 0x0000000171002500.
[0.101s][trace][metaspace              ] Metaspace::allocate: type 13 return 0x0000000171002500.
[0.101s][trace][oopstorage,ref         ] StringTable Weak: allocated 0x00007f8f4cf05f08
[0.101s][trace][metaspace              ] Arena @0x00006000016b2200 (non-class sm): requested 7 words.
[0.101s][trace][metaspace              ] Arena @0x00006000016b2200 (non-class sm): after allocation: 1 chunk(s), current:@0x00007f8f2d80b248, u, base 0x0000000171000000, level lv02 (524288), used: 1198, committed: 8192, committed-free: 6994
[0.101s][trace][metaspace              ] Arena @0x00006000016b2200 (non-class sm): returning 0x0000000171002538.
[0.101s][trace][metaspace              ] Metaspace::allocate: type 13 return 0x0000000171002538.
[0.101s][trace][metaspace              ] Arena @0x00006000016b2200 (non-class sm): requested 7 words.
[0.101s][trace][metaspace              ] Arena @0x00006000016b2200 (non-class sm): after allocation: 1 chunk(s), current:@0x00007f8f2d80b248, u, base 0x0000000171000000, level lv02 (524288), used: 1205, committed: 8192, committed-free: 6987
[0.101s][trace][metaspace              ] Arena @0x00006000016b2200 (non-class sm): returning 0x0000000171002570.
[0.101s][trace][metaspace              ] Metaspace::allocate: type 13 return 0x0000000171002570.
[0.101s][debug][class,resolve          ] java.lang.Class java.lang.System Class.java:454
[0.101s][trace][metaspace              ] Arena @0x00006000016b2200 (non-class sm): requested 7 words.
[0.101s][trace][metaspace              ] Arena @0x00006000016b2200 (non-class sm): after allocation: 1 chunk(s), current:@0x00007f8f2d80b248, u, base 0x0000000171000000, level lv02 (524288), used: 1212, committed: 8192, committed-free: 6980
[0.102s][trace][metaspace              ] Arena @0x00006000016b2200 (non-class sm): returning 0x00000001710025a8.
[0.102s][trace][metaspace              ] Metaspace::allocate: type 13 return 0x00000001710025a8.
[0.102s][debug][jni,resolve            ] [Dynamic-linking native method java.lang.Class.forName0 ... JNI]
[0.102s][info ][class,init             ] 67 Initializing 'java/lang/ref/PhantomReference'(no method) (0x000000013004ce48)
[0.102s][info ][class,init             ] 68 Initializing 'jdk/internal/ref/Cleaner' (0x000000013004df98)
[0.102s][trace][metaspace              ] Arena @0x00006000016b2200 (non-class sm): requested 7 words.
[0.102s][trace][metaspace              ] Arena @0x00006000016b2200 (non-class sm): after allocation: 1 chunk(s), current:@0x00007f8f2d80b248, u, base 0x0000000171000000, level lv02 (524288), used: 1219, committed: 8192, committed-free: 6973
[0.102s][trace][metaspace              ] Arena @0x00006000016b2200 (non-class sm): returning 0x00000001710025e0.
[0.102s][trace][metaspace              ] Metaspace::allocate: type 13 return 0x00000001710025e0.
[0.102s][debug][class,load,placeholders] find_and_add LOAD_INSTANCE 'java/lang/ref/ReferenceQueue', loader loader data: 0x00006000032ac000 of 'bootstrap'
[0.102s][debug][class,load,placeholders] loadInstanceThreadQ threads:0x00007f8f4f008800, 
[0.102s][debug][class,load,placeholders] superThreadQ threads:
[0.102s][debug][class,load,placeholders] defineThreadQ threads:
[0.102s][trace][cds,unshareable        ] restore: java.lang.ref.ReferenceQueue
[0.102s][trace][class,loader,data      ] Adding k: 0x0000000130055848 java.lang.ref.ReferenceQueue to loader data: 0x00006000032ac000 of 'bootstrap'
[0.102s][debug][cds,mirror             ] java.lang.ref.ReferenceQueue has raw archived mirror
[0.102s][debug][cds,heap               ] Clearing root 473: was 0x00000007ffb0d1f8
[0.102s][debug][cds,mirror             ] Archived mirror is: 0x00000007ffb0d1f8
[0.102s][trace][cds,heap,mirror        ] Restored java.lang.ref.ReferenceQueue archived mirror 0x00000007ffb0d1f8
[0.102s][debug][cds,heap               ] Clearing root 474: was 0x00000007ffb0d278
[0.102s][info ][class,load             ] java.lang.ref.ReferenceQueue source: shared objects file
[0.102s][debug][class,load             ]  klass: 0x0000000130055848 super: 0x0000000130000db8 loader: [loader data: 0x00006000032ac000 of 'bootstrap']
[0.102s][debug][class,load,placeholders] find_and_add DEFINE_CLASS 'java/lang/ref/ReferenceQueue', loader loader data: 0x00006000032ac000 of 'bootstrap'
[0.102s][debug][class,load,placeholders] loadInstanceThreadQ threads:0x00007f8f4f008800, 
[0.102s][debug][class,load,placeholders] superThreadQ threads:
[0.102s][debug][class,load,placeholders] defineThreadQ threads:0x00007f8f4f008800, 
[0.102s][debug][class,load,placeholders] find_and_remove DEFINE_CLASS 'java/lang/ref/ReferenceQueue', loader loader data: 0x00006000032ac000 of 'bootstrap', InstanceKlass 'java/lang/ref/ReferenceQueue'
[0.102s][debug][class,load,placeholders] loadInstanceThreadQ threads:0x00007f8f4f008800, 
[0.102s][debug][class,load,placeholders] superThreadQ threads:
[0.102s][debug][class,load,placeholders] defineThreadQ threads:0x00007f8f4f008800, 
[0.102s][debug][class,load,placeholders] find_and_remove LOAD_INSTANCE 'java/lang/ref/ReferenceQueue', loader loader data: 0x00006000032ac000 of 'bootstrap', InstanceKlass 'java/lang/ref/ReferenceQueue'
[0.102s][debug][class,load,placeholders] loadInstanceThreadQ threads:0x00007f8f4f008800, 
[0.102s][debug][class,load,placeholders] superThreadQ threads:
[0.102s][debug][class,load,placeholders] defineThreadQ threads:
[0.102s][debug][class,resolve          ] jdk.internal.ref.Cleaner java.lang.ref.ReferenceQueue Cleaner.java:67
[0.102s][info ][class,init             ] 69 Initializing 'java/lang/ref/ReferenceQueue' (0x0000000130055848)
[0.102s][trace][metaspace              ] Arena @0x00006000016b2200 (non-class sm): requested 7 words.
[0.102s][trace][metaspace              ] Arena @0x00006000016b2200 (non-class sm): after allocation: 1 chunk(s), current:@0x00007f8f2d80b248, u, base 0x0000000171000000, level lv02 (524288), used: 1226, committed: 8192, committed-free: 6966
[0.102s][trace][metaspace              ] Arena @0x00006000016b2200 (non-class sm): returning 0x0000000171002618.
[0.102s][trace][metaspace              ] Metaspace::allocate: type 13 return 0x0000000171002618.
[0.102s][debug][class,resolve          ] java.lang.ref.ReferenceQueue java.lang.Class ReferenceQueue.java:39
[0.102s][debug][class,load,placeholders] find_and_add LOAD_INSTANCE 'java/lang/ref/ReferenceQueue$Null', loader loader data: 0x00006000032ac000 of 'bootstrap'
[0.102s][debug][class,load,placeholders] loadInstanceThreadQ threads:0x00007f8f4f008800, 
[0.102s][debug][class,load,placeholders] superThreadQ threads:
[0.102s][debug][class,load,placeholders] defineThreadQ threads:
[0.102s][trace][cds,unshareable        ] restore: java.lang.ref.ReferenceQueue$Null
[0.102s][trace][class,loader,data      ] Adding k: 0x0000000130055ab8 java.lang.ref.ReferenceQueue$Null to loader data: 0x00006000032ac000 of 'bootstrap'
[0.102s][debug][cds,mirror             ] java.lang.ref.ReferenceQueue$Null has raw archived mirror
[0.102s][debug][cds,heap               ] Clearing root 843: was 0x00000007ffb17000
[0.102s][debug][cds,mirror             ] Archived mirror is: 0x00000007ffb17000
[0.102s][trace][cds,heap,mirror        ] Restored java.lang.ref.ReferenceQueue$Null archived mirror 0x00000007ffb17000
[0.102s][info ][class,load             ] java.lang.ref.ReferenceQueue$Null source: shared objects file
[0.102s][debug][class,load             ]  klass: 0x0000000130055ab8 super: 0x0000000130055848 loader: [loader data: 0x00006000032ac000 of 'bootstrap']
[0.102s][debug][class,load,placeholders] find_and_add DEFINE_CLASS 'java/lang/ref/ReferenceQueue$Null', loader loader data: 0x00006000032ac000 of 'bootstrap'
[0.102s][debug][class,load,placeholders] loadInstanceThreadQ threads:0x00007f8f4f008800, 
[0.102s][debug][class,load,placeholders] superThreadQ threads:
[0.102s][debug][class,load,placeholders] defineThreadQ threads:0x00007f8f4f008800, 
[0.102s][debug][class,load,placeholders] find_and_remove DEFINE_CLASS 'java/lang/ref/ReferenceQueue$Null', loader loader data: 0x00006000032ac000 of 'bootstrap', InstanceKlass 'java/lang/ref/ReferenceQueue$Null'
[0.102s][debug][class,load,placeholders] loadInstanceThreadQ threads:0x00007f8f4f008800, 
[0.102s][debug][class,load,placeholders] superThreadQ threads:
[0.102s][debug][class,load,placeholders] defineThreadQ threads:0x00007f8f4f008800, 
[0.102s][debug][class,load,placeholders] find_and_remove LOAD_INSTANCE 'java/lang/ref/ReferenceQueue$Null', loader loader data: 0x00006000032ac000 of 'bootstrap', InstanceKlass 'java/lang/ref/ReferenceQueue$Null'
[0.102s][debug][class,load,placeholders] loadInstanceThreadQ threads:0x00007f8f4f008800, 
[0.102s][debug][class,load,placeholders] superThreadQ threads:
[0.102s][debug][class,load,placeholders] defineThreadQ threads:
[0.102s][debug][class,resolve          ] java.lang.ref.ReferenceQueue java.lang.ref.ReferenceQueue$Null ReferenceQueue.java:52
[0.102s][info ][class,init             ] 70 Initializing 'java/lang/ref/ReferenceQueue$Null'(no method) (0x0000000130055ab8)
[0.102s][trace][class,nestmates        ] Type java.lang.ref.ReferenceQueue is not part of a nest: setting nest-host to self
[0.102s][trace][class,nestmates        ] Resolving nest-host of java.lang.ref.ReferenceQueue$Null using cp entry for java/lang/ref/ReferenceQueue
[0.102s][debug][class,resolve          ] java.lang.ref.ReferenceQueue$Null java.lang.ref.ReferenceQueue ReferenceQueue.java:52
[0.102s][trace][class,nestmates        ] Checking nest membership of java.lang.ref.ReferenceQueue$Null in java.lang.ref.ReferenceQueue
[0.102s][trace][class,nestmates        ] - named class found at nest_members[1] => cp[96]
[0.102s][trace][class,nestmates        ] Resolved nest-host of java.lang.ref.ReferenceQueue$Null to java.lang.ref.ReferenceQueue
[0.102s][trace][class,nestmates        ] Class java.lang.ref.ReferenceQueue does have nestmate access to java.lang.ref.ReferenceQueue$Null
[0.102s][trace][metaspace              ] Arena @0x00006000016b2200 (non-class sm): requested 7 words.
[0.102s][trace][metaspace              ] Arena @0x00006000016b2200 (non-class sm): after allocation: 1 chunk(s), current:@0x00007f8f2d80b248, u, base 0x0000000171000000, level lv02 (524288), used: 1233, committed: 8192, committed-free: 6959
[0.102s][trace][metaspace              ] Arena @0x00006000016b2200 (non-class sm): returning 0x0000000171002650.
[0.102s][trace][metaspace              ] Metaspace::allocate: type 13 return 0x0000000171002650.
[0.102s][trace][metaspace              ] Arena @0x00006000016b2200 (non-class sm): requested 7 words.
[0.102s][trace][metaspace              ] Arena @0x00006000016b2200 (non-class sm): after allocation: 1 chunk(s), current:@0x00007f8f2d80b248, u, base 0x0000000171000000, level lv02 (524288), used: 1240, committed: 8192, committed-free: 6952
[0.102s][trace][metaspace              ] Arena @0x00006000016b2200 (non-class sm): returning 0x0000000171002688.
[0.102s][trace][metaspace              ] Metaspace::allocate: type 13 return 0x0000000171002688.
[0.102s][debug][class,resolve          ] java.lang.ref.ReferenceQueue java.lang.Object ReferenceQueue.java:44
[0.102s][debug][class,load,placeholders] find_and_add LOAD_INSTANCE 'java/lang/ref/ReferenceQueue$Lock', loader loader data: 0x00006000032ac000 of 'bootstrap'
[0.102s][debug][class,load,placeholders] loadInstanceThreadQ threads:0x00007f8f4f008800, 
[0.103s][debug][class,load,placeholders] superThreadQ threads:
[0.103s][debug][class,load,placeholders] defineThreadQ threads:
[0.103s][trace][cds,unshareable        ] restore: java.lang.ref.ReferenceQueue$Lock
[0.103s][trace][class,loader,data      ] Adding k: 0x00000001301f4da8 java.lang.ref.ReferenceQueue$Lock to loader data: 0x00006000032ac000 of 'bootstrap'
[0.103s][debug][cds,mirror             ] java.lang.ref.ReferenceQueue$Lock has raw archived mirror
[0.103s][debug][cds,heap               ] Clearing root 842: was 0x00000007ffb16f90
[0.103s][debug][cds,mirror             ] Archived mirror is: 0x00000007ffb16f90
[0.103s][trace][cds,heap,mirror        ] Restored java.lang.ref.ReferenceQueue$Lock archived mirror 0x00000007ffb16f90
[0.103s][info ][class,load             ] java.lang.ref.ReferenceQueue$Lock source: shared objects file
[0.103s][debug][class,load             ]  klass: 0x00000001301f4da8 super: 0x0000000130000db8 loader: [loader data: 0x00006000032ac000 of 'bootstrap']
[0.103s][debug][class,load,placeholders] find_and_add DEFINE_CLASS 'java/lang/ref/ReferenceQueue$Lock', loader loader data: 0x00006000032ac000 of 'bootstrap'
[0.103s][debug][class,load,placeholders] loadInstanceThreadQ threads:0x00007f8f4f008800, 
[0.103s][debug][class,load,placeholders] superThreadQ threads:
[0.103s][debug][class,load,placeholders] defineThreadQ threads:0x00007f8f4f008800, 
[0.103s][debug][class,load,placeholders] find_and_remove DEFINE_CLASS 'java/lang/ref/ReferenceQueue$Lock', loader loader data: 0x00006000032ac000 of 'bootstrap', InstanceKlass 'java/lang/ref/ReferenceQueue$Lock'
[0.103s][debug][class,load,placeholders] loadInstanceThreadQ threads:0x00007f8f4f008800, 
[0.103s][debug][class,load,placeholders] superThreadQ threads:
[0.103s][debug][class,load,placeholders] defineThreadQ threads:0x00007f8f4f008800, 
[0.103s][debug][class,load,placeholders] find_and_remove LOAD_INSTANCE 'java/lang/ref/ReferenceQueue$Lock', loader loader data: 0x00006000032ac000 of 'bootstrap', InstanceKlass 'java/lang/ref/ReferenceQueue$Lock'
[0.103s][debug][class,load,placeholders] loadInstanceThreadQ threads:0x00007f8f4f008800, 
[0.103s][debug][class,load,placeholders] superThreadQ threads:
[0.103s][debug][class,load,placeholders] defineThreadQ threads:
[0.103s][debug][class,resolve          ] java.lang.ref.ReferenceQueue java.lang.ref.ReferenceQueue$Lock ReferenceQueue.java:56
[0.103s][info ][class,init             ] 71 Initializing 'java/lang/ref/ReferenceQueue$Lock'(no method) (0x00000001301f4da8)
[0.103s][trace][class,nestmates        ] Resolving nest-host of java.lang.ref.ReferenceQueue$Lock using cp entry for java/lang/ref/ReferenceQueue
[0.103s][debug][class,resolve          ] java.lang.ref.ReferenceQueue$Lock java.lang.ref.ReferenceQueue ReferenceQueue.java:56
[0.103s][trace][class,nestmates        ] Checking nest membership of java.lang.ref.ReferenceQueue$Lock in java.lang.ref.ReferenceQueue
[0.103s][trace][class,nestmates        ] - named class found at nest_members[0] => cp[7]
[0.103s][trace][class,nestmates        ] Resolved nest-host of java.lang.ref.ReferenceQueue$Lock to java.lang.ref.ReferenceQueue
[0.103s][trace][class,nestmates        ] Class java.lang.ref.ReferenceQueue does have nestmate access to java.lang.ref.ReferenceQueue$Lock
[0.103s][trace][metaspace              ] Arena @0x00006000016b2200 (non-class sm): requested 7 words.
[0.103s][trace][metaspace              ] Arena @0x00006000016b2200 (non-class sm): after allocation: 1 chunk(s), current:@0x00007f8f2d80b248, u, base 0x0000000171000000, level lv02 (524288), used: 1247, committed: 8192, committed-free: 6945
[0.103s][trace][metaspace              ] Arena @0x00006000016b2200 (non-class sm): returning 0x00000001710026c0.
[0.103s][trace][metaspace              ] Metaspace::allocate: type 13 return 0x00000001710026c0.
[0.103s][debug][class,resolve          ] java.lang.ref.ReferenceQueue$Lock java.lang.Object ReferenceQueue.java:55
[0.103s][debug][class,resolve          ] java.lang.ref.Reference$ReferenceHandler jdk.internal.ref.Cleaner Reference.java:196 (explicit)
[0.103s][trace][metaspace              ] Arena @0x00006000016b2200 (non-class sm): requested 7 words.
[0.103s][trace][metaspace              ] Arena @0x00006000016b2200 (non-class sm): after allocation: 1 chunk(s), current:@0x00007f8f2d80b248, u, base 0x0000000171000000, level lv02 (524288), used: 1254, committed: 8192, committed-free: 6938
[0.103s][trace][metaspace              ] Arena @0x00006000016b2200 (non-class sm): returning 0x00000001710026f8.
[0.103s][trace][metaspace              ] Metaspace::allocate: type 13 return 0x00000001710026f8.
[0.103s][debug][class,resolve          ] java.lang.ref.Reference$ReferenceHandler java.lang.Thread Reference.java:210
[0.103s][trace][metaspace              ] Arena @0x00006000016b2200 (non-class sm): requested 7 words.
[0.103s][trace][metaspace              ] Arena @0x00006000016b2200 (non-class sm): after allocation: 1 chunk(s), current:@0x00007f8f2d80b248, u, base 0x0000000171000000, level lv02 (524288), used: 1261, committed: 8192, committed-free: 6931
[0.103s][trace][metaspace              ] Arena @0x00006000016b2200 (non-class sm): returning 0x0000000171002730.
[0.103s][trace][metaspace              ] Metaspace::allocate: type 13 return 0x0000000171002730.
[0.103s][trace][metaspace              ] Arena @0x00006000016b2200 (non-class sm): requested 7 words.
[0.103s][trace][metaspace              ] Arena @0x00006000016b2200 (non-class sm): after allocation: 1 chunk(s), current:@0x00007f8f2d80b248, u, base 0x0000000171000000, level lv02 (524288), used: 1268, committed: 8192, committed-free: 6924
[0.103s][trace][metaspace              ] Arena @0x00006000016b2200 (non-class sm): returning 0x0000000171002768.
[0.103s][trace][metaspace              ] Metaspace::allocate: type 13 return 0x0000000171002768.
[0.103s][debug][class,resolve          ] java.security.AccessControlContext java.lang.Object AccessControlContext.java:300
[0.103s][trace][metaspace              ] Arena @0x00006000016b2200 (non-class sm): requested 7 words.
[0.103s][trace][metaspace              ] Arena @0x00006000016b2200 (non-class sm): after allocation: 1 chunk(s), current:@0x00007f8f2d80b248, u, base 0x0000000171000000, level lv02 (524288), used: 1275, committed: 8192, committed-free: 6917
[0.103s][trace][metaspace              ] Arena @0x00006000016b2200 (non-class sm): returning 0x00000001710027a0.
[0.103s][trace][metaspace              ] Metaspace::allocate: type 13 return 0x00000001710027a0.
[0.103s][trace][metaspace              ] Arena @0x00006000016b2200 (non-class sm): requested 7 words.
[0.103s][trace][metaspace              ] Arena @0x00006000016b2200 (non-class sm): after allocation: 1 chunk(s), current:@0x00007f8f2d80b248, u, base 0x0000000171000000, level lv02 (524288), used: 1282, committed: 8192, committed-free: 6910
[0.103s][trace][metaspace              ] Arena @0x00006000016b2200 (non-class sm): returning 0x00000001710027d8.
[0.103s][trace][metaspace              ] Metaspace::allocate: type 13 return 0x00000001710027d8.
[0.103s][trace][metaspace              ] Arena @0x00006000016b2200 (non-class sm): requested 7 words.
[0.103s][trace][metaspace              ] Arena @0x00006000016b2200 (non-class sm): after allocation: 1 chunk(s), current:@0x00007f8f2d80b248, u, base 0x0000000171000000, level lv02 (524288), used: 1289, committed: 8192, committed-free: 6903
[0.103s][trace][metaspace              ] Arena @0x00006000016b2200 (non-class sm): returning 0x0000000171002810.
[0.103s][trace][metaspace              ] Metaspace::allocate: type 13 return 0x0000000171002810.
[0.103s][trace][metaspace              ] Arena @0x00006000016b2200 (non-class sm): requested 7 words.
[0.103s][trace][metaspace              ] Arena @0x00006000016b2200 (non-class sm): after allocation: 1 chunk(s), current:@0x00007f8f2d80b248, u, base 0x0000000171000000, level lv02 (524288), used: 1296, committed: 8192, committed-free: 6896
[0.103s][trace][metaspace              ] Arena @0x00006000016b2200 (non-class sm): returning 0x0000000171002848.
[0.103s][trace][metaspace              ] Metaspace::allocate: type 13 return 0x0000000171002848.
[0.103s][debug][class,resolve          ] java.lang.ThreadGroup java.lang.Thread ThreadGroup.java:917
[0.103s][trace][metaspace              ] Arena @0x00006000016b2200 (non-class sm): requested 7 words.
[0.103s][trace][metaspace              ] Arena @0x00006000016b2200 (non-class sm): after allocation: 1 chunk(s), current:@0x00007f8f2d80b248, u, base 0x0000000171000000, level lv02 (524288), used: 1303, committed: 8192, committed-free: 6889
[0.103s][trace][metaspace              ] Arena @0x00006000016b2200 (non-class sm): returning 0x0000000171002880.
[0.103s][trace][metaspace              ] Metaspace::allocate: type 13 return 0x0000000171002880.
[0.103s][info ][os,thread              ] Thread "Unknown thread" started (pthread id: 123145550094336, attributes: stacksize: 1024k, guardsize: 4k, detached). 
[0.103s][trace][oopstorage,ref         ] Thread OopStorage: allocated 0x00007f8f4e2058c8
[0.103s][debug][thread,smr             ] tid=10243: Threads::add: new ThreadsList=0x00006000003b24c0
[0.103s][debug][thread,smr             ] tid=10243: ThreadsSMRSupport::free_list: threads=0x00006000003b1500 is freed.
[0.104s][debug][class,load,placeholders] find_and_add LOAD_INSTANCE 'java/lang/ref/Reference$1', loader loader data: 0x00006000032ac000 of 'bootstrap'
[0.104s][debug][class,load,placeholders] loadInstanceThreadQ threads:0x00007f8f4f008800, 
[0.104s][debug][class,load,placeholders] superThreadQ threads:
[0.104s][debug][class,load,placeholders] defineThreadQ threads:
[0.104s][info ][os,thread              ] Thread is alive (tid: 18947, pthread id: 123145550094336).
[0.104s][debug][class,load,placeholders] find_and_add LOAD_SUPER 'java/lang/ref/Reference$1', loader loader data: 0x00006000032ac000 of 'bootstrap', supername 'jdk/internal/access/JavaLangRefAccess'
[0.104s][debug][os,thread              ] Thread 18947 stack dimensions: 0x000070000eb4e000-0x000070000ec4e000 (1024k).
[0.104s][debug][class,load,placeholders] loadInstanceThreadQ threads:0x00007f8f4f008800, 
[0.104s][debug][os,thread              ] Thread 18947 stack guard pages activated: 0x000070000eb4e000-0x000070000eb52000.
[0.104s][debug][class,load,placeholders] superThreadQ threads:0x00007f8f4f008800, 
[0.104s][trace][metaspace              ] Arena @0x00006000016b2200 (non-class sm): requested 7 words.
[0.104s][debug][class,load,placeholders] defineThreadQ threads:
[0.104s][trace][metaspace              ] Arena @0x00006000016b2200 (non-class sm): after allocation: 1 chunk(s), current:@0x00007f8f2d80b248, u, base 0x0000000171000000, level lv02 (524288), used: 1310, committed: 8192, committed-free: 6882
[0.104s][debug][class,load,placeholders] find_and_add LOAD_INSTANCE 'jdk/internal/access/JavaLangRefAccess', loader loader data: 0x00006000032ac000 of 'bootstrap'
[0.104s][trace][metaspace              ] Arena @0x00006000016b2200 (non-class sm): returning 0x00000001710028b8.
[0.104s][debug][class,load,placeholders] loadInstanceThreadQ threads:0x00007f8f4f008800, 
[0.104s][trace][metaspace              ] Metaspace::allocate: type 13 return 0x00000001710028b8.
[0.104s][debug][class,load,placeholders] superThreadQ threads:
[0.104s][debug][class,load,placeholders] defineThreadQ threads:
[0.104s][trace][cds,unshareable        ] restore: jdk.internal.access.JavaLangRefAccess
[0.104s][debug][class,resolve          ] java.lang.ref.Reference$ReferenceHandler java.lang.ref.Reference Reference.java:215
[0.104s][trace][class,loader,data      ] Adding k: 0x00000001300564a0 jdk.internal.access.JavaLangRefAccess to loader data: 0x00006000032ac000 of 'bootstrap'
[0.104s][trace][class,nestmates        ] Resolving nest-host of java.lang.ref.Reference$ReferenceHandler using cp entry for java/lang/ref/Reference
[0.104s][debug][cds,mirror             ] jdk.internal.access.JavaLangRefAccess has raw archived mirror
[0.104s][trace][class,nestmates        ] Checking nest membership of java.lang.ref.Reference$ReferenceHandler in java.lang.ref.Reference
[0.104s][debug][cds,heap               ] Clearing root 825: was 0x00000007ffb16948
[0.104s][trace][class,nestmates        ] - named class found at nest_members[0] => cp[112]
[0.104s][debug][cds,mirror             ] Archived mirror is: 0x00000007ffb16948
[0.104s][trace][class,nestmates        ] Resolved nest-host of java.lang.ref.Reference$ReferenceHandler to java.lang.ref.Reference
[0.104s][trace][cds,heap,mirror        ] Restored jdk.internal.access.JavaLangRefAccess archived mirror 0x00000007ffb16948
[0.104s][trace][class,nestmates        ] Type java.lang.ref.Reference is not part of a nest: setting nest-host to self
[0.104s][info ][class,load             ] jdk.internal.access.JavaLangRefAccess source: shared objects file
[0.104s][debug][class,load             ]  klass: 0x00000001300564a0 super: 0x0000000130000db8 loader: [loader data: 0x00006000032ac000 of 'bootstrap']
[0.104s][trace][class,nestmates        ] Class java.lang.ref.Reference$ReferenceHandler does have nestmate access to java.lang.ref.Reference
[0.104s][debug][class,load,placeholders] find_and_add DEFINE_CLASS 'jdk/internal/access/JavaLangRefAccess', loader loader data: 0x00006000032ac000 of 'bootstrap'
[0.104s][debug][oopstorage,blocks      ] ObjectSynchronizer Weak: new block 0x00007f8f4e105b00
[0.104s][debug][class,load,placeholders] loadInstanceThreadQ threads:0x00007f8f4f008800, 
[0.104s][trace][oopstorage,blocks      ] ObjectSynchronizer Weak: block not empty 0x00007f8f4e105b00
[0.104s][debug][class,load,placeholders] superThreadQ threads:
[0.104s][trace][oopstorage,ref         ] ObjectSynchronizer Weak: allocated 0x00007f8f4e105b00
[0.104s][debug][class,load,placeholders] defineThreadQ threads:0x00007f8f4f008800, 
[0.104s][trace][monitorinflation,owner ] set_owner_from(): mid=0x00006000038ac000, old_value=0x0000000000000000, new_value=0x000070000ec4d7e8
[0.104s][debug][class,load,placeholders] find_and_remove DEFINE_CLASS 'jdk/internal/access/JavaLangRefAccess', loader loader data: 0x00006000032ac000 of 'bootstrap', InstanceKlass 'jdk/internal/access/JavaLangRefAccess'
[0.104s][trace][monitorinflation       ] inflate(has_locker): object=0x000000061fc00260, mark=0x00006000038ac002, type='[I'
[0.104s][debug][class,load,placeholders] loadInstanceThreadQ threads:0x00007f8f4f008800, 
[0.105s][trace][monitorinflation,owner ] set_owner_from_BasicLock(): mid=0x00006000038ac000, basic_lock_p=0x000070000ec4d7e8, new_value=0x00007f8f4e818400
[0.105s][debug][class,load,placeholders] superThreadQ threads:
[0.105s][trace][monitorinflation,owner ] release_clear_owner(): mid=0x00006000038ac000, old_value=0x00007f8f4e818400
[0.105s][debug][class,load,placeholders] defineThreadQ threads:0x00007f8f4f008800, 
[0.105s][debug][class,load,placeholders] find_and_remove LOAD_INSTANCE 'jdk/internal/access/JavaLangRefAccess', loader loader data: 0x00006000032ac000 of 'bootstrap', InstanceKlass 'jdk/internal/access/JavaLangRefAccess'
[0.105s][debug][class,load,placeholders] loadInstanceThreadQ threads:0x00007f8f4f008800, 
[0.105s][debug][class,load,placeholders] superThreadQ threads:
[0.105s][debug][class,load,placeholders] defineThreadQ threads:
[0.105s][debug][class,load,placeholders] find_and_remove LOAD_SUPER 'java/lang/ref/Reference$1', loader loader data: 0x00006000032ac000 of 'bootstrap', supername 'jdk/internal/access/JavaLangRefAccess'
[0.105s][debug][class,load,placeholders] loadInstanceThreadQ threads:0x00007f8f4f008800, 
[0.105s][debug][class,load,placeholders] superThreadQ threads:0x00007f8f4f008800, 
[0.105s][debug][class,load,placeholders] defineThreadQ threads:
[0.105s][trace][cds,unshareable        ] restore: java.lang.ref.Reference$1
[0.105s][trace][class,loader,data      ] Adding k: 0x0000000130056238 java.lang.ref.Reference$1 to loader data: 0x00006000032ac000 of 'bootstrap'
[0.105s][debug][cds,mirror             ] java.lang.ref.Reference$1 has raw archived mirror
[0.105s][debug][cds,heap               ] Clearing root 477: was 0x00000007ffb0d378
[0.105s][debug][cds,mirror             ] Archived mirror is: 0x00000007ffb0d378
[0.105s][trace][cds,heap,mirror        ] Restored java.lang.ref.Reference$1 archived mirror 0x00000007ffb0d378
[0.105s][info ][class,load             ] java.lang.ref.Reference$1 source: shared objects file
[0.105s][debug][class,load             ]  klass: 0x0000000130056238 super: 0x0000000130000db8 interfaces: 0x00000001300564a0 loader: [loader data: 0x00006000032ac000 of 'bootstrap']
[0.105s][debug][class,load,placeholders] find_and_add DEFINE_CLASS 'java/lang/ref/Reference$1', loader loader data: 0x00006000032ac000 of 'bootstrap', supername 'jdk/internal/access/JavaLangRefAccess'
[0.105s][debug][class,load,placeholders] loadInstanceThreadQ threads:0x00007f8f4f008800, 
[0.105s][debug][class,load,placeholders] superThreadQ threads:
[0.105s][debug][class,load,placeholders] defineThreadQ threads:0x00007f8f4f008800, 
[0.105s][debug][class,load,placeholders] find_and_remove DEFINE_CLASS 'java/lang/ref/Reference$1', loader loader data: 0x00006000032ac000 of 'bootstrap', supername 'jdk/internal/access/JavaLangRefAccess', InstanceKlass 'java/lang/ref/Reference$1'
[0.105s][debug][class,load,placeholders] loadInstanceThreadQ threads:0x00007f8f4f008800, 
[0.105s][debug][class,load,placeholders] superThreadQ threads:
[0.105s][debug][class,load,placeholders] defineThreadQ threads:0x00007f8f4f008800, 
[0.105s][debug][class,load,placeholders] find_and_remove LOAD_INSTANCE 'java/lang/ref/Reference$1', loader loader data: 0x00006000032ac000 of 'bootstrap', supername 'jdk/internal/access/JavaLangRefAccess', InstanceKlass 'java/lang/ref/Reference$1'
[0.105s][debug][class,load,placeholders] loadInstanceThreadQ threads:0x00007f8f4f008800, 
[0.105s][debug][class,load,placeholders] superThreadQ threads:
[0.105s][debug][class,load,placeholders] defineThreadQ threads:
[0.105s][debug][class,resolve          ] java.lang.ref.Reference java.lang.ref.Reference$1 Reference.java:317
[0.105s][info ][class,init             ] 72 Initializing 'java/lang/ref/Reference$1'(no method) (0x0000000130056238)
[0.105s][trace][metaspace              ] Arena @0x00006000016b2200 (non-class sm): requested 7 words.
[0.105s][trace][metaspace              ] Arena @0x00006000016b2200 (non-class sm): after allocation: 1 chunk(s), current:@0x00007f8f2d80b248, u, base 0x0000000171000000, level lv02 (524288), used: 1317, committed: 8192, committed-free: 6875
[0.105s][trace][metaspace              ] Arena @0x00006000016b2200 (non-class sm): returning 0x00000001710028f0.
[0.105s][trace][metaspace              ] Metaspace::allocate: type 13 return 0x00000001710028f0.
[0.105s][debug][class,resolve          ] java.lang.ref.Reference$1 java.lang.Object Reference.java:317
[0.105s][debug][class,resolve          ] java.lang.ref.Reference jdk.internal.access.SharedSecrets Reference.java:317
[0.105s][trace][metaspace              ] Arena @0x00006000016b2200 (non-class sm): requested 7 words.
[0.105s][trace][metaspace              ] Arena @0x00006000016b2200 (non-class sm): after allocation: 1 chunk(s), current:@0x00007f8f2d80b248, u, base 0x0000000171000000, level lv02 (524288), used: 1324, committed: 8192, committed-free: 6868
[0.105s][trace][metaspace              ] Arena @0x00006000016b2200 (non-class sm): returning 0x0000000171002928.
[0.105s][trace][metaspace              ] Metaspace::allocate: type 13 return 0x0000000171002928.
[0.105s][trace][monitorinflation,owner ] try_set_owner_from(): mid=0x00006000038ac000, prev=0x0000000000000000, new=0x00007f8f4f008800
[0.105s][trace][monitorinflation,owner ] release_clear_owner(): mid=0x00006000038ac000, old_value=0x00007f8f4f008800
[0.105s][trace][monitorinflation,owner ] try_set_owner_from(): mid=0x00006000038ac000, prev=0x0000000000000000, new=0x00007f8f4f008800
[0.105s][trace][monitorinflation,owner ] release_clear_owner(): mid=0x00006000038ac000, old_value=0x00007f8f4f008800
[0.105s][trace][metaspace              ] Arena @0x00006000016b2200 (non-class sm): requested 7 words.
[0.105s][trace][metaspace              ] Arena @0x00006000016b2200 (non-class sm): after allocation: 1 chunk(s), current:@0x00007f8f2d80b248, u, base 0x0000000171000000, level lv02 (524288), used: 1331, committed: 8192, committed-free: 6861
[0.105s][trace][metaspace              ] Arena @0x00006000016b2200 (non-class sm): returning 0x0000000171002960.
[0.105s][trace][metaspace              ] Metaspace::allocate: type 13 return 0x0000000171002960.
[0.105s][trace][monitorinflation,owner ] try_set_owner_from(): mid=0x00006000038ac000, prev=0x0000000000000000, new=0x00007f8f4e818400
[0.105s][debug][class,resolve          ] java.lang.reflect.AccessibleObject jdk.internal.reflect.ReflectionFactory AccessibleObject.java:489
[0.105s][trace][monitorinflation,owner ] release_clear_owner(): mid=0x00006000038ac000, old_value=0x00007f8f4e818400
[0.105s][info ][class,init             ] 73 Initializing 'java/lang/reflect/Executable'(no method) (0x0000000130057090)
[0.105s][trace][class,nestmates        ] Class java.lang.ref.Reference$ReferenceHandler does have nestmate access to java.lang.ref.Reference
[0.105s][info ][class,init             ] 74 Initializing 'java/lang/reflect/Method'(no method) (0x0000000130057e08)
[0.105s][trace][metaspace              ] Arena @0x00006000016b2200 (non-class sm): requested 7 words.
[0.105s][info ][class,init             ] 75 Initializing 'java/lang/ref/FinalReference'(no method) (0x000000013004ec80)
[0.105s][trace][metaspace              ] Arena @0x00006000016b2200 (non-class sm): after allocation: 1 chunk(s), current:@0x00007f8f2d80b248, u, base 0x0000000171000000, level lv02 (524288), used: 1338, committed: 8192, committed-free: 6854
[0.105s][info ][class,init             ] 76 Initializing 'java/lang/ref/Finalizer' (0x000000013004eef8)
[0.106s][trace][metaspace              ] Arena @0x00006000016b2200 (non-class sm): returning 0x0000000171002998.
[0.106s][trace][metaspace              ] Metaspace::allocate: type 13 return 0x0000000171002998.
[0.106s][trace][metaspace              ] Arena @0x00006000016b2200 (non-class sm): requested 7 words.
[0.106s][trace][metaspace              ] Arena @0x00006000016b2200 (non-class sm): after allocation: 1 chunk(s), current:@0x00007f8f2d80b248, u, base 0x0000000171000000, level lv02 (524288), used: 1345, committed: 8192, committed-free: 6847
[0.106s][trace][metaspace              ] Arena @0x00006000016b2200 (non-class sm): returning 0x00000001710029d0.
[0.106s][trace][metaspace              ] Metaspace::allocate: type 13 return 0x00000001710029d0.
[0.106s][debug][jni,resolve            ] [Dynamic-linking native method java.lang.ref.Reference.waitForReferencePendingList ... JNI]
[0.106s][trace][metaspace              ] Arena @0x00006000016b2200 (non-class sm): requested 7 words.
[0.106s][trace][metaspace              ] Arena @0x00006000016b2200 (non-class sm): after allocation: 1 chunk(s), current:@0x00007f8f2d80b248, u, base 0x0000000171000000, level lv02 (524288), used: 1352, committed: 8192, committed-free: 6840
[0.106s][trace][metaspace              ] Arena @0x00006000016b2200 (non-class sm): returning 0x0000000171002a08.
[0.106s][trace][metaspace              ] Metaspace::allocate: type 13 return 0x0000000171002a08.
[0.106s][debug][class,resolve          ] java.lang.ref.Finalizer java.lang.Class Finalizer.java:34
[0.106s][debug][class,resolve          ] java.lang.ref.Finalizer java.lang.ref.ReferenceQueue Finalizer.java:38
[0.106s][debug][class,resolve          ] java.lang.ref.Finalizer java.lang.Object Finalizer.java:44
[0.106s][debug][class,resolve          ] java.lang.ref.Finalizer java.lang.Thread Finalizer.java:182
[0.106s][debug][class,resolve          ] java.lang.ref.Finalizer java.lang.ThreadGroup Finalizer.java:185
[0.106s][debug][class,load,placeholders] find_and_add LOAD_INSTANCE 'java/lang/ref/Finalizer$FinalizerThread', loader loader data: 0x00006000032ac000 of 'bootstrap'
[0.106s][debug][class,load,placeholders] loadInstanceThreadQ threads:0x00007f8f4f008800, 
[0.106s][debug][class,load,placeholders] superThreadQ threads:
[0.106s][debug][class,load,placeholders] defineThreadQ threads:
[0.106s][trace][cds,unshareable        ] restore: java.lang.ref.Finalizer$FinalizerThread
[0.106s][trace][class,loader,data      ] Adding k: 0x000000013016f8f0 java.lang.ref.Finalizer$FinalizerThread to loader data: 0x00006000032ac000 of 'bootstrap'
[0.106s][debug][cds,mirror             ] java.lang.ref.Finalizer$FinalizerThread has raw archived mirror
[0.106s][debug][cds,heap               ] Clearing root 479: was 0x00000007ffb0d458
[0.106s][debug][cds,mirror             ] Archived mirror is: 0x00000007ffb0d458
[0.106s][trace][cds,heap,mirror        ] Restored java.lang.ref.Finalizer$FinalizerThread archived mirror 0x00000007ffb0d458
[0.106s][debug][cds,heap               ] Clearing root 480: was 0x00000007ffb0d4c8
[0.106s][info ][class,load             ] java.lang.ref.Finalizer$FinalizerThread source: shared objects file
[0.106s][debug][class,load             ]  klass: 0x000000013016f8f0 super: 0x000000013001eab0 loader: [loader data: 0x00006000032ac000 of 'bootstrap']
[0.106s][debug][class,load,placeholders] find_and_add DEFINE_CLASS 'java/lang/ref/Finalizer$FinalizerThread', loader loader data: 0x00006000032ac000 of 'bootstrap'
[0.106s][debug][class,load,placeholders] loadInstanceThreadQ threads:0x00007f8f4f008800, 
[0.106s][debug][class,load,placeholders] superThreadQ threads:
[0.106s][debug][class,load,placeholders] defineThreadQ threads:0x00007f8f4f008800, 
[0.106s][debug][class,load,placeholders] find_and_remove DEFINE_CLASS 'java/lang/ref/Finalizer$FinalizerThread', loader loader data: 0x00006000032ac000 of 'bootstrap', InstanceKlass 'java/lang/ref/Finalizer$FinalizerThread'
[0.106s][debug][class,load,placeholders] loadInstanceThreadQ threads:0x00007f8f4f008800, 
[0.106s][debug][class,load,placeholders] superThreadQ threads:
[0.106s][debug][class,load,placeholders] defineThreadQ threads:0x00007f8f4f008800, 
[0.106s][debug][class,load,placeholders] find_and_remove LOAD_INSTANCE 'java/lang/ref/Finalizer$FinalizerThread', loader loader data: 0x00006000032ac000 of 'bootstrap', InstanceKlass 'java/lang/ref/Finalizer$FinalizerThread'
[0.106s][debug][class,load,placeholders] loadInstanceThreadQ threads:0x00007f8f4f008800, 
[0.106s][debug][class,load,placeholders] superThreadQ threads:
[0.106s][debug][class,load,placeholders] defineThreadQ threads:
[0.106s][debug][class,resolve          ] java.lang.ref.Finalizer java.lang.ref.Finalizer$FinalizerThread Finalizer.java:186
[0.106s][info ][class,init             ] 77 Initializing 'java/lang/ref/Finalizer$FinalizerThread'(no method) (0x000000013016f8f0)
[0.106s][trace][metaspace              ] Arena @0x00006000016b2200 (non-class sm): requested 7 words.
[0.106s][trace][metaspace              ] Arena @0x00006000016b2200 (non-class sm): after allocation: 1 chunk(s), current:@0x00007f8f2d80b248, u, base 0x0000000171000000, level lv02 (524288), used: 1359, committed: 8192, committed-free: 6833
[0.106s][trace][metaspace              ] Arena @0x00006000016b2200 (non-class sm): returning 0x0000000171002a40.
[0.106s][trace][metaspace              ] Metaspace::allocate: type 13 return 0x0000000171002a40.
[0.106s][debug][class,resolve          ] java.lang.ref.Finalizer$FinalizerThread java.lang.Thread Finalizer.java:151
[0.106s][info ][os,thread              ] Thread "Unknown thread" started (pthread id: 123145551155200, attributes: stacksize: 1024k, guardsize: 4k, detached). 
[0.106s][trace][oopstorage,ref         ] Thread OopStorage: allocated 0x00007f8f4e2058d0
[0.106s][debug][thread,smr             ] tid=10243: Threads::add: new ThreadsList=0x00006000003b6260
[0.106s][debug][thread,smr             ] tid=10243: ThreadsSMRSupport::free_list: threads=0x00006000003b24c0 is freed.
[0.106s][trace][metaspace              ] Arena @0x00006000016b2200 (non-class sm): requested 7 words.
[0.106s][trace][metaspace              ] Arena @0x00006000016b2200 (non-class sm): after allocation: 1 chunk(s), current:@0x00007f8f2d80b248, u, base 0x0000000171000000, level lv02 (524288), used: 1366, committed: 8192, committed-free: 6826
[0.106s][trace][metaspace              ] Arena @0x00006000016b2200 (non-class sm): returning 0x0000000171002a78.
[0.106s][trace][metaspace              ] Metaspace::allocate: type 13 return 0x0000000171002a78.
[0.106s][info ][os,thread              ] Thread is alive (tid: 18691, pthread id: 123145551155200).
[0.106s][trace][metaspace              ] Arena @0x00006000016b2200 (non-class sm): requested 7 words.
[0.107s][debug][os,thread              ] Thread 18691 stack dimensions: 0x000070000ec51000-0x000070000ed51000 (1024k).
[0.107s][trace][metaspace              ] Arena @0x00006000016b2200 (non-class sm): after allocation: 1 chunk(s), current:@0x00007f8f2d80b248, u, base 0x0000000171000000, level lv02 (524288), used: 1373, committed: 8192, committed-free: 6819
[0.107s][debug][os,thread              ] Thread 18691 stack guard pages activated: 0x000070000ec51000-0x000070000ec55000.
[0.107s][trace][metaspace              ] Arena @0x00006000016b2200 (non-class sm): returning 0x0000000171002ab0.
[0.107s][trace][metaspace              ] Metaspace::allocate: type 13 return 0x0000000171002ab0.
[0.107s][debug][class,load,placeholders] find_and_add LOAD_INSTANCE 'java/lang/System$2', loader loader data: 0x00006000032ac000 of 'bootstrap'
[0.107s][debug][class,load,placeholders] loadInstanceThreadQ threads:0x00007f8f4f008800, 
[0.107s][debug][class,load,placeholders] superThreadQ threads:
[0.107s][trace][metaspace              ] Arena @0x00006000016b2200 (non-class sm): requested 7 words.
[0.107s][debug][class,load,placeholders] defineThreadQ threads:
[0.107s][trace][metaspace              ] Arena @0x00006000016b2200 (non-class sm): after allocation: 1 chunk(s), current:@0x00007f8f2d80b248, u, base 0x0000000171000000, level lv02 (524288), used: 1380, committed: 8192, committed-free: 6812
[0.107s][debug][class,load,placeholders] find_and_add LOAD_SUPER 'java/lang/System$2', loader loader data: 0x00006000032ac000 of 'bootstrap', supername 'jdk/internal/access/JavaLangAccess'
[0.107s][trace][metaspace              ] Arena @0x00006000016b2200 (non-class sm): returning 0x0000000171002ae8.
[0.107s][debug][class,load,placeholders] loadInstanceThreadQ threads:0x00007f8f4f008800, 
[0.107s][trace][metaspace              ] Metaspace::allocate: type 13 return 0x0000000171002ae8.
[0.107s][debug][class,load,placeholders] superThreadQ threads:0x00007f8f4f008800, 
[0.107s][debug][class,load,placeholders] defineThreadQ threads:
[0.107s][debug][class,load,placeholders] find_and_add LOAD_INSTANCE 'jdk/internal/access/JavaLangAccess', loader loader data: 0x00006000032ac000 of 'bootstrap'
[0.107s][debug][class,load,placeholders] loadInstanceThreadQ threads:0x00007f8f4f008800, 
[0.107s][debug][class,load,placeholders] superThreadQ threads:
[0.107s][debug][class,load,placeholders] defineThreadQ threads:
[0.107s][trace][cds,unshareable        ] restore: jdk.internal.access.JavaLangAccess
[0.107s][debug][class,load,placeholders] find_and_add LOAD_INSTANCE 'jdk/internal/misc/VM', loader loader data: 0x00006000032ac000 of 'bootstrap'
[0.107s][trace][class,loader,data      ] Adding k: 0x00000001300e6de8 jdk.internal.access.JavaLangAccess to loader data: 0x00006000032ac000 of 'bootstrap'
[0.107s][debug][class,load,placeholders] loadInstanceThreadQ threads:0x00007f8f2d088600, 
[0.107s][debug][cds,mirror             ] jdk.internal.access.JavaLangAccess has raw archived mirror
[0.107s][debug][class,load,placeholders] superThreadQ threads:
[0.107s][debug][cds,heap               ] Clearing root 478: was 0x00000007ffb0d3e8
[0.107s][debug][class,load,placeholders] defineThreadQ threads:
[0.107s][debug][cds,mirror             ] Archived mirror is: 0x00000007ffb0d3e8
[0.107s][trace][cds,unshareable        ] restore: jdk.internal.misc.VM
[0.107s][trace][cds,heap,mirror        ] Restored jdk.internal.access.JavaLangAccess archived mirror 0x00000007ffb0d3e8
[0.107s][trace][class,loader,data      ] Adding k: 0x0000000130011150 jdk.internal.misc.VM to loader data: 0x00006000032ac000 of 'bootstrap'
[0.107s][info ][class,load             ] jdk.internal.access.JavaLangAccess source: shared objects file
[0.107s][debug][class,load             ]  klass: 0x00000001300e6de8 super: 0x0000000130000db8 loader: [loader data: 0x00006000032ac000 of 'bootstrap']
[0.107s][debug][cds,mirror             ] jdk.internal.misc.VM has raw archived mirror
[0.107s][debug][class,load,placeholders] find_and_add DEFINE_CLASS 'jdk/internal/access/JavaLangAccess', loader loader data: 0x00006000032ac000 of 'bootstrap'
[0.107s][debug][cds,heap               ] Clearing root 397: was 0x00000007ffb0b278
[0.107s][debug][class,load,placeholders] loadInstanceThreadQ threads:0x00007f8f4f008800, 
[0.107s][debug][cds,mirror             ] Archived mirror is: 0x00000007ffb0b278
[0.107s][debug][class,load,placeholders] superThreadQ threads:
[0.107s][trace][gc,tlab                ] ThreadLocalAllocBuffer::compute_size(2) returns 62916
[0.107s][debug][class,load,placeholders] defineThreadQ threads:0x00007f8f4f008800, 
[0.107s][trace][gc,tlab                ] TLAB: fill thread: 0x00007f8f2d088600 [id: 18691] desired_size: 491KB slow allocs: 0  refill waste: 7864B alloc: 0.99999     4096KB refills: 1 waste  0.0% gc: 0B slow: 0B
[0.108s][debug][class,load,placeholders] find_and_remove DEFINE_CLASS 'jdk/internal/access/JavaLangAccess', loader loader data: 0x00006000032ac000 of 'bootstrap', InstanceKlass 'jdk/internal/access/JavaLangAccess'
[0.108s][trace][cds,heap,mirror        ] Restored jdk.internal.misc.VM archived mirror 0x00000007ffb0b278
[0.108s][debug][class,load,placeholders] loadInstanceThreadQ threads:0x00007f8f4f008800, 
[0.108s][debug][cds,heap               ] Clearing root 398: was 0x00000007ffb0b340
[0.108s][debug][class,load,placeholders] superThreadQ threads:
[0.108s][info ][class,load             ] jdk.internal.misc.VM source: shared objects file
[0.108s][debug][class,load             ]  klass: 0x0000000130011150 super: 0x0000000130000db8 loader: [loader data: 0x00006000032ac000 of 'bootstrap']
[0.108s][debug][class,load,placeholders] defineThreadQ threads:0x00007f8f4f008800, 
[0.108s][debug][class,load,placeholders] find_and_remove LOAD_INSTANCE 'jdk/internal/access/JavaLangAccess', loader loader data: 0x00006000032ac000 of 'bootstrap', InstanceKlass 'jdk/internal/access/JavaLangAccess'
[0.108s][debug][class,load,placeholders] loadInstanceThreadQ threads:0x00007f8f4f008800, 
[0.108s][debug][class,load,placeholders] superThreadQ threads:
[0.108s][debug][class,load,placeholders] defineThreadQ threads:
[0.108s][debug][class,load,placeholders] find_and_remove LOAD_SUPER 'java/lang/System$2', loader loader data: 0x00006000032ac000 of 'bootstrap', supername 'jdk/internal/access/JavaLangAccess'
[0.108s][debug][class,load,placeholders] loadInstanceThreadQ threads:0x00007f8f4f008800, 
[0.108s][debug][class,load,placeholders] superThreadQ threads:0x00007f8f4f008800, 
[0.108s][debug][class,load,placeholders] defineThreadQ threads:
[0.108s][trace][cds,unshareable        ] restore: java.lang.System$2
[0.108s][trace][class,loader,data      ] Adding k: 0x0000000130017b18 java.lang.System$2 to loader data: 0x00006000032ac000 of 'bootstrap'
[0.108s][debug][class,load,placeholders] find_and_add DEFINE_CLASS 'jdk/internal/misc/VM', loader loader data: 0x00006000032ac000 of 'bootstrap'
[0.108s][debug][cds,mirror             ] java.lang.System$2 has raw archived mirror
[0.108s][debug][class,load,placeholders] loadInstanceThreadQ threads:0x00007f8f2d088600, 
[0.108s][debug][cds,heap               ] Clearing root 434: was 0x00000007ffb0c2a0
[0.108s][debug][class,load,placeholders] superThreadQ threads:
[0.108s][debug][cds,mirror             ] Archived mirror is: 0x00000007ffb0c2a0
[0.108s][debug][class,load,placeholders] defineThreadQ threads:0x00007f8f2d088600, 
[0.108s][trace][cds,heap,mirror        ] Restored java.lang.System$2 archived mirror 0x00000007ffb0c2a0
[0.108s][debug][class,load,placeholders] find_and_remove DEFINE_CLASS 'jdk/internal/misc/VM', loader loader data: 0x00006000032ac000 of 'bootstrap', InstanceKlass 'jdk/internal/misc/VM'
[0.108s][debug][cds,heap               ] Clearing root 435: was 0x00000007ffb0c310
[0.108s][debug][class,load,placeholders] loadInstanceThreadQ threads:0x00007f8f2d088600, 
[0.108s][info ][class,load             ] java.lang.System$2 source: shared objects file
[0.108s][debug][class,load             ]  klass: 0x0000000130017b18 super: 0x0000000130000db8 interfaces: 0x00000001300e6de8 loader: [loader data: 0x00006000032ac000 of 'bootstrap']
[0.108s][debug][class,load,placeholders] superThreadQ threads:
[0.108s][debug][class,load,placeholders] defineThreadQ threads:0x00007f8f2d088600, 
[0.108s][debug][class,load,placeholders] find_and_remove LOAD_INSTANCE 'jdk/internal/misc/VM', loader loader data: 0x00006000032ac000 of 'bootstrap', InstanceKlass 'jdk/internal/misc/VM'
[0.108s][debug][class,load,placeholders] loadInstanceThreadQ threads:0x00007f8f2d088600, 
[0.108s][debug][class,load,placeholders] superThreadQ threads:
[0.108s][debug][class,load,placeholders] defineThreadQ threads:
[0.108s][debug][class,resolve          ] java.lang.ref.Finalizer$FinalizerThread jdk.internal.misc.VM Finalizer.java:160
[0.108s][debug][class,load,placeholders] find_and_add DEFINE_CLASS 'java/lang/System$2', loader loader data: 0x00006000032ac000 of 'bootstrap', supername 'jdk/internal/access/JavaLangAccess'
[0.108s][info ][class,init             ] 78 Initializing 'jdk/internal/misc/VM' (0x0000000130011150)
[0.108s][debug][class,load,placeholders] loadInstanceThreadQ threads:0x00007f8f4f008800, 
[0.108s][trace][metaspace              ] Arena @0x00006000016b2200 (non-class sm): requested 7 words.
[0.108s][debug][class,load,placeholders] superThreadQ threads:
[0.108s][trace][metaspace              ] Arena @0x00006000016b2200 (non-class sm): after allocation: 1 chunk(s), current:@0x00007f8f2d80b248, u, base 0x0000000171000000, level lv02 (524288), used: 1387, committed: 8192, committed-free: 6805
[0.108s][debug][class,load,placeholders] defineThreadQ threads:0x00007f8f4f008800, 
[0.108s][trace][metaspace              ] Arena @0x00006000016b2200 (non-class sm): returning 0x0000000171002b20.
[0.108s][debug][class,load,placeholders] find_and_remove DEFINE_CLASS 'java/lang/System$2', loader loader data: 0x00006000032ac000 of 'bootstrap', supername 'jdk/internal/access/JavaLangAccess', InstanceKlass 'java/lang/System$2'
[0.108s][trace][metaspace              ] Metaspace::allocate: type 13 return 0x0000000171002b20.
[0.108s][debug][class,load,placeholders] loadInstanceThreadQ threads:0x00007f8f4f008800, 
[0.108s][debug][class,resolve          ] jdk.internal.misc.VM java.lang.Object VM.java:51
[0.108s][debug][class,load,placeholders] superThreadQ threads:
[0.108s][trace][metaspace              ] Arena @0x00006000016b2200 (non-class sm): requested 7 words.
[0.108s][debug][class,load,placeholders] defineThreadQ threads:0x00007f8f4f008800, 
[0.108s][trace][metaspace              ] Arena @0x00006000016b2200 (non-class sm): after allocation: 1 chunk(s), current:@0x00007f8f2d80b248, u, base 0x0000000171000000, level lv02 (524288), used: 1394, committed: 8192, committed-free: 6798
[0.108s][debug][class,load,placeholders] find_and_remove LOAD_INSTANCE 'java/lang/System$2', loader loader data: 0x00006000032ac000 of 'bootstrap', supername 'jdk/internal/access/JavaLangAccess', InstanceKlass 'java/lang/System$2'
[0.108s][trace][metaspace              ] Arena @0x00006000016b2200 (non-class sm): returning 0x0000000171002b58.
[0.108s][debug][class,load,placeholders] loadInstanceThreadQ threads:0x00007f8f4f008800, 
[0.108s][trace][metaspace              ] Metaspace::allocate: type 13 return 0x0000000171002b58.
[0.108s][debug][class,load,placeholders] superThreadQ threads:
[0.108s][debug][jni,resolve            ] [Dynamic-linking native method jdk.internal.misc.VM.initialize ... JNI]
[0.108s][debug][class,load,placeholders] defineThreadQ threads:
[0.108s][debug][jni,resolve            ] [Registering JNI native method jdk.internal.misc.VM.getNanoTimeAdjustment]
[0.108s][debug][class,resolve          ] java.lang.System java.lang.System$2 System.java:2261
[0.108s][trace][metaspace              ] Arena @0x00006000016b2200 (non-class sm): requested 7 words.
[0.109s][trace][metaspace              ] Arena @0x00006000016b2200 (non-class sm): after allocation: 1 chunk(s), current:@0x00007f8f2d80b248, u, base 0x0000000171000000, level lv02 (524288), used: 1401, committed: 8192, committed-free: 6791
[0.109s][trace][metaspace              ] Arena @0x00006000016b2200 (non-class sm): returning 0x0000000171002b90.
[0.109s][trace][metaspace              ] Metaspace::allocate: type 13 return 0x0000000171002b90.
[0.109s][trace][metaspace              ] Arena @0x00006000016b2200 (non-class sm): requested 7 words.
[0.109s][info ][class,init             ] 79 Initializing 'java/lang/System$2'(no method) (0x0000000130017b18)
[0.109s][trace][metaspace              ] Arena @0x00006000016b2200 (non-class sm): after allocation: 1 chunk(s), current:@0x00007f8f2d80b248, u, base 0x0000000171000000, level lv02 (524288), used: 1408, committed: 8192, committed-free: 6784
[0.109s][trace][metaspace              ] Arena @0x00006000016b2200 (non-class sm): returning 0x0000000171002bc8.
[0.109s][trace][metaspace              ] Metaspace::allocate: type 13 return 0x0000000171002bc8.
[0.109s][trace][metaspace              ] Arena @0x00006000016b2200 (non-class sm): requested 7 words.
[0.109s][trace][metaspace              ] Arena @0x00006000016b2200 (non-class sm): after allocation: 1 chunk(s), current:@0x00007f8f2d80b248, u, base 0x0000000171000000, level lv02 (524288), used: 1415, committed: 8192, committed-free: 6777
[0.109s][trace][metaspace              ] Arena @0x00006000016b2200 (non-class sm): returning 0x0000000171002c00.
[0.109s][trace][metaspace              ] Metaspace::allocate: type 13 return 0x0000000171002c00.
[0.109s][trace][metaspace              ] Arena @0x00006000016b2200 (non-class sm): requested 7 words.
[0.109s][debug][class,resolve          ] java.lang.System$2 java.lang.Object System.java:2261
[0.109s][trace][metaspace              ] Arena @0x00006000016b2200 (non-class sm): after allocation: 1 chunk(s), current:@0x00007f8f2d80b248, u, base 0x0000000171000000, level lv02 (524288), used: 1422, committed: 8192, committed-free: 6770
[0.109s][debug][class,resolve          ] java.lang.System jdk.internal.access.SharedSecrets System.java:2261
[0.109s][trace][metaspace              ] Arena @0x00006000016b2200 (non-class sm): returning 0x0000000171002c38.
[0.109s][trace][metaspace              ] Metaspace::allocate: type 13 return 0x0000000171002c38.
[0.109s][trace][metaspace              ] Arena @0x00006000016b2200 (non-class sm): requested 7 words.
[0.109s][trace][metaspace              ] Arena @0x00006000016b2200 (non-class sm): after allocation: 1 chunk(s), current:@0x00007f8f2d80b248, u, base 0x0000000171000000, level lv02 (524288), used: 1429, committed: 8192, committed-free: 6763
[0.109s][trace][metaspace              ] Arena @0x00006000016b2200 (non-class sm): returning 0x0000000171002c70.
[0.109s][trace][metaspace              ] Metaspace::allocate: type 13 return 0x0000000171002c70.
[0.109s][trace][metaspace              ] Arena @0x00006000016b2200 (non-class sm): requested 7 words.
[0.109s][debug][class,load,placeholders] find_and_add LOAD_INSTANCE 'jdk/internal/util/SystemProps', loader loader data: 0x00006000032ac000 of 'bootstrap'
[0.109s][trace][metaspace              ] Arena @0x00006000016b2200 (non-class sm): after allocation: 1 chunk(s), current:@0x00007f8f2d80b248, u, base 0x0000000171000000, level lv02 (524288), used: 1436, committed: 8192, committed-free: 6756
[0.109s][debug][class,load,placeholders] loadInstanceThreadQ threads:0x00007f8f4f008800, 
[0.109s][trace][metaspace              ] Arena @0x00006000016b2200 (non-class sm): returning 0x0000000171002ca8.
[0.109s][debug][class,load,placeholders] superThreadQ threads:
[0.109s][trace][metaspace              ] Metaspace::allocate: type 13 return 0x0000000171002ca8.
[0.109s][debug][class,load,placeholders] defineThreadQ threads:
[0.109s][trace][oopstorage,ref         ] ObjectSynchronizer Weak: allocated 0x00007f8f4e105b08
[0.109s][trace][cds,unshareable        ] restore: jdk.internal.util.SystemProps
[0.109s][trace][monitorinflation,owner ] set_owner_from(): mid=0x00006000038b0340, old_value=0x0000000000000000, new_value=0x000070000ed50a60
[0.109s][trace][class,loader,data      ] Adding k: 0x00000001300178e0 jdk.internal.util.SystemProps to loader data: 0x00006000032ac000 of 'bootstrap'
[0.109s][trace][monitorinflation       ] inflate(has_locker): object=0x000000061fc7ae30, mark=0x00006000038b0342, type='java.lang.Object'
[0.109s][debug][cds,mirror             ] jdk.internal.util.SystemProps has raw archived mirror
[0.109s][trace][monitorinflation,owner ] set_owner_from_BasicLock(): mid=0x00006000038b0340, basic_lock_p=0x000070000ed50a60, new_value=0x00007f8f2d088600
[0.109s][debug][cds,heap               ] Clearing root 409: was 0x00000007ffb0b770
[0.109s][trace][monitorinflation,owner ] release_clear_owner(): mid=0x00006000038b0340, old_value=0x00007f8f2d088600
[0.109s][debug][cds,mirror             ] Archived mirror is: 0x00000007ffb0b770
[0.109s][trace][cds,heap,mirror        ] Restored jdk.internal.util.SystemProps archived mirror 0x00000007ffb0b770
[0.109s][debug][cds,heap               ] Clearing root 410: was 0x00000007ffb0b7e8
[0.109s][info ][class,load             ] jdk.internal.util.SystemProps source: shared objects file
[0.109s][debug][class,load             ]  klass: 0x00000001300178e0 super: 0x0000000130000db8 loader: [loader data: 0x00006000032ac000 of 'bootstrap']
[0.109s][debug][class,load,placeholders] find_and_add DEFINE_CLASS 'jdk/internal/util/SystemProps', loader loader data: 0x00006000032ac000 of 'bootstrap'
[0.109s][debug][class,load,placeholders] loadInstanceThreadQ threads:0x00007f8f4f008800, 
[0.109s][debug][class,load,placeholders] superThreadQ threads:
[0.109s][debug][class,load,placeholders] defineThreadQ threads:0x00007f8f4f008800, 
[0.109s][debug][class,load,placeholders] find_and_remove DEFINE_CLASS 'jdk/internal/util/SystemProps', loader loader data: 0x00006000032ac000 of 'bootstrap', InstanceKlass 'jdk/internal/util/SystemProps'
[0.109s][debug][class,load,placeholders] loadInstanceThreadQ threads:0x00007f8f4f008800, 
[0.109s][debug][class,load,placeholders] superThreadQ threads:
[0.109s][debug][class,load,placeholders] defineThreadQ threads:0x00007f8f4f008800, 
[0.109s][debug][class,load,placeholders] find_and_remove LOAD_INSTANCE 'jdk/internal/util/SystemProps', loader loader data: 0x00006000032ac000 of 'bootstrap', InstanceKlass 'jdk/internal/util/SystemProps'
[0.109s][debug][class,load,placeholders] loadInstanceThreadQ threads:0x00007f8f4f008800, 
[0.109s][debug][class,load,placeholders] superThreadQ threads:
[0.109s][debug][class,load,placeholders] defineThreadQ threads:
[0.109s][debug][class,resolve          ] java.lang.System jdk.internal.util.SystemProps System.java:2093
[0.109s][info ][class,init             ] 80 Initializing 'jdk/internal/util/SystemProps' (0x00000001300178e0)
[0.109s][trace][metaspace              ] Arena @0x00006000016b2200 (non-class sm): requested 7 words.
[0.109s][trace][metaspace              ] Arena @0x00006000016b2200 (non-class sm): after allocation: 1 chunk(s), current:@0x00007f8f2d80b248, u, base 0x0000000171000000, level lv02 (524288), used: 1443, committed: 8192, committed-free: 6749
[0.109s][trace][metaspace              ] Arena @0x00006000016b2200 (non-class sm): returning 0x0000000171002ce0.
[0.109s][trace][metaspace              ] Metaspace::allocate: type 13 return 0x0000000171002ce0.
[0.109s][debug][class,resolve          ] jdk.internal.util.SystemProps java.lang.Class SystemProps.java:38
[0.109s][trace][metaspace              ] Arena @0x00006000016b2200 (non-class sm): requested 7 words.
[0.109s][trace][metaspace              ] Arena @0x00006000016b2200 (non-class sm): after allocation: 1 chunk(s), current:@0x00007f8f2d80b248, u, base 0x0000000171000000, level lv02 (524288), used: 1450, committed: 8192, committed-free: 6742
[0.109s][trace][metaspace              ] Arena @0x00006000016b2200 (non-class sm): returning 0x0000000171002d18.
[0.109s][trace][metaspace              ] Metaspace::allocate: type 13 return 0x0000000171002d18.
[0.109s][debug][class,load,placeholders] find_and_add LOAD_INSTANCE 'jdk/internal/util/SystemProps$Raw', loader loader data: 0x00006000032ac000 of 'bootstrap'
[0.109s][debug][class,load,placeholders] loadInstanceThreadQ threads:0x00007f8f4f008800, 
[0.109s][debug][class,load,placeholders] superThreadQ threads:
[0.109s][debug][class,load,placeholders] defineThreadQ threads:
[0.110s][trace][cds,unshareable        ] restore: jdk.internal.util.SystemProps$Raw
[0.110s][trace][class,loader,data      ] Adding k: 0x00000001301f7e48 jdk.internal.util.SystemProps$Raw to loader data: 0x00006000032ac000 of 'bootstrap'
[0.110s][debug][cds,mirror             ] jdk.internal.util.SystemProps$Raw has raw archived mirror
[0.110s][debug][cds,heap               ] Clearing root 848: was 0x00000007ffb17230
[0.110s][debug][cds,mirror             ] Archived mirror is: 0x00000007ffb17230
[0.110s][trace][cds,heap,mirror        ] Restored jdk.internal.util.SystemProps$Raw archived mirror 0x00000007ffb17230
[0.110s][debug][cds,heap               ] Clearing root 849: was 0x00000007ffb17340
[0.110s][info ][class,load             ] jdk.internal.util.SystemProps$Raw source: shared objects file
[0.110s][debug][class,load             ]  klass: 0x00000001301f7e48 super: 0x0000000130000db8 loader: [loader data: 0x00006000032ac000 of 'bootstrap']
[0.110s][debug][class,load,placeholders] find_and_add DEFINE_CLASS 'jdk/internal/util/SystemProps$Raw', loader loader data: 0x00006000032ac000 of 'bootstrap'
[0.110s][debug][class,load,placeholders] loadInstanceThreadQ threads:0x00007f8f4f008800, 
[0.110s][debug][class,load,placeholders] superThreadQ threads:
[0.110s][debug][class,load,placeholders] defineThreadQ threads:0x00007f8f4f008800, 
[0.110s][debug][class,load,placeholders] find_and_remove DEFINE_CLASS 'jdk/internal/util/SystemProps$Raw', loader loader data: 0x00006000032ac000 of 'bootstrap', InstanceKlass 'jdk/internal/util/SystemProps$Raw'
[0.110s][debug][class,load,placeholders] loadInstanceThreadQ threads:0x00007f8f4f008800, 
[0.110s][debug][class,load,placeholders] superThreadQ threads:
[0.110s][debug][class,load,placeholders] defineThreadQ threads:0x00007f8f4f008800, 
[0.110s][debug][class,load,placeholders] find_and_remove LOAD_INSTANCE 'jdk/internal/util/SystemProps$Raw', loader loader data: 0x00006000032ac000 of 'bootstrap', InstanceKlass 'jdk/internal/util/SystemProps$Raw'
[0.110s][debug][class,load,placeholders] loadInstanceThreadQ threads:0x00007f8f4f008800, 
[0.110s][debug][class,load,placeholders] superThreadQ threads:
[0.110s][debug][class,load,placeholders] defineThreadQ threads:
[0.110s][debug][class,resolve          ] jdk.internal.util.SystemProps jdk.internal.util.SystemProps$Raw SystemProps.java:54
[0.110s][info ][class,init             ] 81 Initializing 'jdk/internal/util/SystemProps$Raw'(no method) (0x00000001301f7e48)
[0.110s][trace][class,nestmates        ] Type jdk.internal.util.SystemProps is not part of a nest: setting nest-host to self
[0.110s][trace][class,nestmates        ] Resolving nest-host of jdk.internal.util.SystemProps$Raw using cp entry for jdk/internal/util/SystemProps
[0.110s][debug][class,resolve          ] jdk.internal.util.SystemProps$Raw jdk.internal.util.SystemProps SystemProps.java:54
[0.110s][trace][class,nestmates        ] Checking nest membership of jdk.internal.util.SystemProps$Raw in jdk.internal.util.SystemProps
[0.110s][trace][class,nestmates        ] - named class found at nest_members[0] => cp[7]
[0.110s][trace][class,nestmates        ] Resolved nest-host of jdk.internal.util.SystemProps$Raw to jdk.internal.util.SystemProps
[0.110s][trace][class,nestmates        ] Class jdk.internal.util.SystemProps does have nestmate access to jdk.internal.util.SystemProps$Raw
[0.110s][trace][metaspace              ] Arena @0x00006000016b2200 (non-class sm): requested 7 words.
[0.110s][trace][metaspace              ] Arena @0x00006000016b2200 (non-class sm): after allocation: 1 chunk(s), current:@0x00007f8f2d80b248, u, base 0x0000000171000000, level lv02 (524288), used: 1457, committed: 8192, committed-free: 6735
[0.110s][trace][metaspace              ] Arena @0x00006000016b2200 (non-class sm): returning 0x0000000171002d50.
[0.110s][trace][metaspace              ] Metaspace::allocate: type 13 return 0x0000000171002d50.
[0.110s][debug][class,resolve          ] jdk.internal.util.SystemProps$Raw java.lang.Object SystemProps.java:233
[0.110s][trace][metaspace              ] Arena @0x00006000016b2200 (non-class sm): requested 7 words.
[0.110s][trace][metaspace              ] Arena @0x00006000016b2200 (non-class sm): after allocation: 1 chunk(s), current:@0x00007f8f2d80b248, u, base 0x0000000171000000, level lv02 (524288), used: 1464, committed: 8192, committed-free: 6728
[0.110s][trace][metaspace              ] Arena @0x00006000016b2200 (non-class sm): returning 0x0000000171002d88.
[0.110s][trace][metaspace              ] Metaspace::allocate: type 13 return 0x0000000171002d88.
[0.110s][debug][jni,resolve            ] [Dynamic-linking native method jdk.internal.util.SystemProps$Raw.platformProperties ... JNI]
[0.121s][debug][class,resolve          ] jdk.internal.util.SystemProps$Raw java.lang.String SystemProps.java:-1 (jdk.internal.util.SystemProps$Raw.platformProperties()[Ljava/lang/String;)
[0.121s][debug][oopstorage,blocks      ] JNI Global: new block 0x00007f8f4e207840
[0.121s][trace][oopstorage,blocks      ] JNI Global: block not empty 0x00007f8f4e207840
[0.121s][trace][oopstorage,ref         ] JNI Global: allocated 0x00007f8f4e207840
[0.121s][trace][oopstorage,ref         ] JNI Global: allocated 0x00007f8f4e207848
[0.121s][trace][class,nestmates        ] Class jdk.internal.util.SystemProps does have nestmate access to jdk.internal.util.SystemProps$Raw
[0.121s][trace][metaspace              ] Arena @0x00006000016b2200 (non-class sm): requested 7 words.
[0.121s][trace][metaspace              ] Arena @0x00006000016b2200 (non-class sm): after allocation: 1 chunk(s), current:@0x00007f8f2d80b248, u, base 0x0000000171000000, level lv02 (524288), used: 1471, committed: 8192, committed-free: 6721
[0.121s][trace][metaspace              ] Arena @0x00006000016b2200 (non-class sm): returning 0x0000000171002dc0.
[0.121s][trace][metaspace              ] Metaspace::allocate: type 13 return 0x0000000171002dc0.
[0.121s][trace][metaspace              ] Arena @0x00006000016b2200 (non-class sm): requested 7 words.
[0.121s][trace][metaspace              ] Arena @0x00006000016b2200 (non-class sm): after allocation: 1 chunk(s), current:@0x00007f8f2d80b248, u, base 0x0000000171000000, level lv02 (524288), used: 1478, committed: 8192, committed-free: 6714
[0.121s][trace][metaspace              ] Arena @0x00006000016b2200 (non-class sm): returning 0x0000000171002df8.
[0.121s][trace][metaspace              ] Metaspace::allocate: type 13 return 0x0000000171002df8.
[0.121s][debug][jni,resolve            ] [Dynamic-linking native method jdk.internal.util.SystemProps$Raw.vmProperties ... JNI]
[0.121s][debug][class,resolve          ] jdk.internal.util.SystemProps$Raw java.util.HashMap SystemProps.java:258
[0.121s][trace][metaspace              ] Arena @0x00006000016b2200 (non-class sm): requested 7 words.
[0.121s][trace][metaspace              ] Arena @0x00006000016b2200 (non-class sm): after allocation: 1 chunk(s), current:@0x00007f8f2d80b248, u, base 0x0000000171000000, level lv02 (524288), used: 1485, committed: 8192, committed-free: 6707
[0.121s][trace][metaspace              ] Arena @0x00006000016b2200 (non-class sm): returning 0x0000000171002e30.
[0.121s][trace][metaspace              ] Metaspace::allocate: type 13 return 0x0000000171002e30.
[0.121s][trace][metaspace              ] Arena @0x00006000016b2200 (non-class sm): requested 7 words.
[0.121s][trace][metaspace              ] Arena @0x00006000016b2200 (non-class sm): after allocation: 1 chunk(s), current:@0x00007f8f2d80b248, u, base 0x0000000171000000, level lv02 (524288), used: 1492, committed: 8192, committed-free: 6700
[0.121s][trace][metaspace              ] Arena @0x00006000016b2200 (non-class sm): returning 0x0000000171002e68.
[0.121s][trace][metaspace              ] Metaspace::allocate: type 13 return 0x0000000171002e68.
[0.121s][debug][class,resolve          ] java.util.HashMap java.lang.Float HashMap.java:447
[0.121s][trace][metaspace              ] Arena @0x00006000016b2200 (non-class sm): requested 7 words.
[0.121s][trace][metaspace              ] Arena @0x00006000016b2200 (non-class sm): after allocation: 1 chunk(s), current:@0x00007f8f2d80b248, u, base 0x0000000171000000, level lv02 (524288), used: 1499, committed: 8192, committed-free: 6693
[0.121s][trace][metaspace              ] Arena @0x00006000016b2200 (non-class sm): returning 0x0000000171002ea0.
[0.121s][trace][metaspace              ] Metaspace::allocate: type 13 return 0x0000000171002ea0.
[0.121s][trace][metaspace              ] Arena @0x00006000016b2200 (non-class sm): requested 7 words.
[0.121s][trace][metaspace              ] Arena @0x00006000016b2200 (non-class sm): after allocation: 1 chunk(s), current:@0x00007f8f2d80b248, u, base 0x0000000171000000, level lv02 (524288), used: 1506, committed: 8192, committed-free: 6686
[0.121s][trace][metaspace              ] Arena @0x00006000016b2200 (non-class sm): returning 0x0000000171002ed8.
[0.121s][trace][metaspace              ] Metaspace::allocate: type 13 return 0x0000000171002ed8.
[0.121s][trace][metaspace              ] Arena @0x00006000016b2200 (non-class sm): requested 7 words.
[0.121s][trace][metaspace              ] Arena @0x00006000016b2200 (non-class sm): after allocation: 1 chunk(s), current:@0x00007f8f2d80b248, u, base 0x0000000171000000, level lv02 (524288), used: 1513, committed: 8192, committed-free: 6679
[0.121s][trace][metaspace              ] Arena @0x00006000016b2200 (non-class sm): returning 0x0000000171002f10.
[0.121s][trace][metaspace              ] Metaspace::allocate: type 13 return 0x0000000171002f10.
[0.121s][debug][class,resolve          ] jdk.internal.util.SystemProps java.util.HashMap SystemProps.java:57
[0.121s][trace][metaspace              ] Arena @0x00006000016b2200 (non-class sm): requested 7 words.
[0.121s][trace][metaspace              ] Arena @0x00006000016b2200 (non-class sm): after allocation: 1 chunk(s), current:@0x00007f8f2d80b248, u, base 0x0000000171000000, level lv02 (524288), used: 1520, committed: 8192, committed-free: 6672
[0.121s][trace][metaspace              ] Arena @0x00006000016b2200 (non-class sm): returning 0x0000000171002f48.
[0.121s][trace][metaspace              ] Metaspace::allocate: type 13 return 0x0000000171002f48.
[0.121s][trace][metaspace              ] Arena @0x00006000016b2200 (non-class sm): requested 7 words.
[0.122s][trace][metaspace              ] Arena @0x00006000016b2200 (non-class sm): after allocation: 1 chunk(s), current:@0x00007f8f2d80b248, u, base 0x0000000171000000, level lv02 (524288), used: 1527, committed: 8192, committed-free: 6665
[0.122s][trace][metaspace              ] Arena @0x00006000016b2200 (non-class sm): returning 0x0000000171002f80.
[0.122s][trace][metaspace              ] Metaspace::allocate: type 13 return 0x0000000171002f80.
[0.122s][debug][class,resolve          ] jdk.internal.util.SystemProps java.lang.String SystemProps.java:57
[0.122s][trace][metaspace              ] Arena @0x00006000016b2200 (non-class sm): requested 7 words.
[0.122s][trace][metaspace              ] Arena @0x00006000016b2200 (non-class sm): after allocation: 1 chunk(s), current:@0x00007f8f2d80b248, u, base 0x0000000171000000, level lv02 (524288), used: 1534, committed: 8192, committed-free: 6658
[0.122s][trace][metaspace              ] Arena @0x00006000016b2200 (non-class sm): returning 0x0000000171002fb8.
[0.122s][trace][metaspace              ] Metaspace::allocate: type 13 return 0x0000000171002fb8.
[0.122s][trace][metaspace              ] Arena @0x00006000016b2200 (non-class sm): requested 7 words.
[0.122s][trace][metaspace              ] Arena @0x00006000016b2200 (non-class sm): after allocation: 1 chunk(s), current:@0x00007f8f2d80b248, u, base 0x0000000171000000, level lv02 (524288), used: 1541, committed: 8192, committed-free: 6651
[0.122s][trace][metaspace              ] Arena @0x00006000016b2200 (non-class sm): returning 0x0000000171002ff0.
[0.122s][trace][metaspace              ] Metaspace::allocate: type 13 return 0x0000000171002ff0.
[0.122s][trace][metaspace              ] Arena @0x00006000016b2200 (non-class sm): requested 7 words.
[0.122s][trace][metaspace              ] Arena @0x00006000016b2200 (non-class sm): after allocation: 1 chunk(s), current:@0x00007f8f2d80b248, u, base 0x0000000171000000, level lv02 (524288), used: 1548, committed: 8192, committed-free: 6644
[0.122s][trace][metaspace              ] Arena @0x00006000016b2200 (non-class sm): returning 0x0000000171003028.
[0.122s][trace][metaspace              ] Metaspace::allocate: type 13 return 0x0000000171003028.
[0.122s][trace][metaspace              ] Arena @0x00006000016b2200 (non-class sm): requested 7 words.
[0.122s][trace][metaspace              ] Arena @0x00006000016b2200 (non-class sm): after allocation: 1 chunk(s), current:@0x00007f8f2d80b248, u, base 0x0000000171000000, level lv02 (524288), used: 1555, committed: 8192, committed-free: 6637
[0.122s][trace][metaspace              ] Arena @0x00006000016b2200 (non-class sm): returning 0x0000000171003060.
[0.122s][trace][metaspace              ] Metaspace::allocate: type 13 return 0x0000000171003060.
[0.122s][trace][metaspace              ] Arena @0x00006000016b2200 (non-class sm): requested 7 words.
[0.122s][trace][metaspace              ] Arena @0x00006000016b2200 (non-class sm): after allocation: 1 chunk(s), current:@0x00007f8f2d80b248, u, base 0x0000000171000000, level lv02 (524288), used: 1562, committed: 8192, committed-free: 6630
[0.122s][trace][metaspace              ] Arena @0x00006000016b2200 (non-class sm): returning 0x0000000171003098.
[0.122s][trace][metaspace              ] Metaspace::allocate: type 13 return 0x0000000171003098.
[0.122s][trace][metaspace              ] Arena @0x00006000016b2200 (non-class sm): requested 7 words.
[0.122s][trace][metaspace              ] Arena @0x00006000016b2200 (non-class sm): after allocation: 1 chunk(s), current:@0x00007f8f2d80b248, u, base 0x0000000171000000, level lv02 (524288), used: 1569, committed: 8192, committed-free: 6623
[0.122s][trace][metaspace              ] Arena @0x00006000016b2200 (non-class sm): returning 0x00000001710030d0.
[0.122s][trace][metaspace              ] Metaspace::allocate: type 13 return 0x00000001710030d0.
[0.122s][trace][metaspace              ] Arena @0x00006000016b2200 (non-class sm): requested 7 words.
[0.122s][trace][metaspace              ] Arena @0x00006000016b2200 (non-class sm): after allocation: 1 chunk(s), current:@0x00007f8f2d80b248, u, base 0x0000000171000000, level lv02 (524288), used: 1576, committed: 8192, committed-free: 6616
[0.122s][trace][metaspace              ] Arena @0x00006000016b2200 (non-class sm): returning 0x0000000171003108.
[0.122s][trace][metaspace              ] Metaspace::allocate: type 13 return 0x0000000171003108.
[0.122s][debug][class,load,placeholders] find_and_add LOAD_INSTANCE 'java/lang/StringConcatHelper', loader loader data: 0x00006000032ac000 of 'bootstrap'
[0.122s][debug][class,load,placeholders] loadInstanceThreadQ threads:0x00007f8f4f008800, 
[0.122s][debug][class,load,placeholders] superThreadQ threads:
[0.122s][debug][class,load,placeholders] defineThreadQ threads:
[0.122s][trace][cds,unshareable        ] restore: java.lang.StringConcatHelper
[0.122s][trace][class,loader,data      ] Adding k: 0x0000000130018350 java.lang.StringConcatHelper to loader data: 0x00006000032ac000 of 'bootstrap'
[0.122s][debug][cds,mirror             ] java.lang.StringConcatHelper has raw archived mirror
[0.122s][debug][cds,heap               ] Clearing root 286: was 0x00000007ffb07c40
[0.122s][debug][cds,mirror             ] Archived mirror is: 0x00000007ffb07c40
[0.122s][trace][cds,heap,mirror        ] Restored java.lang.StringConcatHelper archived mirror 0x00000007ffb07c40
[0.122s][debug][cds,heap               ] Clearing root 287: was 0x00000007ffb07cc8
[0.122s][info ][class,load             ] java.lang.StringConcatHelper source: shared objects file
[0.122s][debug][class,load             ]  klass: 0x0000000130018350 super: 0x0000000130000db8 loader: [loader data: 0x00006000032ac000 of 'bootstrap']
[0.122s][debug][class,load,placeholders] find_and_add DEFINE_CLASS 'java/lang/StringConcatHelper', loader loader data: 0x00006000032ac000 of 'bootstrap'
[0.122s][debug][class,load,placeholders] loadInstanceThreadQ threads:0x00007f8f4f008800, 
[0.122s][debug][class,load,placeholders] superThreadQ threads:
[0.122s][debug][class,load,placeholders] defineThreadQ threads:0x00007f8f4f008800, 
[0.122s][debug][class,load,placeholders] find_and_remove DEFINE_CLASS 'java/lang/StringConcatHelper', loader loader data: 0x00006000032ac000 of 'bootstrap', InstanceKlass 'java/lang/StringConcatHelper'
[0.122s][debug][class,load,placeholders] loadInstanceThreadQ threads:0x00007f8f4f008800, 
[0.122s][debug][class,load,placeholders] superThreadQ threads:
[0.122s][debug][class,load,placeholders] defineThreadQ threads:0x00007f8f4f008800, 
[0.122s][debug][class,load,placeholders] find_and_remove LOAD_INSTANCE 'java/lang/StringConcatHelper', loader loader data: 0x00006000032ac000 of 'bootstrap', InstanceKlass 'java/lang/StringConcatHelper'
[0.122s][debug][class,load,placeholders] loadInstanceThreadQ threads:0x00007f8f4f008800, 
[0.122s][debug][class,load,placeholders] superThreadQ threads:
[0.122s][debug][class,load,placeholders] defineThreadQ threads:
[0.122s][debug][class,resolve          ] java.lang.String java.lang.StringConcatHelper String.java:2774
[0.122s][info ][class,init             ] 82 Initializing 'java/lang/StringConcatHelper' (0x0000000130018350)
[0.122s][trace][metaspace              ] Arena @0x00006000016b2200 (non-class sm): requested 7 words.
[0.122s][trace][metaspace              ] Arena @0x00006000016b2200 (non-class sm): after allocation: 1 chunk(s), current:@0x00007f8f2d80b248, u, base 0x0000000171000000, level lv02 (524288), used: 1583, committed: 8192, committed-free: 6609
[0.122s][trace][metaspace              ] Arena @0x00006000016b2200 (non-class sm): returning 0x0000000171003140.
[0.122s][trace][metaspace              ] Metaspace::allocate: type 13 return 0x0000000171003140.
[0.122s][debug][class,resolve          ] java.lang.StringConcatHelper jdk.internal.misc.Unsafe StringConcatHelper.java:460
[0.122s][trace][metaspace              ] Arena @0x00006000016b2200 (non-class sm): requested 7 words.
[0.122s][trace][metaspace              ] Arena @0x00006000016b2200 (non-class sm): after allocation: 1 chunk(s), current:@0x00007f8f2d80b248, u, base 0x0000000171000000, level lv02 (524288), used: 1590, committed: 8192, committed-free: 6602
[0.122s][trace][metaspace              ] Arena @0x00006000016b2200 (non-class sm): returning 0x0000000171003178.
[0.122s][trace][metaspace              ] Metaspace::allocate: type 13 return 0x0000000171003178.
[0.122s][trace][metaspace              ] Arena @0x00006000016b2200 (non-class sm): requested 7 words.
[0.122s][trace][metaspace              ] Arena @0x00006000016b2200 (non-class sm): after allocation: 1 chunk(s), current:@0x00007f8f2d80b248, u, base 0x0000000171000000, level lv02 (524288), used: 1597, committed: 8192, committed-free: 6595
[0.122s][trace][metaspace              ] Arena @0x00006000016b2200 (non-class sm): returning 0x00000001710031b0.
[0.122s][trace][metaspace              ] Metaspace::allocate: type 13 return 0x00000001710031b0.
[0.122s][debug][class,resolve          ] java.lang.StringConcatHelper java.lang.Object StringConcatHelper.java:453
[0.122s][trace][metaspace              ] Arena @0x00006000016b2200 (non-class sm): requested 7 words.
[0.122s][trace][metaspace              ] Arena @0x00006000016b2200 (non-class sm): after allocation: 1 chunk(s), current:@0x00007f8f2d80b248, u, base 0x0000000171000000, level lv02 (524288), used: 1604, committed: 8192, committed-free: 6588
[0.122s][trace][metaspace              ] Arena @0x00006000016b2200 (non-class sm): returning 0x00000001710031e8.
[0.122s][trace][metaspace              ] Metaspace::allocate: type 13 return 0x00000001710031e8.
[0.122s][debug][class,resolve          ] java.lang.StringConcatHelper java.lang.String StringConcatHelper.java:409
[0.122s][trace][metaspace              ] Arena @0x00006000016b2200 (non-class sm): requested 7 words.
[0.122s][trace][metaspace              ] Arena @0x00006000016b2200 (non-class sm): after allocation: 1 chunk(s), current:@0x00007f8f2d80b248, u, base 0x0000000171000000, level lv02 (524288), used: 1611, committed: 8192, committed-free: 6581
[0.122s][trace][metaspace              ] Arena @0x00006000016b2200 (non-class sm): returning 0x0000000171003220.
[0.122s][trace][metaspace              ] Metaspace::allocate: type 13 return 0x0000000171003220.
[0.122s][trace][metaspace              ] Arena @0x00006000016b2200 (non-class sm): requested 7 words.
[0.123s][trace][metaspace              ] Arena @0x00006000016b2200 (non-class sm): after allocation: 1 chunk(s), current:@0x00007f8f2d80b248, u, base 0x0000000171000000, level lv02 (524288), used: 1618, committed: 8192, committed-free: 6574
[0.123s][trace][metaspace              ] Arena @0x00006000016b2200 (non-class sm): returning 0x0000000171003258.
[0.123s][trace][metaspace              ] Metaspace::allocate: type 13 return 0x0000000171003258.
[0.123s][trace][metaspace              ] Arena @0x00006000016b2200 (non-class sm): requested 7 words.
[0.123s][trace][metaspace              ] Arena @0x00006000016b2200 (non-class sm): after allocation: 1 chunk(s), current:@0x00007f8f2d80b248, u, base 0x0000000171000000, level lv02 (524288), used: 1625, committed: 8192, committed-free: 6567
[0.123s][trace][metaspace              ] Arena @0x00006000016b2200 (non-class sm): returning 0x0000000171003290.
[0.123s][trace][metaspace              ] Metaspace::allocate: type 13 return 0x0000000171003290.
[0.123s][trace][metaspace              ] Arena @0x00006000016b2200 (non-class sm): requested 7 words.
[0.123s][trace][metaspace              ] Arena @0x00006000016b2200 (non-class sm): after allocation: 1 chunk(s), current:@0x00007f8f2d80b248, u, base 0x0000000171000000, level lv02 (524288), used: 1632, committed: 8192, committed-free: 6560
[0.123s][trace][metaspace              ] Arena @0x00006000016b2200 (non-class sm): returning 0x00000001710032c8.
[0.123s][trace][metaspace              ] Metaspace::allocate: type 13 return 0x00000001710032c8.
[0.123s][debug][class,resolve          ] java.lang.StringConcatHelper java.lang.Byte StringConcatHelper.java:497
[0.123s][info ][class,init             ] 83 Initializing 'java/lang/Byte' (0x000000013003acc0)
[0.123s][trace][metaspace              ] Arena @0x00006000016b2200 (non-class sm): requested 7 words.
[0.123s][trace][metaspace              ] Arena @0x00006000016b2200 (non-class sm): after allocation: 1 chunk(s), current:@0x00007f8f2d80b248, u, base 0x0000000171000000, level lv02 (524288), used: 1639, committed: 8192, committed-free: 6553
[0.123s][trace][metaspace              ] Arena @0x00006000016b2200 (non-class sm): returning 0x0000000171003300.
[0.123s][trace][metaspace              ] Metaspace::allocate: type 13 return 0x0000000171003300.
[0.123s][debug][class,resolve          ] java.lang.Byte java.lang.Class Byte.java:82
[0.123s][trace][metaspace              ] Arena @0x00006000016b2200 (non-class sm): requested 7 words.
[0.123s][trace][metaspace              ] Arena @0x00006000016b2200 (non-class sm): after allocation: 1 chunk(s), current:@0x00007f8f2d80b248, u, base 0x0000000171000000, level lv02 (524288), used: 1646, committed: 8192, committed-free: 6546
[0.123s][trace][metaspace              ] Arena @0x00006000016b2200 (non-class sm): returning 0x0000000171003338.
[0.123s][trace][metaspace              ] Metaspace::allocate: type 13 return 0x0000000171003338.
[0.123s][debug][class,resolve          ] jdk.internal.misc.Unsafe java.lang.Class Unsafe.java:1369
[0.123s][trace][metaspace              ] Arena @0x00006000016b2200 (non-class sm): requested 7 words.
[0.123s][trace][metaspace              ] Arena @0x00006000016b2200 (non-class sm): after allocation: 1 chunk(s), current:@0x00007f8f2d80b248, u, base 0x0000000171000000, level lv02 (524288), used: 1653, committed: 8192, committed-free: 6539
[0.123s][trace][metaspace              ] Arena @0x00006000016b2200 (non-class sm): returning 0x0000000171003370.
[0.123s][trace][metaspace              ] Metaspace::allocate: type 13 return 0x0000000171003370.
[0.123s][trace][metaspace              ] Arena @0x00006000016b2200 (non-class sm): requested 7 words.
[0.123s][trace][metaspace              ] Arena @0x00006000016b2200 (non-class sm): after allocation: 1 chunk(s), current:@0x00007f8f2d80b248, u, base 0x0000000171000000, level lv02 (524288), used: 1660, committed: 8192, committed-free: 6532
[0.123s][trace][metaspace              ] Arena @0x00006000016b2200 (non-class sm): returning 0x00000001710033a8.
[0.123s][trace][metaspace              ] Metaspace::allocate: type 13 return 0x00000001710033a8.
[0.123s][debug][class,resolve          ] jdk.internal.misc.Unsafe java.lang.Byte Unsafe.java:1382
[0.123s][debug][class,resolve          ] java.lang.StringConcatHelper [B StringConcatHelper.java:497
[0.123s][trace][metaspace              ] Arena @0x00006000016b2200 (non-class sm): requested 7 words.
[0.123s][trace][metaspace              ] Arena @0x00006000016b2200 (non-class sm): after allocation: 1 chunk(s), current:@0x00007f8f2d80b248, u, base 0x0000000171000000, level lv02 (524288), used: 1667, committed: 8192, committed-free: 6525
[0.123s][trace][metaspace              ] Arena @0x00006000016b2200 (non-class sm): returning 0x00000001710033e0.
[0.123s][trace][metaspace              ] Metaspace::allocate: type 13 return 0x00000001710033e0.
[0.123s][trace][metaspace              ] Arena @0x00006000016b2200 (non-class sm): requested 7 words.
[0.123s][trace][metaspace              ] Arena @0x00006000016b2200 (non-class sm): after allocation: 1 chunk(s), current:@0x00007f8f2d80b248, u, base 0x0000000171000000, level lv02 (524288), used: 1674, committed: 8192, committed-free: 6518
[0.123s][trace][metaspace              ] Arena @0x00006000016b2200 (non-class sm): returning 0x0000000171003418.
[0.123s][trace][metaspace              ] Metaspace::allocate: type 13 return 0x0000000171003418.
[0.123s][debug][class,resolve          ] java.lang.String java.lang.System String.java:4459
[0.123s][trace][metaspace              ] Arena @0x00006000016b2200 (non-class sm): requested 7 words.
[0.123s][trace][metaspace              ] Arena @0x00006000016b2200 (non-class sm): after allocation: 1 chunk(s), current:@0x00007f8f2d80b248, u, base 0x0000000171000000, level lv02 (524288), used: 1681, committed: 8192, committed-free: 6511
[0.123s][trace][metaspace              ] Arena @0x00006000016b2200 (non-class sm): returning 0x0000000171003450.
[0.123s][trace][metaspace              ] Metaspace::allocate: type 13 return 0x0000000171003450.
[0.123s][trace][metaspace              ] Arena @0x00006000016b2200 (non-class sm): requested 7 words.
[0.123s][trace][metaspace              ] Arena @0x00006000016b2200 (non-class sm): after allocation: 1 chunk(s), current:@0x00007f8f2d80b248, u, base 0x0000000171000000, level lv02 (524288), used: 1688, committed: 8192, committed-free: 6504
[0.123s][trace][metaspace              ] Arena @0x00006000016b2200 (non-class sm): returning 0x0000000171003488.
[0.123s][trace][metaspace              ] Metaspace::allocate: type 13 return 0x0000000171003488.
[0.123s][trace][metaspace              ] Arena @0x00006000016b2200 (non-class sm): requested 7 words.
[0.123s][trace][metaspace              ] Arena @0x00006000016b2200 (non-class sm): after allocation: 1 chunk(s), current:@0x00007f8f2d80b248, u, base 0x0000000171000000, level lv02 (524288), used: 1695, committed: 8192, committed-free: 6497
[0.123s][trace][metaspace              ] Arena @0x00006000016b2200 (non-class sm): returning 0x00000001710034c0.
[0.123s][trace][metaspace              ] Metaspace::allocate: type 13 return 0x00000001710034c0.
[0.123s][debug][class,resolve          ] java.lang.String java.lang.Object String.java:4539
[0.123s][debug][class,load,placeholders] find_and_add LOAD_INSTANCE 'java/lang/VersionProps', loader loader data: 0x00006000032ac000 of 'bootstrap'
[0.123s][debug][class,load,placeholders] loadInstanceThreadQ threads:0x00007f8f4f008800, 
[0.123s][debug][class,load,placeholders] superThreadQ threads:
[0.123s][debug][class,load,placeholders] defineThreadQ threads:
[0.123s][trace][cds,unshareable        ] restore: java.lang.VersionProps
[0.123s][trace][class,loader,data      ] Adding k: 0x0000000130018118 java.lang.VersionProps to loader data: 0x00006000032ac000 of 'bootstrap'
[0.123s][debug][cds,mirror             ] java.lang.VersionProps has raw archived mirror
[0.123s][debug][cds,heap               ] Clearing root 148: was 0x00000007ffb03ea0
[0.123s][debug][cds,mirror             ] Archived mirror is: 0x00000007ffb03ea0
[0.123s][trace][cds,heap,mirror        ] Restored java.lang.VersionProps archived mirror 0x00000007ffb03ea0
[0.123s][debug][cds,heap               ] Clearing root 149: was 0x00000007ffb03f58
[0.123s][info ][class,load             ] java.lang.VersionProps source: shared objects file
[0.123s][debug][class,load             ]  klass: 0x0000000130018118 super: 0x0000000130000db8 loader: [loader data: 0x00006000032ac000 of 'bootstrap']
[0.123s][debug][class,load,placeholders] find_and_add DEFINE_CLASS 'java/lang/VersionProps', loader loader data: 0x00006000032ac000 of 'bootstrap'
[0.123s][debug][class,load,placeholders] loadInstanceThreadQ threads:0x00007f8f4f008800, 
[0.123s][debug][class,load,placeholders] superThreadQ threads:
[0.123s][debug][class,load,placeholders] defineThreadQ threads:0x00007f8f4f008800, 
[0.123s][debug][class,load,placeholders] find_and_remove DEFINE_CLASS 'java/lang/VersionProps', loader loader data: 0x00006000032ac000 of 'bootstrap', InstanceKlass 'java/lang/VersionProps'
[0.123s][debug][class,load,placeholders] loadInstanceThreadQ threads:0x00007f8f4f008800, 
[0.123s][debug][class,load,placeholders] superThreadQ threads:
[0.123s][debug][class,load,placeholders] defineThreadQ threads:0x00007f8f4f008800, 
[0.123s][debug][class,load,placeholders] find_and_remove LOAD_INSTANCE 'java/lang/VersionProps', loader loader data: 0x00006000032ac000 of 'bootstrap', InstanceKlass 'java/lang/VersionProps'
[0.123s][debug][class,load,placeholders] loadInstanceThreadQ threads:0x00007f8f4f008800, 
[0.123s][debug][class,load,placeholders] superThreadQ threads:
[0.123s][debug][class,load,placeholders] defineThreadQ threads:
[0.123s][debug][class,resolve          ] java.lang.System java.lang.VersionProps System.java:2094
[0.123s][info ][class,init             ] 84 Initializing 'java/lang/VersionProps' (0x0000000130018118)
[0.123s][trace][metaspace              ] Arena @0x00006000016b2200 (non-class sm): requested 7 words.
[0.123s][trace][metaspace              ] Arena @0x00006000016b2200 (non-class sm): after allocation: 1 chunk(s), current:@0x00007f8f2d80b248, u, base 0x0000000171000000, level lv02 (524288), used: 1702, committed: 8192, committed-free: 6490
[0.123s][trace][metaspace              ] Arena @0x00006000016b2200 (non-class sm): returning 0x00000001710034f8.
[0.123s][trace][metaspace              ] Metaspace::allocate: type 13 return 0x00000001710034f8.
[0.124s][debug][class,resolve          ] java.lang.VersionProps java.lang.String VersionProps.java:70
[0.124s][trace][metaspace              ] Arena @0x00006000016b2200 (non-class sm): requested 7 words.
[0.124s][trace][metaspace              ] Arena @0x00006000016b2200 (non-class sm): after allocation: 1 chunk(s), current:@0x00007f8f2d80b248, u, base 0x0000000171000000, level lv02 (524288), used: 1709, committed: 8192, committed-free: 6483
[0.124s][trace][metaspace              ] Arena @0x00006000016b2200 (non-class sm): returning 0x0000000171003530.
[0.124s][trace][metaspace              ] Metaspace::allocate: type 13 return 0x0000000171003530.
[0.124s][trace][metaspace              ] Arena @0x00006000016b2200 (non-class sm): requested 7 words.
[0.124s][trace][metaspace              ] Arena @0x00006000016b2200 (non-class sm): after allocation: 1 chunk(s), current:@0x00007f8f2d80b248, u, base 0x0000000171000000, level lv02 (524288), used: 1716, committed: 8192, committed-free: 6476
[0.124s][trace][metaspace              ] Arena @0x00006000016b2200 (non-class sm): returning 0x0000000171003568.
[0.124s][trace][metaspace              ] Metaspace::allocate: type 13 return 0x0000000171003568.
[0.124s][trace][metaspace              ] Arena @0x00006000016b2200 (non-class sm): requested 7 words.
[0.124s][trace][metaspace              ] Arena @0x00006000016b2200 (non-class sm): after allocation: 1 chunk(s), current:@0x00007f8f2d80b248, u, base 0x0000000171000000, level lv02 (524288), used: 1723, committed: 8192, committed-free: 6469
[0.124s][trace][metaspace              ] Arena @0x00006000016b2200 (non-class sm): returning 0x00000001710035a0.
[0.124s][trace][metaspace              ] Metaspace::allocate: type 13 return 0x00000001710035a0.
[0.124s][debug][class,resolve          ] java.lang.VersionProps java.util.Map VersionProps.java:102
[0.124s][debug][class,resolve          ] java.lang.System jdk.internal.misc.VM System.java:2106
[0.124s][trace][metaspace              ] Arena @0x00006000016b2200 (non-class sm): requested 7 words.
[0.124s][trace][metaspace              ] Arena @0x00006000016b2200 (non-class sm): after allocation: 1 chunk(s), current:@0x00007f8f2d80b248, u, base 0x0000000171000000, level lv02 (524288), used: 1730, committed: 8192, committed-free: 6462
[0.124s][trace][metaspace              ] Arena @0x00006000016b2200 (non-class sm): returning 0x00000001710035d8.
[0.124s][trace][metaspace              ] Metaspace::allocate: type 13 return 0x00000001710035d8.
[0.124s][debug][class,resolve          ] jdk.internal.misc.VM java.util.Map VM.java:249
[0.124s][debug][class,resolve          ] jdk.internal.misc.VM java.lang.Runtime VM.java:252
[0.124s][trace][metaspace              ] Arena @0x00006000016b2200 (non-class sm): requested 7 words.
[0.124s][trace][metaspace              ] Arena @0x00006000016b2200 (non-class sm): after allocation: 1 chunk(s), current:@0x00007f8f2d80b248, u, base 0x0000000171000000, level lv02 (524288), used: 1737, committed: 8192, committed-free: 6455
[0.124s][trace][metaspace              ] Arena @0x00006000016b2200 (non-class sm): returning 0x0000000171003610.
[0.124s][trace][metaspace              ] Metaspace::allocate: type 13 return 0x0000000171003610.
[0.124s][debug][jni,resolve            ] [Dynamic-linking native method java.lang.Runtime.maxMemory ... JNI]
[0.124s][debug][class,resolve          ] jdk.internal.misc.VM java.lang.String VM.java:261
[0.124s][trace][metaspace              ] Arena @0x00006000016b2200 (non-class sm): requested 7 words.
[0.124s][trace][metaspace              ] Arena @0x00006000016b2200 (non-class sm): after allocation: 1 chunk(s), current:@0x00007f8f2d80b248, u, base 0x0000000171000000, level lv02 (524288), used: 1744, committed: 8192, committed-free: 6448
[0.124s][trace][metaspace              ] Arena @0x00006000016b2200 (non-class sm): returning 0x0000000171003648.
[0.124s][trace][metaspace              ] Metaspace::allocate: type 13 return 0x0000000171003648.
[0.124s][trace][metaspace              ] Arena @0x00006000016b2200 (non-class sm): requested 7 words.
[0.124s][trace][metaspace              ] Arena @0x00006000016b2200 (non-class sm): after allocation: 1 chunk(s), current:@0x00007f8f2d80b248, u, base 0x0000000171000000, level lv02 (524288), used: 1751, committed: 8192, committed-free: 6441
[0.124s][trace][metaspace              ] Arena @0x00006000016b2200 (non-class sm): returning 0x0000000171003680.
[0.124s][trace][metaspace              ] Metaspace::allocate: type 13 return 0x0000000171003680.
[0.124s][trace][metaspace              ] Arena @0x00006000016b2200 (non-class sm): requested 7 words.
[0.124s][trace][metaspace              ] Arena @0x00006000016b2200 (non-class sm): after allocation: 1 chunk(s), current:@0x00007f8f2d80b248, u, base 0x0000000171000000, level lv02 (524288), used: 1758, committed: 8192, committed-free: 6434
[0.124s][trace][metaspace              ] Arena @0x00006000016b2200 (non-class sm): returning 0x00000001710036b8.
[0.124s][trace][metaspace              ] Metaspace::allocate: type 13 return 0x00000001710036b8.
[0.124s][trace][metaspace              ] Arena @0x00006000016b2200 (non-class sm): requested 7 words.
[0.124s][trace][metaspace              ] Arena @0x00006000016b2200 (non-class sm): after allocation: 1 chunk(s), current:@0x00007f8f2d80b248, u, base 0x0000000171000000, level lv02 (524288), used: 1765, committed: 8192, committed-free: 6427
[0.124s][trace][metaspace              ] Arena @0x00006000016b2200 (non-class sm): returning 0x00000001710036f0.
[0.124s][trace][metaspace              ] Metaspace::allocate: type 13 return 0x00000001710036f0.
[0.124s][trace][metaspace              ] Arena @0x00006000016b2200 (non-class sm): requested 7 words.
[0.124s][trace][metaspace              ] Arena @0x00006000016b2200 (non-class sm): after allocation: 1 chunk(s), current:@0x00007f8f2d80b248, u, base 0x0000000171000000, level lv02 (524288), used: 1772, committed: 8192, committed-free: 6420
[0.124s][trace][metaspace              ] Arena @0x00006000016b2200 (non-class sm): returning 0x0000000171003728.
[0.124s][trace][metaspace              ] Metaspace::allocate: type 13 return 0x0000000171003728.
[0.124s][trace][metaspace              ] Arena @0x00006000016b2200 (non-class sm): requested 7 words.
[0.124s][trace][metaspace              ] Arena @0x00006000016b2200 (non-class sm): after allocation: 1 chunk(s), current:@0x00007f8f2d80b248, u, base 0x0000000171000000, level lv02 (524288), used: 1779, committed: 8192, committed-free: 6413
[0.124s][trace][metaspace              ] Arena @0x00006000016b2200 (non-class sm): returning 0x0000000171003760.
[0.124s][trace][metaspace              ] Metaspace::allocate: type 13 return 0x0000000171003760.
[0.124s][trace][metaspace              ] Arena @0x00006000016b2200 (non-class sm): requested 7 words.
[0.124s][trace][metaspace              ] Arena @0x00006000016b2200 (non-class sm): after allocation: 1 chunk(s), current:@0x00007f8f2d80b248, u, base 0x0000000171000000, level lv02 (524288), used: 1786, committed: 8192, committed-free: 6406
[0.124s][trace][metaspace              ] Arena @0x00006000016b2200 (non-class sm): returning 0x0000000171003798.
[0.124s][trace][metaspace              ] Metaspace::allocate: type 13 return 0x0000000171003798.
[0.124s][trace][metaspace              ] Arena @0x00006000016b2200 (non-class sm): requested 7 words.
[0.124s][trace][metaspace              ] Arena @0x00006000016b2200 (non-class sm): after allocation: 1 chunk(s), current:@0x00007f8f2d80b248, u, base 0x0000000171000000, level lv02 (524288), used: 1793, committed: 8192, committed-free: 6399
[0.124s][trace][metaspace              ] Arena @0x00006000016b2200 (non-class sm): returning 0x00000001710037d0.
[0.124s][trace][metaspace              ] Metaspace::allocate: type 13 return 0x00000001710037d0.
[0.124s][debug][class,resolve          ] java.lang.StringLatin1 java.lang.String StringLatin1.java:769
[0.124s][debug][class,load,placeholders] find_and_add LOAD_INSTANCE 'java/util/Arrays', loader loader data: 0x00006000032ac000 of 'bootstrap'
[0.124s][debug][class,load,placeholders] loadInstanceThreadQ threads:0x00007f8f4f008800, 
[0.124s][debug][class,load,placeholders] superThreadQ threads:
[0.124s][debug][class,load,placeholders] defineThreadQ threads:
[0.124s][trace][cds,unshareable        ] restore: java.util.Arrays
[0.124s][trace][class,loader,data      ] Adding k: 0x000000013002ced0 java.util.Arrays to loader data: 0x00006000032ac000 of 'bootstrap'
[0.124s][debug][cds,mirror             ] java.util.Arrays has raw archived mirror
[0.124s][debug][cds,heap               ] Clearing root 120: was 0x00000007ffb033e8
[0.124s][debug][cds,mirror             ] Archived mirror is: 0x00000007ffb033e8
[0.124s][trace][cds,heap,mirror        ] Restored java.util.Arrays archived mirror 0x00000007ffb033e8
[0.124s][debug][cds,heap               ] Clearing root 121: was 0x00000007ffb03468
[0.124s][info ][class,load             ] java.util.Arrays source: shared objects file
[0.124s][debug][class,load             ]  klass: 0x000000013002ced0 super: 0x0000000130000db8 loader: [loader data: 0x00006000032ac000 of 'bootstrap']
[0.124s][debug][class,load,placeholders] find_and_add DEFINE_CLASS 'java/util/Arrays', loader loader data: 0x00006000032ac000 of 'bootstrap'
[0.124s][debug][class,load,placeholders] loadInstanceThreadQ threads:0x00007f8f4f008800, 
[0.124s][debug][class,load,placeholders] superThreadQ threads:
[0.124s][debug][class,load,placeholders] defineThreadQ threads:0x00007f8f4f008800, 
[0.124s][debug][class,load,placeholders] find_and_remove DEFINE_CLASS 'java/util/Arrays', loader loader data: 0x00006000032ac000 of 'bootstrap', InstanceKlass 'java/util/Arrays'
[0.124s][debug][class,load,placeholders] loadInstanceThreadQ threads:0x00007f8f4f008800, 
[0.124s][debug][class,load,placeholders] superThreadQ threads:
[0.124s][debug][class,load,placeholders] defineThreadQ threads:0x00007f8f4f008800, 
[0.124s][debug][class,load,placeholders] find_and_remove LOAD_INSTANCE 'java/util/Arrays', loader loader data: 0x00006000032ac000 of 'bootstrap', InstanceKlass 'java/util/Arrays'
[0.124s][debug][class,load,placeholders] loadInstanceThreadQ threads:0x00007f8f4f008800, 
[0.124s][debug][class,load,placeholders] superThreadQ threads:
[0.124s][debug][class,load,placeholders] defineThreadQ threads:
[0.124s][debug][class,resolve          ] java.lang.StringLatin1 java.util.Arrays StringLatin1.java:769
[0.125s][info ][class,init             ] 85 Initializing 'java/util/Arrays' (0x000000013002ced0)
[0.125s][trace][metaspace              ] Arena @0x00006000016b2200 (non-class sm): requested 7 words.
[0.125s][trace][metaspace              ] Arena @0x00006000016b2200 (non-class sm): after allocation: 1 chunk(s), current:@0x00007f8f2d80b248, u, base 0x0000000171000000, level lv02 (524288), used: 1800, committed: 8192, committed-free: 6392
[0.125s][trace][metaspace              ] Arena @0x00006000016b2200 (non-class sm): returning 0x0000000171003808.
[0.125s][trace][metaspace              ] Metaspace::allocate: type 13 return 0x0000000171003808.
[0.125s][debug][class,resolve          ] java.util.Arrays java.lang.Class Arrays.java:75
[0.125s][trace][metaspace              ] Arena @0x00006000016b2200 (non-class sm): requested 7 words.
[0.125s][trace][metaspace              ] Arena @0x00006000016b2200 (non-class sm): after allocation: 1 chunk(s), current:@0x00007f8f2d80b248, u, base 0x0000000171000000, level lv02 (524288), used: 1807, committed: 8192, committed-free: 6385
[0.125s][trace][metaspace              ] Arena @0x00006000016b2200 (non-class sm): returning 0x0000000171003840.
[0.125s][trace][metaspace              ] Metaspace::allocate: type 13 return 0x0000000171003840.
[0.125s][debug][class,resolve          ] java.util.Arrays java.lang.Math Arrays.java:3824
[0.125s][trace][metaspace              ] Arena @0x00006000016b2200 (non-class sm): requested 7 words.
[0.125s][trace][metaspace              ] Arena @0x00006000016b2200 (non-class sm): after allocation: 1 chunk(s), current:@0x00007f8f2d80b248, u, base 0x0000000171000000, level lv02 (524288), used: 1814, committed: 8192, committed-free: 6378
[0.125s][trace][metaspace              ] Arena @0x00006000016b2200 (non-class sm): returning 0x0000000171003878.
[0.125s][trace][metaspace              ] Metaspace::allocate: type 13 return 0x0000000171003878.
[0.125s][debug][class,resolve          ] java.util.Arrays java.lang.System Arrays.java:3823
[0.125s][debug][class,resolve          ] jdk.internal.misc.VM java.lang.Integer VM.java:267
[0.125s][trace][metaspace              ] Arena @0x00006000016b2200 (non-class sm): requested 7 words.
[0.125s][trace][metaspace              ] Arena @0x00006000016b2200 (non-class sm): after allocation: 1 chunk(s), current:@0x00007f8f2d80b248, u, base 0x0000000171000000, level lv02 (524288), used: 1821, committed: 8192, committed-free: 6371
[0.125s][trace][metaspace              ] Arena @0x00006000016b2200 (non-class sm): returning 0x00000001710038b0.
[0.125s][trace][metaspace              ] Metaspace::allocate: type 13 return 0x00000001710038b0.
[0.125s][trace][metaspace              ] Arena @0x00006000016b2200 (non-class sm): requested 7 words.
[0.125s][trace][metaspace              ] Arena @0x00006000016b2200 (non-class sm): after allocation: 1 chunk(s), current:@0x00007f8f2d80b248, u, base 0x0000000171000000, level lv02 (524288), used: 1828, committed: 8192, committed-free: 6364
[0.125s][trace][metaspace              ] Arena @0x00006000016b2200 (non-class sm): returning 0x00000001710038e8.
[0.125s][trace][metaspace              ] Metaspace::allocate: type 13 return 0x00000001710038e8.
[0.125s][debug][class,resolve          ] java.lang.Integer java.lang.String Integer.java:644
[0.125s][debug][class,resolve          ] java.lang.Integer java.lang.Character Integer.java:666
[0.125s][info ][class,init             ] 86 Initializing 'java/lang/Character' (0x0000000130038c40)
[0.125s][trace][metaspace              ] Arena @0x00006000016b2200 (non-class sm): requested 7 words.
[0.125s][trace][metaspace              ] Arena @0x00006000016b2200 (non-class sm): after allocation: 1 chunk(s), current:@0x00007f8f2d80b248, u, base 0x0000000171000000, level lv02 (524288), used: 1835, committed: 8192, committed-free: 6357
[0.125s][trace][metaspace              ] Arena @0x00006000016b2200 (non-class sm): returning 0x0000000171003920.
[0.125s][trace][metaspace              ] Metaspace::allocate: type 13 return 0x0000000171003920.
[0.125s][debug][class,resolve          ] java.lang.Character java.lang.Class Character.java:174
[0.125s][trace][metaspace              ] Arena @0x00006000016b2200 (non-class sm): requested 7 words.
[0.125s][trace][metaspace              ] Arena @0x00006000016b2200 (non-class sm): after allocation: 1 chunk(s), current:@0x00007f8f2d80b248, u, base 0x0000000171000000, level lv02 (524288), used: 1842, committed: 8192, committed-free: 6350
[0.125s][trace][metaspace              ] Arena @0x00006000016b2200 (non-class sm): returning 0x0000000171003958.
[0.125s][trace][metaspace              ] Metaspace::allocate: type 13 return 0x0000000171003958.
[0.125s][trace][metaspace              ] Arena @0x00006000016b2200 (non-class sm): requested 7 words.
[0.125s][trace][metaspace              ] Arena @0x00006000016b2200 (non-class sm): after allocation: 1 chunk(s), current:@0x00007f8f2d80b248, u, base 0x0000000171000000, level lv02 (524288), used: 1849, committed: 8192, committed-free: 6343
[0.125s][trace][metaspace              ] Arena @0x00006000016b2200 (non-class sm): returning 0x0000000171003990.
[0.125s][trace][metaspace              ] Metaspace::allocate: type 13 return 0x0000000171003990.
[0.125s][debug][class,load,placeholders] find_and_add LOAD_INSTANCE 'java/lang/CharacterData', loader loader data: 0x00006000032ac000 of 'bootstrap'
[0.125s][debug][class,load,placeholders] loadInstanceThreadQ threads:0x00007f8f4f008800, 
[0.125s][debug][class,load,placeholders] superThreadQ threads:
[0.125s][debug][class,load,placeholders] defineThreadQ threads:
[0.125s][trace][cds,unshareable        ] restore: java.lang.CharacterData
[0.125s][trace][class,loader,data      ] Adding k: 0x000000013003f628 java.lang.CharacterData to loader data: 0x00006000032ac000 of 'bootstrap'
[0.125s][debug][cds,mirror             ] java.lang.CharacterData has raw archived mirror
[0.125s][debug][cds,heap               ] Clearing root 732: was 0x00000007ffb14210
[0.125s][debug][cds,mirror             ] Archived mirror is: 0x00000007ffb14210
[0.125s][trace][cds,heap,mirror        ] Restored java.lang.CharacterData archived mirror 0x00000007ffb14210
[0.125s][info ][class,load             ] java.lang.CharacterData source: shared objects file
[0.125s][debug][class,load             ]  klass: 0x000000013003f628 super: 0x0000000130000db8 loader: [loader data: 0x00006000032ac000 of 'bootstrap']
[0.125s][debug][class,load,placeholders] find_and_add DEFINE_CLASS 'java/lang/CharacterData', loader loader data: 0x00006000032ac000 of 'bootstrap'
[0.125s][debug][class,load,placeholders] loadInstanceThreadQ threads:0x00007f8f4f008800, 
[0.125s][debug][class,load,placeholders] superThreadQ threads:
[0.125s][debug][class,load,placeholders] defineThreadQ threads:0x00007f8f4f008800, 
[0.125s][debug][class,load,placeholders] find_and_remove DEFINE_CLASS 'java/lang/CharacterData', loader loader data: 0x00006000032ac000 of 'bootstrap', InstanceKlass 'java/lang/CharacterData'
[0.125s][debug][class,load,placeholders] loadInstanceThreadQ threads:0x00007f8f4f008800, 
[0.125s][debug][class,load,placeholders] superThreadQ threads:
[0.125s][debug][class,load,placeholders] defineThreadQ threads:0x00007f8f4f008800, 
[0.125s][debug][class,load,placeholders] find_and_remove LOAD_INSTANCE 'java/lang/CharacterData', loader loader data: 0x00006000032ac000 of 'bootstrap', InstanceKlass 'java/lang/CharacterData'
[0.125s][debug][class,load,placeholders] loadInstanceThreadQ threads:0x00007f8f4f008800, 
[0.125s][debug][class,load,placeholders] superThreadQ threads:
[0.125s][debug][class,load,placeholders] defineThreadQ threads:
[0.125s][debug][class,resolve          ] java.lang.Character java.lang.CharacterData Character.java:10661
[0.125s][info ][class,init             ] 87 Initializing 'java/lang/CharacterData'(no method) (0x000000013003f628)
[0.125s][trace][metaspace              ] Arena @0x00006000016b2200 (non-class sm): requested 7 words.
[0.125s][trace][metaspace              ] Arena @0x00006000016b2200 (non-class sm): after allocation: 1 chunk(s), current:@0x00007f8f2d80b248, u, base 0x0000000171000000, level lv02 (524288), used: 1856, committed: 8192, committed-free: 6336
[0.125s][trace][metaspace              ] Arena @0x00006000016b2200 (non-class sm): returning 0x00000001710039c8.
[0.125s][trace][metaspace              ] Metaspace::allocate: type 13 return 0x00000001710039c8.
[0.125s][debug][class,load,placeholders] find_and_add LOAD_INSTANCE 'java/lang/CharacterDataLatin1', loader loader data: 0x00006000032ac000 of 'bootstrap'
[0.125s][debug][class,load,placeholders] loadInstanceThreadQ threads:0x00007f8f4f008800, 
[0.125s][debug][class,load,placeholders] superThreadQ threads:
[0.125s][debug][class,load,placeholders] defineThreadQ threads:
[0.125s][trace][cds,unshareable        ] restore: java.lang.CharacterDataLatin1
[0.125s][trace][class,loader,data      ] Adding k: 0x000000013003f288 java.lang.CharacterDataLatin1 to loader data: 0x00006000032ac000 of 'bootstrap'
[0.125s][debug][cds,mirror             ] java.lang.CharacterDataLatin1 has raw archived mirror
[0.125s][debug][cds,heap               ] Clearing root 46: was 0x00000007ffb015f8
[0.125s][debug][cds,mirror             ] Archived mirror is: 0x00000007ffb015f8
[0.125s][trace][cds,heap,mirror        ] Restored java.lang.CharacterDataLatin1 archived mirror 0x00000007ffb015f8
[0.126s][info ][class,load             ] java.lang.CharacterDataLatin1 source: shared objects file
[0.126s][debug][class,load             ]  klass: 0x000000013003f288 super: 0x000000013003f628 loader: [loader data: 0x00006000032ac000 of 'bootstrap']
[0.126s][debug][class,load,placeholders] find_and_add DEFINE_CLASS 'java/lang/CharacterDataLatin1', loader loader data: 0x00006000032ac000 of 'bootstrap'
[0.126s][debug][class,load,placeholders] loadInstanceThreadQ threads:0x00007f8f4f008800, 
[0.126s][debug][class,load,placeholders] superThreadQ threads:
[0.126s][debug][class,load,placeholders] defineThreadQ threads:0x00007f8f4f008800, 
[0.126s][debug][class,load,placeholders] find_and_remove DEFINE_CLASS 'java/lang/CharacterDataLatin1', loader loader data: 0x00006000032ac000 of 'bootstrap', InstanceKlass 'java/lang/CharacterDataLatin1'
[0.126s][debug][class,load,placeholders] loadInstanceThreadQ threads:0x00007f8f4f008800, 
[0.126s][debug][class,load,placeholders] superThreadQ threads:
[0.126s][debug][class,load,placeholders] defineThreadQ threads:0x00007f8f4f008800, 
[0.126s][debug][class,load,placeholders] find_and_remove LOAD_INSTANCE 'java/lang/CharacterDataLatin1', loader loader data: 0x00006000032ac000 of 'bootstrap', InstanceKlass 'java/lang/CharacterDataLatin1'
[0.126s][debug][class,load,placeholders] loadInstanceThreadQ threads:0x00007f8f4f008800, 
[0.126s][debug][class,load,placeholders] superThreadQ threads:
[0.126s][debug][class,load,placeholders] defineThreadQ threads:
[0.126s][debug][class,resolve          ] java.lang.CharacterData java.lang.CharacterDataLatin1 CharacterData.java:73
[0.126s][info ][class,init             ] 88 Initializing 'java/lang/CharacterDataLatin1' (0x000000013003f288)
[0.126s][trace][metaspace              ] Arena @0x00006000016b2200 (non-class sm): requested 7 words.
[0.126s][trace][metaspace              ] Arena @0x00006000016b2200 (non-class sm): after allocation: 1 chunk(s), current:@0x00007f8f2d80b248, u, base 0x0000000171000000, level lv02 (524288), used: 1863, committed: 8192, committed-free: 6329
[0.126s][trace][metaspace              ] Arena @0x00006000016b2200 (non-class sm): returning 0x0000000171003a00.
[0.126s][trace][metaspace              ] Metaspace::allocate: type 13 return 0x0000000171003a00.
[0.126s][trace][metaspace              ] Arena @0x00006000016b2200 (non-class sm): requested 7 words.
[0.126s][trace][metaspace              ] Arena @0x00006000016b2200 (non-class sm): after allocation: 1 chunk(s), current:@0x00007f8f2d80b248, u, base 0x0000000171000000, level lv02 (524288), used: 1870, committed: 8192, committed-free: 6322
[0.126s][trace][metaspace              ] Arena @0x00006000016b2200 (non-class sm): returning 0x0000000171003a38.
[0.126s][trace][metaspace              ] Metaspace::allocate: type 13 return 0x0000000171003a38.
[0.126s][debug][class,resolve          ] java.lang.CharacterDataLatin1 java.lang.CharacterData CharacterDataLatin1.java:276
[0.126s][trace][metaspace              ] Arena @0x00006000016b2200 (non-class sm): requested 7 words.
[0.126s][trace][metaspace              ] Arena @0x00006000016b2200 (non-class sm): after allocation: 1 chunk(s), current:@0x00007f8f2d80b248, u, base 0x0000000171000000, level lv02 (524288), used: 1877, committed: 8192, committed-free: 6315
[0.126s][trace][metaspace              ] Arena @0x00006000016b2200 (non-class sm): returning 0x0000000171003a70.
[0.126s][trace][metaspace              ] Metaspace::allocate: type 13 return 0x0000000171003a70.
[0.126s][debug][class,resolve          ] java.lang.CharacterData java.lang.Object CharacterData.java:28
[0.126s][trace][metaspace              ] Arena @0x00006000016b2200 (non-class sm): requested 7 words.
[0.126s][trace][metaspace              ] Arena @0x00006000016b2200 (non-class sm): after allocation: 1 chunk(s), current:@0x00007f8f2d80b248, u, base 0x0000000171000000, level lv02 (524288), used: 1884, committed: 8192, committed-free: 6308
[0.126s][trace][metaspace              ] Arena @0x00006000016b2200 (non-class sm): returning 0x0000000171003aa8.
[0.126s][trace][metaspace              ] Metaspace::allocate: type 13 return 0x0000000171003aa8.
[0.126s][trace][metaspace              ] Arena @0x00006000016b2200 (non-class sm): requested 7 words.
[0.126s][trace][metaspace              ] Arena @0x00006000016b2200 (non-class sm): after allocation: 1 chunk(s), current:@0x00007f8f2d80b248, u, base 0x0000000171000000, level lv02 (524288), used: 1891, committed: 8192, committed-free: 6301
[0.126s][trace][metaspace              ] Arena @0x00006000016b2200 (non-class sm): returning 0x0000000171003ae0.
[0.126s][trace][metaspace              ] Metaspace::allocate: type 13 return 0x0000000171003ae0.
[0.126s][debug][class,resolve          ] java.lang.Integer java.lang.Integer$IntegerCache Integer.java:1079
[0.126s][info ][class,init             ] 89 Initializing 'java/lang/Integer$IntegerCache' (0x000000013003a648)
[0.126s][trace][metaspace              ] Arena @0x00006000016b2200 (non-class sm): requested 7 words.
[0.126s][trace][metaspace              ] Arena @0x00006000016b2200 (non-class sm): after allocation: 1 chunk(s), current:@0x00007f8f2d80b248, u, base 0x0000000171000000, level lv02 (524288), used: 1898, committed: 8192, committed-free: 6294
[0.126s][trace][metaspace              ] Arena @0x00006000016b2200 (non-class sm): returning 0x0000000171003b18.
[0.126s][trace][metaspace              ] Metaspace::allocate: type 13 return 0x0000000171003b18.
[0.126s][debug][class,resolve          ] java.lang.Integer$IntegerCache java.lang.Integer Integer.java:1019
[0.126s][debug][class,resolve          ] java.lang.Integer$IntegerCache java.lang.Class Integer.java:1019
[0.126s][debug][class,resolve          ] java.lang.Integer$IntegerCache jdk.internal.misc.VM Integer.java:1029
[0.126s][trace][metaspace              ] Arena @0x00006000016b2200 (non-class sm): requested 7 words.
[0.126s][trace][metaspace              ] Arena @0x00006000016b2200 (non-class sm): after allocation: 1 chunk(s), current:@0x00007f8f2d80b248, u, base 0x0000000171000000, level lv02 (524288), used: 1905, committed: 8192, committed-free: 6287
[0.126s][trace][metaspace              ] Arena @0x00006000016b2200 (non-class sm): returning 0x0000000171003b50.
[0.126s][trace][metaspace              ] Metaspace::allocate: type 13 return 0x0000000171003b50.
[0.126s][debug][class,resolve          ] java.lang.Integer$IntegerCache jdk.internal.misc.CDS Integer.java:1042
[0.126s][debug][cds,heap               ] Clearing root 0: was 0x00000007ffc6c7c0
[0.126s][debug][cds,heap               ]   0x000000013003a648 init field @ 116 = 0x00000007ffc6c7c0
[0.126s][info ][cds,heap               ] initialize_from_archived_subgraph java.lang.Integer$IntegerCache 0x000000013003a648 (early)
[0.126s][trace][metaspace              ] Arena @0x00006000016b2200 (non-class sm): requested 7 words.
[0.126s][trace][metaspace              ] Arena @0x00006000016b2200 (non-class sm): after allocation: 1 chunk(s), current:@0x00007f8f2d80b248, u, base 0x0000000171000000, level lv02 (524288), used: 1912, committed: 8192, committed-free: 6280
[0.126s][trace][metaspace              ] Arena @0x00006000016b2200 (non-class sm): returning 0x0000000171003b88.
[0.126s][trace][metaspace              ] Metaspace::allocate: type 13 return 0x0000000171003b88.
[0.126s][trace][metaspace              ] Arena @0x00006000016b2200 (non-class sm): requested 7 words.
[0.126s][trace][metaspace              ] Arena @0x00006000016b2200 (non-class sm): after allocation: 1 chunk(s), current:@0x00007f8f2d80b248, u, base 0x0000000171000000, level lv02 (524288), used: 1919, committed: 8192, committed-free: 6273
[0.126s][trace][metaspace              ] Arena @0x00006000016b2200 (non-class sm): returning 0x0000000171003bc0.
[0.126s][trace][metaspace              ] Metaspace::allocate: type 13 return 0x0000000171003bc0.
[0.126s][debug][class,resolve          ] java.lang.System java.util.Properties System.java:2059
[0.126s][info ][class,init             ] 90 Initializing 'java/util/Dictionary'(no method) (0x0000000130018af0)
[0.126s][info ][class,init             ] 91 Initializing 'java/util/Hashtable'(no method) (0x0000000130018d60)
[0.126s][info ][class,init             ] 92 Initializing 'java/util/Properties' (0x0000000130018660)
[0.126s][trace][metaspace              ] Arena @0x00006000016b2200 (non-class sm): requested 7 words.
[0.126s][trace][metaspace              ] Arena @0x00006000016b2200 (non-class sm): after allocation: 1 chunk(s), current:@0x00007f8f2d80b248, u, base 0x0000000171000000, level lv02 (524288), used: 1926, committed: 8192, committed-free: 6266
[0.126s][trace][metaspace              ] Arena @0x00006000016b2200 (non-class sm): returning 0x0000000171003bf8.
[0.126s][trace][metaspace              ] Metaspace::allocate: type 13 return 0x0000000171003bf8.
[0.126s][debug][class,resolve          ] java.util.Properties jdk.internal.misc.Unsafe Properties.java:151
[0.126s][debug][class,resolve          ] java.lang.System java.util.Map System.java:2059
[0.126s][trace][metaspace              ] Arena @0x00006000016b2200 (non-class sm): requested 7 words.
[0.126s][trace][metaspace              ] Arena @0x00006000016b2200 (non-class sm): after allocation: 1 chunk(s), current:@0x00007f8f2d80b248, u, base 0x0000000171000000, level lv02 (524288), used: 1933, committed: 8192, committed-free: 6259
[0.126s][trace][metaspace              ] Arena @0x00006000016b2200 (non-class sm): returning 0x0000000171003c30.
[0.126s][trace][metaspace              ] Metaspace::allocate: type 13 return 0x0000000171003c30.
[0.126s][trace][metaspace              ] Arena @0x00006000016b2200 (non-class sm): requested 7 words.
[0.126s][trace][metaspace              ] Arena @0x00006000016b2200 (non-class sm): after allocation: 1 chunk(s), current:@0x00007f8f2d80b248, u, base 0x0000000171000000, level lv02 (524288), used: 1940, committed: 8192, committed-free: 6252
[0.126s][trace][metaspace              ] Arena @0x00006000016b2200 (non-class sm): returning 0x0000000171003c68.
[0.126s][trace][metaspace              ] Metaspace::allocate: type 13 return 0x0000000171003c68.
[0.126s][trace][metaspace              ] Arena @0x00006000016b2200 (non-class sm): requested 7 words.
[0.126s][trace][metaspace              ] Arena @0x00006000016b2200 (non-class sm): after allocation: 1 chunk(s), current:@0x00007f8f2d80b248, u, base 0x0000000171000000, level lv02 (524288), used: 1947, committed: 8192, committed-free: 6245
[0.126s][trace][metaspace              ] Arena @0x00006000016b2200 (non-class sm): returning 0x0000000171003ca0.
[0.126s][trace][metaspace              ] Metaspace::allocate: type 13 return 0x0000000171003ca0.
[0.127s][debug][class,resolve          ] java.util.Properties java.util.Hashtable Properties.java:208
[0.127s][trace][metaspace              ] Arena @0x00006000016b2200 (non-class sm): requested 7 words.
[0.127s][trace][metaspace              ] Arena @0x00006000016b2200 (non-class sm): after allocation: 1 chunk(s), current:@0x00007f8f2d80b248, u, base 0x0000000171000000, level lv02 (524288), used: 1954, committed: 8192, committed-free: 6238
[0.127s][trace][metaspace              ] Arena @0x00006000016b2200 (non-class sm): returning 0x0000000171003cd8.
[0.127s][trace][metaspace              ] Metaspace::allocate: type 13 return 0x0000000171003cd8.
[0.127s][debug][class,resolve          ] java.util.Hashtable java.util.Dictionary Hashtable.java:240
[0.127s][trace][metaspace              ] Arena @0x00006000016b2200 (non-class sm): requested 7 words.
[0.127s][trace][metaspace              ] Arena @0x00006000016b2200 (non-class sm): after allocation: 1 chunk(s), current:@0x00007f8f2d80b248, u, base 0x0000000171000000, level lv02 (524288), used: 1961, committed: 8192, committed-free: 6231
[0.127s][trace][metaspace              ] Arena @0x00006000016b2200 (non-class sm): returning 0x0000000171003d10.
[0.127s][trace][metaspace              ] Metaspace::allocate: type 13 return 0x0000000171003d10.
[0.127s][debug][class,resolve          ] java.util.Dictionary java.lang.Object Dictionary.java:54
[0.127s][debug][class,resolve          ] java.util.Properties java.util.concurrent.ConcurrentHashMap Properties.java:209
[0.127s][trace][metaspace              ] Arena @0x00006000016b2200 (non-class sm): requested 7 words.
[0.127s][trace][metaspace              ] Arena @0x00006000016b2200 (non-class sm): after allocation: 1 chunk(s), current:@0x00007f8f2d80b248, u, base 0x0000000171000000, level lv02 (524288), used: 1968, committed: 8192, committed-free: 6224
[0.127s][trace][metaspace              ] Arena @0x00006000016b2200 (non-class sm): returning 0x0000000171003d48.
[0.127s][trace][metaspace              ] Metaspace::allocate: type 13 return 0x0000000171003d48.
[0.127s][trace][metaspace              ] Arena @0x00006000016b2200 (non-class sm): requested 7 words.
[0.127s][trace][metaspace              ] Arena @0x00006000016b2200 (non-class sm): after allocation: 1 chunk(s), current:@0x00007f8f2d80b248, u, base 0x0000000171000000, level lv02 (524288), used: 1975, committed: 8192, committed-free: 6217
[0.127s][trace][metaspace              ] Arena @0x00006000016b2200 (non-class sm): returning 0x0000000171003d80.
[0.127s][trace][metaspace              ] Metaspace::allocate: type 13 return 0x0000000171003d80.
[0.127s][trace][metaspace              ] Arena @0x00006000016b2200 (non-class sm): requested 7 words.
[0.127s][trace][metaspace              ] Arena @0x00006000016b2200 (non-class sm): after allocation: 1 chunk(s), current:@0x00007f8f2d80b248, u, base 0x0000000171000000, level lv02 (524288), used: 1982, committed: 8192, committed-free: 6210
[0.127s][trace][metaspace              ] Arena @0x00006000016b2200 (non-class sm): returning 0x0000000171003db8.
[0.127s][trace][metaspace              ] Metaspace::allocate: type 13 return 0x0000000171003db8.
[0.127s][trace][metaspace              ] Arena @0x00006000016b2200 (non-class sm): requested 7 words.
[0.127s][trace][metaspace              ] Arena @0x00006000016b2200 (non-class sm): after allocation: 1 chunk(s), current:@0x00007f8f2d80b248, u, base 0x0000000171000000, level lv02 (524288), used: 1989, committed: 8192, committed-free: 6203
[0.127s][trace][metaspace              ] Arena @0x00006000016b2200 (non-class sm): returning 0x0000000171003df0.
[0.127s][trace][metaspace              ] Metaspace::allocate: type 13 return 0x0000000171003df0.
[0.127s][trace][metaspace              ] Arena @0x00006000016b2200 (non-class sm): requested 7 words.
[0.127s][trace][metaspace              ] Arena @0x00006000016b2200 (non-class sm): after allocation: 1 chunk(s), current:@0x00007f8f2d80b248, u, base 0x0000000171000000, level lv02 (524288), used: 1996, committed: 8192, committed-free: 6196
[0.127s][trace][metaspace              ] Arena @0x00006000016b2200 (non-class sm): returning 0x0000000171003e28.
[0.127s][trace][metaspace              ] Metaspace::allocate: type 13 return 0x0000000171003e28.
[0.127s][debug][class,load,placeholders] find_and_add LOAD_INSTANCE 'java/util/HashMap$EntrySet', loader loader data: 0x00006000032ac000 of 'bootstrap'
[0.127s][debug][class,load,placeholders] loadInstanceThreadQ threads:0x00007f8f4f008800, 
[0.127s][debug][class,load,placeholders] superThreadQ threads:
[0.127s][debug][class,load,placeholders] defineThreadQ threads:
[0.127s][trace][cds,unshareable        ] restore: java.util.HashMap$EntrySet
[0.127s][trace][class,loader,data      ] Adding k: 0x0000000130136630 java.util.HashMap$EntrySet to loader data: 0x00006000032ac000 of 'bootstrap'
[0.127s][debug][cds,mirror             ] java.util.HashMap$EntrySet has raw archived mirror
[0.127s][debug][cds,heap               ] Clearing root 813: was 0x00000007ffb16450
[0.127s][debug][cds,mirror             ] Archived mirror is: 0x00000007ffb16450
[0.127s][trace][cds,heap,mirror        ] Restored java.util.HashMap$EntrySet archived mirror 0x00000007ffb16450
[0.127s][info ][class,load             ] java.util.HashMap$EntrySet source: shared objects file
[0.127s][debug][class,load             ]  klass: 0x0000000130136630 super: 0x000000013010bf50 loader: [loader data: 0x00006000032ac000 of 'bootstrap']
[0.127s][debug][class,load,placeholders] find_and_add DEFINE_CLASS 'java/util/HashMap$EntrySet', loader loader data: 0x00006000032ac000 of 'bootstrap'
[0.127s][debug][class,load,placeholders] loadInstanceThreadQ threads:0x00007f8f4f008800, 
[0.127s][debug][class,load,placeholders] superThreadQ threads:
[0.127s][debug][class,load,placeholders] defineThreadQ threads:0x00007f8f4f008800, 
[0.127s][debug][class,load,placeholders] find_and_remove DEFINE_CLASS 'java/util/HashMap$EntrySet', loader loader data: 0x00006000032ac000 of 'bootstrap', InstanceKlass 'java/util/HashMap$EntrySet'
[0.127s][debug][class,load,placeholders] loadInstanceThreadQ threads:0x00007f8f4f008800, 
[0.127s][debug][class,load,placeholders] superThreadQ threads:
[0.127s][debug][class,load,placeholders] defineThreadQ threads:0x00007f8f4f008800, 
[0.127s][debug][class,load,placeholders] find_and_remove LOAD_INSTANCE 'java/util/HashMap$EntrySet', loader loader data: 0x00006000032ac000 of 'bootstrap', InstanceKlass 'java/util/HashMap$EntrySet'
[0.127s][debug][class,load,placeholders] loadInstanceThreadQ threads:0x00007f8f4f008800, 
[0.127s][debug][class,load,placeholders] superThreadQ threads:
[0.127s][debug][class,load,placeholders] defineThreadQ threads:
[0.127s][debug][class,resolve          ] java.util.HashMap java.util.HashMap$EntrySet HashMap.java:1091
[0.127s][info ][class,init             ] 93 Initializing 'java/util/HashMap$EntrySet'(no method) (0x0000000130136630)
[0.127s][trace][metaspace              ] Arena @0x00006000016b2200 (non-class sm): requested 7 words.
[0.127s][trace][metaspace              ] Arena @0x00006000016b2200 (non-class sm): after allocation: 1 chunk(s), current:@0x00007f8f2d80b248, u, base 0x0000000171000000, level lv02 (524288), used: 2003, committed: 8192, committed-free: 6189
[0.127s][trace][metaspace              ] Arena @0x00006000016b2200 (non-class sm): returning 0x0000000171003e60.
[0.127s][trace][metaspace              ] Metaspace::allocate: type 13 return 0x0000000171003e60.
[0.127s][debug][class,resolve          ] java.util.HashMap$EntrySet java.util.AbstractSet HashMap.java:1094
[0.127s][debug][class,resolve          ] java.lang.System java.util.Set System.java:2060
[0.127s][trace][metaspace              ] Arena @0x00006000016b2200 (non-class sm): requested 7 words.
[0.127s][trace][metaspace              ] Arena @0x00006000016b2200 (non-class sm): after allocation: 1 chunk(s), current:@0x00007f8f2d80b248, u, base 0x0000000171000000, level lv02 (524288), used: 2010, committed: 8192, committed-free: 6182
[0.127s][trace][metaspace              ] Arena @0x00006000016b2200 (non-class sm): returning 0x0000000171003e98.
[0.127s][trace][metaspace              ] Metaspace::allocate: type 13 return 0x0000000171003e98.
[0.127s][debug][class,load,placeholders] find_and_add LOAD_INSTANCE 'java/util/HashMap$EntryIterator', loader loader data: 0x00006000032ac000 of 'bootstrap'
[0.127s][debug][class,load,placeholders] loadInstanceThreadQ threads:0x00007f8f4f008800, 
[0.127s][debug][class,load,placeholders] superThreadQ threads:
[0.127s][debug][class,load,placeholders] defineThreadQ threads:
[0.127s][debug][class,load,placeholders] find_and_add LOAD_SUPER 'java/util/HashMap$EntryIterator', loader loader data: 0x00006000032ac000 of 'bootstrap', supername 'java/util/HashMap$HashIterator'
[0.127s][debug][class,load,placeholders] loadInstanceThreadQ threads:0x00007f8f4f008800, 
[0.127s][debug][class,load,placeholders] superThreadQ threads:0x00007f8f4f008800, 
[0.127s][debug][class,load,placeholders] defineThreadQ threads:
[0.127s][debug][class,load,placeholders] find_and_add LOAD_INSTANCE 'java/util/HashMap$HashIterator', loader loader data: 0x00006000032ac000 of 'bootstrap'
[0.127s][debug][class,load,placeholders] loadInstanceThreadQ threads:0x00007f8f4f008800, 
[0.127s][debug][class,load,placeholders] superThreadQ threads:
[0.127s][debug][class,load,placeholders] defineThreadQ threads:
[0.127s][trace][cds,unshareable        ] restore: java.util.HashMap$HashIterator
[0.127s][trace][class,loader,data      ] Adding k: 0x000000013001bbb8 java.util.HashMap$HashIterator to loader data: 0x00006000032ac000 of 'bootstrap'
[0.127s][debug][cds,mirror             ] java.util.HashMap$HashIterator has raw archived mirror
[0.127s][debug][cds,heap               ] Clearing root 820: was 0x00000007ffb16760
[0.127s][debug][cds,mirror             ] Archived mirror is: 0x00000007ffb16760
[0.127s][trace][cds,heap,mirror        ] Restored java.util.HashMap$HashIterator archived mirror 0x00000007ffb16760
[0.127s][info ][class,load             ] java.util.HashMap$HashIterator source: shared objects file
[0.127s][debug][class,load             ]  klass: 0x000000013001bbb8 super: 0x0000000130000db8 loader: [loader data: 0x00006000032ac000 of 'bootstrap']
[0.127s][debug][class,load,placeholders] find_and_add DEFINE_CLASS 'java/util/HashMap$HashIterator', loader loader data: 0x00006000032ac000 of 'bootstrap'
[0.127s][debug][class,load,placeholders] loadInstanceThreadQ threads:0x00007f8f4f008800, 
[0.128s][debug][class,load,placeholders] superThreadQ threads:
[0.128s][debug][class,load,placeholders] defineThreadQ threads:0x00007f8f4f008800, 
[0.128s][debug][class,load,placeholders] find_and_remove DEFINE_CLASS 'java/util/HashMap$HashIterator', loader loader data: 0x00006000032ac000 of 'bootstrap', InstanceKlass 'java/util/HashMap$HashIterator'
[0.128s][debug][class,load,placeholders] loadInstanceThreadQ threads:0x00007f8f4f008800, 
[0.128s][debug][class,load,placeholders] superThreadQ threads:
[0.128s][debug][class,load,placeholders] defineThreadQ threads:0x00007f8f4f008800, 
[0.128s][debug][class,load,placeholders] find_and_remove LOAD_INSTANCE 'java/util/HashMap$HashIterator', loader loader data: 0x00006000032ac000 of 'bootstrap', InstanceKlass 'java/util/HashMap$HashIterator'
[0.128s][debug][class,load,placeholders] loadInstanceThreadQ threads:0x00007f8f4f008800, 
[0.128s][debug][class,load,placeholders] superThreadQ threads:
[0.128s][debug][class,load,placeholders] defineThreadQ threads:
[0.128s][debug][class,load,placeholders] find_and_remove LOAD_SUPER 'java/util/HashMap$EntryIterator', loader loader data: 0x00006000032ac000 of 'bootstrap', supername 'java/util/HashMap$HashIterator'
[0.128s][debug][class,load,placeholders] loadInstanceThreadQ threads:0x00007f8f4f008800, 
[0.128s][debug][class,load,placeholders] superThreadQ threads:0x00007f8f4f008800, 
[0.128s][debug][class,load,placeholders] defineThreadQ threads:
[0.128s][trace][cds,unshareable        ] restore: java.util.HashMap$EntryIterator
[0.128s][trace][class,loader,data      ] Adding k: 0x000000013001bdf8 java.util.HashMap$EntryIterator to loader data: 0x00006000032ac000 of 'bootstrap'
[0.128s][debug][cds,mirror             ] java.util.HashMap$EntryIterator has raw archived mirror
[0.128s][debug][cds,heap               ] Clearing root 817: was 0x00000007ffb16610
[0.128s][debug][cds,mirror             ] Archived mirror is: 0x00000007ffb16610
[0.128s][trace][cds,heap,mirror        ] Restored java.util.HashMap$EntryIterator archived mirror 0x00000007ffb16610
[0.128s][info ][class,load             ] java.util.HashMap$EntryIterator source: shared objects file
[0.128s][debug][class,load             ]  klass: 0x000000013001bdf8 super: 0x000000013001bbb8 interfaces: 0x0000000130004d70 loader: [loader data: 0x00006000032ac000 of 'bootstrap']
[0.128s][debug][class,load,placeholders] find_and_add DEFINE_CLASS 'java/util/HashMap$EntryIterator', loader loader data: 0x00006000032ac000 of 'bootstrap', supername 'java/util/HashMap$HashIterator'
[0.128s][debug][class,load,placeholders] loadInstanceThreadQ threads:0x00007f8f4f008800, 
[0.128s][debug][class,load,placeholders] superThreadQ threads:
[0.128s][debug][class,load,placeholders] defineThreadQ threads:0x00007f8f4f008800, 
[0.128s][debug][class,load,placeholders] find_and_remove DEFINE_CLASS 'java/util/HashMap$EntryIterator', loader loader data: 0x00006000032ac000 of 'bootstrap', supername 'java/util/HashMap$HashIterator', InstanceKlass 'java/util/HashMap$EntryIterator'
[0.128s][debug][class,load,placeholders] loadInstanceThreadQ threads:0x00007f8f4f008800, 
[0.128s][debug][class,load,placeholders] superThreadQ threads:
[0.128s][debug][class,load,placeholders] defineThreadQ threads:0x00007f8f4f008800, 
[0.128s][debug][class,load,placeholders] find_and_remove LOAD_INSTANCE 'java/util/HashMap$EntryIterator', loader loader data: 0x00006000032ac000 of 'bootstrap', supername 'java/util/HashMap$HashIterator', InstanceKlass 'java/util/HashMap$EntryIterator'
[0.128s][debug][class,load,placeholders] loadInstanceThreadQ threads:0x00007f8f4f008800, 
[0.128s][debug][class,load,placeholders] superThreadQ threads:
[0.128s][debug][class,load,placeholders] defineThreadQ threads:
[0.128s][debug][class,resolve          ] java.util.HashMap$EntrySet java.util.HashMap$EntryIterator HashMap.java:1098
[0.128s][info ][class,init             ] 94 Initializing 'java/util/HashMap$HashIterator'(no method) (0x000000013001bbb8)
[0.128s][info ][class,init             ] 95 Initializing 'java/util/HashMap$EntryIterator'(no method) (0x000000013001bdf8)
[0.128s][trace][metaspace              ] Arena @0x00006000016b2200 (non-class sm): requested 7 words.
[0.128s][trace][metaspace              ] Arena @0x00006000016b2200 (non-class sm): after allocation: 1 chunk(s), current:@0x00007f8f2d80b248, u, base 0x0000000171000000, level lv02 (524288), used: 2017, committed: 8192, committed-free: 6175
[0.128s][trace][metaspace              ] Arena @0x00006000016b2200 (non-class sm): returning 0x0000000171003ed0.
[0.128s][trace][metaspace              ] Metaspace::allocate: type 13 return 0x0000000171003ed0.
[0.128s][debug][class,resolve          ] java.util.HashMap$EntryIterator java.util.HashMap$HashIterator HashMap.java:1628
[0.128s][trace][metaspace              ] Arena @0x00006000016b2200 (non-class sm): requested 7 words.
[0.128s][trace][metaspace              ] Arena @0x00006000016b2200 (non-class sm): after allocation: 1 chunk(s), current:@0x00007f8f2d80b248, u, base 0x0000000171000000, level lv02 (524288), used: 2024, committed: 8192, committed-free: 6168
[0.128s][trace][metaspace              ] Arena @0x00006000016b2200 (non-class sm): returning 0x0000000171003f08.
[0.128s][trace][metaspace              ] Metaspace::allocate: type 13 return 0x0000000171003f08.
[0.128s][debug][class,resolve          ] java.util.HashMap$HashIterator java.lang.Object HashMap.java:1579
[0.128s][debug][class,resolve          ] java.util.HashMap$HashIterator java.util.HashMap HashMap.java:1580
[0.128s][debug][class,resolve          ] java.lang.System java.util.Iterator System.java:2060
[0.128s][trace][metaspace              ] Arena @0x00006000016b2200 (non-class sm): requested 7 words.
[0.128s][trace][metaspace              ] Arena @0x00006000016b2200 (non-class sm): after allocation: 1 chunk(s), current:@0x00007f8f2d80b248, u, base 0x0000000171000000, level lv02 (524288), used: 2031, committed: 8192, committed-free: 6161
[0.128s][trace][metaspace              ] Arena @0x00006000016b2200 (non-class sm): returning 0x0000000171003f40.
[0.128s][trace][metaspace              ] Metaspace::allocate: type 13 return 0x0000000171003f40.
[0.128s][trace][metaspace              ] Arena @0x00006000016b2200 (non-class sm): requested 7 words.
[0.128s][trace][metaspace              ] Arena @0x00006000016b2200 (non-class sm): after allocation: 1 chunk(s), current:@0x00007f8f2d80b248, u, base 0x0000000171000000, level lv02 (524288), used: 2038, committed: 8192, committed-free: 6154
[0.128s][trace][metaspace              ] Arena @0x00006000016b2200 (non-class sm): returning 0x0000000171003f78.
[0.128s][trace][metaspace              ] Metaspace::allocate: type 13 return 0x0000000171003f78.
[0.128s][trace][metaspace              ] Arena @0x00006000016b2200 (non-class sm): requested 7 words.
[0.128s][trace][metaspace              ] Arena @0x00006000016b2200 (non-class sm): after allocation: 1 chunk(s), current:@0x00007f8f2d80b248, u, base 0x0000000171000000, level lv02 (524288), used: 2045, committed: 8192, committed-free: 6147
[0.128s][trace][metaspace              ] Arena @0x00006000016b2200 (non-class sm): returning 0x0000000171003fb0.
[0.128s][trace][metaspace              ] Metaspace::allocate: type 13 return 0x0000000171003fb0.
[0.128s][trace][metaspace              ] Arena @0x00006000016b2200 (non-class sm): requested 7 words.
[0.128s][trace][metaspace              ] Arena @0x00006000016b2200 (non-class sm): after allocation: 1 chunk(s), current:@0x00007f8f2d80b248, u, base 0x0000000171000000, level lv02 (524288), used: 2052, committed: 8192, committed-free: 6140
[0.128s][trace][metaspace              ] Arena @0x00006000016b2200 (non-class sm): returning 0x0000000171003fe8.
[0.128s][trace][metaspace              ] Metaspace::allocate: type 13 return 0x0000000171003fe8.
[0.128s][debug][class,resolve          ] java.util.HashMap$HashIterator java.util.HashMap$Node HashMap.java:1600
[0.128s][debug][class,resolve          ] java.lang.System java.util.Map$Entry System.java:2060
[0.128s][trace][metaspace              ] Arena @0x00006000016b2200 (non-class sm): requested 7 words.
[0.128s][trace][metaspace              ] Arena @0x00006000016b2200 (non-class sm): after allocation: 1 chunk(s), current:@0x00007f8f2d80b248, u, base 0x0000000171000000, level lv02 (524288), used: 2059, committed: 8192, committed-free: 6133
[0.128s][trace][metaspace              ] Arena @0x00006000016b2200 (non-class sm): returning 0x0000000171004020.
[0.128s][trace][metaspace              ] Metaspace::allocate: type 13 return 0x0000000171004020.
[0.128s][debug][class,resolve          ] java.lang.System java.lang.String System.java:2061
[0.128s][trace][metaspace              ] Arena @0x00006000016b2200 (non-class sm): requested 7 words.
[0.128s][trace][metaspace              ] Arena @0x00006000016b2200 (non-class sm): after allocation: 1 chunk(s), current:@0x00007f8f2d80b248, u, base 0x0000000171000000, level lv02 (524288), used: 2066, committed: 8192, committed-free: 6126
[0.128s][trace][metaspace              ] Arena @0x00006000016b2200 (non-class sm): returning 0x0000000171004058.
[0.128s][trace][metaspace              ] Metaspace::allocate: type 13 return 0x0000000171004058.
[0.128s][trace][metaspace              ] Arena @0x00006000016b2200 (non-class sm): requested 7 words.
[0.128s][trace][metaspace              ] Arena @0x00006000016b2200 (non-class sm): after allocation: 1 chunk(s), current:@0x00007f8f2d80b248, u, base 0x0000000171000000, level lv02 (524288), used: 2073, committed: 8192, committed-free: 6119
[0.128s][trace][metaspace              ] Arena @0x00006000016b2200 (non-class sm): returning 0x0000000171004090.
[0.128s][trace][metaspace              ] Metaspace::allocate: type 13 return 0x0000000171004090.
[0.128s][trace][metaspace              ] Arena @0x00006000016b2200 (non-class sm): requested 7 words.
[0.128s][trace][metaspace              ] Arena @0x00006000016b2200 (non-class sm): after allocation: 1 chunk(s), current:@0x00007f8f2d80b248, u, base 0x0000000171000000, level lv02 (524288), used: 2080, committed: 8192, committed-free: 6112
[0.128s][trace][metaspace              ] Arena @0x00006000016b2200 (non-class sm): returning 0x00000001710040c8.
[0.128s][trace][metaspace              ] Metaspace::allocate: type 13 return 0x00000001710040c8.
[0.128s][trace][metaspace              ] Arena @0x00006000016b2200 (non-class sm): requested 7 words.
[0.128s][trace][metaspace              ] Arena @0x00006000016b2200 (non-class sm): after allocation: 1 chunk(s), current:@0x00007f8f2d80b248, u, base 0x0000000171000000, level lv02 (524288), used: 2087, committed: 8192, committed-free: 6105
[0.128s][trace][metaspace              ] Arena @0x00006000016b2200 (non-class sm): returning 0x0000000171004100.
[0.128s][trace][metaspace              ] Metaspace::allocate: type 13 return 0x0000000171004100.
[0.128s][debug][class,resolve          ] java.util.concurrent.ConcurrentHashMap java.lang.Object ConcurrentHashMap.java:1012
[0.128s][trace][metaspace              ] Arena @0x00006000016b2200 (non-class sm): requested 7 words.
[0.128s][trace][metaspace              ] Arena @0x00006000016b2200 (non-class sm): after allocation: 1 chunk(s), current:@0x00007f8f2d80b248, u, base 0x0000000171000000, level lv02 (524288), used: 2094, committed: 8192, committed-free: 6098
[0.129s][trace][metaspace              ] Arena @0x00006000016b2200 (non-class sm): returning 0x0000000171004138.
[0.129s][trace][metaspace              ] Metaspace::allocate: type 13 return 0x0000000171004138.
[0.129s][trace][metaspace              ] Arena @0x00006000016b2200 (non-class sm): requested 7 words.
[0.129s][trace][metaspace              ] Arena @0x00006000016b2200 (non-class sm): after allocation: 1 chunk(s), current:@0x00007f8f2d80b248, u, base 0x0000000171000000, level lv02 (524288), used: 2101, committed: 8192, committed-free: 6091
[0.129s][trace][metaspace              ] Arena @0x00006000016b2200 (non-class sm): returning 0x0000000171004170.
[0.129s][trace][metaspace              ] Metaspace::allocate: type 13 return 0x0000000171004170.
[0.129s][trace][metaspace              ] Arena @0x00006000016b2200 (non-class sm): requested 7 words.
[0.129s][trace][metaspace              ] Arena @0x00006000016b2200 (non-class sm): after allocation: 1 chunk(s), current:@0x00007f8f2d80b248, u, base 0x0000000171000000, level lv02 (524288), used: 2108, committed: 8192, committed-free: 6084
[0.129s][trace][metaspace              ] Arena @0x00006000016b2200 (non-class sm): returning 0x00000001710041a8.
[0.129s][trace][metaspace              ] Metaspace::allocate: type 13 return 0x00000001710041a8.
[0.129s][debug][class,resolve          ] java.util.concurrent.ConcurrentHashMap java.util.concurrent.ConcurrentHashMap$Node ConcurrentHashMap.java:2301
[0.129s][trace][metaspace              ] Arena @0x00006000016b2200 (non-class sm): requested 7 words.
[0.129s][trace][metaspace              ] Arena @0x00006000016b2200 (non-class sm): after allocation: 1 chunk(s), current:@0x00007f8f2d80b248, u, base 0x0000000171000000, level lv02 (524288), used: 2115, committed: 8192, committed-free: 6077
[0.129s][trace][metaspace              ] Arena @0x00006000016b2200 (non-class sm): returning 0x00000001710041e0.
[0.129s][trace][metaspace              ] Metaspace::allocate: type 13 return 0x00000001710041e0.
[0.129s][trace][metaspace              ] Arena @0x00006000016b2200 (non-class sm): requested 7 words.
[0.129s][trace][metaspace              ] Arena @0x00006000016b2200 (non-class sm): after allocation: 1 chunk(s), current:@0x00007f8f2d80b248, u, base 0x0000000171000000, level lv02 (524288), used: 2122, committed: 8192, committed-free: 6070
[0.129s][trace][metaspace              ] Arena @0x00006000016b2200 (non-class sm): returning 0x0000000171004218.
[0.129s][trace][metaspace              ] Metaspace::allocate: type 13 return 0x0000000171004218.
[0.129s][trace][metaspace              ] Arena @0x00006000016b2200 (non-class sm): requested 7 words.
[0.129s][trace][metaspace              ] Arena @0x00006000016b2200 (non-class sm): after allocation: 1 chunk(s), current:@0x00007f8f2d80b248, u, base 0x0000000171000000, level lv02 (524288), used: 2129, committed: 8192, committed-free: 6063
[0.129s][trace][metaspace              ] Arena @0x00006000016b2200 (non-class sm): returning 0x0000000171004250.
[0.129s][trace][metaspace              ] Metaspace::allocate: type 13 return 0x0000000171004250.
[0.129s][info ][class,init             ] 96 Initializing 'java/util/concurrent/ConcurrentHashMap$Node'(no method) (0x000000013012b660)
[0.129s][trace][metaspace              ] Arena @0x00006000016b2200 (non-class sm): requested 7 words.
[0.129s][trace][metaspace              ] Arena @0x00006000016b2200 (non-class sm): after allocation: 1 chunk(s), current:@0x00007f8f2d80b248, u, base 0x0000000171000000, level lv02 (524288), used: 2136, committed: 8192, committed-free: 6056
[0.129s][trace][metaspace              ] Arena @0x00006000016b2200 (non-class sm): returning 0x0000000171004288.
[0.129s][trace][metaspace              ] Metaspace::allocate: type 13 return 0x0000000171004288.
[0.129s][debug][class,resolve          ] java.util.concurrent.ConcurrentHashMap$Node java.lang.Object ConcurrentHashMap.java:631
[0.129s][trace][metaspace              ] Arena @0x00006000016b2200 (non-class sm): requested 7 words.
[0.129s][trace][metaspace              ] Arena @0x00006000016b2200 (non-class sm): after allocation: 1 chunk(s), current:@0x00007f8f2d80b248, u, base 0x0000000171000000, level lv02 (524288), used: 2143, committed: 8192, committed-free: 6049
[0.129s][trace][metaspace              ] Arena @0x00006000016b2200 (non-class sm): returning 0x00000001710042c0.
[0.129s][trace][metaspace              ] Metaspace::allocate: type 13 return 0x00000001710042c0.
[0.129s][trace][metaspace              ] Arena @0x00006000016b2200 (non-class sm): requested 7 words.
[0.129s][trace][metaspace              ] Arena @0x00006000016b2200 (non-class sm): after allocation: 1 chunk(s), current:@0x00007f8f2d80b248, u, base 0x0000000171000000, level lv02 (524288), used: 2150, committed: 8192, committed-free: 6042
[0.129s][trace][metaspace              ] Arena @0x00006000016b2200 (non-class sm): returning 0x00000001710042f8.
[0.129s][trace][metaspace              ] Metaspace::allocate: type 13 return 0x00000001710042f8.
[0.129s][trace][metaspace              ] Arena @0x00006000016b2200 (non-class sm): requested 7 words.
[0.129s][trace][metaspace              ] Arena @0x00006000016b2200 (non-class sm): after allocation: 1 chunk(s), current:@0x00007f8f2d80b248, u, base 0x0000000171000000, level lv02 (524288), used: 2157, committed: 8192, committed-free: 6035
[0.129s][trace][metaspace              ] Arena @0x00006000016b2200 (non-class sm): returning 0x0000000171004330.
[0.129s][trace][metaspace              ] Metaspace::allocate: type 13 return 0x0000000171004330.
[0.129s][trace][metaspace              ] Arena @0x00006000016b2200 (non-class sm): requested 7 words.
[0.129s][trace][metaspace              ] Arena @0x00006000016b2200 (non-class sm): after allocation: 1 chunk(s), current:@0x00007f8f2d80b248, u, base 0x0000000171000000, level lv02 (524288), used: 2164, committed: 8192, committed-free: 6028
[0.129s][trace][metaspace              ] Arena @0x00006000016b2200 (non-class sm): returning 0x0000000171004368.
[0.129s][trace][metaspace              ] Metaspace::allocate: type 13 return 0x0000000171004368.
[0.129s][debug][class,load,placeholders] find_and_add LOAD_INSTANCE 'jdk/internal/util/StaticProperty', loader loader data: 0x00006000032ac000 of 'bootstrap'
[0.129s][debug][class,load,placeholders] loadInstanceThreadQ threads:0x00007f8f4f008800, 
[0.129s][debug][class,load,placeholders] superThreadQ threads:
[0.129s][debug][class,load,placeholders] defineThreadQ threads:
[0.129s][trace][cds,unshareable        ] restore: jdk.internal.util.StaticProperty
[0.129s][trace][class,loader,data      ] Adding k: 0x000000013001b980 jdk.internal.util.StaticProperty to loader data: 0x00006000032ac000 of 'bootstrap'
[0.129s][debug][cds,mirror             ] jdk.internal.util.StaticProperty has raw archived mirror
[0.129s][debug][cds,heap               ] Clearing root 399: was 0x00000007ffb0b370
[0.129s][debug][cds,mirror             ] Archived mirror is: 0x00000007ffb0b370
[0.129s][trace][cds,heap,mirror        ] Restored jdk.internal.util.StaticProperty archived mirror 0x00000007ffb0b370
[0.129s][debug][cds,heap               ] Clearing root 400: was 0x00000007ffb0b410
[0.129s][info ][class,load             ] jdk.internal.util.StaticProperty source: shared objects file
[0.129s][debug][class,load             ]  klass: 0x000000013001b980 super: 0x0000000130000db8 loader: [loader data: 0x00006000032ac000 of 'bootstrap']
[0.129s][debug][class,load,placeholders] find_and_add DEFINE_CLASS 'jdk/internal/util/StaticProperty', loader loader data: 0x00006000032ac000 of 'bootstrap'
[0.129s][debug][class,load,placeholders] loadInstanceThreadQ threads:0x00007f8f4f008800, 
[0.129s][debug][class,load,placeholders] superThreadQ threads:
[0.129s][debug][class,load,placeholders] defineThreadQ threads:0x00007f8f4f008800, 
[0.129s][debug][class,load,placeholders] find_and_remove DEFINE_CLASS 'jdk/internal/util/StaticProperty', loader loader data: 0x00006000032ac000 of 'bootstrap', InstanceKlass 'jdk/internal/util/StaticProperty'
[0.129s][debug][class,load,placeholders] loadInstanceThreadQ threads:0x00007f8f4f008800, 
[0.129s][debug][class,load,placeholders] superThreadQ threads:
[0.129s][debug][class,load,placeholders] defineThreadQ threads:0x00007f8f4f008800, 
[0.129s][debug][class,load,placeholders] find_and_remove LOAD_INSTANCE 'jdk/internal/util/StaticProperty', loader loader data: 0x00006000032ac000 of 'bootstrap', InstanceKlass 'jdk/internal/util/StaticProperty'
[0.129s][debug][class,load,placeholders] loadInstanceThreadQ threads:0x00007f8f4f008800, 
[0.129s][debug][class,load,placeholders] superThreadQ threads:
[0.129s][debug][class,load,placeholders] defineThreadQ threads:
[0.129s][debug][class,resolve          ] java.lang.System jdk.internal.util.StaticProperty System.java:2109
[0.129s][info ][class,init             ] 97 Initializing 'jdk/internal/util/StaticProperty' (0x000000013001b980)
[0.129s][trace][metaspace              ] Arena @0x00006000016b2200 (non-class sm): requested 7 words.
[0.129s][trace][metaspace              ] Arena @0x00006000016b2200 (non-class sm): after allocation: 1 chunk(s), current:@0x00007f8f2d80b248, u, base 0x0000000171000000, level lv02 (524288), used: 2171, committed: 8192, committed-free: 6021
[0.129s][trace][metaspace              ] Arena @0x00006000016b2200 (non-class sm): returning 0x00000001710043a0.
[0.129s][trace][metaspace              ] Metaspace::allocate: type 13 return 0x00000001710043a0.
[0.130s][debug][class,resolve          ] jdk.internal.util.StaticProperty java.lang.System StaticProperty.java:58
[0.130s][trace][metaspace              ] Arena @0x00006000016b2200 (non-class sm): requested 7 words.
[0.130s][trace][metaspace              ] Arena @0x00006000016b2200 (non-class sm): after allocation: 1 chunk(s), current:@0x00007f8f2d80b248, u, base 0x0000000171000000, level lv02 (524288), used: 2178, committed: 8192, committed-free: 6014
[0.130s][trace][metaspace              ] Arena @0x00006000016b2200 (non-class sm): returning 0x00000001710043d8.
[0.130s][trace][metaspace              ] Metaspace::allocate: type 13 return 0x00000001710043d8.
[0.130s][trace][metaspace              ] Arena @0x00006000016b2200 (non-class sm): requested 7 words.
[0.130s][trace][metaspace              ] Arena @0x00006000016b2200 (non-class sm): after allocation: 1 chunk(s), current:@0x00007f8f2d80b248, u, base 0x0000000171000000, level lv02 (524288), used: 2185, committed: 8192, committed-free: 6007
[0.130s][trace][metaspace              ] Arena @0x00006000016b2200 (non-class sm): returning 0x0000000171004410.
[0.130s][trace][metaspace              ] Metaspace::allocate: type 13 return 0x0000000171004410.
[0.130s][debug][class,resolve          ] jdk.internal.util.StaticProperty java.util.Properties StaticProperty.java:73
[0.130s][trace][metaspace              ] Arena @0x00006000016b2200 (non-class sm): requested 7 words.
[0.130s][trace][metaspace              ] Arena @0x00006000016b2200 (non-class sm): after allocation: 1 chunk(s), current:@0x00007f8f2d80b248, u, base 0x0000000171000000, level lv02 (524288), used: 2192, committed: 8192, committed-free: 6000
[0.130s][trace][metaspace              ] Arena @0x00006000016b2200 (non-class sm): returning 0x0000000171004448.
[0.130s][trace][metaspace              ] Metaspace::allocate: type 13 return 0x0000000171004448.
[0.130s][trace][metaspace              ] Arena @0x00006000016b2200 (non-class sm): requested 7 words.
[0.130s][trace][metaspace              ] Arena @0x00006000016b2200 (non-class sm): after allocation: 1 chunk(s), current:@0x00007f8f2d80b248, u, base 0x0000000171000000, level lv02 (524288), used: 2199, committed: 8192, committed-free: 5993
[0.130s][trace][metaspace              ] Arena @0x00006000016b2200 (non-class sm): returning 0x0000000171004480.
[0.130s][trace][metaspace              ] Metaspace::allocate: type 13 return 0x0000000171004480.
[0.130s][debug][class,resolve          ] java.util.Properties java.lang.String Properties.java:1142
[0.130s][trace][metaspace              ] Arena @0x00006000016b2200 (non-class sm): requested 7 words.
[0.130s][trace][metaspace              ] Arena @0x00006000016b2200 (non-class sm): after allocation: 1 chunk(s), current:@0x00007f8f2d80b248, u, base 0x0000000171000000, level lv02 (524288), used: 2206, committed: 8192, committed-free: 5986
[0.130s][trace][metaspace              ] Arena @0x00006000016b2200 (non-class sm): returning 0x00000001710044b8.
[0.130s][trace][metaspace              ] Metaspace::allocate: type 13 return 0x00000001710044b8.
[0.130s][trace][metaspace              ] Arena @0x00006000016b2200 (non-class sm): requested 7 words.
[0.130s][trace][metaspace              ] Arena @0x00006000016b2200 (non-class sm): after allocation: 1 chunk(s), current:@0x00007f8f2d80b248, u, base 0x0000000171000000, level lv02 (524288), used: 2213, committed: 8192, committed-free: 5979
[0.130s][trace][metaspace              ] Arena @0x00006000016b2200 (non-class sm): returning 0x00000001710044f0.
[0.130s][trace][metaspace              ] Metaspace::allocate: type 13 return 0x00000001710044f0.
[0.130s][debug][class,load,placeholders] find_and_add LOAD_INSTANCE 'java/io/FileInputStream', loader loader data: 0x00006000032ac000 of 'bootstrap'
[0.130s][debug][class,load,placeholders] loadInstanceThreadQ threads:0x00007f8f4f008800, 
[0.130s][debug][class,load,placeholders] superThreadQ threads:
[0.130s][debug][class,load,placeholders] defineThreadQ threads:
[0.130s][trace][cds,unshareable        ] restore: java.io.FileInputStream
[0.130s][trace][class,loader,data      ] Adding k: 0x000000013001c100 java.io.FileInputStream to loader data: 0x00006000032ac000 of 'bootstrap'
[0.130s][debug][cds,mirror             ] java.io.FileInputStream has raw archived mirror
[0.130s][debug][cds,heap               ] Clearing root 116: was 0x00000007ffb03270
[0.130s][debug][cds,mirror             ] Archived mirror is: 0x00000007ffb03270
[0.130s][trace][cds,heap,mirror        ] Restored java.io.FileInputStream archived mirror 0x00000007ffb03270
[0.130s][debug][cds,heap               ] Clearing root 117: was 0x00000007ffb032e8
[0.130s][info ][class,load             ] java.io.FileInputStream source: shared objects file
[0.130s][debug][class,load             ]  klass: 0x000000013001c100 super: 0x000000013001c3e8 loader: [loader data: 0x00006000032ac000 of 'bootstrap']
[0.130s][debug][class,load,placeholders] find_and_add DEFINE_CLASS 'java/io/FileInputStream', loader loader data: 0x00006000032ac000 of 'bootstrap'
[0.130s][debug][class,load,placeholders] loadInstanceThreadQ threads:0x00007f8f4f008800, 
[0.130s][debug][class,load,placeholders] superThreadQ threads:
[0.130s][debug][class,load,placeholders] defineThreadQ threads:0x00007f8f4f008800, 
[0.130s][debug][class,load,placeholders] find_and_remove DEFINE_CLASS 'java/io/FileInputStream', loader loader data: 0x00006000032ac000 of 'bootstrap', InstanceKlass 'java/io/FileInputStream'
[0.130s][debug][class,load,placeholders] loadInstanceThreadQ threads:0x00007f8f4f008800, 
[0.130s][debug][class,load,placeholders] superThreadQ threads:
[0.130s][debug][class,load,placeholders] defineThreadQ threads:0x00007f8f4f008800, 
[0.130s][debug][class,load,placeholders] find_and_remove LOAD_INSTANCE 'java/io/FileInputStream', loader loader data: 0x00006000032ac000 of 'bootstrap', InstanceKlass 'java/io/FileInputStream'
[0.130s][debug][class,load,placeholders] loadInstanceThreadQ threads:0x00007f8f4f008800, 
[0.130s][debug][class,load,placeholders] superThreadQ threads:
[0.130s][debug][class,load,placeholders] defineThreadQ threads:
[0.130s][debug][class,resolve          ] java.lang.System java.io.FileInputStream System.java:2113
[0.130s][info ][class,init             ] 98 Initializing 'java/io/InputStream'(no method) (0x000000013001c3e8)
[0.130s][info ][class,init             ] 99 Initializing 'java/io/FileInputStream' (0x000000013001c100)
[0.130s][trace][metaspace              ] Arena @0x00006000016b2200 (non-class sm): requested 7 words.
[0.130s][trace][metaspace              ] Arena @0x00006000016b2200 (non-class sm): after allocation: 1 chunk(s), current:@0x00007f8f2d80b248, u, base 0x0000000171000000, level lv02 (524288), used: 2220, committed: 8192, committed-free: 5972
[0.130s][trace][metaspace              ] Arena @0x00006000016b2200 (non-class sm): returning 0x0000000171004528.
[0.130s][trace][metaspace              ] Metaspace::allocate: type 13 return 0x0000000171004528.
[0.130s][trace][metaspace              ] Arena @0x00006000016b2200 (non-class sm): requested 7 words.
[0.130s][trace][metaspace              ] Arena @0x00006000016b2200 (non-class sm): after allocation: 1 chunk(s), current:@0x00007f8f2d80b248, u, base 0x0000000171000000, level lv02 (524288), used: 2227, committed: 8192, committed-free: 5965
[0.130s][trace][metaspace              ] Arena @0x00006000016b2200 (non-class sm): returning 0x0000000171004560.
[0.130s][trace][metaspace              ] Metaspace::allocate: type 13 return 0x0000000171004560.
[0.130s][debug][jni,resolve            ] [Dynamic-linking native method java.io.FileInputStream.initIDs ... JNI]
[0.130s][debug][class,load,placeholders] find_and_add LOAD_INSTANCE 'java/io/FileDescriptor', loader loader data: 0x00006000032ac000 of 'bootstrap'
[0.130s][debug][class,load,placeholders] loadInstanceThreadQ threads:0x00007f8f4f008800, 
[0.130s][debug][class,load,placeholders] superThreadQ threads:
[0.130s][debug][class,load,placeholders] defineThreadQ threads:
[0.130s][trace][cds,unshareable        ] restore: java.io.FileDescriptor
[0.130s][trace][class,loader,data      ] Adding k: 0x000000013001d008 java.io.FileDescriptor to loader data: 0x00006000032ac000 of 'bootstrap'
[0.130s][debug][cds,mirror             ] java.io.FileDescriptor has raw archived mirror
[0.130s][debug][cds,heap               ] Clearing root 422: was 0x00000007ffb0bc80
[0.130s][debug][cds,mirror             ] Archived mirror is: 0x00000007ffb0bc80
[0.130s][trace][cds,heap,mirror        ] Restored java.io.FileDescriptor archived mirror 0x00000007ffb0bc80
[0.130s][debug][cds,heap               ] Clearing root 423: was 0x00000007ffb0bd00
[0.130s][info ][class,load             ] java.io.FileDescriptor source: shared objects file
[0.130s][debug][class,load             ]  klass: 0x000000013001d008 super: 0x0000000130000db8 loader: [loader data: 0x00006000032ac000 of 'bootstrap']
[0.130s][debug][class,load,placeholders] find_and_add DEFINE_CLASS 'java/io/FileDescriptor', loader loader data: 0x00006000032ac000 of 'bootstrap'
[0.130s][debug][class,load,placeholders] loadInstanceThreadQ threads:0x00007f8f4f008800, 
[0.130s][debug][class,load,placeholders] superThreadQ threads:
[0.130s][debug][class,load,placeholders] defineThreadQ threads:0x00007f8f4f008800, 
[0.130s][debug][class,load,placeholders] find_and_remove DEFINE_CLASS 'java/io/FileDescriptor', loader loader data: 0x00006000032ac000 of 'bootstrap', InstanceKlass 'java/io/FileDescriptor'
[0.130s][debug][class,load,placeholders] loadInstanceThreadQ threads:0x00007f8f4f008800, 
[0.130s][debug][class,load,placeholders] superThreadQ threads:
[0.130s][debug][class,load,placeholders] defineThreadQ threads:0x00007f8f4f008800, 
[0.130s][debug][class,load,placeholders] find_and_remove LOAD_INSTANCE 'java/io/FileDescriptor', loader loader data: 0x00006000032ac000 of 'bootstrap', InstanceKlass 'java/io/FileDescriptor'
[0.130s][debug][class,load,placeholders] loadInstanceThreadQ threads:0x00007f8f4f008800, 
[0.130s][debug][class,load,placeholders] superThreadQ threads:
[0.130s][debug][class,load,placeholders] defineThreadQ threads:
[0.131s][debug][class,resolve          ] java.lang.System java.io.FileDescriptor System.java:2113
[0.131s][info ][class,init             ] 100 Initializing 'java/io/FileDescriptor' (0x000000013001d008)
[0.131s][trace][metaspace              ] Arena @0x00006000016b2200 (non-class sm): requested 7 words.
[0.131s][trace][metaspace              ] Arena @0x00006000016b2200 (non-class sm): after allocation: 1 chunk(s), current:@0x00007f8f2d80b248, u, base 0x0000000171000000, level lv02 (524288), used: 2234, committed: 8192, committed-free: 5958
[0.131s][trace][metaspace              ] Arena @0x00006000016b2200 (non-class sm): returning 0x0000000171004598.
[0.131s][trace][metaspace              ] Metaspace::allocate: type 13 return 0x0000000171004598.
[0.131s][trace][metaspace              ] Arena @0x00006000016b2200 (non-class sm): requested 7 words.
[0.131s][trace][metaspace              ] Arena @0x00006000016b2200 (non-class sm): after allocation: 1 chunk(s), current:@0x00007f8f2d80b248, u, base 0x0000000171000000, level lv02 (524288), used: 2241, committed: 8192, committed-free: 5951
[0.131s][trace][metaspace              ] Arena @0x00006000016b2200 (non-class sm): returning 0x00000001710045d0.
[0.131s][trace][metaspace              ] Metaspace::allocate: type 13 return 0x00000001710045d0.
[0.131s][debug][jni,resolve            ] [Dynamic-linking native method java.io.FileDescriptor.initIDs ... JNI]
[0.131s][debug][class,load,placeholders] find_and_add LOAD_INSTANCE 'java/io/FileDescriptor$1', loader loader data: 0x00006000032ac000 of 'bootstrap'
[0.131s][debug][class,load,placeholders] loadInstanceThreadQ threads:0x00007f8f4f008800, 
[0.131s][debug][class,load,placeholders] superThreadQ threads:
[0.131s][debug][class,load,placeholders] defineThreadQ threads:
[0.131s][debug][class,load,placeholders] find_and_add LOAD_SUPER 'java/io/FileDescriptor$1', loader loader data: 0x00006000032ac000 of 'bootstrap', supername 'jdk/internal/access/JavaIOFileDescriptorAccess'
[0.131s][debug][class,load,placeholders] loadInstanceThreadQ threads:0x00007f8f4f008800, 
[0.131s][debug][class,load,placeholders] superThreadQ threads:0x00007f8f4f008800, 
[0.131s][debug][class,load,placeholders] defineThreadQ threads:
[0.131s][debug][class,load,placeholders] find_and_add LOAD_INSTANCE 'jdk/internal/access/JavaIOFileDescriptorAccess', loader loader data: 0x00006000032ac000 of 'bootstrap'
[0.131s][debug][class,load,placeholders] loadInstanceThreadQ threads:0x00007f8f4f008800, 
[0.131s][debug][class,load,placeholders] superThreadQ threads:
[0.131s][debug][class,load,placeholders] defineThreadQ threads:
[0.131s][trace][cds,unshareable        ] restore: jdk.internal.access.JavaIOFileDescriptorAccess
[0.131s][trace][class,loader,data      ] Adding k: 0x00000001301ec2c8 jdk.internal.access.JavaIOFileDescriptorAccess to loader data: 0x00006000032ac000 of 'bootstrap'
[0.131s][debug][cds,mirror             ] jdk.internal.access.JavaIOFileDescriptorAccess has raw archived mirror
[0.131s][debug][cds,heap               ] Clearing root 775: was 0x00000007ffb15488
[0.131s][debug][cds,mirror             ] Archived mirror is: 0x00000007ffb15488
[0.131s][trace][cds,heap,mirror        ] Restored jdk.internal.access.JavaIOFileDescriptorAccess archived mirror 0x00000007ffb15488
[0.131s][info ][class,load             ] jdk.internal.access.JavaIOFileDescriptorAccess source: shared objects file
[0.131s][debug][class,load             ]  klass: 0x00000001301ec2c8 super: 0x0000000130000db8 loader: [loader data: 0x00006000032ac000 of 'bootstrap']
[0.131s][debug][class,load,placeholders] find_and_add DEFINE_CLASS 'jdk/internal/access/JavaIOFileDescriptorAccess', loader loader data: 0x00006000032ac000 of 'bootstrap'
[0.131s][debug][class,load,placeholders] loadInstanceThreadQ threads:0x00007f8f4f008800, 
[0.131s][debug][class,load,placeholders] superThreadQ threads:
[0.131s][debug][class,load,placeholders] defineThreadQ threads:0x00007f8f4f008800, 
[0.131s][debug][class,load,placeholders] find_and_remove DEFINE_CLASS 'jdk/internal/access/JavaIOFileDescriptorAccess', loader loader data: 0x00006000032ac000 of 'bootstrap', InstanceKlass 'jdk/internal/access/JavaIOFileDescriptorAccess'
[0.131s][debug][class,load,placeholders] loadInstanceThreadQ threads:0x00007f8f4f008800, 
[0.131s][debug][class,load,placeholders] superThreadQ threads:
[0.131s][debug][class,load,placeholders] defineThreadQ threads:0x00007f8f4f008800, 
[0.131s][debug][class,load,placeholders] find_and_remove LOAD_INSTANCE 'jdk/internal/access/JavaIOFileDescriptorAccess', loader loader data: 0x00006000032ac000 of 'bootstrap', InstanceKlass 'jdk/internal/access/JavaIOFileDescriptorAccess'
[0.131s][debug][class,load,placeholders] loadInstanceThreadQ threads:0x00007f8f4f008800, 
[0.131s][debug][class,load,placeholders] superThreadQ threads:
[0.131s][debug][class,load,placeholders] defineThreadQ threads:
[0.131s][debug][class,load,placeholders] find_and_remove LOAD_SUPER 'java/io/FileDescriptor$1', loader loader data: 0x00006000032ac000 of 'bootstrap', supername 'jdk/internal/access/JavaIOFileDescriptorAccess'
[0.131s][debug][class,load,placeholders] loadInstanceThreadQ threads:0x00007f8f4f008800, 
[0.131s][debug][class,load,placeholders] superThreadQ threads:0x00007f8f4f008800, 
[0.131s][debug][class,load,placeholders] defineThreadQ threads:
[0.131s][trace][cds,unshareable        ] restore: java.io.FileDescriptor$1
[0.131s][trace][class,loader,data      ] Adding k: 0x00000001301ffd48 java.io.FileDescriptor$1 to loader data: 0x00006000032ac000 of 'bootstrap'
[0.131s][debug][cds,mirror             ] java.io.FileDescriptor$1 has raw archived mirror
[0.131s][debug][cds,heap               ] Clearing root 870: was 0x00000007ffb17a18
[0.131s][debug][cds,mirror             ] Archived mirror is: 0x00000007ffb17a18
[0.131s][trace][cds,heap,mirror        ] Restored java.io.FileDescriptor$1 archived mirror 0x00000007ffb17a18
[0.131s][info ][class,load             ] java.io.FileDescriptor$1 source: shared objects file
[0.131s][debug][class,load             ]  klass: 0x00000001301ffd48 super: 0x0000000130000db8 interfaces: 0x00000001301ec2c8 loader: [loader data: 0x00006000032ac000 of 'bootstrap']
[0.131s][debug][class,load,placeholders] find_and_add DEFINE_CLASS 'java/io/FileDescriptor$1', loader loader data: 0x00006000032ac000 of 'bootstrap', supername 'jdk/internal/access/JavaIOFileDescriptorAccess'
[0.131s][debug][class,load,placeholders] loadInstanceThreadQ threads:0x00007f8f4f008800, 
[0.131s][debug][class,load,placeholders] superThreadQ threads:
[0.131s][debug][class,load,placeholders] defineThreadQ threads:0x00007f8f4f008800, 
[0.131s][debug][class,load,placeholders] find_and_remove DEFINE_CLASS 'java/io/FileDescriptor$1', loader loader data: 0x00006000032ac000 of 'bootstrap', supername 'jdk/internal/access/JavaIOFileDescriptorAccess', InstanceKlass 'java/io/FileDescriptor$1'
[0.131s][debug][class,load,placeholders] loadInstanceThreadQ threads:0x00007f8f4f008800, 
[0.131s][debug][class,load,placeholders] superThreadQ threads:
[0.131s][debug][class,load,placeholders] defineThreadQ threads:0x00007f8f4f008800, 
[0.131s][debug][class,load,placeholders] find_and_remove LOAD_INSTANCE 'java/io/FileDescriptor$1', loader loader data: 0x00006000032ac000 of 'bootstrap', supername 'jdk/internal/access/JavaIOFileDescriptorAccess', InstanceKlass 'java/io/FileDescriptor$1'
[0.131s][debug][class,load,placeholders] loadInstanceThreadQ threads:0x00007f8f4f008800, 
[0.131s][debug][class,load,placeholders] superThreadQ threads:
[0.131s][debug][class,load,placeholders] defineThreadQ threads:
[0.131s][debug][class,resolve          ] java.io.FileDescriptor java.io.FileDescriptor$1 FileDescriptor.java:69
[0.131s][info ][class,init             ] 101 Initializing 'java/io/FileDescriptor$1'(no method) (0x00000001301ffd48)
[0.131s][trace][metaspace              ] Arena @0x00006000016b2200 (non-class sm): requested 7 words.
[0.131s][trace][metaspace              ] Arena @0x00006000016b2200 (non-class sm): after allocation: 1 chunk(s), current:@0x00007f8f2d80b248, u, base 0x0000000171000000, level lv02 (524288), used: 2248, committed: 8192, committed-free: 5944
[0.131s][trace][metaspace              ] Arena @0x00006000016b2200 (non-class sm): returning 0x0000000171004608.
[0.131s][trace][metaspace              ] Metaspace::allocate: type 13 return 0x0000000171004608.
[0.131s][debug][class,resolve          ] java.io.FileDescriptor$1 java.lang.Object FileDescriptor.java:70
[0.131s][debug][class,resolve          ] java.io.FileDescriptor jdk.internal.access.SharedSecrets FileDescriptor.java:69
[0.131s][trace][metaspace              ] Arena @0x00006000016b2200 (non-class sm): requested 7 words.
[0.131s][trace][metaspace              ] Arena @0x00006000016b2200 (non-class sm): after allocation: 1 chunk(s), current:@0x00007f8f2d80b248, u, base 0x0000000171000000, level lv02 (524288), used: 2255, committed: 8192, committed-free: 5937
[0.131s][trace][metaspace              ] Arena @0x00006000016b2200 (non-class sm): returning 0x0000000171004640.
[0.131s][trace][metaspace              ] Metaspace::allocate: type 13 return 0x0000000171004640.
[0.131s][trace][metaspace              ] Arena @0x00006000016b2200 (non-class sm): requested 7 words.
[0.131s][trace][metaspace              ] Arena @0x00006000016b2200 (non-class sm): after allocation: 1 chunk(s), current:@0x00007f8f2d80b248, u, base 0x0000000171000000, level lv02 (524288), used: 2262, committed: 8192, committed-free: 5930
[0.131s][trace][metaspace              ] Arena @0x00006000016b2200 (non-class sm): returning 0x0000000171004678.
[0.131s][trace][metaspace              ] Metaspace::allocate: type 13 return 0x0000000171004678.
[0.131s][debug][class,resolve          ] java.io.FileDescriptor java.lang.Object FileDescriptor.java:137
[0.132s][trace][metaspace              ] Arena @0x00006000016b2200 (non-class sm): requested 7 words.
[0.132s][trace][metaspace              ] Arena @0x00006000016b2200 (non-class sm): after allocation: 1 chunk(s), current:@0x00007f8f2d80b248, u, base 0x0000000171000000, level lv02 (524288), used: 2269, committed: 8192, committed-free: 5923
[0.132s][trace][metaspace              ] Arena @0x00006000016b2200 (non-class sm): returning 0x00000001710046b0.
[0.132s][trace][metaspace              ] Metaspace::allocate: type 13 return 0x00000001710046b0.
[0.132s][debug][jni,resolve            ] [Dynamic-linking native method java.io.FileDescriptor.getHandle ... JNI]
[0.132s][trace][metaspace              ] Arena @0x00006000016b2200 (non-class sm): requested 7 words.
[0.132s][trace][metaspace              ] Arena @0x00006000016b2200 (non-class sm): after allocation: 1 chunk(s), current:@0x00007f8f2d80b248, u, base 0x0000000171000000, level lv02 (524288), used: 2276, committed: 8192, committed-free: 5916
[0.132s][trace][metaspace              ] Arena @0x00006000016b2200 (non-class sm): returning 0x00000001710046e8.
[0.132s][trace][metaspace              ] Metaspace::allocate: type 13 return 0x00000001710046e8.
[0.132s][debug][jni,resolve            ] [Dynamic-linking native method java.io.FileDescriptor.getAppend ... JNI]
[0.132s][trace][metaspace              ] Arena @0x00006000016b2200 (non-class sm): requested 7 words.
[0.132s][trace][metaspace              ] Arena @0x00006000016b2200 (non-class sm): after allocation: 1 chunk(s), current:@0x00007f8f2d80b248, u, base 0x0000000171000000, level lv02 (524288), used: 2283, committed: 8192, committed-free: 5909
[0.132s][trace][metaspace              ] Arena @0x00006000016b2200 (non-class sm): returning 0x0000000171004720.
[0.132s][trace][metaspace              ] Metaspace::allocate: type 13 return 0x0000000171004720.
[0.132s][debug][class,resolve          ] java.io.FileInputStream java.io.InputStream FileInputStream.java:185
[0.132s][trace][metaspace              ] Arena @0x00006000016b2200 (non-class sm): requested 7 words.
[0.132s][trace][metaspace              ] Arena @0x00006000016b2200 (non-class sm): after allocation: 1 chunk(s), current:@0x00007f8f2d80b248, u, base 0x0000000171000000, level lv02 (524288), used: 2290, committed: 8192, committed-free: 5902
[0.132s][trace][metaspace              ] Arena @0x00006000016b2200 (non-class sm): returning 0x0000000171004758.
[0.132s][trace][metaspace              ] Metaspace::allocate: type 13 return 0x0000000171004758.
[0.132s][debug][class,resolve          ] java.io.InputStream java.lang.Object InputStream.java:61
[0.132s][debug][class,resolve          ] java.io.FileInputStream java.lang.Object FileInputStream.java:79
[0.132s][debug][class,resolve          ] java.io.FileInputStream java.lang.System FileInputStream.java:187
[0.132s][debug][class,resolve          ] java.io.FileInputStream java.io.FileDescriptor FileInputStream.java:201
[0.132s][trace][metaspace              ] Arena @0x00006000016b2200 (non-class sm): requested 7 words.
[0.132s][trace][metaspace              ] Arena @0x00006000016b2200 (non-class sm): after allocation: 1 chunk(s), current:@0x00007f8f2d80b248, u, base 0x0000000171000000, level lv02 (524288), used: 2297, committed: 8192, committed-free: 5895
[0.132s][trace][metaspace              ] Arena @0x00006000016b2200 (non-class sm): returning 0x0000000171004790.
[0.132s][trace][metaspace              ] Metaspace::allocate: type 13 return 0x0000000171004790.
[0.132s][debug][class,load,placeholders] find_and_add LOAD_INSTANCE 'java/io/FileOutputStream', loader loader data: 0x00006000032ac000 of 'bootstrap'
[0.132s][debug][class,load,placeholders] loadInstanceThreadQ threads:0x00007f8f4f008800, 
[0.132s][debug][class,load,placeholders] superThreadQ threads:
[0.132s][debug][class,load,placeholders] defineThreadQ threads:
[0.132s][debug][class,load,placeholders] find_and_add LOAD_SUPER 'java/io/FileOutputStream', loader loader data: 0x00006000032ac000 of 'bootstrap', supername 'java/io/OutputStream'
[0.132s][debug][class,load,placeholders] loadInstanceThreadQ threads:0x00007f8f4f008800, 
[0.132s][debug][class,load,placeholders] superThreadQ threads:0x00007f8f4f008800, 
[0.132s][debug][class,load,placeholders] defineThreadQ threads:
[0.132s][debug][class,load,placeholders] find_and_add LOAD_INSTANCE 'java/io/OutputStream', loader loader data: 0x00006000032ac000 of 'bootstrap'
[0.132s][debug][class,load,placeholders] loadInstanceThreadQ threads:0x00007f8f4f008800, 
[0.132s][debug][class,load,placeholders] superThreadQ threads:
[0.132s][debug][class,load,placeholders] defineThreadQ threads:
[0.132s][debug][class,load,placeholders] find_and_add LOAD_SUPER 'java/io/OutputStream', loader loader data: 0x00006000032ac000 of 'bootstrap', supername 'java/io/Flushable'
[0.132s][debug][class,load,placeholders] loadInstanceThreadQ threads:0x00007f8f4f008800, 
[0.132s][debug][class,load,placeholders] superThreadQ threads:0x00007f8f4f008800, 
[0.132s][debug][class,load,placeholders] defineThreadQ threads:
[0.132s][debug][class,load,placeholders] find_and_add LOAD_INSTANCE 'java/io/Flushable', loader loader data: 0x00006000032ac000 of 'bootstrap'
[0.132s][debug][class,load,placeholders] loadInstanceThreadQ threads:0x00007f8f4f008800, 
[0.132s][debug][class,load,placeholders] superThreadQ threads:
[0.132s][debug][class,load,placeholders] defineThreadQ threads:
[0.132s][trace][cds,unshareable        ] restore: java.io.Flushable
[0.132s][trace][class,loader,data      ] Adding k: 0x0000000130017480 java.io.Flushable to loader data: 0x00006000032ac000 of 'bootstrap'
[0.132s][debug][cds,mirror             ] java.io.Flushable has raw archived mirror
[0.132s][debug][cds,heap               ] Clearing root 871: was 0x00000007ffb17a88
[0.132s][debug][cds,mirror             ] Archived mirror is: 0x00000007ffb17a88
[0.132s][trace][cds,heap,mirror        ] Restored java.io.Flushable archived mirror 0x00000007ffb17a88
[0.132s][info ][class,load             ] java.io.Flushable source: shared objects file
[0.132s][debug][class,load             ]  klass: 0x0000000130017480 super: 0x0000000130000db8 loader: [loader data: 0x00006000032ac000 of 'bootstrap']
[0.132s][debug][class,load,placeholders] find_and_add DEFINE_CLASS 'java/io/Flushable', loader loader data: 0x00006000032ac000 of 'bootstrap'
[0.132s][debug][class,load,placeholders] loadInstanceThreadQ threads:0x00007f8f4f008800, 
[0.132s][debug][class,load,placeholders] superThreadQ threads:
[0.132s][debug][class,load,placeholders] defineThreadQ threads:0x00007f8f4f008800, 
[0.132s][debug][class,load,placeholders] find_and_remove DEFINE_CLASS 'java/io/Flushable', loader loader data: 0x00006000032ac000 of 'bootstrap', InstanceKlass 'java/io/Flushable'
[0.132s][debug][class,load,placeholders] loadInstanceThreadQ threads:0x00007f8f4f008800, 
[0.132s][debug][class,load,placeholders] superThreadQ threads:
[0.132s][debug][class,load,placeholders] defineThreadQ threads:0x00007f8f4f008800, 
[0.132s][debug][class,load,placeholders] find_and_remove LOAD_INSTANCE 'java/io/Flushable', loader loader data: 0x00006000032ac000 of 'bootstrap', InstanceKlass 'java/io/Flushable'
[0.132s][debug][class,load,placeholders] loadInstanceThreadQ threads:0x00007f8f4f008800, 
[0.132s][debug][class,load,placeholders] superThreadQ threads:
[0.132s][debug][class,load,placeholders] defineThreadQ threads:
[0.132s][debug][class,load,placeholders] find_and_remove LOAD_SUPER 'java/io/OutputStream', loader loader data: 0x00006000032ac000 of 'bootstrap', supername 'java/io/Flushable'
[0.132s][debug][class,load,placeholders] loadInstanceThreadQ threads:0x00007f8f4f008800, 
[0.132s][debug][class,load,placeholders] superThreadQ threads:0x00007f8f4f008800, 
[0.132s][debug][class,load,placeholders] defineThreadQ threads:
[0.132s][trace][cds,unshareable        ] restore: java.io.OutputStream
[0.132s][trace][class,loader,data      ] Adding k: 0x0000000130015b08 java.io.OutputStream to loader data: 0x00006000032ac000 of 'bootstrap'
[0.132s][debug][cds,mirror             ] java.io.OutputStream has raw archived mirror
[0.132s][debug][cds,heap               ] Clearing root 113: was 0x00000007ffb03100
[0.132s][debug][cds,mirror             ] Archived mirror is: 0x00000007ffb03100
[0.132s][trace][cds,heap,mirror        ] Restored java.io.OutputStream archived mirror 0x00000007ffb03100
[0.132s][info ][class,load             ] java.io.OutputStream source: shared objects file
[0.132s][debug][class,load             ]  klass: 0x0000000130015b08 super: 0x0000000130000db8 interfaces: 0x0000000130017250 0x0000000130017480 loader: [loader data: 0x00006000032ac000 of 'bootstrap']
[0.132s][debug][class,load,placeholders] find_and_add DEFINE_CLASS 'java/io/OutputStream', loader loader data: 0x00006000032ac000 of 'bootstrap', supername 'java/io/Flushable'
[0.132s][debug][class,load,placeholders] loadInstanceThreadQ threads:0x00007f8f4f008800, 
[0.132s][debug][class,load,placeholders] superThreadQ threads:
[0.132s][debug][class,load,placeholders] defineThreadQ threads:0x00007f8f4f008800, 
[0.132s][debug][class,load,placeholders] find_and_remove DEFINE_CLASS 'java/io/OutputStream', loader loader data: 0x00006000032ac000 of 'bootstrap', supername 'java/io/Flushable', InstanceKlass 'java/io/OutputStream'
[0.132s][debug][class,load,placeholders] loadInstanceThreadQ threads:0x00007f8f4f008800, 
[0.132s][debug][class,load,placeholders] superThreadQ threads:
[0.132s][debug][class,load,placeholders] defineThreadQ threads:0x00007f8f4f008800, 
[0.132s][debug][class,load,placeholders] find_and_remove LOAD_INSTANCE 'java/io/OutputStream', loader loader data: 0x00006000032ac000 of 'bootstrap', supername 'java/io/Flushable', InstanceKlass 'java/io/OutputStream'
[0.132s][debug][class,load,placeholders] loadInstanceThreadQ threads:0x00007f8f4f008800, 
[0.133s][debug][class,load,placeholders] superThreadQ threads:
[0.133s][debug][class,load,placeholders] defineThreadQ threads:
[0.133s][debug][class,load,placeholders] find_and_remove LOAD_SUPER 'java/io/FileOutputStream', loader loader data: 0x00006000032ac000 of 'bootstrap', supername 'java/io/OutputStream'
[0.133s][debug][class,load,placeholders] loadInstanceThreadQ threads:0x00007f8f4f008800, 
[0.133s][debug][class,load,placeholders] superThreadQ threads:0x00007f8f4f008800, 
[0.133s][debug][class,load,placeholders] defineThreadQ threads:
[0.133s][trace][cds,unshareable        ] restore: java.io.FileOutputStream
[0.133s][trace][class,loader,data      ] Adding k: 0x000000013001d2d0 java.io.FileOutputStream to loader data: 0x00006000032ac000 of 'bootstrap'
[0.133s][debug][cds,mirror             ] java.io.FileOutputStream has raw archived mirror
[0.133s][debug][cds,heap               ] Clearing root 424: was 0x00000007ffb0bd18
[0.133s][debug][cds,mirror             ] Archived mirror is: 0x00000007ffb0bd18
[0.133s][trace][cds,heap,mirror        ] Restored java.io.FileOutputStream archived mirror 0x00000007ffb0bd18
[0.133s][debug][cds,heap               ] Clearing root 425: was 0x00000007ffb0bd90
[0.133s][info ][class,load             ] java.io.FileOutputStream source: shared objects file
[0.133s][debug][class,load             ]  klass: 0x000000013001d2d0 super: 0x0000000130015b08 loader: [loader data: 0x00006000032ac000 of 'bootstrap']
[0.133s][debug][class,load,placeholders] find_and_add DEFINE_CLASS 'java/io/FileOutputStream', loader loader data: 0x00006000032ac000 of 'bootstrap', supername 'java/io/OutputStream'
[0.133s][debug][class,load,placeholders] loadInstanceThreadQ threads:0x00007f8f4f008800, 
[0.133s][debug][class,load,placeholders] superThreadQ threads:
[0.133s][debug][class,load,placeholders] defineThreadQ threads:0x00007f8f4f008800, 
[0.133s][debug][class,load,placeholders] find_and_remove DEFINE_CLASS 'java/io/FileOutputStream', loader loader data: 0x00006000032ac000 of 'bootstrap', supername 'java/io/OutputStream', InstanceKlass 'java/io/FileOutputStream'
[0.133s][debug][class,load,placeholders] loadInstanceThreadQ threads:0x00007f8f4f008800, 
[0.133s][debug][class,load,placeholders] superThreadQ threads:
[0.133s][debug][class,load,placeholders] defineThreadQ threads:0x00007f8f4f008800, 
[0.133s][debug][class,load,placeholders] find_and_remove LOAD_INSTANCE 'java/io/FileOutputStream', loader loader data: 0x00006000032ac000 of 'bootstrap', supername 'java/io/OutputStream', InstanceKlass 'java/io/FileOutputStream'
[0.133s][debug][class,load,placeholders] loadInstanceThreadQ threads:0x00007f8f4f008800, 
[0.133s][debug][class,load,placeholders] superThreadQ threads:
[0.133s][debug][class,load,placeholders] defineThreadQ threads:
[0.133s][debug][class,resolve          ] java.lang.System java.io.FileOutputStream System.java:2114
[0.133s][info ][class,init             ] 102 Initializing 'java/io/OutputStream'(no method) (0x0000000130015b08)
[0.133s][info ][class,init             ] 103 Initializing 'java/io/FileOutputStream' (0x000000013001d2d0)
[0.133s][trace][metaspace              ] Arena @0x00006000016b2200 (non-class sm): requested 7 words.
[0.133s][trace][metaspace              ] Arena @0x00006000016b2200 (non-class sm): after allocation: 1 chunk(s), current:@0x00007f8f2d80b248, u, base 0x0000000171000000, level lv02 (524288), used: 2304, committed: 8192, committed-free: 5888
[0.133s][trace][metaspace              ] Arena @0x00006000016b2200 (non-class sm): returning 0x00000001710047c8.
[0.133s][trace][metaspace              ] Metaspace::allocate: type 13 return 0x00000001710047c8.
[0.133s][debug][class,resolve          ] java.io.FileOutputStream jdk.internal.access.SharedSecrets FileOutputStream.java:75
[0.133s][trace][metaspace              ] Arena @0x00006000016b2200 (non-class sm): requested 7 words.
[0.133s][trace][metaspace              ] Arena @0x00006000016b2200 (non-class sm): after allocation: 1 chunk(s), current:@0x00007f8f2d80b248, u, base 0x0000000171000000, level lv02 (524288), used: 2311, committed: 8192, committed-free: 5881
[0.133s][trace][metaspace              ] Arena @0x00006000016b2200 (non-class sm): returning 0x0000000171004800.
[0.133s][trace][metaspace              ] Metaspace::allocate: type 13 return 0x0000000171004800.
[0.133s][trace][metaspace              ] Arena @0x00006000016b2200 (non-class sm): requested 7 words.
[0.133s][trace][metaspace              ] Arena @0x00006000016b2200 (non-class sm): after allocation: 1 chunk(s), current:@0x00007f8f2d80b248, u, base 0x0000000171000000, level lv02 (524288), used: 2318, committed: 8192, committed-free: 5874
[0.133s][trace][metaspace              ] Arena @0x00006000016b2200 (non-class sm): returning 0x0000000171004838.
[0.133s][trace][metaspace              ] Metaspace::allocate: type 13 return 0x0000000171004838.
[0.133s][debug][jni,resolve            ] [Dynamic-linking native method java.io.FileOutputStream.initIDs ... JNI]
[0.133s][trace][metaspace              ] Arena @0x00006000016b2200 (non-class sm): requested 7 words.
[0.133s][trace][metaspace              ] Arena @0x00006000016b2200 (non-class sm): after allocation: 1 chunk(s), current:@0x00007f8f2d80b248, u, base 0x0000000171000000, level lv02 (524288), used: 2325, committed: 8192, committed-free: 5867
[0.133s][trace][metaspace              ] Arena @0x00006000016b2200 (non-class sm): returning 0x0000000171004870.
[0.133s][trace][metaspace              ] Metaspace::allocate: type 13 return 0x0000000171004870.
[0.133s][debug][class,resolve          ] java.io.FileOutputStream java.io.OutputStream FileOutputStream.java:262
[0.133s][trace][metaspace              ] Arena @0x00006000016b2200 (non-class sm): requested 7 words.
[0.133s][trace][metaspace              ] Arena @0x00006000016b2200 (non-class sm): after allocation: 1 chunk(s), current:@0x00007f8f2d80b248, u, base 0x0000000171000000, level lv02 (524288), used: 2332, committed: 8192, committed-free: 5860
[0.133s][trace][metaspace              ] Arena @0x00006000016b2200 (non-class sm): returning 0x00000001710048a8.
[0.133s][trace][metaspace              ] Metaspace::allocate: type 13 return 0x00000001710048a8.
[0.133s][debug][class,resolve          ] java.io.OutputStream java.lang.Object OutputStream.java:52
[0.133s][debug][class,resolve          ] java.io.FileOutputStream java.lang.Object FileOutputStream.java:93
[0.133s][debug][class,resolve          ] java.io.FileOutputStream java.lang.System FileOutputStream.java:264
[0.133s][debug][class,resolve          ] java.io.FileOutputStream java.io.FileDescriptor FileOutputStream.java:274
[0.133s][debug][class,load,placeholders] find_and_add LOAD_INSTANCE 'java/io/BufferedInputStream', loader loader data: 0x00006000032ac000 of 'bootstrap'
[0.133s][debug][class,load,placeholders] loadInstanceThreadQ threads:0x00007f8f4f008800, 
[0.133s][debug][class,load,placeholders] superThreadQ threads:
[0.133s][debug][class,load,placeholders] defineThreadQ threads:
[0.133s][debug][class,load,placeholders] find_and_add LOAD_SUPER 'java/io/BufferedInputStream', loader loader data: 0x00006000032ac000 of 'bootstrap', supername 'java/io/FilterInputStream'
[0.133s][debug][class,load,placeholders] loadInstanceThreadQ threads:0x00007f8f4f008800, 
[0.133s][debug][class,load,placeholders] superThreadQ threads:0x00007f8f4f008800, 
[0.133s][debug][class,load,placeholders] defineThreadQ threads:
[0.133s][debug][class,load,placeholders] find_and_add LOAD_INSTANCE 'java/io/FilterInputStream', loader loader data: 0x00006000032ac000 of 'bootstrap'
[0.133s][debug][class,load,placeholders] loadInstanceThreadQ threads:0x00007f8f4f008800, 
[0.133s][debug][class,load,placeholders] superThreadQ threads:
[0.133s][debug][class,load,placeholders] defineThreadQ threads:
[0.133s][trace][cds,unshareable        ] restore: java.io.FilterInputStream
[0.133s][trace][class,loader,data      ] Adding k: 0x000000013001db30 java.io.FilterInputStream to loader data: 0x00006000032ac000 of 'bootstrap'
[0.133s][debug][cds,mirror             ] java.io.FilterInputStream has raw archived mirror
[0.133s][debug][cds,heap               ] Clearing root 872: was 0x00000007ffb17af8
[0.133s][debug][cds,mirror             ] Archived mirror is: 0x00000007ffb17af8
[0.133s][trace][cds,heap,mirror        ] Restored java.io.FilterInputStream archived mirror 0x00000007ffb17af8
[0.133s][info ][class,load             ] java.io.FilterInputStream source: shared objects file
[0.133s][debug][class,load             ]  klass: 0x000000013001db30 super: 0x000000013001c3e8 loader: [loader data: 0x00006000032ac000 of 'bootstrap']
[0.133s][debug][class,load,placeholders] find_and_add DEFINE_CLASS 'java/io/FilterInputStream', loader loader data: 0x00006000032ac000 of 'bootstrap'
[0.133s][debug][class,load,placeholders] loadInstanceThreadQ threads:0x00007f8f4f008800, 
[0.133s][debug][class,load,placeholders] superThreadQ threads:
[0.133s][debug][class,load,placeholders] defineThreadQ threads:0x00007f8f4f008800, 
[0.133s][debug][class,load,placeholders] find_and_remove DEFINE_CLASS 'java/io/FilterInputStream', loader loader data: 0x00006000032ac000 of 'bootstrap', InstanceKlass 'java/io/FilterInputStream'
[0.133s][debug][class,load,placeholders] loadInstanceThreadQ threads:0x00007f8f4f008800, 
[0.133s][debug][class,load,placeholders] superThreadQ threads:
[0.133s][debug][class,load,placeholders] defineThreadQ threads:0x00007f8f4f008800, 
[0.133s][debug][class,load,placeholders] find_and_remove LOAD_INSTANCE 'java/io/FilterInputStream', loader loader data: 0x00006000032ac000 of 'bootstrap', InstanceKlass 'java/io/FilterInputStream'
[0.133s][debug][class,load,placeholders] loadInstanceThreadQ threads:0x00007f8f4f008800, 
[0.133s][debug][class,load,placeholders] superThreadQ threads:
[0.133s][debug][class,load,placeholders] defineThreadQ threads:
[0.134s][debug][class,load,placeholders] find_and_remove LOAD_SUPER 'java/io/BufferedInputStream', loader loader data: 0x00006000032ac000 of 'bootstrap', supername 'java/io/FilterInputStream'
[0.134s][debug][class,load,placeholders] loadInstanceThreadQ threads:0x00007f8f4f008800, 
[0.134s][debug][class,load,placeholders] superThreadQ threads:0x00007f8f4f008800, 
[0.134s][debug][class,load,placeholders] defineThreadQ threads:
[0.134s][trace][cds,unshareable        ] restore: java.io.BufferedInputStream
[0.134s][trace][class,loader,data      ] Adding k: 0x000000013001d848 java.io.BufferedInputStream to loader data: 0x00006000032ac000 of 'bootstrap'
[0.134s][debug][cds,mirror             ] java.io.BufferedInputStream has raw archived mirror
[0.134s][debug][cds,heap               ] Clearing root 426: was 0x00000007ffb0bda8
[0.134s][debug][cds,mirror             ] Archived mirror is: 0x00000007ffb0bda8
[0.134s][trace][cds,heap,mirror        ] Restored java.io.BufferedInputStream archived mirror 0x00000007ffb0bda8
[0.134s][debug][cds,heap               ] Clearing root 427: was 0x00000007ffb0be30
[0.134s][info ][class,load             ] java.io.BufferedInputStream source: shared objects file
[0.134s][debug][class,load             ]  klass: 0x000000013001d848 super: 0x000000013001db30 loader: [loader data: 0x00006000032ac000 of 'bootstrap']
[0.134s][debug][class,load,placeholders] find_and_add DEFINE_CLASS 'java/io/BufferedInputStream', loader loader data: 0x00006000032ac000 of 'bootstrap', supername 'java/io/FilterInputStream'
[0.134s][debug][class,load,placeholders] loadInstanceThreadQ threads:0x00007f8f4f008800, 
[0.134s][debug][class,load,placeholders] superThreadQ threads:
[0.134s][debug][class,load,placeholders] defineThreadQ threads:0x00007f8f4f008800, 
[0.134s][debug][class,load,placeholders] find_and_remove DEFINE_CLASS 'java/io/BufferedInputStream', loader loader data: 0x00006000032ac000 of 'bootstrap', supername 'java/io/FilterInputStream', InstanceKlass 'java/io/BufferedInputStream'
[0.134s][debug][class,load,placeholders] loadInstanceThreadQ threads:0x00007f8f4f008800, 
[0.134s][debug][class,load,placeholders] superThreadQ threads:
[0.134s][debug][class,load,placeholders] defineThreadQ threads:0x00007f8f4f008800, 
[0.134s][debug][class,load,placeholders] find_and_remove LOAD_INSTANCE 'java/io/BufferedInputStream', loader loader data: 0x00006000032ac000 of 'bootstrap', supername 'java/io/FilterInputStream', InstanceKlass 'java/io/BufferedInputStream'
[0.134s][debug][class,load,placeholders] loadInstanceThreadQ threads:0x00007f8f4f008800, 
[0.134s][debug][class,load,placeholders] superThreadQ threads:
[0.134s][debug][class,load,placeholders] defineThreadQ threads:
[0.134s][debug][class,resolve          ] java.lang.System java.io.BufferedInputStream System.java:2116
[0.134s][info ][class,init             ] 104 Initializing 'java/io/FilterInputStream'(no method) (0x000000013001db30)
[0.134s][info ][class,init             ] 105 Initializing 'java/io/BufferedInputStream' (0x000000013001d848)
[0.134s][trace][metaspace              ] Arena @0x00006000016b2200 (non-class sm): requested 7 words.
[0.134s][trace][metaspace              ] Arena @0x00006000016b2200 (non-class sm): after allocation: 1 chunk(s), current:@0x00007f8f2d80b248, u, base 0x0000000171000000, level lv02 (524288), used: 2339, committed: 8192, committed-free: 5853
[0.134s][trace][metaspace              ] Arena @0x00006000016b2200 (non-class sm): returning 0x00000001710048e0.
[0.134s][trace][metaspace              ] Metaspace::allocate: type 13 return 0x00000001710048e0.
[0.134s][debug][class,resolve          ] java.io.BufferedInputStream jdk.internal.misc.Unsafe BufferedInputStream.java:61
[0.134s][trace][metaspace              ] Arena @0x00006000016b2200 (non-class sm): requested 7 words.
[0.134s][trace][metaspace              ] Arena @0x00006000016b2200 (non-class sm): after allocation: 1 chunk(s), current:@0x00007f8f2d80b248, u, base 0x0000000171000000, level lv02 (524288), used: 2346, committed: 8192, committed-free: 5846
[0.134s][trace][metaspace              ] Arena @0x00006000016b2200 (non-class sm): returning 0x0000000171004918.
[0.134s][trace][metaspace              ] Metaspace::allocate: type 13 return 0x0000000171004918.
[0.134s][trace][metaspace              ] Arena @0x00006000016b2200 (non-class sm): requested 7 words.
[0.134s][trace][metaspace              ] Arena @0x00006000016b2200 (non-class sm): after allocation: 1 chunk(s), current:@0x00007f8f2d80b248, u, base 0x0000000171000000, level lv02 (524288), used: 2353, committed: 8192, committed-free: 5839
[0.134s][trace][metaspace              ] Arena @0x00006000016b2200 (non-class sm): returning 0x0000000171004950.
[0.134s][trace][metaspace              ] Metaspace::allocate: type 13 return 0x0000000171004950.
[0.134s][debug][class,resolve          ] java.io.BufferedInputStream java.io.FilterInputStream BufferedInputStream.java:197
[0.134s][trace][metaspace              ] Arena @0x00006000016b2200 (non-class sm): requested 7 words.
[0.134s][trace][metaspace              ] Arena @0x00006000016b2200 (non-class sm): after allocation: 1 chunk(s), current:@0x00007f8f2d80b248, u, base 0x0000000171000000, level lv02 (524288), used: 2360, committed: 8192, committed-free: 5832
[0.134s][trace][metaspace              ] Arena @0x00006000016b2200 (non-class sm): returning 0x0000000171004988.
[0.134s][trace][metaspace              ] Metaspace::allocate: type 13 return 0x0000000171004988.
[0.134s][debug][class,resolve          ] java.io.FilterInputStream java.io.InputStream FilterInputStream.java:60
[0.134s][trace][metaspace              ] Arena @0x00006000016b2200 (non-class sm): requested 7 words.
[0.134s][trace][metaspace              ] Arena @0x00006000016b2200 (non-class sm): after allocation: 1 chunk(s), current:@0x00007f8f2d80b248, u, base 0x0000000171000000, level lv02 (524288), used: 2367, committed: 8192, committed-free: 5825
[0.134s][trace][metaspace              ] Arena @0x00006000016b2200 (non-class sm): returning 0x00000001710049c0.
[0.134s][trace][metaspace              ] Metaspace::allocate: type 13 return 0x00000001710049c0.
[0.134s][debug][jni,resolve            ] [Dynamic-linking native method java.lang.System.setIn0 ... JNI]
[0.134s][trace][metaspace              ] Arena @0x00006000016b2200 (non-class sm): requested 7 words.
[0.134s][trace][metaspace              ] Arena @0x00006000016b2200 (non-class sm): after allocation: 1 chunk(s), current:@0x00007f8f2d80b248, u, base 0x0000000171000000, level lv02 (524288), used: 2374, committed: 8192, committed-free: 5818
[0.134s][trace][metaspace              ] Arena @0x00006000016b2200 (non-class sm): returning 0x00000001710049f8.
[0.134s][trace][metaspace              ] Metaspace::allocate: type 13 return 0x00000001710049f8.
[0.134s][debug][class,load,placeholders] find_and_add LOAD_INSTANCE 'java/io/PrintStream', loader loader data: 0x00006000032ac000 of 'bootstrap'
[0.134s][debug][class,load,placeholders] loadInstanceThreadQ threads:0x00007f8f4f008800, 
[0.134s][debug][class,load,placeholders] superThreadQ threads:
[0.134s][debug][class,load,placeholders] defineThreadQ threads:
[0.134s][debug][class,load,placeholders] find_and_add LOAD_SUPER 'java/io/PrintStream', loader loader data: 0x00006000032ac000 of 'bootstrap', supername 'java/io/FilterOutputStream'
[0.134s][debug][class,load,placeholders] loadInstanceThreadQ threads:0x00007f8f4f008800, 
[0.134s][debug][class,load,placeholders] superThreadQ threads:0x00007f8f4f008800, 
[0.134s][debug][class,load,placeholders] defineThreadQ threads:
[0.134s][debug][class,load,placeholders] find_and_add LOAD_INSTANCE 'java/io/FilterOutputStream', loader loader data: 0x00006000032ac000 of 'bootstrap'
[0.134s][debug][class,load,placeholders] loadInstanceThreadQ threads:0x00007f8f4f008800, 
[0.134s][debug][class,load,placeholders] superThreadQ threads:
[0.134s][debug][class,load,placeholders] defineThreadQ threads:
[0.134s][trace][cds,unshareable        ] restore: java.io.FilterOutputStream
[0.134s][trace][class,loader,data      ] Adding k: 0x0000000130015db0 java.io.FilterOutputStream to loader data: 0x00006000032ac000 of 'bootstrap'
[0.134s][debug][cds,mirror             ] java.io.FilterOutputStream has raw archived mirror
[0.134s][debug][cds,heap               ] Clearing root 873: was 0x00000007ffb17b68
[0.134s][debug][cds,mirror             ] Archived mirror is: 0x00000007ffb17b68
[0.134s][trace][cds,heap,mirror        ] Restored java.io.FilterOutputStream archived mirror 0x00000007ffb17b68
[0.134s][info ][class,load             ] java.io.FilterOutputStream source: shared objects file
[0.134s][debug][class,load             ]  klass: 0x0000000130015db0 super: 0x0000000130015b08 loader: [loader data: 0x00006000032ac000 of 'bootstrap']
[0.134s][debug][class,load,placeholders] find_and_add DEFINE_CLASS 'java/io/FilterOutputStream', loader loader data: 0x00006000032ac000 of 'bootstrap'
[0.134s][debug][class,load,placeholders] loadInstanceThreadQ threads:0x00007f8f4f008800, 
[0.134s][debug][class,load,placeholders] superThreadQ threads:
[0.134s][debug][class,load,placeholders] defineThreadQ threads:0x00007f8f4f008800, 
[0.134s][debug][class,load,placeholders] find_and_remove DEFINE_CLASS 'java/io/FilterOutputStream', loader loader data: 0x00006000032ac000 of 'bootstrap', InstanceKlass 'java/io/FilterOutputStream'
[0.134s][debug][class,load,placeholders] loadInstanceThreadQ threads:0x00007f8f4f008800, 
[0.134s][debug][class,load,placeholders] superThreadQ threads:
[0.134s][debug][class,load,placeholders] defineThreadQ threads:0x00007f8f4f008800, 
[0.134s][debug][class,load,placeholders] find_and_remove LOAD_INSTANCE 'java/io/FilterOutputStream', loader loader data: 0x00006000032ac000 of 'bootstrap', InstanceKlass 'java/io/FilterOutputStream'
[0.134s][debug][class,load,placeholders] loadInstanceThreadQ threads:0x00007f8f4f008800, 
[0.134s][debug][class,load,placeholders] superThreadQ threads:
[0.134s][debug][class,load,placeholders] defineThreadQ threads:
[0.135s][debug][class,load,placeholders] find_and_remove LOAD_SUPER 'java/io/PrintStream', loader loader data: 0x00006000032ac000 of 'bootstrap', supername 'java/io/FilterOutputStream'
[0.135s][debug][class,load,placeholders] loadInstanceThreadQ threads:0x00007f8f4f008800, 
[0.135s][debug][class,load,placeholders] superThreadQ threads:0x00007f8f4f008800, 
[0.135s][debug][class,load,placeholders] defineThreadQ threads:
[0.135s][trace][cds,unshareable        ] restore: java.io.PrintStream
[0.135s][trace][class,loader,data      ] Adding k: 0x0000000130015728 java.io.PrintStream to loader data: 0x00006000032ac000 of 'bootstrap'
[0.135s][debug][cds,mirror             ] java.io.PrintStream has raw archived mirror
[0.135s][debug][cds,heap               ] Clearing root 406: was 0x00000007ffb0b660
[0.135s][debug][cds,mirror             ] Archived mirror is: 0x00000007ffb0b660
[0.135s][trace][cds,heap,mirror        ] Restored java.io.PrintStream archived mirror 0x00000007ffb0b660
[0.135s][debug][cds,heap               ] Clearing root 407: was 0x00000007ffb0b6d0
[0.135s][info ][class,load             ] java.io.PrintStream source: shared objects file
[0.135s][debug][class,load             ]  klass: 0x0000000130015728 super: 0x0000000130015db0 interfaces: 0x00000001300176b0 0x0000000130017250 loader: [loader data: 0x00006000032ac000 of 'bootstrap']
[0.135s][debug][class,load,placeholders] find_and_add DEFINE_CLASS 'java/io/PrintStream', loader loader data: 0x00006000032ac000 of 'bootstrap', supername 'java/io/FilterOutputStream'
[0.135s][debug][class,load,placeholders] loadInstanceThreadQ threads:0x00007f8f4f008800, 
[0.135s][debug][class,load,placeholders] superThreadQ threads:
[0.135s][debug][class,load,placeholders] defineThreadQ threads:0x00007f8f4f008800, 
[0.135s][debug][class,load,placeholders] find_and_remove DEFINE_CLASS 'java/io/PrintStream', loader loader data: 0x00006000032ac000 of 'bootstrap', supername 'java/io/FilterOutputStream', InstanceKlass 'java/io/PrintStream'
[0.135s][debug][class,load,placeholders] loadInstanceThreadQ threads:0x00007f8f4f008800, 
[0.135s][debug][class,load,placeholders] superThreadQ threads:
[0.135s][debug][class,load,placeholders] defineThreadQ threads:0x00007f8f4f008800, 
[0.135s][debug][class,load,placeholders] find_and_remove LOAD_INSTANCE 'java/io/PrintStream', loader loader data: 0x00006000032ac000 of 'bootstrap', supername 'java/io/FilterOutputStream', InstanceKlass 'java/io/PrintStream'
[0.135s][debug][class,load,placeholders] loadInstanceThreadQ threads:0x00007f8f4f008800, 
[0.135s][debug][class,load,placeholders] superThreadQ threads:
[0.135s][debug][class,load,placeholders] defineThreadQ threads:
[0.135s][debug][class,resolve          ] java.lang.System java.io.PrintStream System.java:2015
[0.135s][info ][class,init             ] 106 Initializing 'java/io/FilterOutputStream'(no method) (0x0000000130015db0)
[0.135s][info ][class,init             ] 107 Initializing 'java/io/PrintStream'(no method) (0x0000000130015728)
[0.135s][debug][class,load,placeholders] find_and_add LOAD_INSTANCE 'java/io/BufferedOutputStream', loader loader data: 0x00006000032ac000 of 'bootstrap'
[0.135s][debug][class,load,placeholders] loadInstanceThreadQ threads:0x00007f8f4f008800, 
[0.135s][debug][class,load,placeholders] superThreadQ threads:
[0.135s][debug][class,load,placeholders] defineThreadQ threads:
[0.135s][trace][cds,unshareable        ] restore: java.io.BufferedOutputStream
[0.135s][trace][class,loader,data      ] Adding k: 0x000000013001a580 java.io.BufferedOutputStream to loader data: 0x00006000032ac000 of 'bootstrap'
[0.135s][debug][cds,mirror             ] java.io.BufferedOutputStream has raw archived mirror
[0.135s][debug][cds,heap               ] Clearing root 420: was 0x00000007ffb0bbf8
[0.135s][debug][cds,mirror             ] Archived mirror is: 0x00000007ffb0bbf8
[0.135s][trace][cds,heap,mirror        ] Restored java.io.BufferedOutputStream archived mirror 0x00000007ffb0bbf8
[0.135s][debug][cds,heap               ] Clearing root 421: was 0x00000007ffb0bc68
[0.135s][info ][class,load             ] java.io.BufferedOutputStream source: shared objects file
[0.135s][debug][class,load             ]  klass: 0x000000013001a580 super: 0x0000000130015db0 loader: [loader data: 0x00006000032ac000 of 'bootstrap']
[0.135s][debug][class,load,placeholders] find_and_add DEFINE_CLASS 'java/io/BufferedOutputStream', loader loader data: 0x00006000032ac000 of 'bootstrap'
[0.135s][debug][class,load,placeholders] loadInstanceThreadQ threads:0x00007f8f4f008800, 
[0.135s][debug][class,load,placeholders] superThreadQ threads:
[0.135s][debug][class,load,placeholders] defineThreadQ threads:0x00007f8f4f008800, 
[0.135s][debug][class,load,placeholders] find_and_remove DEFINE_CLASS 'java/io/BufferedOutputStream', loader loader data: 0x00006000032ac000 of 'bootstrap', InstanceKlass 'java/io/BufferedOutputStream'
[0.135s][debug][class,load,placeholders] loadInstanceThreadQ threads:0x00007f8f4f008800, 
[0.135s][debug][class,load,placeholders] superThreadQ threads:
[0.135s][debug][class,load,placeholders] defineThreadQ threads:0x00007f8f4f008800, 
[0.135s][debug][class,load,placeholders] find_and_remove LOAD_INSTANCE 'java/io/BufferedOutputStream', loader loader data: 0x00006000032ac000 of 'bootstrap', InstanceKlass 'java/io/BufferedOutputStream'
[0.135s][debug][class,load,placeholders] loadInstanceThreadQ threads:0x00007f8f4f008800, 
[0.135s][debug][class,load,placeholders] superThreadQ threads:
[0.135s][debug][class,load,placeholders] defineThreadQ threads:
[0.135s][debug][class,resolve          ] java.lang.System java.io.BufferedOutputStream System.java:2015
[0.135s][info ][class,init             ] 108 Initializing 'java/io/BufferedOutputStream'(no method) (0x000000013001a580)
[0.135s][trace][metaspace              ] Arena @0x00006000016b2200 (non-class sm): requested 7 words.
[0.135s][trace][metaspace              ] Arena @0x00006000016b2200 (non-class sm): after allocation: 1 chunk(s), current:@0x00007f8f2d80b248, u, base 0x0000000171000000, level lv02 (524288), used: 2381, committed: 8192, committed-free: 5811
[0.135s][trace][metaspace              ] Arena @0x00006000016b2200 (non-class sm): returning 0x0000000171004a30.
[0.135s][trace][metaspace              ] Metaspace::allocate: type 13 return 0x0000000171004a30.
[0.135s][debug][class,resolve          ] java.io.BufferedOutputStream java.io.FilterOutputStream BufferedOutputStream.java:71
[0.135s][trace][metaspace              ] Arena @0x00006000016b2200 (non-class sm): requested 7 words.
[0.135s][trace][metaspace              ] Arena @0x00006000016b2200 (non-class sm): after allocation: 1 chunk(s), current:@0x00007f8f2d80b248, u, base 0x0000000171000000, level lv02 (524288), used: 2388, committed: 8192, committed-free: 5804
[0.135s][trace][metaspace              ] Arena @0x00006000016b2200 (non-class sm): returning 0x0000000171004a68.
[0.135s][trace][metaspace              ] Metaspace::allocate: type 13 return 0x0000000171004a68.
[0.135s][debug][class,resolve          ] java.io.FilterOutputStream java.io.OutputStream FilterOutputStream.java:69
[0.135s][debug][class,resolve          ] java.io.FilterOutputStream java.lang.Object FilterOutputStream.java:58
[0.135s][trace][metaspace              ] Arena @0x00006000016b2200 (non-class sm): requested 7 words.
[0.135s][trace][metaspace              ] Arena @0x00006000016b2200 (non-class sm): after allocation: 1 chunk(s), current:@0x00007f8f2d80b248, u, base 0x0000000171000000, level lv02 (524288), used: 2395, committed: 8192, committed-free: 5797
[0.135s][trace][metaspace              ] Arena @0x00006000016b2200 (non-class sm): returning 0x0000000171004aa0.
[0.135s][trace][metaspace              ] Metaspace::allocate: type 13 return 0x0000000171004aa0.
[0.135s][trace][metaspace              ] Arena @0x00006000016b2200 (non-class sm): requested 7 words.
[0.135s][trace][metaspace              ] Arena @0x00006000016b2200 (non-class sm): after allocation: 1 chunk(s), current:@0x00007f8f2d80b248, u, base 0x0000000171000000, level lv02 (524288), used: 2402, committed: 8192, committed-free: 5790
[0.135s][trace][metaspace              ] Arena @0x00006000016b2200 (non-class sm): returning 0x0000000171004ad8.
[0.135s][trace][metaspace              ] Metaspace::allocate: type 13 return 0x0000000171004ad8.
[0.135s][debug][class,resolve          ] java.io.PrintStream java.io.OutputStream PrintStream.java:177
[0.135s][trace][metaspace              ] Arena @0x00006000016b2200 (non-class sm): requested 7 words.
[0.135s][trace][metaspace              ] Arena @0x00006000016b2200 (non-class sm): after allocation: 1 chunk(s), current:@0x00007f8f2d80b248, u, base 0x0000000171000000, level lv02 (524288), used: 2409, committed: 8192, committed-free: 5783
[0.135s][trace][metaspace              ] Arena @0x00006000016b2200 (non-class sm): returning 0x0000000171004b10.
[0.135s][trace][metaspace              ] Metaspace::allocate: type 13 return 0x0000000171004b10.
[0.135s][debug][class,load,placeholders] find_and_add LOAD_INSTANCE 'java/nio/charset/Charset', loader loader data: 0x00006000032ac000 of 'bootstrap'
[0.135s][debug][class,load,placeholders] loadInstanceThreadQ threads:0x00007f8f4f008800, 
[0.135s][debug][class,load,placeholders] superThreadQ threads:
[0.135s][debug][class,load,placeholders] defineThreadQ threads:
[0.135s][trace][cds,unshareable        ] restore: java.nio.charset.Charset
[0.135s][trace][class,loader,data      ] Adding k: 0x00000001300f2610 java.nio.charset.Charset to loader data: 0x00006000032ac000 of 'bootstrap'
[0.135s][debug][cds,mirror             ] java.nio.charset.Charset has raw archived mirror
[0.135s][debug][cds,heap               ] Clearing root 270: was 0x00000007ffb07608
[0.135s][debug][cds,mirror             ] Archived mirror is: 0x00000007ffb07608
[0.135s][trace][cds,heap,mirror        ] Restored java.nio.charset.Charset archived mirror 0x00000007ffb07608
[0.135s][debug][cds,heap               ] Clearing root 271: was 0x00000007ffb07690
[0.135s][info ][class,load             ] java.nio.charset.Charset source: shared objects file
[0.135s][debug][class,load             ]  klass: 0x00000001300f2610 super: 0x0000000130000db8 interfaces: 0x00000001300098f8 loader: [loader data: 0x00006000032ac000 of 'bootstrap']
[0.136s][debug][class,load,placeholders] find_and_add DEFINE_CLASS 'java/nio/charset/Charset', loader loader data: 0x00006000032ac000 of 'bootstrap'
[0.136s][debug][class,load,placeholders] loadInstanceThreadQ threads:0x00007f8f4f008800, 
[0.136s][debug][class,load,placeholders] superThreadQ threads:
[0.136s][debug][class,load,placeholders] defineThreadQ threads:0x00007f8f4f008800, 
[0.136s][debug][class,load,placeholders] find_and_remove DEFINE_CLASS 'java/nio/charset/Charset', loader loader data: 0x00006000032ac000 of 'bootstrap', InstanceKlass 'java/nio/charset/Charset'
[0.136s][debug][class,load,placeholders] loadInstanceThreadQ threads:0x00007f8f4f008800, 
[0.136s][debug][class,load,placeholders] superThreadQ threads:
[0.136s][debug][class,load,placeholders] defineThreadQ threads:0x00007f8f4f008800, 
[0.136s][debug][class,load,placeholders] find_and_remove LOAD_INSTANCE 'java/nio/charset/Charset', loader loader data: 0x00006000032ac000 of 'bootstrap', InstanceKlass 'java/nio/charset/Charset'
[0.136s][debug][class,load,placeholders] loadInstanceThreadQ threads:0x00007f8f4f008800, 
[0.136s][debug][class,load,placeholders] superThreadQ threads:
[0.136s][debug][class,load,placeholders] defineThreadQ threads:
[0.136s][debug][class,resolve          ] java.io.PrintStream java.nio.charset.Charset PrintStream.java:99
[0.136s][info ][class,init             ] 109 Initializing 'java/nio/charset/Charset' (0x00000001300f2610)
[0.136s][trace][metaspace              ] Arena @0x00006000016b2200 (non-class sm): requested 7 words.
[0.136s][trace][metaspace              ] Arena @0x00006000016b2200 (non-class sm): after allocation: 1 chunk(s), current:@0x00007f8f2d80b248, u, base 0x0000000171000000, level lv02 (524288), used: 2416, committed: 8192, committed-free: 5776
[0.136s][trace][metaspace              ] Arena @0x00006000016b2200 (non-class sm): returning 0x0000000171004b48.
[0.136s][trace][metaspace              ] Metaspace::allocate: type 13 return 0x0000000171004b48.
[0.136s][debug][class,load,placeholders] find_and_add LOAD_INSTANCE 'sun/nio/cs/StandardCharsets', loader loader data: 0x00006000032ac000 of 'bootstrap'
[0.136s][debug][class,load,placeholders] loadInstanceThreadQ threads:0x00007f8f4f008800, 
[0.136s][debug][class,load,placeholders] superThreadQ threads:
[0.136s][debug][class,load,placeholders] defineThreadQ threads:
[0.136s][debug][class,load,placeholders] find_and_add LOAD_SUPER 'sun/nio/cs/StandardCharsets', loader loader data: 0x00006000032ac000 of 'bootstrap', supername 'java/nio/charset/spi/CharsetProvider'
[0.136s][debug][class,load,placeholders] loadInstanceThreadQ threads:0x00007f8f4f008800, 
[0.136s][debug][class,load,placeholders] superThreadQ threads:0x00007f8f4f008800, 
[0.136s][debug][class,load,placeholders] defineThreadQ threads:
[0.136s][debug][class,load,placeholders] find_and_add LOAD_INSTANCE 'java/nio/charset/spi/CharsetProvider', loader loader data: 0x00006000032ac000 of 'bootstrap'
[0.136s][debug][class,load,placeholders] loadInstanceThreadQ threads:0x00007f8f4f008800, 
[0.136s][debug][class,load,placeholders] superThreadQ threads:
[0.136s][debug][class,load,placeholders] defineThreadQ threads:
[0.136s][trace][cds,unshareable        ] restore: java.nio.charset.spi.CharsetProvider
[0.136s][trace][class,loader,data      ] Adding k: 0x0000000130098140 java.nio.charset.spi.CharsetProvider to loader data: 0x00006000032ac000 of 'bootstrap'
[0.136s][debug][cds,mirror             ] java.nio.charset.spi.CharsetProvider has raw archived mirror
[0.136s][debug][cds,heap               ] Clearing root 878: was 0x00000007ffb17d28
[0.136s][debug][cds,mirror             ] Archived mirror is: 0x00000007ffb17d28
[0.136s][trace][cds,heap,mirror        ] Restored java.nio.charset.spi.CharsetProvider archived mirror 0x00000007ffb17d28
[0.136s][debug][cds,heap               ] Clearing root 879: was 0x00000007ffb17d98
[0.136s][info ][class,load             ] java.nio.charset.spi.CharsetProvider source: shared objects file
[0.136s][debug][class,load             ]  klass: 0x0000000130098140 super: 0x0000000130000db8 loader: [loader data: 0x00006000032ac000 of 'bootstrap']
[0.136s][debug][class,load,placeholders] find_and_add DEFINE_CLASS 'java/nio/charset/spi/CharsetProvider', loader loader data: 0x00006000032ac000 of 'bootstrap'
[0.136s][debug][class,load,placeholders] loadInstanceThreadQ threads:0x00007f8f4f008800, 
[0.136s][debug][class,load,placeholders] superThreadQ threads:
[0.136s][debug][class,load,placeholders] defineThreadQ threads:0x00007f8f4f008800, 
[0.136s][debug][class,load,placeholders] find_and_remove DEFINE_CLASS 'java/nio/charset/spi/CharsetProvider', loader loader data: 0x00006000032ac000 of 'bootstrap', InstanceKlass 'java/nio/charset/spi/CharsetProvider'
[0.136s][debug][class,load,placeholders] loadInstanceThreadQ threads:0x00007f8f4f008800, 
[0.136s][debug][class,load,placeholders] superThreadQ threads:
[0.136s][debug][class,load,placeholders] defineThreadQ threads:0x00007f8f4f008800, 
[0.136s][debug][class,load,placeholders] find_and_remove LOAD_INSTANCE 'java/nio/charset/spi/CharsetProvider', loader loader data: 0x00006000032ac000 of 'bootstrap', InstanceKlass 'java/nio/charset/spi/CharsetProvider'
[0.136s][debug][class,load,placeholders] loadInstanceThreadQ threads:0x00007f8f4f008800, 
[0.136s][debug][class,load,placeholders] superThreadQ threads:
[0.136s][debug][class,load,placeholders] defineThreadQ threads:
[0.136s][debug][class,load,placeholders] find_and_remove LOAD_SUPER 'sun/nio/cs/StandardCharsets', loader loader data: 0x00006000032ac000 of 'bootstrap', supername 'java/nio/charset/spi/CharsetProvider'
[0.136s][debug][class,load,placeholders] loadInstanceThreadQ threads:0x00007f8f4f008800, 
[0.136s][debug][class,load,placeholders] superThreadQ threads:0x00007f8f4f008800, 
[0.136s][debug][class,load,placeholders] defineThreadQ threads:
[0.136s][trace][cds,unshareable        ] restore: sun.nio.cs.StandardCharsets
[0.136s][trace][class,loader,data      ] Adding k: 0x0000000130098388 sun.nio.cs.StandardCharsets to loader data: 0x00006000032ac000 of 'bootstrap'
[0.136s][debug][cds,mirror             ] sun.nio.cs.StandardCharsets has raw archived mirror
[0.136s][debug][cds,heap               ] Clearing root 882: was 0x00000007ffb17e58
[0.136s][debug][cds,mirror             ] Archived mirror is: 0x00000007ffb17e58
[0.136s][trace][cds,heap,mirror        ] Restored sun.nio.cs.StandardCharsets archived mirror 0x00000007ffb17e58
[0.136s][debug][cds,heap               ] Clearing root 883: was 0x00000007ffb17ed8
[0.136s][info ][class,load             ] sun.nio.cs.StandardCharsets source: shared objects file
[0.136s][debug][class,load             ]  klass: 0x0000000130098388 super: 0x0000000130098140 loader: [loader data: 0x00006000032ac000 of 'bootstrap']
[0.136s][debug][class,load,placeholders] find_and_add DEFINE_CLASS 'sun/nio/cs/StandardCharsets', loader loader data: 0x00006000032ac000 of 'bootstrap', supername 'java/nio/charset/spi/CharsetProvider'
[0.136s][debug][class,load,placeholders] loadInstanceThreadQ threads:0x00007f8f4f008800, 
[0.136s][debug][class,load,placeholders] superThreadQ threads:
[0.136s][debug][class,load,placeholders] defineThreadQ threads:0x00007f8f4f008800, 
[0.136s][debug][class,load,placeholders] find_and_remove DEFINE_CLASS 'sun/nio/cs/StandardCharsets', loader loader data: 0x00006000032ac000 of 'bootstrap', supername 'java/nio/charset/spi/CharsetProvider', InstanceKlass 'sun/nio/cs/StandardCharsets'
[0.136s][debug][class,load,placeholders] loadInstanceThreadQ threads:0x00007f8f4f008800, 
[0.136s][debug][class,load,placeholders] superThreadQ threads:
[0.136s][debug][class,load,placeholders] defineThreadQ threads:0x00007f8f4f008800, 
[0.136s][debug][class,load,placeholders] find_and_remove LOAD_INSTANCE 'sun/nio/cs/StandardCharsets', loader loader data: 0x00006000032ac000 of 'bootstrap', supername 'java/nio/charset/spi/CharsetProvider', InstanceKlass 'sun/nio/cs/StandardCharsets'
[0.136s][debug][class,load,placeholders] loadInstanceThreadQ threads:0x00007f8f4f008800, 
[0.136s][debug][class,load,placeholders] superThreadQ threads:
[0.136s][debug][class,load,placeholders] defineThreadQ threads:
[0.136s][debug][class,resolve          ] java.nio.charset.Charset sun.nio.cs.StandardCharsets Charset.java:310
[0.136s][info ][class,init             ] 110 Initializing 'java/nio/charset/spi/CharsetProvider'(no method) (0x0000000130098140)
[0.136s][info ][class,init             ] 111 Initializing 'sun/nio/cs/StandardCharsets' (0x0000000130098388)
[0.136s][trace][metaspace              ] Arena @0x00006000016b2200 (non-class sm): requested 7 words.
[0.136s][trace][metaspace              ] Arena @0x00006000016b2200 (non-class sm): after allocation: 1 chunk(s), current:@0x00007f8f2d80b248, u, base 0x0000000171000000, level lv02 (524288), used: 2423, committed: 8192, committed-free: 5769
[0.136s][trace][metaspace              ] Arena @0x00006000016b2200 (non-class sm): returning 0x0000000171004b80.
[0.136s][trace][metaspace              ] Metaspace::allocate: type 13 return 0x0000000171004b80.
[0.136s][trace][metaspace              ] Arena @0x00006000016b2200 (non-class sm): requested 7 words.
[0.136s][trace][metaspace              ] Arena @0x00006000016b2200 (non-class sm): after allocation: 1 chunk(s), current:@0x00007f8f2d80b248, u, base 0x0000000171000000, level lv02 (524288), used: 2430, committed: 8192, committed-free: 5762
[0.136s][trace][metaspace              ] Arena @0x00006000016b2200 (non-class sm): returning 0x0000000171004bb8.
[0.136s][trace][metaspace              ] Metaspace::allocate: type 13 return 0x0000000171004bb8.
[0.136s][debug][class,resolve          ] sun.nio.cs.StandardCharsets java.nio.charset.spi.CharsetProvider StandardCharsets.java:846
[0.136s][trace][metaspace              ] Arena @0x00006000016b2200 (non-class sm): requested 7 words.
[0.137s][trace][metaspace              ] Arena @0x00006000016b2200 (non-class sm): after allocation: 1 chunk(s), current:@0x00007f8f2d80b248, u, base 0x0000000171000000, level lv02 (524288), used: 2437, committed: 8192, committed-free: 5755
[0.137s][trace][metaspace              ] Arena @0x00006000016b2200 (non-class sm): returning 0x0000000171004bf0.
[0.137s][trace][metaspace              ] Metaspace::allocate: type 13 return 0x0000000171004bf0.
[0.137s][trace][metaspace              ] Arena @0x00006000016b2200 (non-class sm): requested 7 words.
[0.137s][trace][metaspace              ] Arena @0x00006000016b2200 (non-class sm): after allocation: 1 chunk(s), current:@0x00007f8f2d80b248, u, base 0x0000000171000000, level lv02 (524288), used: 2444, committed: 8192, committed-free: 5748
[0.137s][trace][metaspace              ] Arena @0x00006000016b2200 (non-class sm): returning 0x0000000171004c28.
[0.137s][trace][metaspace              ] Metaspace::allocate: type 13 return 0x0000000171004c28.
[0.137s][debug][class,resolve          ] java.nio.charset.spi.CharsetProvider java.lang.System CharsetProvider.java:75
[0.137s][trace][metaspace              ] Arena @0x00006000016b2200 (non-class sm): requested 7 words.
[0.137s][trace][metaspace              ] Arena @0x00006000016b2200 (non-class sm): after allocation: 1 chunk(s), current:@0x00007f8f2d80b248, u, base 0x0000000171000000, level lv02 (524288), used: 2451, committed: 8192, committed-free: 5741
[0.137s][trace][metaspace              ] Arena @0x00006000016b2200 (non-class sm): returning 0x0000000171004c60.
[0.137s][trace][metaspace              ] Metaspace::allocate: type 13 return 0x0000000171004c60.
[0.137s][debug][class,resolve          ] java.nio.charset.spi.CharsetProvider java.lang.Object CharsetProvider.java:80
[0.137s][debug][class,resolve          ] java.nio.charset.Charset java.lang.String Charset.java:313
[0.137s][debug][class,load,placeholders] find_and_add LOAD_INSTANCE 'java/lang/ThreadLocal', loader loader data: 0x00006000032ac000 of 'bootstrap'
[0.137s][debug][class,load,placeholders] loadInstanceThreadQ threads:0x00007f8f4f008800, 
[0.137s][debug][class,load,placeholders] superThreadQ threads:
[0.137s][debug][class,load,placeholders] defineThreadQ threads:
[0.137s][trace][cds,unshareable        ] restore: java.lang.ThreadLocal
[0.137s][trace][class,loader,data      ] Adding k: 0x0000000130097c48 java.lang.ThreadLocal to loader data: 0x00006000032ac000 of 'bootstrap'
[0.137s][debug][cds,mirror             ] java.lang.ThreadLocal has raw archived mirror
[0.137s][debug][cds,heap               ] Clearing root 481: was 0x00000007ffb0d4e0
[0.137s][debug][cds,mirror             ] Archived mirror is: 0x00000007ffb0d4e0
[0.137s][trace][cds,heap,mirror        ] Restored java.lang.ThreadLocal archived mirror 0x00000007ffb0d4e0
[0.137s][info ][class,load             ] java.lang.ThreadLocal source: shared objects file
[0.137s][debug][class,load             ]  klass: 0x0000000130097c48 super: 0x0000000130000db8 loader: [loader data: 0x00006000032ac000 of 'bootstrap']
[0.137s][debug][class,load,placeholders] find_and_add DEFINE_CLASS 'java/lang/ThreadLocal', loader loader data: 0x00006000032ac000 of 'bootstrap'
[0.137s][debug][class,load,placeholders] loadInstanceThreadQ threads:0x00007f8f4f008800, 
[0.137s][debug][class,load,placeholders] superThreadQ threads:
[0.137s][debug][class,load,placeholders] defineThreadQ threads:0x00007f8f4f008800, 
[0.137s][debug][class,load,placeholders] find_and_remove DEFINE_CLASS 'java/lang/ThreadLocal', loader loader data: 0x00006000032ac000 of 'bootstrap', InstanceKlass 'java/lang/ThreadLocal'
[0.137s][debug][class,load,placeholders] loadInstanceThreadQ threads:0x00007f8f4f008800, 
[0.137s][debug][class,load,placeholders] superThreadQ threads:
[0.137s][debug][class,load,placeholders] defineThreadQ threads:0x00007f8f4f008800, 
[0.137s][debug][class,load,placeholders] find_and_remove LOAD_INSTANCE 'java/lang/ThreadLocal', loader loader data: 0x00006000032ac000 of 'bootstrap', InstanceKlass 'java/lang/ThreadLocal'
[0.137s][debug][class,load,placeholders] loadInstanceThreadQ threads:0x00007f8f4f008800, 
[0.137s][debug][class,load,placeholders] superThreadQ threads:
[0.137s][debug][class,load,placeholders] defineThreadQ threads:
[0.137s][debug][class,resolve          ] java.nio.charset.Charset java.lang.ThreadLocal Charset.java:375
[0.137s][info ][class,init             ] 112 Initializing 'java/lang/ThreadLocal' (0x0000000130097c48)
[0.137s][trace][metaspace              ] Arena @0x00006000016b2200 (non-class sm): requested 7 words.
[0.137s][trace][metaspace              ] Arena @0x00006000016b2200 (non-class sm): after allocation: 1 chunk(s), current:@0x00007f8f2d80b248, u, base 0x0000000171000000, level lv02 (524288), used: 2458, committed: 8192, committed-free: 5734
[0.137s][trace][metaspace              ] Arena @0x00006000016b2200 (non-class sm): returning 0x0000000171004c98.
[0.137s][trace][metaspace              ] Metaspace::allocate: type 13 return 0x0000000171004c98.
[0.137s][debug][class,load,placeholders] find_and_add LOAD_INSTANCE 'java/util/concurrent/atomic/AtomicInteger', loader loader data: 0x00006000032ac000 of 'bootstrap'
[0.137s][debug][class,load,placeholders] loadInstanceThreadQ threads:0x00007f8f4f008800, 
[0.137s][debug][class,load,placeholders] superThreadQ threads:
[0.137s][debug][class,load,placeholders] defineThreadQ threads:
[0.137s][trace][cds,unshareable        ] restore: java.util.concurrent.atomic.AtomicInteger
[0.137s][trace][class,loader,data      ] Adding k: 0x00000001300979e0 java.util.concurrent.atomic.AtomicInteger to loader data: 0x00006000032ac000 of 'bootstrap'
[0.137s][debug][cds,mirror             ] java.util.concurrent.atomic.AtomicInteger has raw archived mirror
[0.137s][debug][cds,heap               ] Clearing root 622: was 0x00000007ffb115d8
[0.137s][debug][cds,mirror             ] Archived mirror is: 0x00000007ffb115d8
[0.137s][trace][cds,heap,mirror        ] Restored java.util.concurrent.atomic.AtomicInteger archived mirror 0x00000007ffb115d8
[0.137s][debug][cds,heap               ] Clearing root 623: was 0x00000007ffb11660
[0.137s][info ][class,load             ] java.util.concurrent.atomic.AtomicInteger source: shared objects file
[0.137s][debug][class,load             ]  klass: 0x00000001300979e0 super: 0x0000000130034240 interfaces: 0x00000001300037c0 loader: [loader data: 0x00006000032ac000 of 'bootstrap']
[0.137s][debug][class,load,placeholders] find_and_add DEFINE_CLASS 'java/util/concurrent/atomic/AtomicInteger', loader loader data: 0x00006000032ac000 of 'bootstrap'
[0.137s][debug][class,load,placeholders] loadInstanceThreadQ threads:0x00007f8f4f008800, 
[0.137s][debug][class,load,placeholders] superThreadQ threads:
[0.137s][debug][class,load,placeholders] defineThreadQ threads:0x00007f8f4f008800, 
[0.137s][debug][class,load,placeholders] find_and_remove DEFINE_CLASS 'java/util/concurrent/atomic/AtomicInteger', loader loader data: 0x00006000032ac000 of 'bootstrap', InstanceKlass 'java/util/concurrent/atomic/AtomicInteger'
[0.137s][debug][class,load,placeholders] loadInstanceThreadQ threads:0x00007f8f4f008800, 
[0.137s][debug][class,load,placeholders] superThreadQ threads:
[0.137s][debug][class,load,placeholders] defineThreadQ threads:0x00007f8f4f008800, 
[0.137s][debug][class,load,placeholders] find_and_remove LOAD_INSTANCE 'java/util/concurrent/atomic/AtomicInteger', loader loader data: 0x00006000032ac000 of 'bootstrap', InstanceKlass 'java/util/concurrent/atomic/AtomicInteger'
[0.137s][debug][class,load,placeholders] loadInstanceThreadQ threads:0x00007f8f4f008800, 
[0.137s][debug][class,load,placeholders] superThreadQ threads:
[0.137s][debug][class,load,placeholders] defineThreadQ threads:
[0.137s][debug][class,resolve          ] java.lang.ThreadLocal java.util.concurrent.atomic.AtomicInteger ThreadLocal.java:93
[0.137s][info ][class,init             ] 113 Initializing 'java/util/concurrent/atomic/AtomicInteger' (0x00000001300979e0)
[0.137s][trace][metaspace              ] Arena @0x00006000016b2200 (non-class sm): requested 7 words.
[0.137s][trace][metaspace              ] Arena @0x00006000016b2200 (non-class sm): after allocation: 1 chunk(s), current:@0x00007f8f2d80b248, u, base 0x0000000171000000, level lv02 (524288), used: 2465, committed: 8192, committed-free: 5727
[0.137s][trace][metaspace              ] Arena @0x00006000016b2200 (non-class sm): returning 0x0000000171004cd0.
[0.137s][trace][metaspace              ] Metaspace::allocate: type 13 return 0x0000000171004cd0.
[0.137s][debug][class,resolve          ] java.util.concurrent.atomic.AtomicInteger jdk.internal.misc.Unsafe AtomicInteger.java:62
[0.137s][trace][metaspace              ] Arena @0x00006000016b2200 (non-class sm): requested 7 words.
[0.137s][trace][metaspace              ] Arena @0x00006000016b2200 (non-class sm): after allocation: 1 chunk(s), current:@0x00007f8f2d80b248, u, base 0x0000000171000000, level lv02 (524288), used: 2472, committed: 8192, committed-free: 5720
[0.137s][trace][metaspace              ] Arena @0x00006000016b2200 (non-class sm): returning 0x0000000171004d08.
[0.137s][trace][metaspace              ] Metaspace::allocate: type 13 return 0x0000000171004d08.
[0.137s][debug][class,resolve          ] java.util.concurrent.atomic.AtomicInteger java.lang.Number AtomicInteger.java:80
[0.137s][trace][metaspace              ] Arena @0x00006000016b2200 (non-class sm): requested 7 words.
[0.137s][trace][metaspace              ] Arena @0x00006000016b2200 (non-class sm): after allocation: 1 chunk(s), current:@0x00007f8f2d80b248, u, base 0x0000000171000000, level lv02 (524288), used: 2479, committed: 8192, committed-free: 5713
[0.137s][trace][metaspace              ] Arena @0x00006000016b2200 (non-class sm): returning 0x0000000171004d40.
[0.137s][trace][metaspace              ] Metaspace::allocate: type 13 return 0x0000000171004d40.
[0.137s][debug][class,resolve          ] java.lang.Number java.lang.Object Number.java:59
[0.137s][trace][metaspace              ] Arena @0x00006000016b2200 (non-class sm): requested 7 words.
[0.137s][trace][metaspace              ] Arena @0x00006000016b2200 (non-class sm): after allocation: 1 chunk(s), current:@0x00007f8f2d80b248, u, base 0x0000000171000000, level lv02 (524288), used: 2486, committed: 8192, committed-free: 5706
[0.137s][trace][metaspace              ] Arena @0x00006000016b2200 (non-class sm): returning 0x0000000171004d78.
[0.137s][trace][metaspace              ] Metaspace::allocate: type 13 return 0x0000000171004d78.
[0.137s][debug][class,resolve          ] java.lang.ThreadLocal java.lang.Object ThreadLocal.java:150
[0.137s][trace][metaspace              ] Arena @0x00006000016b2200 (non-class sm): requested 7 words.
[0.138s][trace][metaspace              ] Arena @0x00006000016b2200 (non-class sm): after allocation: 1 chunk(s), current:@0x00007f8f2d80b248, u, base 0x0000000171000000, level lv02 (524288), used: 2493, committed: 8192, committed-free: 5699
[0.138s][trace][metaspace              ] Arena @0x00006000016b2200 (non-class sm): returning 0x0000000171004db0.
[0.138s][trace][metaspace              ] Metaspace::allocate: type 13 return 0x0000000171004db0.
[0.138s][trace][metaspace              ] Arena @0x00006000016b2200 (non-class sm): requested 7 words.
[0.138s][trace][metaspace              ] Arena @0x00006000016b2200 (non-class sm): after allocation: 1 chunk(s), current:@0x00007f8f2d80b248, u, base 0x0000000171000000, level lv02 (524288), used: 2500, committed: 8192, committed-free: 5692
[0.138s][trace][metaspace              ] Arena @0x00006000016b2200 (non-class sm): returning 0x0000000171004de8.
[0.138s][trace][metaspace              ] Metaspace::allocate: type 13 return 0x0000000171004de8.
[0.138s][trace][metaspace              ] Arena @0x00006000016b2200 (non-class sm): requested 7 words.
[0.138s][trace][metaspace              ] Arena @0x00006000016b2200 (non-class sm): after allocation: 1 chunk(s), current:@0x00007f8f2d80b248, u, base 0x0000000171000000, level lv02 (524288), used: 2507, committed: 8192, committed-free: 5685
[0.138s][trace][metaspace              ] Arena @0x00006000016b2200 (non-class sm): returning 0x0000000171004e20.
[0.138s][trace][metaspace              ] Metaspace::allocate: type 13 return 0x0000000171004e20.
[0.138s][trace][metaspace              ] Arena @0x00006000016b2200 (non-class sm): requested 7 words.
[0.138s][trace][metaspace              ] Arena @0x00006000016b2200 (non-class sm): after allocation: 1 chunk(s), current:@0x00007f8f2d80b248, u, base 0x0000000171000000, level lv02 (524288), used: 2514, committed: 8192, committed-free: 5678
[0.138s][trace][metaspace              ] Arena @0x00006000016b2200 (non-class sm): returning 0x0000000171004e58.
[0.138s][trace][metaspace              ] Metaspace::allocate: type 13 return 0x0000000171004e58.
[0.138s][trace][metaspace              ] Arena @0x00006000016b2200 (non-class sm): requested 7 words.
[0.138s][trace][metaspace              ] Arena @0x00006000016b2200 (non-class sm): after allocation: 1 chunk(s), current:@0x00007f8f2d80b248, u, base 0x0000000171000000, level lv02 (524288), used: 2521, committed: 8192, committed-free: 5671
[0.138s][trace][metaspace              ] Arena @0x00006000016b2200 (non-class sm): returning 0x0000000171004e90.
[0.138s][trace][metaspace              ] Metaspace::allocate: type 13 return 0x0000000171004e90.
[0.138s][trace][metaspace              ] Arena @0x00006000016b2200 (non-class sm): requested 7 words.
[0.138s][trace][metaspace              ] Arena @0x00006000016b2200 (non-class sm): after allocation: 1 chunk(s), current:@0x00007f8f2d80b248, u, base 0x0000000171000000, level lv02 (524288), used: 2528, committed: 8192, committed-free: 5664
[0.138s][trace][metaspace              ] Arena @0x00006000016b2200 (non-class sm): returning 0x0000000171004ec8.
[0.138s][trace][metaspace              ] Metaspace::allocate: type 13 return 0x0000000171004ec8.
[0.138s][trace][metaspace              ] Arena @0x00006000016b2200 (non-class sm): requested 7 words.
[0.138s][trace][metaspace              ] Arena @0x00006000016b2200 (non-class sm): after allocation: 1 chunk(s), current:@0x00007f8f2d80b248, u, base 0x0000000171000000, level lv02 (524288), used: 2535, committed: 8192, committed-free: 5657
[0.138s][trace][metaspace              ] Arena @0x00006000016b2200 (non-class sm): returning 0x0000000171004f00.
[0.138s][trace][metaspace              ] Metaspace::allocate: type 13 return 0x0000000171004f00.
[0.138s][trace][metaspace              ] Arena @0x00006000016b2200 (non-class sm): requested 7 words.
[0.138s][trace][metaspace              ] Arena @0x00006000016b2200 (non-class sm): after allocation: 1 chunk(s), current:@0x00007f8f2d80b248, u, base 0x0000000171000000, level lv02 (524288), used: 2542, committed: 8192, committed-free: 5650
[0.138s][trace][metaspace              ] Arena @0x00006000016b2200 (non-class sm): returning 0x0000000171004f38.
[0.138s][trace][metaspace              ] Metaspace::allocate: type 13 return 0x0000000171004f38.
[0.138s][debug][class,resolve          ] java.nio.charset.Charset java.nio.charset.spi.CharsetProvider Charset.java:472
[0.138s][trace][metaspace              ] Arena @0x00006000016b2200 (non-class sm): requested 7 words.
[0.138s][trace][metaspace              ] Arena @0x00006000016b2200 (non-class sm): after allocation: 1 chunk(s), current:@0x00007f8f2d80b248, u, base 0x0000000171000000, level lv02 (524288), used: 2549, committed: 8192, committed-free: 5643
[0.138s][trace][metaspace              ] Arena @0x00006000016b2200 (non-class sm): returning 0x0000000171004f70.
[0.138s][trace][metaspace              ] Metaspace::allocate: type 13 return 0x0000000171004f70.
[0.138s][trace][metaspace              ] Arena @0x00006000016b2200 (non-class sm): requested 7 words.
[0.138s][trace][metaspace              ] Arena @0x00006000016b2200 (non-class sm): after allocation: 1 chunk(s), current:@0x00007f8f2d80b248, u, base 0x0000000171000000, level lv02 (524288), used: 2556, committed: 8192, committed-free: 5636
[0.138s][trace][metaspace              ] Arena @0x00006000016b2200 (non-class sm): returning 0x0000000171004fa8.
[0.138s][trace][metaspace              ] Metaspace::allocate: type 13 return 0x0000000171004fa8.
[0.138s][debug][class,resolve          ] sun.nio.cs.StandardCharsets java.lang.String StandardCharsets.java:923
[0.138s][debug][class,load,placeholders] find_and_add LOAD_INSTANCE 'sun/nio/cs/UTF_8', loader loader data: 0x00006000032ac000 of 'bootstrap'
[0.138s][debug][class,load,placeholders] loadInstanceThreadQ threads:0x00007f8f4f008800, 
[0.138s][debug][class,load,placeholders] superThreadQ threads:
[0.138s][debug][class,load,placeholders] defineThreadQ threads:
[0.138s][debug][class,load,placeholders] find_and_add LOAD_SUPER 'sun/nio/cs/UTF_8', loader loader data: 0x00006000032ac000 of 'bootstrap', supername 'sun/nio/cs/Unicode'
[0.138s][debug][class,load,placeholders] loadInstanceThreadQ threads:0x00007f8f4f008800, 
[0.138s][debug][class,load,placeholders] superThreadQ threads:0x00007f8f4f008800, 
[0.138s][debug][class,load,placeholders] defineThreadQ threads:
[0.138s][debug][class,load,placeholders] find_and_add LOAD_INSTANCE 'sun/nio/cs/Unicode', loader loader data: 0x00006000032ac000 of 'bootstrap'
[0.138s][debug][class,load,placeholders] loadInstanceThreadQ threads:0x00007f8f4f008800, 
[0.138s][debug][class,load,placeholders] superThreadQ threads:
[0.138s][debug][class,load,placeholders] defineThreadQ threads:
[0.138s][debug][class,load,placeholders] find_and_add LOAD_SUPER 'sun/nio/cs/Unicode', loader loader data: 0x00006000032ac000 of 'bootstrap', supername 'sun/nio/cs/HistoricallyNamedCharset'
[0.138s][debug][class,load,placeholders] loadInstanceThreadQ threads:0x00007f8f4f008800, 
[0.138s][debug][class,load,placeholders] superThreadQ threads:0x00007f8f4f008800, 
[0.138s][debug][class,load,placeholders] defineThreadQ threads:
[0.138s][debug][class,load,placeholders] find_and_add LOAD_INSTANCE 'sun/nio/cs/HistoricallyNamedCharset', loader loader data: 0x00006000032ac000 of 'bootstrap'
[0.138s][debug][class,load,placeholders] loadInstanceThreadQ threads:0x00007f8f4f008800, 
[0.138s][debug][class,load,placeholders] superThreadQ threads:
[0.138s][debug][class,load,placeholders] defineThreadQ threads:
[0.138s][trace][cds,unshareable        ] restore: sun.nio.cs.HistoricallyNamedCharset
[0.138s][trace][class,loader,data      ] Adding k: 0x00000001300acde0 sun.nio.cs.HistoricallyNamedCharset to loader data: 0x00006000032ac000 of 'bootstrap'
[0.138s][debug][cds,mirror             ] sun.nio.cs.HistoricallyNamedCharset has raw archived mirror
[0.138s][debug][cds,heap               ] Clearing root 888: was 0x00000007ffb184b0
[0.138s][debug][cds,mirror             ] Archived mirror is: 0x00000007ffb184b0
[0.138s][trace][cds,heap,mirror        ] Restored sun.nio.cs.HistoricallyNamedCharset archived mirror 0x00000007ffb184b0
[0.138s][info ][class,load             ] sun.nio.cs.HistoricallyNamedCharset source: shared objects file
[0.138s][debug][class,load             ]  klass: 0x00000001300acde0 super: 0x0000000130000db8 loader: [loader data: 0x00006000032ac000 of 'bootstrap']
[0.138s][debug][class,load,placeholders] find_and_add DEFINE_CLASS 'sun/nio/cs/HistoricallyNamedCharset', loader loader data: 0x00006000032ac000 of 'bootstrap'
[0.138s][debug][class,load,placeholders] loadInstanceThreadQ threads:0x00007f8f4f008800, 
[0.138s][debug][class,load,placeholders] superThreadQ threads:
[0.138s][debug][class,load,placeholders] defineThreadQ threads:0x00007f8f4f008800, 
[0.138s][debug][class,load,placeholders] find_and_remove DEFINE_CLASS 'sun/nio/cs/HistoricallyNamedCharset', loader loader data: 0x00006000032ac000 of 'bootstrap', InstanceKlass 'sun/nio/cs/HistoricallyNamedCharset'
[0.138s][debug][class,load,placeholders] loadInstanceThreadQ threads:0x00007f8f4f008800, 
[0.138s][debug][class,load,placeholders] superThreadQ threads:
[0.138s][debug][class,load,placeholders] defineThreadQ threads:0x00007f8f4f008800, 
[0.138s][debug][class,load,placeholders] find_and_remove LOAD_INSTANCE 'sun/nio/cs/HistoricallyNamedCharset', loader loader data: 0x00006000032ac000 of 'bootstrap', InstanceKlass 'sun/nio/cs/HistoricallyNamedCharset'
[0.138s][debug][class,load,placeholders] loadInstanceThreadQ threads:0x00007f8f4f008800, 
[0.138s][debug][class,load,placeholders] superThreadQ threads:
[0.138s][debug][class,load,placeholders] defineThreadQ threads:
[0.138s][debug][class,load,placeholders] find_and_remove LOAD_SUPER 'sun/nio/cs/Unicode', loader loader data: 0x00006000032ac000 of 'bootstrap', supername 'sun/nio/cs/HistoricallyNamedCharset'
[0.138s][debug][class,load,placeholders] loadInstanceThreadQ threads:0x00007f8f4f008800, 
[0.138s][debug][class,load,placeholders] superThreadQ threads:0x00007f8f4f008800, 
[0.138s][debug][class,load,placeholders] defineThreadQ threads:
[0.138s][trace][cds,unshareable        ] restore: sun.nio.cs.Unicode
[0.138s][trace][class,loader,data      ] Adding k: 0x0000000130201100 sun.nio.cs.Unicode to loader data: 0x00006000032ac000 of 'bootstrap'
[0.138s][debug][cds,mirror             ] sun.nio.cs.Unicode has raw archived mirror
[0.138s][debug][cds,heap               ] Clearing root 885: was 0x00000007ffb18310
[0.138s][debug][cds,mirror             ] Archived mirror is: 0x00000007ffb18310
[0.138s][trace][cds,heap,mirror        ] Restored sun.nio.cs.Unicode archived mirror 0x00000007ffb18310
[0.138s][debug][cds,heap               ] Clearing root 886: was 0x00000007ffb18380
[0.138s][info ][class,load             ] sun.nio.cs.Unicode source: shared objects file
[0.138s][debug][class,load             ]  klass: 0x0000000130201100 super: 0x00000001300f2610 interfaces: 0x00000001300acde0 loader: [loader data: 0x00006000032ac000 of 'bootstrap']
[0.139s][debug][class,load,placeholders] find_and_add DEFINE_CLASS 'sun/nio/cs/Unicode', loader loader data: 0x00006000032ac000 of 'bootstrap', supername 'sun/nio/cs/HistoricallyNamedCharset'
[0.139s][debug][class,load,placeholders] loadInstanceThreadQ threads:0x00007f8f4f008800, 
[0.139s][debug][class,load,placeholders] superThreadQ threads:
[0.139s][debug][class,load,placeholders] defineThreadQ threads:0x00007f8f4f008800, 
[0.139s][debug][class,load,placeholders] find_and_remove DEFINE_CLASS 'sun/nio/cs/Unicode', loader loader data: 0x00006000032ac000 of 'bootstrap', supername 'sun/nio/cs/HistoricallyNamedCharset', InstanceKlass 'sun/nio/cs/Unicode'
[0.139s][debug][class,load,placeholders] loadInstanceThreadQ threads:0x00007f8f4f008800, 
[0.139s][debug][class,load,placeholders] superThreadQ threads:
[0.139s][debug][class,load,placeholders] defineThreadQ threads:0x00007f8f4f008800, 
[0.139s][debug][class,load,placeholders] find_and_remove LOAD_INSTANCE 'sun/nio/cs/Unicode', loader loader data: 0x00006000032ac000 of 'bootstrap', supername 'sun/nio/cs/HistoricallyNamedCharset', InstanceKlass 'sun/nio/cs/Unicode'
[0.139s][debug][class,load,placeholders] loadInstanceThreadQ threads:0x00007f8f4f008800, 
[0.139s][debug][class,load,placeholders] superThreadQ threads:
[0.139s][debug][class,load,placeholders] defineThreadQ threads:
[0.139s][debug][class,load,placeholders] find_and_remove LOAD_SUPER 'sun/nio/cs/UTF_8', loader loader data: 0x00006000032ac000 of 'bootstrap', supername 'sun/nio/cs/Unicode'
[0.139s][debug][class,load,placeholders] loadInstanceThreadQ threads:0x00007f8f4f008800, 
[0.139s][debug][class,load,placeholders] superThreadQ threads:0x00007f8f4f008800, 
[0.139s][debug][class,load,placeholders] defineThreadQ threads:
[0.139s][trace][cds,unshareable        ] restore: sun.nio.cs.UTF_8
[0.139s][trace][class,loader,data      ] Adding k: 0x00000001300adc28 sun.nio.cs.UTF_8 to loader data: 0x00006000032ac000 of 'bootstrap'
[0.139s][debug][cds,mirror             ] sun.nio.cs.UTF_8 has raw archived mirror
[0.139s][debug][cds,heap               ] Clearing root 266: was 0x00000007ffb074e8
[0.139s][debug][cds,mirror             ] Archived mirror is: 0x00000007ffb074e8
[0.139s][trace][cds,heap,mirror        ] Restored sun.nio.cs.UTF_8 archived mirror 0x00000007ffb074e8
[0.139s][debug][cds,heap               ] Clearing root 267: was 0x00000007ffb07560
[0.139s][info ][class,load             ] sun.nio.cs.UTF_8 source: shared objects file
[0.139s][debug][class,load             ]  klass: 0x00000001300adc28 super: 0x0000000130201100 loader: [loader data: 0x00006000032ac000 of 'bootstrap']
[0.139s][debug][class,load,placeholders] find_and_add DEFINE_CLASS 'sun/nio/cs/UTF_8', loader loader data: 0x00006000032ac000 of 'bootstrap', supername 'sun/nio/cs/Unicode'
[0.139s][debug][class,load,placeholders] loadInstanceThreadQ threads:0x00007f8f4f008800, 
[0.139s][debug][class,load,placeholders] superThreadQ threads:
[0.139s][debug][class,load,placeholders] defineThreadQ threads:0x00007f8f4f008800, 
[0.139s][debug][class,load,placeholders] find_and_remove DEFINE_CLASS 'sun/nio/cs/UTF_8', loader loader data: 0x00006000032ac000 of 'bootstrap', supername 'sun/nio/cs/Unicode', InstanceKlass 'sun/nio/cs/UTF_8'
[0.139s][debug][class,load,placeholders] loadInstanceThreadQ threads:0x00007f8f4f008800, 
[0.139s][debug][class,load,placeholders] superThreadQ threads:
[0.139s][debug][class,load,placeholders] defineThreadQ threads:0x00007f8f4f008800, 
[0.139s][debug][class,load,placeholders] find_and_remove LOAD_INSTANCE 'sun/nio/cs/UTF_8', loader loader data: 0x00006000032ac000 of 'bootstrap', supername 'sun/nio/cs/Unicode', InstanceKlass 'sun/nio/cs/UTF_8'
[0.139s][debug][class,load,placeholders] loadInstanceThreadQ threads:0x00007f8f4f008800, 
[0.139s][debug][class,load,placeholders] superThreadQ threads:
[0.139s][debug][class,load,placeholders] defineThreadQ threads:
[0.139s][debug][class,resolve          ] sun.nio.cs.StandardCharsets sun.nio.cs.UTF_8 StandardCharsets.java:924
[0.139s][info ][class,init             ] 114 Initializing 'sun/nio/cs/Unicode'(no method) (0x0000000130201100)
[0.139s][info ][class,init             ] 115 Initializing 'sun/nio/cs/UTF_8' (0x00000001300adc28)
[0.139s][trace][metaspace              ] Arena @0x00006000016b2200 (non-class sm): requested 7 words.
[0.139s][trace][metaspace              ] Arena @0x00006000016b2200 (non-class sm): after allocation: 1 chunk(s), current:@0x00007f8f2d80b248, u, base 0x0000000171000000, level lv02 (524288), used: 2563, committed: 8192, committed-free: 5629
[0.139s][trace][metaspace              ] Arena @0x00006000016b2200 (non-class sm): returning 0x0000000171004fe0.
[0.139s][trace][metaspace              ] Metaspace::allocate: type 13 return 0x0000000171004fe0.
[0.139s][trace][metaspace              ] Arena @0x00006000016b2200 (non-class sm): requested 7 words.
[0.139s][trace][metaspace              ] Arena @0x00006000016b2200 (non-class sm): after allocation: 1 chunk(s), current:@0x00007f8f2d80b248, u, base 0x0000000171000000, level lv02 (524288), used: 2570, committed: 8192, committed-free: 5622
[0.139s][trace][metaspace              ] Arena @0x00006000016b2200 (non-class sm): returning 0x0000000171005018.
[0.139s][trace][metaspace              ] Metaspace::allocate: type 13 return 0x0000000171005018.
[0.139s][debug][class,resolve          ] sun.nio.cs.UTF_8 sun.nio.cs.StandardCharsets UTF_8.java:65
[0.139s][trace][metaspace              ] Arena @0x00006000016b2200 (non-class sm): requested 7 words.
[0.139s][trace][metaspace              ] Arena @0x00006000016b2200 (non-class sm): after allocation: 1 chunk(s), current:@0x00007f8f2d80b248, u, base 0x0000000171000000, level lv02 (524288), used: 2577, committed: 8192, committed-free: 5615
[0.139s][trace][metaspace              ] Arena @0x00006000016b2200 (non-class sm): returning 0x0000000171005050.
[0.139s][trace][metaspace              ] Metaspace::allocate: type 13 return 0x0000000171005050.
[0.139s][debug][class,resolve          ] sun.nio.cs.UTF_8 sun.nio.cs.Unicode UTF_8.java:65
[0.139s][trace][metaspace              ] Arena @0x00006000016b2200 (non-class sm): requested 7 words.
[0.139s][trace][metaspace              ] Arena @0x00006000016b2200 (non-class sm): after allocation: 1 chunk(s), current:@0x00007f8f2d80b248, u, base 0x0000000171000000, level lv02 (524288), used: 2584, committed: 8192, committed-free: 5608
[0.139s][trace][metaspace              ] Arena @0x00006000016b2200 (non-class sm): returning 0x0000000171005088.
[0.139s][trace][metaspace              ] Metaspace::allocate: type 13 return 0x0000000171005088.
[0.139s][debug][class,resolve          ] sun.nio.cs.Unicode java.nio.charset.Charset Unicode.java:34
[0.139s][trace][metaspace              ] Arena @0x00006000016b2200 (non-class sm): requested 7 words.
[0.139s][trace][metaspace              ] Arena @0x00006000016b2200 (non-class sm): after allocation: 1 chunk(s), current:@0x00007f8f2d80b248, u, base 0x0000000171000000, level lv02 (524288), used: 2591, committed: 8192, committed-free: 5601
[0.139s][trace][metaspace              ] Arena @0x00006000016b2200 (non-class sm): returning 0x00000001710050c0.
[0.139s][trace][metaspace              ] Metaspace::allocate: type 13 return 0x00000001710050c0.
[0.139s][debug][class,resolve          ] java.nio.charset.Charset java.lang.Object Charset.java:638
[0.139s][debug][class,resolve          ] java.nio.charset.Charset java.util.Objects Charset.java:639
[0.139s][trace][metaspace              ] Arena @0x00006000016b2200 (non-class sm): requested 7 words.
[0.139s][trace][metaspace              ] Arena @0x00006000016b2200 (non-class sm): after allocation: 1 chunk(s), current:@0x00007f8f2d80b248, u, base 0x0000000171000000, level lv02 (524288), used: 2598, committed: 8192, committed-free: 5594
[0.139s][trace][metaspace              ] Arena @0x00006000016b2200 (non-class sm): returning 0x00000001710050f8.
[0.139s][trace][metaspace              ] Metaspace::allocate: type 13 return 0x00000001710050f8.
[0.139s][debug][class,resolve          ] java.nio.charset.Charset [Ljava.lang.String; Charset.java:639
[0.139s][debug][class,resolve          ] sun.nio.cs.UTF_8 jdk.internal.access.SharedSecrets UTF_8.java:86
[0.139s][trace][metaspace              ] Arena @0x00006000016b2200 (non-class sm): requested 7 words.
[0.139s][trace][metaspace              ] Arena @0x00006000016b2200 (non-class sm): after allocation: 1 chunk(s), current:@0x00007f8f2d80b248, u, base 0x0000000171000000, level lv02 (524288), used: 2605, committed: 8192, committed-free: 5587
[0.139s][trace][metaspace              ] Arena @0x00006000016b2200 (non-class sm): returning 0x0000000171005130.
[0.139s][trace][metaspace              ] Metaspace::allocate: type 13 return 0x0000000171005130.
[0.139s][trace][metaspace              ] Arena @0x00006000016b2200 (non-class sm): requested 7 words.
[0.139s][trace][metaspace              ] Arena @0x00006000016b2200 (non-class sm): after allocation: 1 chunk(s), current:@0x00007f8f2d80b248, u, base 0x0000000171000000, level lv02 (524288), used: 2612, committed: 8192, committed-free: 5580
[0.139s][trace][metaspace              ] Arena @0x00006000016b2200 (non-class sm): returning 0x0000000171005168.
[0.139s][trace][metaspace              ] Metaspace::allocate: type 13 return 0x0000000171005168.
[0.139s][trace][metaspace              ] Arena @0x00006000016b2200 (non-class sm): requested 7 words.
[0.139s][trace][metaspace              ] Arena @0x00006000016b2200 (non-class sm): after allocation: 1 chunk(s), current:@0x00007f8f2d80b248, u, base 0x0000000171000000, level lv02 (524288), used: 2619, committed: 8192, committed-free: 5573
[0.139s][trace][metaspace              ] Arena @0x00006000016b2200 (non-class sm): returning 0x00000001710051a0.
[0.139s][trace][metaspace              ] Metaspace::allocate: type 13 return 0x00000001710051a0.
[0.139s][debug][class,resolve          ] java.io.PrintStream java.io.FilterOutputStream PrintStream.java:197
[0.139s][debug][class,load,placeholders] find_and_add LOAD_INSTANCE 'java/io/OutputStreamWriter', loader loader data: 0x00006000032ac000 of 'bootstrap'
[0.139s][debug][class,load,placeholders] loadInstanceThreadQ threads:0x00007f8f4f008800, 
[0.139s][debug][class,load,placeholders] superThreadQ threads:
[0.139s][debug][class,load,placeholders] defineThreadQ threads:
[0.139s][debug][class,load,placeholders] find_and_add LOAD_SUPER 'java/io/OutputStreamWriter', loader loader data: 0x00006000032ac000 of 'bootstrap', supername 'java/io/Writer'
[0.140s][debug][class,load,placeholders] loadInstanceThreadQ threads:0x00007f8f4f008800, 
[0.140s][debug][class,load,placeholders] superThreadQ threads:0x00007f8f4f008800, 
[0.140s][debug][class,load,placeholders] defineThreadQ threads:
[0.140s][debug][class,load,placeholders] find_and_add LOAD_INSTANCE 'java/io/Writer', loader loader data: 0x00006000032ac000 of 'bootstrap'
[0.140s][debug][class,load,placeholders] loadInstanceThreadQ threads:0x00007f8f4f008800, 
[0.140s][debug][class,load,placeholders] superThreadQ threads:
[0.140s][debug][class,load,placeholders] defineThreadQ threads:
[0.140s][trace][cds,unshareable        ] restore: java.io.Writer
[0.140s][trace][class,loader,data      ] Adding k: 0x00000001300ad5e8 java.io.Writer to loader data: 0x00006000032ac000 of 'bootstrap'
[0.140s][debug][cds,mirror             ] java.io.Writer has raw archived mirror
[0.140s][debug][cds,heap               ] Clearing root 502: was 0x00000007ffb0de20
[0.140s][debug][cds,mirror             ] Archived mirror is: 0x00000007ffb0de20
[0.140s][trace][cds,heap,mirror        ] Restored java.io.Writer archived mirror 0x00000007ffb0de20
[0.140s][debug][cds,heap               ] Clearing root 503: was 0x00000007ffb0de98
[0.140s][info ][class,load             ] java.io.Writer source: shared objects file
[0.140s][debug][class,load             ]  klass: 0x00000001300ad5e8 super: 0x0000000130000db8 interfaces: 0x00000001300176b0 0x0000000130017250 0x0000000130017480 loader: [loader data: 0x00006000032ac000 of 'bootstrap']
[0.140s][debug][class,load,placeholders] find_and_add DEFINE_CLASS 'java/io/Writer', loader loader data: 0x00006000032ac000 of 'bootstrap'
[0.140s][debug][class,load,placeholders] loadInstanceThreadQ threads:0x00007f8f4f008800, 
[0.140s][debug][class,load,placeholders] superThreadQ threads:
[0.140s][debug][class,load,placeholders] defineThreadQ threads:0x00007f8f4f008800, 
[0.140s][debug][class,load,placeholders] find_and_remove DEFINE_CLASS 'java/io/Writer', loader loader data: 0x00006000032ac000 of 'bootstrap', InstanceKlass 'java/io/Writer'
[0.140s][debug][class,load,placeholders] loadInstanceThreadQ threads:0x00007f8f4f008800, 
[0.140s][debug][class,load,placeholders] superThreadQ threads:
[0.140s][debug][class,load,placeholders] defineThreadQ threads:0x00007f8f4f008800, 
[0.140s][debug][class,load,placeholders] find_and_remove LOAD_INSTANCE 'java/io/Writer', loader loader data: 0x00006000032ac000 of 'bootstrap', InstanceKlass 'java/io/Writer'
[0.140s][debug][class,load,placeholders] loadInstanceThreadQ threads:0x00007f8f4f008800, 
[0.140s][debug][class,load,placeholders] superThreadQ threads:
[0.140s][debug][class,load,placeholders] defineThreadQ threads:
[0.140s][debug][class,load,placeholders] find_and_remove LOAD_SUPER 'java/io/OutputStreamWriter', loader loader data: 0x00006000032ac000 of 'bootstrap', supername 'java/io/Writer'
[0.140s][debug][class,load,placeholders] loadInstanceThreadQ threads:0x00007f8f4f008800, 
[0.140s][debug][class,load,placeholders] superThreadQ threads:0x00007f8f4f008800, 
[0.140s][debug][class,load,placeholders] defineThreadQ threads:
[0.140s][trace][cds,unshareable        ] restore: java.io.OutputStreamWriter
[0.140s][trace][class,loader,data      ] Adding k: 0x00000001300ad900 java.io.OutputStreamWriter to loader data: 0x00006000032ac000 of 'bootstrap'
[0.140s][debug][cds,mirror             ] java.io.OutputStreamWriter has raw archived mirror
[0.140s][debug][cds,heap               ] Clearing root 495: was 0x00000007ffb0db08
[0.140s][debug][cds,mirror             ] Archived mirror is: 0x00000007ffb0db08
[0.140s][trace][cds,heap,mirror        ] Restored java.io.OutputStreamWriter archived mirror 0x00000007ffb0db08
[0.140s][debug][cds,heap               ] Clearing root 496: was 0x00000007ffb0db78
[0.140s][info ][class,load             ] java.io.OutputStreamWriter source: shared objects file
[0.140s][debug][class,load             ]  klass: 0x00000001300ad900 super: 0x00000001300ad5e8 loader: [loader data: 0x00006000032ac000 of 'bootstrap']
[0.140s][debug][class,load,placeholders] find_and_add DEFINE_CLASS 'java/io/OutputStreamWriter', loader loader data: 0x00006000032ac000 of 'bootstrap', supername 'java/io/Writer'
[0.140s][debug][class,load,placeholders] loadInstanceThreadQ threads:0x00007f8f4f008800, 
[0.140s][debug][class,load,placeholders] superThreadQ threads:
[0.140s][debug][class,load,placeholders] defineThreadQ threads:0x00007f8f4f008800, 
[0.140s][debug][class,load,placeholders] find_and_remove DEFINE_CLASS 'java/io/OutputStreamWriter', loader loader data: 0x00006000032ac000 of 'bootstrap', supername 'java/io/Writer', InstanceKlass 'java/io/OutputStreamWriter'
[0.140s][debug][class,load,placeholders] loadInstanceThreadQ threads:0x00007f8f4f008800, 
[0.140s][debug][class,load,placeholders] superThreadQ threads:
[0.140s][debug][class,load,placeholders] defineThreadQ threads:0x00007f8f4f008800, 
[0.140s][debug][class,load,placeholders] find_and_remove LOAD_INSTANCE 'java/io/OutputStreamWriter', loader loader data: 0x00006000032ac000 of 'bootstrap', supername 'java/io/Writer', InstanceKlass 'java/io/OutputStreamWriter'
[0.140s][debug][class,load,placeholders] loadInstanceThreadQ threads:0x00007f8f4f008800, 
[0.140s][debug][class,load,placeholders] superThreadQ threads:
[0.140s][debug][class,load,placeholders] defineThreadQ threads:
[0.140s][debug][class,resolve          ] java.io.PrintStream java.io.OutputStreamWriter PrintStream.java:199
[0.140s][info ][class,init             ] 116 Initializing 'java/io/Writer'(no method) (0x00000001300ad5e8)
[0.140s][info ][class,init             ] 117 Initializing 'java/io/OutputStreamWriter'(no method) (0x00000001300ad900)
[0.140s][trace][metaspace              ] Arena @0x00006000016b2200 (non-class sm): requested 7 words.
[0.140s][trace][metaspace              ] Arena @0x00006000016b2200 (non-class sm): after allocation: 1 chunk(s), current:@0x00007f8f2d80b248, u, base 0x0000000171000000, level lv02 (524288), used: 2626, committed: 8192, committed-free: 5566
[0.140s][trace][metaspace              ] Arena @0x00006000016b2200 (non-class sm): returning 0x00000001710051d8.
[0.140s][trace][metaspace              ] Metaspace::allocate: type 13 return 0x00000001710051d8.
[0.140s][debug][class,resolve          ] java.io.OutputStreamWriter java.io.Writer OutputStreamWriter.java:125
[0.140s][trace][metaspace              ] Arena @0x00006000016b2200 (non-class sm): requested 7 words.
[0.140s][trace][metaspace              ] Arena @0x00006000016b2200 (non-class sm): after allocation: 1 chunk(s), current:@0x00007f8f2d80b248, u, base 0x0000000171000000, level lv02 (524288), used: 2633, committed: 8192, committed-free: 5559
[0.140s][trace][metaspace              ] Arena @0x00006000016b2200 (non-class sm): returning 0x0000000171005210.
[0.140s][trace][metaspace              ] Metaspace::allocate: type 13 return 0x0000000171005210.
[0.140s][debug][class,resolve          ] java.io.Writer java.lang.Object Writer.java:172
[0.140s][debug][class,load,placeholders] find_and_add LOAD_INSTANCE 'sun/nio/cs/StreamEncoder', loader loader data: 0x00006000032ac000 of 'bootstrap'
[0.140s][debug][class,load,placeholders] loadInstanceThreadQ threads:0x00007f8f4f008800, 
[0.140s][debug][class,load,placeholders] superThreadQ threads:
[0.140s][debug][class,load,placeholders] defineThreadQ threads:
[0.140s][trace][cds,unshareable        ] restore: sun.nio.cs.StreamEncoder
[0.140s][trace][class,loader,data      ] Adding k: 0x00000001300ad280 sun.nio.cs.StreamEncoder to loader data: 0x00006000032ac000 of 'bootstrap'
[0.140s][debug][cds,mirror             ] sun.nio.cs.StreamEncoder has raw archived mirror
[0.140s][debug][cds,heap               ] Clearing root 876: was 0x00000007ffb17c98
[0.140s][debug][cds,mirror             ] Archived mirror is: 0x00000007ffb17c98
[0.140s][trace][cds,heap,mirror        ] Restored sun.nio.cs.StreamEncoder archived mirror 0x00000007ffb17c98
[0.140s][debug][cds,heap               ] Clearing root 877: was 0x00000007ffb17d10
[0.140s][info ][class,load             ] sun.nio.cs.StreamEncoder source: shared objects file
[0.140s][debug][class,load             ]  klass: 0x00000001300ad280 super: 0x00000001300ad5e8 loader: [loader data: 0x00006000032ac000 of 'bootstrap']
[0.140s][debug][class,load,placeholders] find_and_add DEFINE_CLASS 'sun/nio/cs/StreamEncoder', loader loader data: 0x00006000032ac000 of 'bootstrap'
[0.140s][debug][class,load,placeholders] loadInstanceThreadQ threads:0x00007f8f4f008800, 
[0.140s][debug][class,load,placeholders] superThreadQ threads:
[0.140s][debug][class,load,placeholders] defineThreadQ threads:0x00007f8f4f008800, 
[0.140s][debug][class,load,placeholders] find_and_remove DEFINE_CLASS 'sun/nio/cs/StreamEncoder', loader loader data: 0x00006000032ac000 of 'bootstrap', InstanceKlass 'sun/nio/cs/StreamEncoder'
[0.140s][debug][class,load,placeholders] loadInstanceThreadQ threads:0x00007f8f4f008800, 
[0.140s][debug][class,load,placeholders] superThreadQ threads:
[0.140s][debug][class,load,placeholders] defineThreadQ threads:0x00007f8f4f008800, 
[0.140s][debug][class,load,placeholders] find_and_remove LOAD_INSTANCE 'sun/nio/cs/StreamEncoder', loader loader data: 0x00006000032ac000 of 'bootstrap', InstanceKlass 'sun/nio/cs/StreamEncoder'
[0.140s][debug][class,load,placeholders] loadInstanceThreadQ threads:0x00007f8f4f008800, 
[0.140s][debug][class,load,placeholders] superThreadQ threads:
[0.140s][debug][class,load,placeholders] defineThreadQ threads:
[0.140s][debug][class,resolve          ] java.io.OutputStreamWriter sun.nio.cs.StreamEncoder OutputStreamWriter.java:128
[0.141s][info ][class,init             ] 118 Initializing 'sun/nio/cs/StreamEncoder' (0x00000001300ad280)
[0.141s][trace][metaspace              ] Arena @0x00006000016b2200 (non-class sm): requested 7 words.
[0.141s][trace][metaspace              ] Arena @0x00006000016b2200 (non-class sm): after allocation: 1 chunk(s), current:@0x00007f8f2d80b248, u, base 0x0000000171000000, level lv02 (524288), used: 2640, committed: 8192, committed-free: 5552
[0.141s][trace][metaspace              ] Arena @0x00006000016b2200 (non-class sm): returning 0x0000000171005248.
[0.141s][trace][metaspace              ] Metaspace::allocate: type 13 return 0x0000000171005248.
[0.141s][debug][class,resolve          ] sun.nio.cs.StreamEncoder java.lang.Class StreamEncoder.java:42
[0.141s][trace][metaspace              ] Arena @0x00006000016b2200 (non-class sm): requested 7 words.
[0.141s][trace][metaspace              ] Arena @0x00006000016b2200 (non-class sm): after allocation: 1 chunk(s), current:@0x00007f8f2d80b248, u, base 0x0000000171000000, level lv02 (524288), used: 2647, committed: 8192, committed-free: 5545
[0.141s][trace][metaspace              ] Arena @0x00006000016b2200 (non-class sm): returning 0x0000000171005280.
[0.141s][trace][metaspace              ] Metaspace::allocate: type 13 return 0x0000000171005280.
[0.141s][trace][metaspace              ] Arena @0x00006000016b2200 (non-class sm): requested 7 words.
[0.141s][trace][metaspace              ] Arena @0x00006000016b2200 (non-class sm): after allocation: 1 chunk(s), current:@0x00007f8f2d80b248, u, base 0x0000000171000000, level lv02 (524288), used: 2654, committed: 8192, committed-free: 5538
[0.141s][trace][metaspace              ] Arena @0x00006000016b2200 (non-class sm): returning 0x00000001710052b8.
[0.141s][trace][metaspace              ] Metaspace::allocate: type 13 return 0x00000001710052b8.
[0.141s][debug][class,resolve          ] sun.nio.cs.StreamEncoder java.nio.charset.Charset StreamEncoder.java:198
[0.141s][trace][metaspace              ] Arena @0x00006000016b2200 (non-class sm): requested 7 words.
[0.141s][trace][metaspace              ] Arena @0x00006000016b2200 (non-class sm): after allocation: 1 chunk(s), current:@0x00007f8f2d80b248, u, base 0x0000000171000000, level lv02 (524288), used: 2661, committed: 8192, committed-free: 5531
[0.141s][trace][metaspace              ] Arena @0x00006000016b2200 (non-class sm): returning 0x00000001710052f0.
[0.141s][trace][metaspace              ] Metaspace::allocate: type 13 return 0x00000001710052f0.
[0.141s][debug][class,load,placeholders] find_and_add LOAD_INSTANCE 'sun/nio/cs/UTF_8$Encoder', loader loader data: 0x00006000032ac000 of 'bootstrap'
[0.141s][debug][class,load,placeholders] loadInstanceThreadQ threads:0x00007f8f4f008800, 
[0.141s][debug][class,load,placeholders] superThreadQ threads:
[0.141s][debug][class,load,placeholders] defineThreadQ threads:
[0.141s][debug][class,load,placeholders] find_and_add LOAD_SUPER 'sun/nio/cs/UTF_8$Encoder', loader loader data: 0x00006000032ac000 of 'bootstrap', supername 'java/nio/charset/CharsetEncoder'
[0.141s][debug][class,load,placeholders] loadInstanceThreadQ threads:0x00007f8f4f008800, 
[0.141s][debug][class,load,placeholders] superThreadQ threads:0x00007f8f4f008800, 
[0.141s][debug][class,load,placeholders] defineThreadQ threads:
[0.141s][debug][class,load,placeholders] find_and_add LOAD_INSTANCE 'java/nio/charset/CharsetEncoder', loader loader data: 0x00006000032ac000 of 'bootstrap'
[0.141s][debug][class,load,placeholders] loadInstanceThreadQ threads:0x00007f8f4f008800, 
[0.141s][debug][class,load,placeholders] superThreadQ threads:
[0.141s][debug][class,load,placeholders] defineThreadQ threads:
[0.141s][trace][cds,unshareable        ] restore: java.nio.charset.CharsetEncoder
[0.141s][trace][class,loader,data      ] Adding k: 0x00000001300abed0 java.nio.charset.CharsetEncoder to loader data: 0x00006000032ac000 of 'bootstrap'
[0.141s][debug][cds,mirror             ] java.nio.charset.CharsetEncoder has raw archived mirror
[0.141s][debug][cds,heap               ] Clearing root 274: was 0x00000007ffb07760
[0.141s][debug][cds,mirror             ] Archived mirror is: 0x00000007ffb07760
[0.141s][trace][cds,heap,mirror        ] Restored java.nio.charset.CharsetEncoder archived mirror 0x00000007ffb07760
[0.141s][debug][cds,heap               ] Clearing root 275: was 0x00000007ffb077e8
[0.141s][info ][class,load             ] java.nio.charset.CharsetEncoder source: shared objects file
[0.141s][debug][class,load             ]  klass: 0x00000001300abed0 super: 0x0000000130000db8 loader: [loader data: 0x00006000032ac000 of 'bootstrap']
[0.141s][debug][class,load,placeholders] find_and_add DEFINE_CLASS 'java/nio/charset/CharsetEncoder', loader loader data: 0x00006000032ac000 of 'bootstrap'
[0.141s][debug][class,load,placeholders] loadInstanceThreadQ threads:0x00007f8f4f008800, 
[0.141s][debug][class,load,placeholders] superThreadQ threads:
[0.141s][debug][class,load,placeholders] defineThreadQ threads:0x00007f8f4f008800, 
[0.141s][debug][class,load,placeholders] find_and_remove DEFINE_CLASS 'java/nio/charset/CharsetEncoder', loader loader data: 0x00006000032ac000 of 'bootstrap', InstanceKlass 'java/nio/charset/CharsetEncoder'
[0.141s][debug][class,load,placeholders] loadInstanceThreadQ threads:0x00007f8f4f008800, 
[0.141s][debug][class,load,placeholders] superThreadQ threads:
[0.141s][debug][class,load,placeholders] defineThreadQ threads:0x00007f8f4f008800, 
[0.141s][debug][class,load,placeholders] find_and_remove LOAD_INSTANCE 'java/nio/charset/CharsetEncoder', loader loader data: 0x00006000032ac000 of 'bootstrap', InstanceKlass 'java/nio/charset/CharsetEncoder'
[0.141s][debug][class,load,placeholders] loadInstanceThreadQ threads:0x00007f8f4f008800, 
[0.141s][debug][class,load,placeholders] superThreadQ threads:
[0.141s][debug][class,load,placeholders] defineThreadQ threads:
[0.141s][debug][class,load,placeholders] find_and_remove LOAD_SUPER 'sun/nio/cs/UTF_8$Encoder', loader loader data: 0x00006000032ac000 of 'bootstrap', supername 'java/nio/charset/CharsetEncoder'
[0.141s][debug][class,load,placeholders] loadInstanceThreadQ threads:0x00007f8f4f008800, 
[0.141s][debug][class,load,placeholders] superThreadQ threads:0x00007f8f4f008800, 
[0.141s][debug][class,load,placeholders] defineThreadQ threads:
[0.141s][trace][cds,unshareable        ] restore: sun.nio.cs.UTF_8$Encoder
[0.141s][trace][class,loader,data      ] Adding k: 0x00000001300ac400 sun.nio.cs.UTF_8$Encoder to loader data: 0x00006000032ac000 of 'bootstrap'
[0.141s][debug][cds,mirror             ] sun.nio.cs.UTF_8$Encoder has raw archived mirror
[0.141s][debug][cds,heap               ] Clearing root 887: was 0x00000007ffb18440
[0.141s][debug][cds,mirror             ] Archived mirror is: 0x00000007ffb18440
[0.141s][trace][cds,heap,mirror        ] Restored sun.nio.cs.UTF_8$Encoder archived mirror 0x00000007ffb18440
[0.141s][info ][class,load             ] sun.nio.cs.UTF_8$Encoder source: shared objects file
[0.141s][debug][class,load             ]  klass: 0x00000001300ac400 super: 0x00000001300abed0 loader: [loader data: 0x00006000032ac000 of 'bootstrap']
[0.141s][debug][class,load,placeholders] find_and_add DEFINE_CLASS 'sun/nio/cs/UTF_8$Encoder', loader loader data: 0x00006000032ac000 of 'bootstrap', supername 'java/nio/charset/CharsetEncoder'
[0.141s][debug][class,load,placeholders] loadInstanceThreadQ threads:0x00007f8f4f008800, 
[0.141s][debug][class,load,placeholders] superThreadQ threads:
[0.141s][debug][class,load,placeholders] defineThreadQ threads:0x00007f8f4f008800, 
[0.141s][debug][class,load,placeholders] find_and_remove DEFINE_CLASS 'sun/nio/cs/UTF_8$Encoder', loader loader data: 0x00006000032ac000 of 'bootstrap', supername 'java/nio/charset/CharsetEncoder', InstanceKlass 'sun/nio/cs/UTF_8$Encoder'
[0.141s][debug][class,load,placeholders] loadInstanceThreadQ threads:0x00007f8f4f008800, 
[0.141s][debug][class,load,placeholders] superThreadQ threads:
[0.141s][debug][class,load,placeholders] defineThreadQ threads:0x00007f8f4f008800, 
[0.141s][debug][class,load,placeholders] find_and_remove LOAD_INSTANCE 'sun/nio/cs/UTF_8$Encoder', loader loader data: 0x00006000032ac000 of 'bootstrap', supername 'java/nio/charset/CharsetEncoder', InstanceKlass 'sun/nio/cs/UTF_8$Encoder'
[0.141s][debug][class,load,placeholders] loadInstanceThreadQ threads:0x00007f8f4f008800, 
[0.141s][debug][class,load,placeholders] superThreadQ threads:
[0.141s][debug][class,load,placeholders] defineThreadQ threads:
[0.141s][debug][class,resolve          ] sun.nio.cs.UTF_8 sun.nio.cs.UTF_8$Encoder UTF_8.java:77
[0.141s][info ][class,init             ] 119 Initializing 'java/nio/charset/CharsetEncoder' (0x00000001300abed0)
[0.141s][trace][metaspace              ] Arena @0x00006000016b2200 (non-class sm): requested 7 words.
[0.141s][trace][metaspace              ] Arena @0x00006000016b2200 (non-class sm): after allocation: 1 chunk(s), current:@0x00007f8f2d80b248, u, base 0x0000000171000000, level lv02 (524288), used: 2668, committed: 8192, committed-free: 5524
[0.141s][trace][metaspace              ] Arena @0x00006000016b2200 (non-class sm): returning 0x0000000171005328.
[0.141s][trace][metaspace              ] Metaspace::allocate: type 13 return 0x0000000171005328.
[0.141s][debug][class,resolve          ] java.nio.charset.CharsetEncoder java.lang.Class CharsetEncoder.java:137
[0.141s][debug][class,resolve          ] java.nio.charset.CharsetEncoder java.lang.String CharsetEncoder.java:158
[0.141s][info ][class,init             ] 120 Initializing 'sun/nio/cs/UTF_8$Encoder'(no method) (0x00000001300ac400)
[0.141s][trace][class,nestmates        ] Type sun.nio.cs.UTF_8 is not part of a nest: setting nest-host to self
[0.141s][trace][class,nestmates        ] Resolving nest-host of sun.nio.cs.UTF_8$Encoder using cp entry for sun/nio/cs/UTF_8
[0.142s][debug][class,resolve          ] sun.nio.cs.UTF_8$Encoder sun.nio.cs.UTF_8 UTF_8.java:77
[0.142s][trace][class,nestmates        ] Checking nest membership of sun.nio.cs.UTF_8$Encoder in sun.nio.cs.UTF_8
[0.142s][trace][class,nestmates        ] - named class found at nest_members[0] => cp[22]
[0.142s][trace][class,nestmates        ] Resolved nest-host of sun.nio.cs.UTF_8$Encoder to sun.nio.cs.UTF_8
[0.142s][trace][class,nestmates        ] Class sun.nio.cs.UTF_8 does have nestmate access to sun.nio.cs.UTF_8$Encoder
[0.142s][trace][metaspace              ] Arena @0x00006000016b2200 (non-class sm): requested 7 words.
[0.142s][trace][metaspace              ] Arena @0x00006000016b2200 (non-class sm): after allocation: 1 chunk(s), current:@0x00007f8f2d80b248, u, base 0x0000000171000000, level lv02 (524288), used: 2675, committed: 8192, committed-free: 5517
[0.142s][trace][metaspace              ] Arena @0x00006000016b2200 (non-class sm): returning 0x0000000171005360.
[0.142s][trace][metaspace              ] Metaspace::allocate: type 13 return 0x0000000171005360.
[0.142s][debug][class,resolve          ] sun.nio.cs.UTF_8$Encoder java.nio.charset.CharsetEncoder UTF_8.java:421
[0.142s][trace][metaspace              ] Arena @0x00006000016b2200 (non-class sm): requested 7 words.
[0.142s][trace][metaspace              ] Arena @0x00006000016b2200 (non-class sm): after allocation: 1 chunk(s), current:@0x00007f8f2d80b248, u, base 0x0000000171000000, level lv02 (524288), used: 2682, committed: 8192, committed-free: 5510
[0.142s][trace][metaspace              ] Arena @0x00006000016b2200 (non-class sm): returning 0x0000000171005398.
[0.142s][trace][metaspace              ] Metaspace::allocate: type 13 return 0x0000000171005398.
[0.142s][trace][metaspace              ] Arena @0x00006000016b2200 (non-class sm): requested 7 words.
[0.142s][trace][metaspace              ] Arena @0x00006000016b2200 (non-class sm): after allocation: 1 chunk(s), current:@0x00007f8f2d80b248, u, base 0x0000000171000000, level lv02 (524288), used: 2689, committed: 8192, committed-free: 5503
[0.142s][trace][metaspace              ] Arena @0x00006000016b2200 (non-class sm): returning 0x00000001710053d0.
[0.142s][trace][metaspace              ] Metaspace::allocate: type 13 return 0x00000001710053d0.
[0.142s][debug][class,resolve          ] java.nio.charset.CharsetEncoder java.lang.Object CharsetEncoder.java:190
[0.142s][debug][class,load,placeholders] find_and_add LOAD_INSTANCE 'java/nio/charset/CodingErrorAction', loader loader data: 0x00006000032ac000 of 'bootstrap'
[0.142s][debug][class,load,placeholders] loadInstanceThreadQ threads:0x00007f8f4f008800, 
[0.142s][debug][class,load,placeholders] superThreadQ threads:
[0.142s][debug][class,load,placeholders] defineThreadQ threads:
[0.142s][trace][cds,unshareable        ] restore: java.nio.charset.CodingErrorAction
[0.142s][trace][class,loader,data      ] Adding k: 0x00000001300abc90 java.nio.charset.CodingErrorAction to loader data: 0x00006000032ac000 of 'bootstrap'
[0.142s][debug][cds,mirror             ] java.nio.charset.CodingErrorAction has raw archived mirror
[0.142s][debug][cds,heap               ] Clearing root 272: was 0x00000007ffb076c0
[0.142s][debug][cds,mirror             ] Archived mirror is: 0x00000007ffb076c0
[0.142s][trace][cds,heap,mirror        ] Restored java.nio.charset.CodingErrorAction archived mirror 0x00000007ffb076c0
[0.142s][debug][cds,heap               ] Clearing root 273: was 0x00000007ffb07740
[0.142s][info ][class,load             ] java.nio.charset.CodingErrorAction source: shared objects file
[0.142s][debug][class,load             ]  klass: 0x00000001300abc90 super: 0x0000000130000db8 loader: [loader data: 0x00006000032ac000 of 'bootstrap']
[0.142s][debug][class,load,placeholders] find_and_add DEFINE_CLASS 'java/nio/charset/CodingErrorAction', loader loader data: 0x00006000032ac000 of 'bootstrap'
[0.142s][debug][class,load,placeholders] loadInstanceThreadQ threads:0x00007f8f4f008800, 
[0.142s][debug][class,load,placeholders] superThreadQ threads:
[0.142s][debug][class,load,placeholders] defineThreadQ threads:0x00007f8f4f008800, 
[0.142s][debug][class,load,placeholders] find_and_remove DEFINE_CLASS 'java/nio/charset/CodingErrorAction', loader loader data: 0x00006000032ac000 of 'bootstrap', InstanceKlass 'java/nio/charset/CodingErrorAction'
[0.142s][debug][class,load,placeholders] loadInstanceThreadQ threads:0x00007f8f4f008800, 
[0.142s][debug][class,load,placeholders] superThreadQ threads:
[0.142s][debug][class,load,placeholders] defineThreadQ threads:0x00007f8f4f008800, 
[0.142s][debug][class,load,placeholders] find_and_remove LOAD_INSTANCE 'java/nio/charset/CodingErrorAction', loader loader data: 0x00006000032ac000 of 'bootstrap', InstanceKlass 'java/nio/charset/CodingErrorAction'
[0.142s][debug][class,load,placeholders] loadInstanceThreadQ threads:0x00007f8f4f008800, 
[0.142s][debug][class,load,placeholders] superThreadQ threads:
[0.142s][debug][class,load,placeholders] defineThreadQ threads:
[0.142s][debug][class,resolve          ] java.nio.charset.CharsetEncoder java.nio.charset.CodingErrorAction CharsetEncoder.java:144
[0.142s][info ][class,init             ] 121 Initializing 'java/nio/charset/CodingErrorAction' (0x00000001300abc90)
[0.142s][trace][metaspace              ] Arena @0x00006000016b2200 (non-class sm): requested 7 words.
[0.142s][trace][metaspace              ] Arena @0x00006000016b2200 (non-class sm): after allocation: 1 chunk(s), current:@0x00007f8f2d80b248, u, base 0x0000000171000000, level lv02 (524288), used: 2696, committed: 8192, committed-free: 5496
[0.142s][trace][metaspace              ] Arena @0x00006000016b2200 (non-class sm): returning 0x0000000171005408.
[0.142s][trace][metaspace              ] Metaspace::allocate: type 13 return 0x0000000171005408.
[0.142s][trace][metaspace              ] Arena @0x00006000016b2200 (non-class sm): requested 7 words.
[0.142s][trace][metaspace              ] Arena @0x00006000016b2200 (non-class sm): after allocation: 1 chunk(s), current:@0x00007f8f2d80b248, u, base 0x0000000171000000, level lv02 (524288), used: 2703, committed: 8192, committed-free: 5489
[0.142s][trace][metaspace              ] Arena @0x00006000016b2200 (non-class sm): returning 0x0000000171005440.
[0.142s][trace][metaspace              ] Metaspace::allocate: type 13 return 0x0000000171005440.
[0.142s][debug][class,resolve          ] java.nio.charset.CodingErrorAction java.lang.Object CodingErrorAction.java:47
[0.142s][trace][metaspace              ] Arena @0x00006000016b2200 (non-class sm): requested 7 words.
[0.142s][trace][metaspace              ] Arena @0x00006000016b2200 (non-class sm): after allocation: 1 chunk(s), current:@0x00007f8f2d80b248, u, base 0x0000000171000000, level lv02 (524288), used: 2710, committed: 8192, committed-free: 5482
[0.142s][trace][metaspace              ] Arena @0x00006000016b2200 (non-class sm): returning 0x0000000171005478.
[0.142s][trace][metaspace              ] Metaspace::allocate: type 13 return 0x0000000171005478.
[0.142s][trace][metaspace              ] Arena @0x00006000016b2200 (non-class sm): requested 7 words.
[0.142s][trace][metaspace              ] Arena @0x00006000016b2200 (non-class sm): after allocation: 1 chunk(s), current:@0x00007f8f2d80b248, u, base 0x0000000171000000, level lv02 (524288), used: 2717, committed: 8192, committed-free: 5475
[0.142s][trace][metaspace              ] Arena @0x00006000016b2200 (non-class sm): returning 0x00000001710054b0.
[0.142s][trace][metaspace              ] Metaspace::allocate: type 13 return 0x00000001710054b0.
[0.142s][debug][class,resolve          ] java.nio.charset.CharsetEncoder java.util.Arrays CharsetEncoder.java:300
[0.142s][trace][metaspace              ] Arena @0x00006000016b2200 (non-class sm): requested 7 words.
[0.142s][trace][metaspace              ] Arena @0x00006000016b2200 (non-class sm): after allocation: 1 chunk(s), current:@0x00007f8f2d80b248, u, base 0x0000000171000000, level lv02 (524288), used: 2724, committed: 8192, committed-free: 5468
[0.142s][trace][metaspace              ] Arena @0x00006000016b2200 (non-class sm): returning 0x00000001710054e8.
[0.142s][trace][metaspace              ] Metaspace::allocate: type 13 return 0x00000001710054e8.
[0.142s][trace][metaspace              ] Arena @0x00006000016b2200 (non-class sm): requested 7 words.
[0.142s][trace][metaspace              ] Arena @0x00006000016b2200 (non-class sm): after allocation: 1 chunk(s), current:@0x00007f8f2d80b248, u, base 0x0000000171000000, level lv02 (524288), used: 2731, committed: 8192, committed-free: 5461
[0.142s][trace][metaspace              ] Arena @0x00006000016b2200 (non-class sm): returning 0x0000000171005520.
[0.142s][trace][metaspace              ] Metaspace::allocate: type 13 return 0x0000000171005520.
[0.142s][debug][class,resolve          ] sun.nio.cs.StreamEncoder java.nio.charset.CodingErrorAction StreamEncoder.java:198
[0.142s][debug][class,resolve          ] sun.nio.cs.StreamEncoder java.nio.charset.CharsetEncoder StreamEncoder.java:199
[0.142s][trace][metaspace              ] Arena @0x00006000016b2200 (non-class sm): requested 7 words.
[0.142s][trace][metaspace              ] Arena @0x00006000016b2200 (non-class sm): after allocation: 1 chunk(s), current:@0x00007f8f2d80b248, u, base 0x0000000171000000, level lv02 (524288), used: 2738, committed: 8192, committed-free: 5454
[0.142s][trace][metaspace              ] Arena @0x00006000016b2200 (non-class sm): returning 0x0000000171005558.
[0.142s][trace][metaspace              ] Metaspace::allocate: type 13 return 0x0000000171005558.
[0.142s][trace][metaspace              ] Arena @0x00006000016b2200 (non-class sm): requested 7 words.
[0.142s][trace][metaspace              ] Arena @0x00006000016b2200 (non-class sm): after allocation: 1 chunk(s), current:@0x00007f8f2d80b248, u, base 0x0000000171000000, level lv02 (524288), used: 2745, committed: 8192, committed-free: 5447
[0.142s][trace][metaspace              ] Arena @0x00006000016b2200 (non-class sm): returning 0x0000000171005590.
[0.142s][trace][metaspace              ] Metaspace::allocate: type 13 return 0x0000000171005590.
[0.142s][trace][metaspace              ] Arena @0x00006000016b2200 (non-class sm): requested 7 words.
[0.142s][trace][metaspace              ] Arena @0x00006000016b2200 (non-class sm): after allocation: 1 chunk(s), current:@0x00007f8f2d80b248, u, base 0x0000000171000000, level lv02 (524288), used: 2752, committed: 8192, committed-free: 5440
[0.142s][trace][metaspace              ] Arena @0x00006000016b2200 (non-class sm): returning 0x00000001710055c8.
[0.142s][trace][metaspace              ] Metaspace::allocate: type 13 return 0x00000001710055c8.
[0.142s][trace][metaspace              ] Arena @0x00006000016b2200 (non-class sm): requested 7 words.
[0.142s][trace][metaspace              ] Arena @0x00006000016b2200 (non-class sm): after allocation: 1 chunk(s), current:@0x00007f8f2d80b248, u, base 0x0000000171000000, level lv02 (524288), used: 2759, committed: 8192, committed-free: 5433
[0.142s][trace][metaspace              ] Arena @0x00006000016b2200 (non-class sm): returning 0x0000000171005600.
[0.142s][trace][metaspace              ] Metaspace::allocate: type 13 return 0x0000000171005600.
[0.142s][trace][metaspace              ] Arena @0x00006000016b2200 (non-class sm): requested 7 words.
[0.142s][trace][metaspace              ] Arena @0x00006000016b2200 (non-class sm): after allocation: 1 chunk(s), current:@0x00007f8f2d80b248, u, base 0x0000000171000000, level lv02 (524288), used: 2766, committed: 8192, committed-free: 5426
[0.143s][trace][metaspace              ] Arena @0x00006000016b2200 (non-class sm): returning 0x0000000171005638.
[0.143s][trace][metaspace              ] Metaspace::allocate: type 13 return 0x0000000171005638.
[0.143s][debug][class,resolve          ] sun.nio.cs.StreamEncoder java.io.Writer StreamEncoder.java:204
[0.143s][trace][metaspace              ] Arena @0x00006000016b2200 (non-class sm): requested 7 words.
[0.143s][trace][metaspace              ] Arena @0x00006000016b2200 (non-class sm): after allocation: 1 chunk(s), current:@0x00007f8f2d80b248, u, base 0x0000000171000000, level lv02 (524288), used: 2773, committed: 8192, committed-free: 5419
[0.143s][trace][metaspace              ] Arena @0x00006000016b2200 (non-class sm): returning 0x0000000171005670.
[0.143s][trace][metaspace              ] Metaspace::allocate: type 13 return 0x0000000171005670.
[0.143s][debug][class,load,placeholders] find_and_add LOAD_INSTANCE 'java/nio/ByteBuffer', loader loader data: 0x00006000032ac000 of 'bootstrap'
[0.143s][debug][class,load,placeholders] loadInstanceThreadQ threads:0x00007f8f4f008800, 
[0.143s][debug][class,load,placeholders] superThreadQ threads:
[0.143s][debug][class,load,placeholders] defineThreadQ threads:
[0.143s][trace][cds,unshareable        ] restore: java.nio.ByteBuffer
[0.143s][trace][class,loader,data      ] Adding k: 0x000000013008e220 java.nio.ByteBuffer to loader data: 0x00006000032ac000 of 'bootstrap'
[0.143s][debug][cds,mirror             ] java.nio.ByteBuffer has raw archived mirror
[0.143s][debug][cds,heap               ] Clearing root 276: was 0x00000007ffb07830
[0.143s][debug][cds,mirror             ] Archived mirror is: 0x00000007ffb07830
[0.143s][trace][cds,heap,mirror        ] Restored java.nio.ByteBuffer archived mirror 0x00000007ffb07830
[0.143s][debug][cds,heap               ] Clearing root 277: was 0x00000007ffb078b0
[0.143s][info ][class,load             ] java.nio.ByteBuffer source: shared objects file
[0.143s][debug][class,load             ]  klass: 0x000000013008e220 super: 0x0000000130089338 interfaces: 0x00000001300098f8 loader: [loader data: 0x00006000032ac000 of 'bootstrap']
[0.143s][debug][class,load,placeholders] find_and_add DEFINE_CLASS 'java/nio/ByteBuffer', loader loader data: 0x00006000032ac000 of 'bootstrap'
[0.143s][debug][class,load,placeholders] loadInstanceThreadQ threads:0x00007f8f4f008800, 
[0.143s][debug][class,load,placeholders] superThreadQ threads:
[0.143s][debug][class,load,placeholders] defineThreadQ threads:0x00007f8f4f008800, 
[0.143s][debug][class,load,placeholders] find_and_remove DEFINE_CLASS 'java/nio/ByteBuffer', loader loader data: 0x00006000032ac000 of 'bootstrap', InstanceKlass 'java/nio/ByteBuffer'
[0.143s][debug][class,load,placeholders] loadInstanceThreadQ threads:0x00007f8f4f008800, 
[0.143s][debug][class,load,placeholders] superThreadQ threads:
[0.143s][debug][class,load,placeholders] defineThreadQ threads:0x00007f8f4f008800, 
[0.143s][debug][class,load,placeholders] find_and_remove LOAD_INSTANCE 'java/nio/ByteBuffer', loader loader data: 0x00006000032ac000 of 'bootstrap', InstanceKlass 'java/nio/ByteBuffer'
[0.143s][debug][class,load,placeholders] loadInstanceThreadQ threads:0x00007f8f4f008800, 
[0.143s][debug][class,load,placeholders] superThreadQ threads:
[0.143s][debug][class,load,placeholders] defineThreadQ threads:
[0.143s][debug][class,resolve          ] sun.nio.cs.StreamEncoder java.nio.ByteBuffer StreamEncoder.java:209
[0.143s][info ][class,init             ] 122 Initializing 'java/nio/Buffer' (0x0000000130089338)
[0.143s][trace][metaspace              ] Arena @0x00006000016b2200 (non-class sm): requested 7 words.
[0.143s][trace][metaspace              ] Arena @0x00006000016b2200 (non-class sm): after allocation: 1 chunk(s), current:@0x00007f8f2d80b248, u, base 0x0000000171000000, level lv02 (524288), used: 2780, committed: 8192, committed-free: 5412
[0.143s][trace][metaspace              ] Arena @0x00006000016b2200 (non-class sm): returning 0x00000001710056a8.
[0.143s][trace][metaspace              ] Metaspace::allocate: type 13 return 0x00000001710056a8.
[0.143s][debug][class,resolve          ] java.nio.Buffer java.lang.Class Buffer.java:194
[0.143s][debug][class,resolve          ] java.nio.Buffer jdk.internal.misc.Unsafe Buffer.java:196
[0.143s][debug][class,load,placeholders] find_and_add LOAD_INSTANCE 'jdk/internal/misc/ScopedMemoryAccess', loader loader data: 0x00006000032ac000 of 'bootstrap'
[0.143s][debug][class,load,placeholders] loadInstanceThreadQ threads:0x00007f8f4f008800, 
[0.143s][debug][class,load,placeholders] superThreadQ threads:
[0.143s][debug][class,load,placeholders] defineThreadQ threads:
[0.143s][trace][cds,unshareable        ] restore: jdk.internal.misc.ScopedMemoryAccess
[0.143s][trace][class,loader,data      ] Adding k: 0x00000001300ab478 jdk.internal.misc.ScopedMemoryAccess to loader data: 0x00006000032ac000 of 'bootstrap'
[0.143s][debug][cds,mirror             ] jdk.internal.misc.ScopedMemoryAccess has raw archived mirror
[0.143s][debug][cds,heap               ] Clearing root 188: was 0x00000007ffb051e0
[0.143s][debug][cds,mirror             ] Archived mirror is: 0x00000007ffb051e0
[0.143s][trace][cds,heap,mirror        ] Restored jdk.internal.misc.ScopedMemoryAccess archived mirror 0x00000007ffb051e0
[0.143s][debug][cds,heap               ] Clearing root 189: was 0x00000007ffb05258
[0.143s][info ][class,load             ] jdk.internal.misc.ScopedMemoryAccess source: shared objects file
[0.143s][debug][class,load             ]  klass: 0x00000001300ab478 super: 0x0000000130000db8 loader: [loader data: 0x00006000032ac000 of 'bootstrap']
[0.143s][debug][class,load,placeholders] find_and_add DEFINE_CLASS 'jdk/internal/misc/ScopedMemoryAccess', loader loader data: 0x00006000032ac000 of 'bootstrap'
[0.143s][debug][class,load,placeholders] loadInstanceThreadQ threads:0x00007f8f4f008800, 
[0.143s][debug][class,load,placeholders] superThreadQ threads:
[0.143s][debug][class,load,placeholders] defineThreadQ threads:0x00007f8f4f008800, 
[0.143s][debug][class,load,placeholders] find_and_remove DEFINE_CLASS 'jdk/internal/misc/ScopedMemoryAccess', loader loader data: 0x00006000032ac000 of 'bootstrap', InstanceKlass 'jdk/internal/misc/ScopedMemoryAccess'
[0.143s][debug][class,load,placeholders] loadInstanceThreadQ threads:0x00007f8f4f008800, 
[0.143s][debug][class,load,placeholders] superThreadQ threads:
[0.143s][debug][class,load,placeholders] defineThreadQ threads:0x00007f8f4f008800, 
[0.143s][debug][class,load,placeholders] find_and_remove LOAD_INSTANCE 'jdk/internal/misc/ScopedMemoryAccess', loader loader data: 0x00006000032ac000 of 'bootstrap', InstanceKlass 'jdk/internal/misc/ScopedMemoryAccess'
[0.143s][debug][class,load,placeholders] loadInstanceThreadQ threads:0x00007f8f4f008800, 
[0.143s][debug][class,load,placeholders] superThreadQ threads:
[0.143s][debug][class,load,placeholders] defineThreadQ threads:
[0.143s][debug][class,resolve          ] java.nio.Buffer jdk.internal.misc.ScopedMemoryAccess Buffer.java:198
[0.143s][info ][class,init             ] 123 Initializing 'jdk/internal/misc/ScopedMemoryAccess' (0x00000001300ab478)
[0.143s][trace][metaspace              ] Arena @0x00006000016b2200 (non-class sm): requested 7 words.
[0.143s][trace][metaspace              ] Arena @0x00006000016b2200 (non-class sm): after allocation: 1 chunk(s), current:@0x00007f8f2d80b248, u, base 0x0000000171000000, level lv02 (524288), used: 2787, committed: 8192, committed-free: 5405
[0.143s][trace][metaspace              ] Arena @0x00006000016b2200 (non-class sm): returning 0x00000001710056e0.
[0.143s][trace][metaspace              ] Metaspace::allocate: type 13 return 0x00000001710056e0.
[0.144s][debug][class,resolve          ] jdk.internal.misc.ScopedMemoryAccess jdk.internal.misc.Unsafe ScopedMemoryAccess.java:79
[0.144s][trace][metaspace              ] Arena @0x00006000016b2200 (non-class sm): requested 7 words.
[0.144s][trace][metaspace              ] Arena @0x00006000016b2200 (non-class sm): after allocation: 1 chunk(s), current:@0x00007f8f2d80b248, u, base 0x0000000171000000, level lv02 (524288), used: 2794, committed: 8192, committed-free: 5398
[0.144s][trace][metaspace              ] Arena @0x00006000016b2200 (non-class sm): returning 0x0000000171005718.
[0.144s][trace][metaspace              ] Metaspace::allocate: type 13 return 0x0000000171005718.
[0.144s][debug][jni,resolve            ] [Dynamic-linking native method jdk.internal.misc.ScopedMemoryAccess.registerNatives ... JNI]
[0.144s][debug][jni,resolve            ] [Registering JNI native method jdk.internal.misc.ScopedMemoryAccess.closeScope0]
[0.144s][trace][metaspace              ] Arena @0x00006000016b2200 (non-class sm): requested 7 words.
[0.144s][trace][metaspace              ] Arena @0x00006000016b2200 (non-class sm): after allocation: 1 chunk(s), current:@0x00007f8f2d80b248, u, base 0x0000000171000000, level lv02 (524288), used: 2801, committed: 8192, committed-free: 5391
[0.144s][trace][metaspace              ] Arena @0x00006000016b2200 (non-class sm): returning 0x0000000171005750.
[0.144s][trace][metaspace              ] Metaspace::allocate: type 13 return 0x0000000171005750.
[0.144s][debug][class,resolve          ] jdk.internal.misc.ScopedMemoryAccess java.lang.Object ScopedMemoryAccess.java:92
[0.144s][trace][metaspace              ] Arena @0x00006000016b2200 (non-class sm): requested 7 words.
[0.144s][trace][metaspace              ] Arena @0x00006000016b2200 (non-class sm): after allocation: 1 chunk(s), current:@0x00007f8f2d80b248, u, base 0x0000000171000000, level lv02 (524288), used: 2808, committed: 8192, committed-free: 5384
[0.144s][trace][metaspace              ] Arena @0x00006000016b2200 (non-class sm): returning 0x0000000171005788.
[0.144s][trace][metaspace              ] Metaspace::allocate: type 13 return 0x0000000171005788.
[0.144s][debug][class,load,placeholders] find_and_add LOAD_INSTANCE 'java/nio/Buffer$1', loader loader data: 0x00006000032ac000 of 'bootstrap'
[0.144s][debug][class,load,placeholders] loadInstanceThreadQ threads:0x00007f8f4f008800, 
[0.144s][debug][class,load,placeholders] superThreadQ threads:
[0.144s][debug][class,load,placeholders] defineThreadQ threads:
[0.144s][debug][class,load,placeholders] find_and_add LOAD_SUPER 'java/nio/Buffer$1', loader loader data: 0x00006000032ac000 of 'bootstrap', supername 'jdk/internal/access/JavaNioAccess'
[0.144s][debug][class,load,placeholders] loadInstanceThreadQ threads:0x00007f8f4f008800, 
[0.144s][debug][class,load,placeholders] superThreadQ threads:0x00007f8f4f008800, 
[0.144s][debug][class,load,placeholders] defineThreadQ threads:
[0.144s][debug][class,load,placeholders] find_and_add LOAD_INSTANCE 'jdk/internal/access/JavaNioAccess', loader loader data: 0x00006000032ac000 of 'bootstrap'
[0.144s][debug][class,load,placeholders] loadInstanceThreadQ threads:0x00007f8f4f008800, 
[0.144s][debug][class,load,placeholders] superThreadQ threads:
[0.144s][debug][class,load,placeholders] defineThreadQ threads:
[0.144s][trace][cds,unshareable        ] restore: jdk.internal.access.JavaNioAccess
[0.144s][trace][class,loader,data      ] Adding k: 0x00000001301e1da0 jdk.internal.access.JavaNioAccess to loader data: 0x00006000032ac000 of 'bootstrap'
[0.144s][debug][cds,mirror             ] jdk.internal.access.JavaNioAccess has raw archived mirror
[0.144s][debug][cds,heap               ] Clearing root 774: was 0x00000007ffb15418
[0.144s][debug][cds,mirror             ] Archived mirror is: 0x00000007ffb15418
[0.144s][trace][cds,heap,mirror        ] Restored jdk.internal.access.JavaNioAccess archived mirror 0x00000007ffb15418
[0.144s][info ][class,load             ] jdk.internal.access.JavaNioAccess source: shared objects file
[0.144s][debug][class,load             ]  klass: 0x00000001301e1da0 super: 0x0000000130000db8 loader: [loader data: 0x00006000032ac000 of 'bootstrap']
[0.144s][debug][class,load,placeholders] find_and_add DEFINE_CLASS 'jdk/internal/access/JavaNioAccess', loader loader data: 0x00006000032ac000 of 'bootstrap'
[0.144s][debug][class,load,placeholders] loadInstanceThreadQ threads:0x00007f8f4f008800, 
[0.144s][debug][class,load,placeholders] superThreadQ threads:
[0.144s][debug][class,load,placeholders] defineThreadQ threads:0x00007f8f4f008800, 
[0.144s][debug][class,load,placeholders] find_and_remove DEFINE_CLASS 'jdk/internal/access/JavaNioAccess', loader loader data: 0x00006000032ac000 of 'bootstrap', InstanceKlass 'jdk/internal/access/JavaNioAccess'
[0.144s][debug][class,load,placeholders] loadInstanceThreadQ threads:0x00007f8f4f008800, 
[0.144s][debug][class,load,placeholders] superThreadQ threads:
[0.144s][debug][class,load,placeholders] defineThreadQ threads:0x00007f8f4f008800, 
[0.144s][debug][class,load,placeholders] find_and_remove LOAD_INSTANCE 'jdk/internal/access/JavaNioAccess', loader loader data: 0x00006000032ac000 of 'bootstrap', InstanceKlass 'jdk/internal/access/JavaNioAccess'
[0.144s][debug][class,load,placeholders] loadInstanceThreadQ threads:0x00007f8f4f008800, 
[0.144s][debug][class,load,placeholders] superThreadQ threads:
[0.144s][debug][class,load,placeholders] defineThreadQ threads:
[0.144s][debug][class,load,placeholders] find_and_remove LOAD_SUPER 'java/nio/Buffer$1', loader loader data: 0x00006000032ac000 of 'bootstrap', supername 'jdk/internal/access/JavaNioAccess'
[0.144s][debug][class,load,placeholders] loadInstanceThreadQ threads:0x00007f8f4f008800, 
[0.144s][debug][class,load,placeholders] superThreadQ threads:0x00007f8f4f008800, 
[0.144s][debug][class,load,placeholders] defineThreadQ threads:
[0.144s][trace][cds,unshareable        ] restore: java.nio.Buffer$1
[0.144s][trace][class,loader,data      ] Adding k: 0x00000001301e1a58 java.nio.Buffer$1 to loader data: 0x00006000032ac000 of 'bootstrap'
[0.144s][debug][cds,mirror             ] java.nio.Buffer$1 has raw archived mirror
[0.144s][debug][cds,heap               ] Clearing root 724: was 0x00000007ffb13f60
[0.144s][debug][cds,mirror             ] Archived mirror is: 0x00000007ffb13f60
[0.144s][trace][cds,heap,mirror        ] Restored java.nio.Buffer$1 archived mirror 0x00000007ffb13f60
[0.144s][debug][cds,heap               ] Clearing root 725: was 0x00000007ffb13fd0
[0.144s][info ][class,load             ] java.nio.Buffer$1 source: shared objects file
[0.144s][debug][class,load             ]  klass: 0x00000001301e1a58 super: 0x0000000130000db8 interfaces: 0x00000001301e1da0 loader: [loader data: 0x00006000032ac000 of 'bootstrap']
[0.144s][debug][class,load,placeholders] find_and_add DEFINE_CLASS 'java/nio/Buffer$1', loader loader data: 0x00006000032ac000 of 'bootstrap', supername 'jdk/internal/access/JavaNioAccess'
[0.144s][debug][class,load,placeholders] loadInstanceThreadQ threads:0x00007f8f4f008800, 
[0.144s][debug][class,load,placeholders] superThreadQ threads:
[0.144s][debug][class,load,placeholders] defineThreadQ threads:0x00007f8f4f008800, 
[0.144s][debug][class,load,placeholders] find_and_remove DEFINE_CLASS 'java/nio/Buffer$1', loader loader data: 0x00006000032ac000 of 'bootstrap', supername 'jdk/internal/access/JavaNioAccess', InstanceKlass 'java/nio/Buffer$1'
[0.144s][debug][class,load,placeholders] loadInstanceThreadQ threads:0x00007f8f4f008800, 
[0.144s][debug][class,load,placeholders] superThreadQ threads:
[0.144s][debug][class,load,placeholders] defineThreadQ threads:0x00007f8f4f008800, 
[0.144s][debug][class,load,placeholders] find_and_remove LOAD_INSTANCE 'java/nio/Buffer$1', loader loader data: 0x00006000032ac000 of 'bootstrap', supername 'jdk/internal/access/JavaNioAccess', InstanceKlass 'java/nio/Buffer$1'
[0.144s][debug][class,load,placeholders] loadInstanceThreadQ threads:0x00007f8f4f008800, 
[0.144s][debug][class,load,placeholders] superThreadQ threads:
[0.144s][debug][class,load,placeholders] defineThreadQ threads:
[0.144s][debug][class,resolve          ] java.nio.Buffer java.nio.Buffer$1 Buffer.java:779
[0.144s][info ][class,init             ] 124 Initializing 'java/nio/Buffer$1'(no method) (0x00000001301e1a58)
[0.144s][trace][metaspace              ] Arena @0x00006000016b2200 (non-class sm): requested 7 words.
[0.144s][trace][metaspace              ] Arena @0x00006000016b2200 (non-class sm): after allocation: 1 chunk(s), current:@0x00007f8f2d80b248, u, base 0x0000000171000000, level lv02 (524288), used: 2815, committed: 8192, committed-free: 5377
[0.144s][trace][metaspace              ] Arena @0x00006000016b2200 (non-class sm): returning 0x00000001710057c0.
[0.144s][trace][metaspace              ] Metaspace::allocate: type 13 return 0x00000001710057c0.
[0.144s][debug][class,resolve          ] java.nio.Buffer$1 java.lang.Object Buffer.java:780
[0.144s][debug][class,resolve          ] java.nio.Buffer jdk.internal.access.SharedSecrets Buffer.java:779
[0.144s][trace][metaspace              ] Arena @0x00006000016b2200 (non-class sm): requested 7 words.
[0.144s][trace][metaspace              ] Arena @0x00006000016b2200 (non-class sm): after allocation: 1 chunk(s), current:@0x00007f8f2d80b248, u, base 0x0000000171000000, level lv02 (524288), used: 2822, committed: 8192, committed-free: 5370
[0.144s][trace][metaspace              ] Arena @0x00006000016b2200 (non-class sm): returning 0x00000001710057f8.
[0.144s][trace][metaspace              ] Metaspace::allocate: type 13 return 0x00000001710057f8.
[0.145s][info ][class,init             ] 125 Initializing 'java/nio/ByteBuffer' (0x000000013008e220)
[0.145s][trace][metaspace              ] Arena @0x00006000016b2200 (non-class sm): requested 7 words.
[0.145s][trace][metaspace              ] Arena @0x00006000016b2200 (non-class sm): after allocation: 1 chunk(s), current:@0x00007f8f2d80b248, u, base 0x0000000171000000, level lv02 (524288), used: 2829, committed: 8192, committed-free: 5363
[0.145s][trace][metaspace              ] Arena @0x00006000016b2200 (non-class sm): returning 0x0000000171005830.
[0.145s][trace][metaspace              ] Metaspace::allocate: type 13 return 0x0000000171005830.
[0.145s][debug][class,resolve          ] java.nio.ByteBuffer java.lang.Class ByteBuffer.java:267
[0.145s][debug][class,resolve          ] java.nio.ByteBuffer [B ByteBuffer.java:272
[0.145s][debug][class,resolve          ] java.nio.ByteBuffer jdk.internal.misc.Unsafe ByteBuffer.java:272
[0.145s][trace][metaspace              ] Arena @0x00006000016b2200 (non-class sm): requested 7 words.
[0.145s][trace][metaspace              ] Arena @0x00006000016b2200 (non-class sm): after allocation: 1 chunk(s), current:@0x00007f8f2d80b248, u, base 0x0000000171000000, level lv02 (524288), used: 2836, committed: 8192, committed-free: 5356
[0.145s][trace][metaspace              ] Arena @0x00006000016b2200 (non-class sm): returning 0x0000000171005868.
[0.145s][trace][metaspace              ] Metaspace::allocate: type 13 return 0x0000000171005868.
[0.145s][debug][class,load,placeholders] find_and_add LOAD_INSTANCE 'java/nio/HeapByteBuffer', loader loader data: 0x00006000032ac000 of 'bootstrap'
[0.145s][debug][class,load,placeholders] loadInstanceThreadQ threads:0x00007f8f4f008800, 
[0.145s][debug][class,load,placeholders] superThreadQ threads:
[0.145s][debug][class,load,placeholders] defineThreadQ threads:
[0.145s][trace][cds,unshareable        ] restore: java.nio.HeapByteBuffer
[0.145s][trace][class,loader,data      ] Adding k: 0x00000001302021f0 java.nio.HeapByteBuffer to loader data: 0x00006000032ac000 of 'bootstrap'
[0.145s][debug][cds,mirror             ] java.nio.HeapByteBuffer has raw archived mirror
[0.145s][debug][cds,heap               ] Clearing root 893: was 0x00000007ffb186b8
[0.145s][debug][cds,mirror             ] Archived mirror is: 0x00000007ffb186b8
[0.145s][trace][cds,heap,mirror        ] Restored java.nio.HeapByteBuffer archived mirror 0x00000007ffb186b8
[0.145s][info ][class,load             ] java.nio.HeapByteBuffer source: shared objects file
[0.145s][debug][class,load             ]  klass: 0x00000001302021f0 super: 0x000000013008e220 loader: [loader data: 0x00006000032ac000 of 'bootstrap']
[0.145s][debug][class,load,placeholders] find_and_add DEFINE_CLASS 'java/nio/HeapByteBuffer', loader loader data: 0x00006000032ac000 of 'bootstrap'
[0.145s][debug][class,load,placeholders] loadInstanceThreadQ threads:0x00007f8f4f008800, 
[0.145s][debug][class,load,placeholders] superThreadQ threads:
[0.145s][debug][class,load,placeholders] defineThreadQ threads:0x00007f8f4f008800, 
[0.145s][debug][class,load,placeholders] find_and_remove DEFINE_CLASS 'java/nio/HeapByteBuffer', loader loader data: 0x00006000032ac000 of 'bootstrap', InstanceKlass 'java/nio/HeapByteBuffer'
[0.145s][debug][class,load,placeholders] loadInstanceThreadQ threads:0x00007f8f4f008800, 
[0.145s][debug][class,load,placeholders] superThreadQ threads:
[0.145s][debug][class,load,placeholders] defineThreadQ threads:0x00007f8f4f008800, 
[0.145s][debug][class,load,placeholders] find_and_remove LOAD_INSTANCE 'java/nio/HeapByteBuffer', loader loader data: 0x00006000032ac000 of 'bootstrap', InstanceKlass 'java/nio/HeapByteBuffer'
[0.145s][debug][class,load,placeholders] loadInstanceThreadQ threads:0x00007f8f4f008800, 
[0.145s][debug][class,load,placeholders] superThreadQ threads:
[0.145s][debug][class,load,placeholders] defineThreadQ threads:
[0.145s][debug][class,resolve          ] java.nio.ByteBuffer java.nio.HeapByteBuffer ByteBuffer.java:363
[0.145s][info ][class,init             ] 126 Initializing 'java/nio/HeapByteBuffer' (0x00000001302021f0)
[0.145s][trace][metaspace              ] Arena @0x00006000016b2200 (non-class sm): requested 7 words.
[0.145s][trace][metaspace              ] Arena @0x00006000016b2200 (non-class sm): after allocation: 1 chunk(s), current:@0x00007f8f2d80b248, u, base 0x0000000171000000, level lv02 (524288), used: 2843, committed: 8192, committed-free: 5349
[0.145s][trace][metaspace              ] Arena @0x00006000016b2200 (non-class sm): returning 0x00000001710058a0.
[0.145s][trace][metaspace              ] Metaspace::allocate: type 13 return 0x00000001710058a0.
[0.145s][debug][class,resolve          ] java.nio.HeapByteBuffer java.lang.Class HeapByteBuffer.java:44
[0.145s][debug][class,resolve          ] java.nio.HeapByteBuffer [B HeapByteBuffer.java:48
[0.145s][debug][class,resolve          ] java.nio.HeapByteBuffer jdk.internal.misc.Unsafe HeapByteBuffer.java:48
[0.145s][trace][metaspace              ] Arena @0x00006000016b2200 (non-class sm): requested 7 words.
[0.145s][trace][metaspace              ] Arena @0x00006000016b2200 (non-class sm): after allocation: 1 chunk(s), current:@0x00007f8f2d80b248, u, base 0x0000000171000000, level lv02 (524288), used: 2850, committed: 8192, committed-free: 5342
[0.145s][trace][metaspace              ] Arena @0x00006000016b2200 (non-class sm): returning 0x00000001710058d8.
[0.145s][trace][metaspace              ] Metaspace::allocate: type 13 return 0x00000001710058d8.
[0.145s][debug][class,resolve          ] java.nio.HeapByteBuffer java.nio.ByteBuffer HeapByteBuffer.java:64
[0.145s][trace][metaspace              ] Arena @0x00006000016b2200 (non-class sm): requested 7 words.
[0.145s][trace][metaspace              ] Arena @0x00006000016b2200 (non-class sm): after allocation: 1 chunk(s), current:@0x00007f8f2d80b248, u, base 0x0000000171000000, level lv02 (524288), used: 2857, committed: 8192, committed-free: 5335
[0.145s][trace][metaspace              ] Arena @0x00006000016b2200 (non-class sm): returning 0x0000000171005910.
[0.145s][trace][metaspace              ] Metaspace::allocate: type 13 return 0x0000000171005910.
[0.145s][debug][class,resolve          ] java.nio.ByteBuffer java.nio.Buffer ByteBuffer.java:288
[0.145s][trace][metaspace              ] Arena @0x00006000016b2200 (non-class sm): requested 7 words.
[0.145s][trace][metaspace              ] Arena @0x00006000016b2200 (non-class sm): after allocation: 1 chunk(s), current:@0x00007f8f2d80b248, u, base 0x0000000171000000, level lv02 (524288), used: 2864, committed: 8192, committed-free: 5328
[0.145s][trace][metaspace              ] Arena @0x00006000016b2200 (non-class sm): returning 0x0000000171005948.
[0.145s][trace][metaspace              ] Metaspace::allocate: type 13 return 0x0000000171005948.
[0.145s][debug][class,resolve          ] java.nio.Buffer java.lang.Object Buffer.java:240
[0.145s][trace][metaspace              ] Arena @0x00006000016b2200 (non-class sm): requested 7 words.
[0.145s][trace][metaspace              ] Arena @0x00006000016b2200 (non-class sm): after allocation: 1 chunk(s), current:@0x00007f8f2d80b248, u, base 0x0000000171000000, level lv02 (524288), used: 2871, committed: 8192, committed-free: 5321
[0.145s][trace][metaspace              ] Arena @0x00006000016b2200 (non-class sm): returning 0x0000000171005980.
[0.145s][trace][metaspace              ] Metaspace::allocate: type 13 return 0x0000000171005980.
[0.145s][trace][metaspace              ] Arena @0x00006000016b2200 (non-class sm): requested 7 words.
[0.145s][trace][metaspace              ] Arena @0x00006000016b2200 (non-class sm): after allocation: 1 chunk(s), current:@0x00007f8f2d80b248, u, base 0x0000000171000000, level lv02 (524288), used: 2878, committed: 8192, committed-free: 5314
[0.145s][trace][metaspace              ] Arena @0x00006000016b2200 (non-class sm): returning 0x00000001710059b8.
[0.145s][trace][metaspace              ] Metaspace::allocate: type 13 return 0x00000001710059b8.
[0.145s][trace][metaspace              ] Arena @0x00006000016b2200 (non-class sm): requested 7 words.
[0.145s][trace][metaspace              ] Arena @0x00006000016b2200 (non-class sm): after allocation: 1 chunk(s), current:@0x00007f8f2d80b248, u, base 0x0000000171000000, level lv02 (524288), used: 2885, committed: 8192, committed-free: 5307
[0.145s][trace][metaspace              ] Arena @0x00006000016b2200 (non-class sm): returning 0x00000001710059f0.
[0.145s][trace][metaspace              ] Metaspace::allocate: type 13 return 0x00000001710059f0.
[0.145s][trace][metaspace              ] Arena @0x00006000016b2200 (non-class sm): requested 7 words.
[0.145s][trace][metaspace              ] Arena @0x00006000016b2200 (non-class sm): after allocation: 1 chunk(s), current:@0x00007f8f2d80b248, u, base 0x0000000171000000, level lv02 (524288), used: 2892, committed: 8192, committed-free: 5300
[0.145s][trace][metaspace              ] Arena @0x00006000016b2200 (non-class sm): returning 0x0000000171005a28.
[0.145s][trace][metaspace              ] Metaspace::allocate: type 13 return 0x0000000171005a28.
[0.145s][trace][metaspace              ] Arena @0x00006000016b2200 (non-class sm): requested 7 words.
[0.145s][trace][metaspace              ] Arena @0x00006000016b2200 (non-class sm): after allocation: 1 chunk(s), current:@0x00007f8f2d80b248, u, base 0x0000000171000000, level lv02 (524288), used: 2899, committed: 8192, committed-free: 5293
[0.145s][trace][metaspace              ] Arena @0x00006000016b2200 (non-class sm): returning 0x0000000171005a60.
[0.145s][trace][metaspace              ] Metaspace::allocate: type 13 return 0x0000000171005a60.
[0.145s][trace][metaspace              ] Arena @0x00006000016b2200 (non-class sm): requested 7 words.
[0.145s][trace][metaspace              ] Arena @0x00006000016b2200 (non-class sm): after allocation: 1 chunk(s), current:@0x00007f8f2d80b248, u, base 0x0000000171000000, level lv02 (524288), used: 2906, committed: 8192, committed-free: 5286
[0.145s][trace][metaspace              ] Arena @0x00006000016b2200 (non-class sm): returning 0x0000000171005a98.
[0.145s][trace][metaspace              ] Metaspace::allocate: type 13 return 0x0000000171005a98.
[0.145s][debug][class,load,placeholders] find_and_add LOAD_INSTANCE 'java/nio/ByteOrder', loader loader data: 0x00006000032ac000 of 'bootstrap'
[0.145s][debug][class,load,placeholders] loadInstanceThreadQ threads:0x00007f8f4f008800, 
[0.145s][debug][class,load,placeholders] superThreadQ threads:
[0.145s][debug][class,load,placeholders] defineThreadQ threads:
[0.145s][trace][cds,unshareable        ] restore: java.nio.ByteOrder
[0.146s][trace][class,loader,data      ] Adding k: 0x000000013001e528 java.nio.ByteOrder to loader data: 0x00006000032ac000 of 'bootstrap'
[0.146s][debug][cds,mirror             ] java.nio.ByteOrder has raw archived mirror
[0.146s][debug][cds,heap               ] Clearing root 785: was 0x00000007ffb158f0
[0.146s][debug][cds,mirror             ] Archived mirror is: 0x00000007ffb158f0
[0.146s][trace][cds,heap,mirror        ] Restored java.nio.ByteOrder archived mirror 0x00000007ffb158f0
[0.146s][debug][cds,heap               ] Clearing root 786: was 0x00000007ffb15970
[0.146s][info ][class,load             ] java.nio.ByteOrder source: shared objects file
[0.146s][debug][class,load             ]  klass: 0x000000013001e528 super: 0x0000000130000db8 loader: [loader data: 0x00006000032ac000 of 'bootstrap']
[0.146s][debug][class,load,placeholders] find_and_add DEFINE_CLASS 'java/nio/ByteOrder', loader loader data: 0x00006000032ac000 of 'bootstrap'
[0.146s][debug][class,load,placeholders] loadInstanceThreadQ threads:0x00007f8f4f008800, 
[0.146s][debug][class,load,placeholders] superThreadQ threads:
[0.146s][debug][class,load,placeholders] defineThreadQ threads:0x00007f8f4f008800, 
[0.146s][debug][class,load,placeholders] find_and_remove DEFINE_CLASS 'java/nio/ByteOrder', loader loader data: 0x00006000032ac000 of 'bootstrap', InstanceKlass 'java/nio/ByteOrder'
[0.146s][debug][class,load,placeholders] loadInstanceThreadQ threads:0x00007f8f4f008800, 
[0.146s][debug][class,load,placeholders] superThreadQ threads:
[0.146s][debug][class,load,placeholders] defineThreadQ threads:0x00007f8f4f008800, 
[0.146s][debug][class,load,placeholders] find_and_remove LOAD_INSTANCE 'java/nio/ByteOrder', loader loader data: 0x00006000032ac000 of 'bootstrap', InstanceKlass 'java/nio/ByteOrder'
[0.146s][debug][class,load,placeholders] loadInstanceThreadQ threads:0x00007f8f4f008800, 
[0.146s][debug][class,load,placeholders] superThreadQ threads:
[0.146s][debug][class,load,placeholders] defineThreadQ threads:
[0.146s][debug][class,resolve          ] java.nio.ByteBuffer java.nio.ByteOrder ByteBuffer.java:2083
[0.146s][info ][class,init             ] 127 Initializing 'java/nio/ByteOrder' (0x000000013001e528)
[0.146s][trace][metaspace              ] Arena @0x00006000016b2200 (non-class sm): requested 7 words.
[0.146s][trace][metaspace              ] Arena @0x00006000016b2200 (non-class sm): after allocation: 1 chunk(s), current:@0x00007f8f2d80b248, u, base 0x0000000171000000, level lv02 (524288), used: 2913, committed: 8192, committed-free: 5279
[0.146s][trace][metaspace              ] Arena @0x00006000016b2200 (non-class sm): returning 0x0000000171005ad0.
[0.146s][trace][metaspace              ] Metaspace::allocate: type 13 return 0x0000000171005ad0.
[0.146s][trace][metaspace              ] Arena @0x00006000016b2200 (non-class sm): requested 7 words.
[0.146s][trace][metaspace              ] Arena @0x00006000016b2200 (non-class sm): after allocation: 1 chunk(s), current:@0x00007f8f2d80b248, u, base 0x0000000171000000, level lv02 (524288), used: 2920, committed: 8192, committed-free: 5272
[0.146s][trace][metaspace              ] Arena @0x00006000016b2200 (non-class sm): returning 0x0000000171005b08.
[0.146s][trace][metaspace              ] Metaspace::allocate: type 13 return 0x0000000171005b08.
[0.146s][debug][class,resolve          ] java.nio.ByteOrder java.lang.Object ByteOrder.java:42
[0.146s][debug][class,resolve          ] java.nio.ByteOrder jdk.internal.misc.Unsafe ByteOrder.java:64
[0.146s][trace][metaspace              ] Arena @0x00006000016b2200 (non-class sm): requested 7 words.
[0.146s][trace][metaspace              ] Arena @0x00006000016b2200 (non-class sm): after allocation: 1 chunk(s), current:@0x00007f8f2d80b248, u, base 0x0000000171000000, level lv02 (524288), used: 2927, committed: 8192, committed-free: 5265
[0.146s][trace][metaspace              ] Arena @0x00006000016b2200 (non-class sm): returning 0x0000000171005b40.
[0.146s][trace][metaspace              ] Metaspace::allocate: type 13 return 0x0000000171005b40.
[0.146s][trace][metaspace              ] Arena @0x00006000016b2200 (non-class sm): requested 7 words.
[0.146s][trace][metaspace              ] Arena @0x00006000016b2200 (non-class sm): after allocation: 1 chunk(s), current:@0x00007f8f2d80b248, u, base 0x0000000171000000, level lv02 (524288), used: 2934, committed: 8192, committed-free: 5258
[0.146s][trace][metaspace              ] Arena @0x00006000016b2200 (non-class sm): returning 0x0000000171005b78.
[0.146s][trace][metaspace              ] Metaspace::allocate: type 13 return 0x0000000171005b78.
[0.146s][debug][class,load,placeholders] find_and_add LOAD_INSTANCE 'java/io/BufferedWriter', loader loader data: 0x00006000032ac000 of 'bootstrap'
[0.146s][debug][class,load,placeholders] loadInstanceThreadQ threads:0x00007f8f4f008800, 
[0.146s][debug][class,load,placeholders] superThreadQ threads:
[0.146s][debug][class,load,placeholders] defineThreadQ threads:
[0.146s][trace][cds,unshareable        ] restore: java.io.BufferedWriter
[0.146s][trace][class,loader,data      ] Adding k: 0x000000013001e768 java.io.BufferedWriter to loader data: 0x00006000032ac000 of 'bootstrap'
[0.146s][debug][cds,mirror             ] java.io.BufferedWriter has raw archived mirror
[0.146s][debug][cds,heap               ] Clearing root 493: was 0x00000007ffb0da78
[0.146s][debug][cds,mirror             ] Archived mirror is: 0x00000007ffb0da78
[0.146s][trace][cds,heap,mirror        ] Restored java.io.BufferedWriter archived mirror 0x00000007ffb0da78
[0.146s][debug][cds,heap               ] Clearing root 494: was 0x00000007ffb0daf0
[0.146s][info ][class,load             ] java.io.BufferedWriter source: shared objects file
[0.146s][debug][class,load             ]  klass: 0x000000013001e768 super: 0x00000001300ad5e8 loader: [loader data: 0x00006000032ac000 of 'bootstrap']
[0.146s][debug][class,load,placeholders] find_and_add DEFINE_CLASS 'java/io/BufferedWriter', loader loader data: 0x00006000032ac000 of 'bootstrap'
[0.146s][debug][class,load,placeholders] loadInstanceThreadQ threads:0x00007f8f4f008800, 
[0.146s][debug][class,load,placeholders] superThreadQ threads:
[0.146s][debug][class,load,placeholders] defineThreadQ threads:0x00007f8f4f008800, 
[0.146s][debug][class,load,placeholders] find_and_remove DEFINE_CLASS 'java/io/BufferedWriter', loader loader data: 0x00006000032ac000 of 'bootstrap', InstanceKlass 'java/io/BufferedWriter'
[0.146s][debug][class,load,placeholders] loadInstanceThreadQ threads:0x00007f8f4f008800, 
[0.146s][debug][class,load,placeholders] superThreadQ threads:
[0.146s][debug][class,load,placeholders] defineThreadQ threads:0x00007f8f4f008800, 
[0.146s][debug][class,load,placeholders] find_and_remove LOAD_INSTANCE 'java/io/BufferedWriter', loader loader data: 0x00006000032ac000 of 'bootstrap', InstanceKlass 'java/io/BufferedWriter'
[0.146s][debug][class,load,placeholders] loadInstanceThreadQ threads:0x00007f8f4f008800, 
[0.146s][debug][class,load,placeholders] superThreadQ threads:
[0.146s][debug][class,load,placeholders] defineThreadQ threads:
[0.146s][debug][class,resolve          ] java.io.PrintStream java.io.BufferedWriter PrintStream.java:200
[0.146s][info ][class,init             ] 128 Initializing 'java/io/BufferedWriter' (0x000000013001e768)
[0.146s][trace][metaspace              ] Arena @0x00006000016b2200 (non-class sm): requested 7 words.
[0.146s][trace][metaspace              ] Arena @0x00006000016b2200 (non-class sm): after allocation: 1 chunk(s), current:@0x00007f8f2d80b248, u, base 0x0000000171000000, level lv02 (524288), used: 2941, committed: 8192, committed-free: 5251
[0.146s][trace][metaspace              ] Arena @0x00006000016b2200 (non-class sm): returning 0x0000000171005bb0.
[0.146s][trace][metaspace              ] Metaspace::allocate: type 13 return 0x0000000171005bb0.
[0.146s][trace][metaspace              ] Arena @0x00006000016b2200 (non-class sm): requested 7 words.
[0.146s][trace][metaspace              ] Arena @0x00006000016b2200 (non-class sm): after allocation: 1 chunk(s), current:@0x00007f8f2d80b248, u, base 0x0000000171000000, level lv02 (524288), used: 2948, committed: 8192, committed-free: 5244
[0.146s][trace][metaspace              ] Arena @0x00006000016b2200 (non-class sm): returning 0x0000000171005be8.
[0.146s][trace][metaspace              ] Metaspace::allocate: type 13 return 0x0000000171005be8.
[0.146s][trace][metaspace              ] Arena @0x00006000016b2200 (non-class sm): requested 7 words.
[0.146s][trace][metaspace              ] Arena @0x00006000016b2200 (non-class sm): after allocation: 1 chunk(s), current:@0x00007f8f2d80b248, u, base 0x0000000171000000, level lv02 (524288), used: 2955, committed: 8192, committed-free: 5237
[0.146s][trace][metaspace              ] Arena @0x00006000016b2200 (non-class sm): returning 0x0000000171005c20.
[0.146s][trace][metaspace              ] Metaspace::allocate: type 13 return 0x0000000171005c20.
[0.146s][debug][class,resolve          ] java.io.BufferedWriter java.io.Writer BufferedWriter.java:95
[0.146s][trace][metaspace              ] Arena @0x00006000016b2200 (non-class sm): requested 7 words.
[0.146s][trace][metaspace              ] Arena @0x00006000016b2200 (non-class sm): after allocation: 1 chunk(s), current:@0x00007f8f2d80b248, u, base 0x0000000171000000, level lv02 (524288), used: 2962, committed: 8192, committed-free: 5230
[0.146s][trace][metaspace              ] Arena @0x00006000016b2200 (non-class sm): returning 0x0000000171005c58.
[0.146s][trace][metaspace              ] Metaspace::allocate: type 13 return 0x0000000171005c58.
[0.146s][debug][jni,resolve            ] [Dynamic-linking native method java.lang.System.setOut0 ... JNI]
[0.147s][trace][metaspace              ] Arena @0x00006000016b2200 (non-class sm): requested 7 words.
[0.147s][trace][metaspace              ] Arena @0x00006000016b2200 (non-class sm): after allocation: 1 chunk(s), current:@0x00007f8f2d80b248, u, base 0x0000000171000000, level lv02 (524288), used: 2969, committed: 8192, committed-free: 5223
[0.147s][trace][metaspace              ] Arena @0x00006000016b2200 (non-class sm): returning 0x0000000171005c90.
[0.147s][trace][metaspace              ] Metaspace::allocate: type 13 return 0x0000000171005c90.
[0.147s][debug][jni,resolve            ] [Dynamic-linking native method java.lang.System.setErr0 ... JNI]
[0.147s][debug][class,load,placeholders] find_and_add LOAD_INSTANCE 'java/lang/Terminator', loader loader data: 0x00006000032ac000 of 'bootstrap'
[0.147s][debug][class,load,placeholders] loadInstanceThreadQ threads:0x00007f8f4f008800, 
[0.147s][debug][class,load,placeholders] superThreadQ threads:
[0.147s][debug][class,load,placeholders] defineThreadQ threads:
[0.147s][trace][cds,unshareable        ] restore: java.lang.Terminator
[0.147s][trace][class,loader,data      ] Adding k: 0x000000013001e2f0 java.lang.Terminator to loader data: 0x00006000032ac000 of 'bootstrap'
[0.147s][debug][cds,mirror             ] java.lang.Terminator has raw archived mirror
[0.147s][debug][cds,heap               ] Clearing root 428: was 0x00000007ffb0be50
[0.147s][debug][cds,mirror             ] Archived mirror is: 0x00000007ffb0be50
[0.147s][trace][cds,heap,mirror        ] Restored java.lang.Terminator archived mirror 0x00000007ffb0be50
[0.147s][debug][cds,heap               ] Clearing root 429: was 0x00000007ffb0bec8
[0.147s][info ][class,load             ] java.lang.Terminator source: shared objects file
[0.147s][debug][class,load             ]  klass: 0x000000013001e2f0 super: 0x0000000130000db8 loader: [loader data: 0x00006000032ac000 of 'bootstrap']
[0.147s][debug][class,load,placeholders] find_and_add DEFINE_CLASS 'java/lang/Terminator', loader loader data: 0x00006000032ac000 of 'bootstrap'
[0.147s][debug][class,load,placeholders] loadInstanceThreadQ threads:0x00007f8f4f008800, 
[0.147s][debug][class,load,placeholders] superThreadQ threads:
[0.147s][debug][class,load,placeholders] defineThreadQ threads:0x00007f8f4f008800, 
[0.147s][debug][class,load,placeholders] find_and_remove DEFINE_CLASS 'java/lang/Terminator', loader loader data: 0x00006000032ac000 of 'bootstrap', InstanceKlass 'java/lang/Terminator'
[0.147s][debug][class,load,placeholders] loadInstanceThreadQ threads:0x00007f8f4f008800, 
[0.147s][debug][class,load,placeholders] superThreadQ threads:
[0.147s][debug][class,load,placeholders] defineThreadQ threads:0x00007f8f4f008800, 
[0.147s][debug][class,load,placeholders] find_and_remove LOAD_INSTANCE 'java/lang/Terminator', loader loader data: 0x00006000032ac000 of 'bootstrap', InstanceKlass 'java/lang/Terminator'
[0.147s][debug][class,load,placeholders] loadInstanceThreadQ threads:0x00007f8f4f008800, 
[0.147s][debug][class,load,placeholders] superThreadQ threads:
[0.147s][debug][class,load,placeholders] defineThreadQ threads:
[0.147s][debug][class,resolve          ] java.lang.System java.lang.Terminator System.java:2124
[0.147s][info ][class,init             ] 129 Initializing 'java/lang/Terminator' (0x000000013001e2f0)
[0.147s][trace][metaspace              ] Arena @0x00006000016b2200 (non-class sm): requested 7 words.
[0.147s][trace][metaspace              ] Arena @0x00006000016b2200 (non-class sm): after allocation: 1 chunk(s), current:@0x00007f8f2d80b248, u, base 0x0000000171000000, level lv02 (524288), used: 2976, committed: 8192, committed-free: 5216
[0.147s][trace][metaspace              ] Arena @0x00006000016b2200 (non-class sm): returning 0x0000000171005cc8.
[0.147s][trace][metaspace              ] Metaspace::allocate: type 13 return 0x0000000171005cc8.
[0.147s][trace][metaspace              ] Arena @0x00006000016b2200 (non-class sm): requested 7 words.
[0.147s][trace][metaspace              ] Arena @0x00006000016b2200 (non-class sm): after allocation: 1 chunk(s), current:@0x00007f8f2d80b248, u, base 0x0000000171000000, level lv02 (524288), used: 2983, committed: 8192, committed-free: 5209
[0.147s][trace][metaspace              ] Arena @0x00006000016b2200 (non-class sm): returning 0x0000000171005d00.
[0.147s][trace][metaspace              ] Metaspace::allocate: type 13 return 0x0000000171005d00.
[0.147s][debug][class,load,placeholders] find_and_add LOAD_INSTANCE 'java/lang/Terminator$1', loader loader data: 0x00006000032ac000 of 'bootstrap'
[0.147s][debug][class,load,placeholders] loadInstanceThreadQ threads:0x00007f8f4f008800, 
[0.147s][debug][class,load,placeholders] superThreadQ threads:
[0.147s][debug][class,load,placeholders] defineThreadQ threads:
[0.147s][debug][class,load,placeholders] find_and_add LOAD_SUPER 'java/lang/Terminator$1', loader loader data: 0x00006000032ac000 of 'bootstrap', supername 'jdk/internal/misc/Signal$Handler'
[0.147s][debug][class,load,placeholders] loadInstanceThreadQ threads:0x00007f8f4f008800, 
[0.147s][debug][class,load,placeholders] superThreadQ threads:0x00007f8f4f008800, 
[0.147s][debug][class,load,placeholders] defineThreadQ threads:
[0.147s][debug][class,load,placeholders] find_and_add LOAD_INSTANCE 'jdk/internal/misc/Signal$Handler', loader loader data: 0x00006000032ac000 of 'bootstrap'
[0.147s][debug][class,load,placeholders] loadInstanceThreadQ threads:0x00007f8f4f008800, 
[0.147s][debug][class,load,placeholders] superThreadQ threads:
[0.147s][debug][class,load,placeholders] defineThreadQ threads:
[0.147s][trace][cds,unshareable        ] restore: jdk.internal.misc.Signal$Handler
[0.147s][trace][class,loader,data      ] Adding k: 0x000000013007ead0 jdk.internal.misc.Signal$Handler to loader data: 0x00006000032ac000 of 'bootstrap'
[0.147s][debug][cds,mirror             ] jdk.internal.misc.Signal$Handler has raw archived mirror
[0.147s][debug][cds,heap               ] Clearing root 902: was 0x00000007ffb18a30
[0.147s][debug][cds,mirror             ] Archived mirror is: 0x00000007ffb18a30
[0.147s][trace][cds,heap,mirror        ] Restored jdk.internal.misc.Signal$Handler archived mirror 0x00000007ffb18a30
[0.147s][info ][class,load             ] jdk.internal.misc.Signal$Handler source: shared objects file
[0.147s][debug][class,load             ]  klass: 0x000000013007ead0 super: 0x0000000130000db8 loader: [loader data: 0x00006000032ac000 of 'bootstrap']
[0.147s][debug][class,load,placeholders] find_and_add DEFINE_CLASS 'jdk/internal/misc/Signal$Handler', loader loader data: 0x00006000032ac000 of 'bootstrap'
[0.147s][debug][class,load,placeholders] loadInstanceThreadQ threads:0x00007f8f4f008800, 
[0.147s][debug][class,load,placeholders] superThreadQ threads:
[0.147s][debug][class,load,placeholders] defineThreadQ threads:0x00007f8f4f008800, 
[0.147s][debug][class,load,placeholders] find_and_remove DEFINE_CLASS 'jdk/internal/misc/Signal$Handler', loader loader data: 0x00006000032ac000 of 'bootstrap', InstanceKlass 'jdk/internal/misc/Signal$Handler'
[0.147s][debug][class,load,placeholders] loadInstanceThreadQ threads:0x00007f8f4f008800, 
[0.147s][debug][class,load,placeholders] superThreadQ threads:
[0.147s][debug][class,load,placeholders] defineThreadQ threads:0x00007f8f4f008800, 
[0.147s][debug][class,load,placeholders] find_and_remove LOAD_INSTANCE 'jdk/internal/misc/Signal$Handler', loader loader data: 0x00006000032ac000 of 'bootstrap', InstanceKlass 'jdk/internal/misc/Signal$Handler'
[0.147s][debug][class,load,placeholders] loadInstanceThreadQ threads:0x00007f8f4f008800, 
[0.147s][debug][class,load,placeholders] superThreadQ threads:
[0.147s][debug][class,load,placeholders] defineThreadQ threads:
[0.147s][debug][class,load,placeholders] find_and_remove LOAD_SUPER 'java/lang/Terminator$1', loader loader data: 0x00006000032ac000 of 'bootstrap', supername 'jdk/internal/misc/Signal$Handler'
[0.147s][debug][class,load,placeholders] loadInstanceThreadQ threads:0x00007f8f4f008800, 
[0.147s][debug][class,load,placeholders] superThreadQ threads:0x00007f8f4f008800, 
[0.147s][debug][class,load,placeholders] defineThreadQ threads:
[0.147s][trace][cds,unshareable        ] restore: java.lang.Terminator$1
[0.147s][trace][class,loader,data      ] Adding k: 0x000000013007e878 java.lang.Terminator$1 to loader data: 0x00006000032ac000 of 'bootstrap'
[0.147s][debug][cds,mirror             ] java.lang.Terminator$1 has raw archived mirror
[0.147s][debug][cds,heap               ] Clearing root 901: was 0x00000007ffb189c0
[0.147s][debug][cds,mirror             ] Archived mirror is: 0x00000007ffb189c0
[0.147s][trace][cds,heap,mirror        ] Restored java.lang.Terminator$1 archived mirror 0x00000007ffb189c0
[0.147s][info ][class,load             ] java.lang.Terminator$1 source: shared objects file
[0.147s][debug][class,load             ]  klass: 0x000000013007e878 super: 0x0000000130000db8 interfaces: 0x000000013007ead0 loader: [loader data: 0x00006000032ac000 of 'bootstrap']
[0.147s][debug][class,load,placeholders] find_and_add DEFINE_CLASS 'java/lang/Terminator$1', loader loader data: 0x00006000032ac000 of 'bootstrap', supername 'jdk/internal/misc/Signal$Handler'
[0.147s][debug][class,load,placeholders] loadInstanceThreadQ threads:0x00007f8f4f008800, 
[0.147s][debug][class,load,placeholders] superThreadQ threads:
[0.147s][debug][class,load,placeholders] defineThreadQ threads:0x00007f8f4f008800, 
[0.148s][debug][class,load,placeholders] find_and_remove DEFINE_CLASS 'java/lang/Terminator$1', loader loader data: 0x00006000032ac000 of 'bootstrap', supername 'jdk/internal/misc/Signal$Handler', InstanceKlass 'java/lang/Terminator$1'
[0.148s][debug][class,load,placeholders] loadInstanceThreadQ threads:0x00007f8f4f008800, 
[0.148s][debug][class,load,placeholders] superThreadQ threads:
[0.148s][debug][class,load,placeholders] defineThreadQ threads:0x00007f8f4f008800, 
[0.148s][debug][class,load,placeholders] find_and_remove LOAD_INSTANCE 'java/lang/Terminator$1', loader loader data: 0x00006000032ac000 of 'bootstrap', supername 'jdk/internal/misc/Signal$Handler', InstanceKlass 'java/lang/Terminator$1'
[0.148s][debug][class,load,placeholders] loadInstanceThreadQ threads:0x00007f8f4f008800, 
[0.148s][debug][class,load,placeholders] superThreadQ threads:
[0.148s][debug][class,load,placeholders] defineThreadQ threads:
[0.148s][debug][class,resolve          ] java.lang.Terminator java.lang.Terminator$1 Terminator.java:49
[0.148s][info ][class,init             ] 130 Initializing 'java/lang/Terminator$1'(no method) (0x000000013007e878)
[0.148s][trace][metaspace              ] Arena @0x00006000016b2200 (non-class sm): requested 7 words.
[0.148s][trace][metaspace              ] Arena @0x00006000016b2200 (non-class sm): after allocation: 1 chunk(s), current:@0x00007f8f2d80b248, u, base 0x0000000171000000, level lv02 (524288), used: 2990, committed: 8192, committed-free: 5202
[0.148s][trace][metaspace              ] Arena @0x00006000016b2200 (non-class sm): returning 0x0000000171005d38.
[0.148s][trace][metaspace              ] Metaspace::allocate: type 13 return 0x0000000171005d38.
[0.148s][debug][class,resolve          ] java.lang.Terminator$1 java.lang.Object Terminator.java:49
[0.148s][debug][class,load,placeholders] find_and_add LOAD_INSTANCE 'jdk/internal/misc/Signal', loader loader data: 0x00006000032ac000 of 'bootstrap'
[0.148s][debug][class,load,placeholders] loadInstanceThreadQ threads:0x00007f8f4f008800, 
[0.148s][debug][class,load,placeholders] superThreadQ threads:
[0.148s][debug][class,load,placeholders] defineThreadQ threads:
[0.148s][trace][cds,unshareable        ] restore: jdk.internal.misc.Signal
[0.148s][trace][class,loader,data      ] Adding k: 0x000000013007e638 jdk.internal.misc.Signal to loader data: 0x00006000032ac000 of 'bootstrap'
[0.148s][debug][cds,mirror             ] jdk.internal.misc.Signal has raw archived mirror
[0.148s][debug][cds,heap               ] Clearing root 130: was 0x00000007ffb03768
[0.148s][debug][cds,mirror             ] Archived mirror is: 0x00000007ffb03768
[0.148s][trace][cds,heap,mirror        ] Restored jdk.internal.misc.Signal archived mirror 0x00000007ffb03768
[0.148s][debug][cds,heap               ] Clearing root 131: was 0x00000007ffb037e0
[0.148s][info ][class,load             ] jdk.internal.misc.Signal source: shared objects file
[0.148s][debug][class,load             ]  klass: 0x000000013007e638 super: 0x0000000130000db8 loader: [loader data: 0x00006000032ac000 of 'bootstrap']
[0.148s][debug][class,load,placeholders] find_and_add DEFINE_CLASS 'jdk/internal/misc/Signal', loader loader data: 0x00006000032ac000 of 'bootstrap'
[0.148s][debug][class,load,placeholders] loadInstanceThreadQ threads:0x00007f8f4f008800, 
[0.148s][debug][class,load,placeholders] superThreadQ threads:
[0.148s][debug][class,load,placeholders] defineThreadQ threads:0x00007f8f4f008800, 
[0.148s][debug][class,load,placeholders] find_and_remove DEFINE_CLASS 'jdk/internal/misc/Signal', loader loader data: 0x00006000032ac000 of 'bootstrap', InstanceKlass 'jdk/internal/misc/Signal'
[0.148s][debug][class,load,placeholders] loadInstanceThreadQ threads:0x00007f8f4f008800, 
[0.148s][debug][class,load,placeholders] superThreadQ threads:
[0.148s][debug][class,load,placeholders] defineThreadQ threads:0x00007f8f4f008800, 
[0.148s][debug][class,load,placeholders] find_and_remove LOAD_INSTANCE 'jdk/internal/misc/Signal', loader loader data: 0x00006000032ac000 of 'bootstrap', InstanceKlass 'jdk/internal/misc/Signal'
[0.148s][debug][class,load,placeholders] loadInstanceThreadQ threads:0x00007f8f4f008800, 
[0.148s][debug][class,load,placeholders] superThreadQ threads:
[0.148s][debug][class,load,placeholders] defineThreadQ threads:
[0.148s][debug][class,resolve          ] java.lang.Terminator jdk.internal.misc.Signal Terminator.java:59
[0.148s][info ][class,init             ] 131 Initializing 'jdk/internal/misc/Signal' (0x000000013007e638)
[0.148s][trace][metaspace              ] Arena @0x00006000016b2200 (non-class sm): requested 7 words.
[0.148s][trace][metaspace              ] Arena @0x00006000016b2200 (non-class sm): after allocation: 1 chunk(s), current:@0x00007f8f2d80b248, u, base 0x0000000171000000, level lv02 (524288), used: 2997, committed: 8192, committed-free: 5195
[0.148s][trace][metaspace              ] Arena @0x00006000016b2200 (non-class sm): returning 0x0000000171005d70.
[0.148s][trace][metaspace              ] Metaspace::allocate: type 13 return 0x0000000171005d70.
[0.148s][debug][class,resolve          ] jdk.internal.misc.Signal java.util.Hashtable Signal.java:74
[0.148s][trace][metaspace              ] Arena @0x00006000016b2200 (non-class sm): requested 7 words.
[0.148s][trace][metaspace              ] Arena @0x00006000016b2200 (non-class sm): after allocation: 1 chunk(s), current:@0x00007f8f2d80b248, u, base 0x0000000171000000, level lv02 (524288), used: 3004, committed: 8192, committed-free: 5188
[0.148s][trace][metaspace              ] Arena @0x00006000016b2200 (non-class sm): returning 0x0000000171005da8.
[0.148s][trace][metaspace              ] Metaspace::allocate: type 13 return 0x0000000171005da8.
[0.148s][trace][metaspace              ] Arena @0x00006000016b2200 (non-class sm): requested 7 words.
[0.148s][trace][metaspace              ] Arena @0x00006000016b2200 (non-class sm): after allocation: 1 chunk(s), current:@0x00007f8f2d80b248, u, base 0x0000000171000000, level lv02 (524288), used: 3011, committed: 8192, committed-free: 5181
[0.148s][trace][metaspace              ] Arena @0x00006000016b2200 (non-class sm): returning 0x0000000171005de0.
[0.148s][trace][metaspace              ] Metaspace::allocate: type 13 return 0x0000000171005de0.
[0.148s][debug][class,resolve          ] java.util.Hashtable java.lang.Float Hashtable.java:190
[0.148s][debug][class,load,placeholders] find_and_add LOAD_INSTANCE 'java/util/Hashtable$Entry', loader loader data: 0x00006000032ac000 of 'bootstrap'
[0.148s][debug][class,load,placeholders] loadInstanceThreadQ threads:0x00007f8f4f008800, 
[0.148s][debug][class,load,placeholders] superThreadQ threads:
[0.148s][debug][class,load,placeholders] defineThreadQ threads:
[0.148s][trace][cds,unshareable        ] restore: java.util.Hashtable$Entry
[0.148s][trace][class,loader,data      ] Adding k: 0x00000001301844e8 java.util.Hashtable$Entry to loader data: 0x00006000032ac000 of 'bootstrap'
[0.148s][debug][cds,mirror             ] java.util.Hashtable$Entry has raw archived mirror
[0.148s][debug][cds,heap               ] Clearing root 506: was 0x00000007ffb0df98
[0.148s][debug][cds,mirror             ] Archived mirror is: 0x00000007ffb0df98
[0.148s][trace][cds,heap,mirror        ] Restored java.util.Hashtable$Entry archived mirror 0x00000007ffb0df98
[0.148s][debug][cds,heap               ] Clearing root 507: was 0x00000007ffb0e008
[0.148s][trace][cds,unshareable        ] restore: [Ljava.util.Hashtable$Entry;
[0.148s][trace][class,loader,data      ] Adding k: 0x0000000130184d28 [Ljava.util.Hashtable$Entry; to loader data: 0x00006000032ac000 of 'bootstrap'
[0.148s][debug][cds,mirror             ] [Ljava.util.Hashtable$Entry; has raw archived mirror
[0.148s][debug][cds,heap               ] Clearing root 508: was 0x00000007ffb0e020
[0.148s][debug][cds,mirror             ] Archived mirror is: 0x00000007ffb0e020
[0.148s][trace][cds,heap,mirror        ] Restored [Ljava.util.Hashtable$Entry; archived mirror 0x00000007ffb0e020
[0.148s][info ][class,load             ] java.util.Hashtable$Entry source: shared objects file
[0.148s][debug][class,load             ]  klass: 0x00000001301844e8 super: 0x0000000130000db8 interfaces: 0x000000013001b1c0 loader: [loader data: 0x00006000032ac000 of 'bootstrap']
[0.148s][debug][class,load,placeholders] find_and_add DEFINE_CLASS 'java/util/Hashtable$Entry', loader loader data: 0x00006000032ac000 of 'bootstrap'
[0.148s][debug][class,load,placeholders] loadInstanceThreadQ threads:0x00007f8f4f008800, 
[0.148s][debug][class,load,placeholders] superThreadQ threads:
[0.148s][debug][class,load,placeholders] defineThreadQ threads:0x00007f8f4f008800, 
[0.148s][debug][class,load,placeholders] find_and_remove DEFINE_CLASS 'java/util/Hashtable$Entry', loader loader data: 0x00006000032ac000 of 'bootstrap', InstanceKlass 'java/util/Hashtable$Entry'
[0.148s][debug][class,load,placeholders] loadInstanceThreadQ threads:0x00007f8f4f008800, 
[0.148s][debug][class,load,placeholders] superThreadQ threads:
[0.148s][debug][class,load,placeholders] defineThreadQ threads:0x00007f8f4f008800, 
[0.148s][debug][class,load,placeholders] find_and_remove LOAD_INSTANCE 'java/util/Hashtable$Entry', loader loader data: 0x00006000032ac000 of 'bootstrap', InstanceKlass 'java/util/Hashtable$Entry'
[0.148s][debug][class,load,placeholders] loadInstanceThreadQ threads:0x00007f8f4f008800, 
[0.148s][debug][class,load,placeholders] superThreadQ threads:
[0.148s][debug][class,load,placeholders] defineThreadQ threads:
[0.148s][debug][class,resolve          ] java.util.Hashtable java.util.Hashtable$Entry Hashtable.java:196
[0.148s][debug][class,resolve          ] java.util.Hashtable java.lang.Math Hashtable.java:197
[0.148s][trace][metaspace              ] Arena @0x00006000016b2200 (non-class sm): requested 7 words.
[0.148s][trace][metaspace              ] Arena @0x00006000016b2200 (non-class sm): after allocation: 1 chunk(s), current:@0x00007f8f2d80b248, u, base 0x0000000171000000, level lv02 (524288), used: 3018, committed: 8192, committed-free: 5174
[0.149s][trace][metaspace              ] Arena @0x00006000016b2200 (non-class sm): returning 0x0000000171005e18.
[0.149s][trace][metaspace              ] Metaspace::allocate: type 13 return 0x0000000171005e18.
[0.149s][trace][metaspace              ] Arena @0x00006000016b2200 (non-class sm): requested 7 words.
[0.149s][trace][metaspace              ] Arena @0x00006000016b2200 (non-class sm): after allocation: 1 chunk(s), current:@0x00007f8f2d80b248, u, base 0x0000000171000000, level lv02 (524288), used: 3025, committed: 8192, committed-free: 5167
[0.149s][trace][metaspace              ] Arena @0x00006000016b2200 (non-class sm): returning 0x0000000171005e50.
[0.149s][trace][metaspace              ] Metaspace::allocate: type 13 return 0x0000000171005e50.
[0.149s][debug][class,resolve          ] jdk.internal.misc.Signal java.lang.Object Signal.java:137
[0.149s][debug][class,resolve          ] jdk.internal.misc.Signal java.util.Objects Signal.java:138
[0.149s][trace][metaspace              ] Arena @0x00006000016b2200 (non-class sm): requested 7 words.
[0.149s][trace][metaspace              ] Arena @0x00006000016b2200 (non-class sm): after allocation: 1 chunk(s), current:@0x00007f8f2d80b248, u, base 0x0000000171000000, level lv02 (524288), used: 3032, committed: 8192, committed-free: 5160
[0.149s][trace][metaspace              ] Arena @0x00006000016b2200 (non-class sm): returning 0x0000000171005e88.
[0.149s][trace][metaspace              ] Metaspace::allocate: type 13 return 0x0000000171005e88.
[0.149s][debug][class,resolve          ] jdk.internal.misc.Signal java.lang.String Signal.java:141
[0.149s][trace][metaspace              ] Arena @0x00006000016b2200 (non-class sm): requested 7 words.
[0.149s][trace][metaspace              ] Arena @0x00006000016b2200 (non-class sm): after allocation: 1 chunk(s), current:@0x00007f8f2d80b248, u, base 0x0000000171000000, level lv02 (524288), used: 3039, committed: 8192, committed-free: 5153
[0.149s][trace][metaspace              ] Arena @0x00006000016b2200 (non-class sm): returning 0x0000000171005ec0.
[0.149s][trace][metaspace              ] Metaspace::allocate: type 13 return 0x0000000171005ec0.
[0.149s][debug][jni,resolve            ] [Dynamic-linking native method jdk.internal.misc.Signal.findSignal0 ... JNI]
[0.149s][trace][metaspace              ] Arena @0x00006000016b2200 (non-class sm): requested 7 words.
[0.149s][trace][metaspace              ] Arena @0x00006000016b2200 (non-class sm): after allocation: 1 chunk(s), current:@0x00007f8f2d80b248, u, base 0x0000000171000000, level lv02 (524288), used: 3046, committed: 8192, committed-free: 5146
[0.149s][trace][metaspace              ] Arena @0x00006000016b2200 (non-class sm): returning 0x0000000171005ef8.
[0.149s][trace][metaspace              ] Metaspace::allocate: type 13 return 0x0000000171005ef8.
[0.149s][debug][class,load,placeholders] find_and_add LOAD_INSTANCE 'jdk/internal/misc/Signal$NativeHandler', loader loader data: 0x00006000032ac000 of 'bootstrap'
[0.149s][debug][class,load,placeholders] loadInstanceThreadQ threads:0x00007f8f4f008800, 
[0.149s][debug][class,load,placeholders] superThreadQ threads:
[0.149s][debug][class,load,placeholders] defineThreadQ threads:
[0.149s][trace][cds,unshareable        ] restore: jdk.internal.misc.Signal$NativeHandler
[0.149s][trace][class,loader,data      ] Adding k: 0x0000000130205ca8 jdk.internal.misc.Signal$NativeHandler to loader data: 0x00006000032ac000 of 'bootstrap'
[0.149s][debug][cds,mirror             ] jdk.internal.misc.Signal$NativeHandler has raw archived mirror
[0.149s][debug][cds,heap               ] Clearing root 903: was 0x00000007ffb18aa8
[0.149s][debug][cds,mirror             ] Archived mirror is: 0x00000007ffb18aa8
[0.149s][trace][cds,heap,mirror        ] Restored jdk.internal.misc.Signal$NativeHandler archived mirror 0x00000007ffb18aa8
[0.149s][debug][cds,heap               ] Clearing root 904: was 0x00000007ffb18b18
[0.149s][info ][class,load             ] jdk.internal.misc.Signal$NativeHandler source: shared objects file
[0.149s][debug][class,load             ]  klass: 0x0000000130205ca8 super: 0x0000000130000db8 interfaces: 0x000000013007ead0 loader: [loader data: 0x00006000032ac000 of 'bootstrap']
[0.149s][debug][class,load,placeholders] find_and_add DEFINE_CLASS 'jdk/internal/misc/Signal$NativeHandler', loader loader data: 0x00006000032ac000 of 'bootstrap'
[0.149s][debug][class,load,placeholders] loadInstanceThreadQ threads:0x00007f8f4f008800, 
[0.149s][debug][class,load,placeholders] superThreadQ threads:
[0.149s][debug][class,load,placeholders] defineThreadQ threads:0x00007f8f4f008800, 
[0.149s][debug][class,load,placeholders] find_and_remove DEFINE_CLASS 'jdk/internal/misc/Signal$NativeHandler', loader loader data: 0x00006000032ac000 of 'bootstrap', InstanceKlass 'jdk/internal/misc/Signal$NativeHandler'
[0.149s][debug][class,load,placeholders] loadInstanceThreadQ threads:0x00007f8f4f008800, 
[0.149s][debug][class,load,placeholders] superThreadQ threads:
[0.149s][debug][class,load,placeholders] defineThreadQ threads:0x00007f8f4f008800, 
[0.149s][debug][class,load,placeholders] find_and_remove LOAD_INSTANCE 'jdk/internal/misc/Signal$NativeHandler', loader loader data: 0x00006000032ac000 of 'bootstrap', InstanceKlass 'jdk/internal/misc/Signal$NativeHandler'
[0.149s][debug][class,load,placeholders] loadInstanceThreadQ threads:0x00007f8f4f008800, 
[0.149s][debug][class,load,placeholders] superThreadQ threads:
[0.149s][debug][class,load,placeholders] defineThreadQ threads:
[0.149s][debug][class,resolve          ] jdk.internal.misc.Signal jdk.internal.misc.Signal$NativeHandler Signal.java:168
[0.149s][trace][metaspace              ] Arena @0x00006000016b2200 (non-class sm): requested 7 words.
[0.149s][trace][metaspace              ] Arena @0x00006000016b2200 (non-class sm): after allocation: 1 chunk(s), current:@0x00007f8f2d80b248, u, base 0x0000000171000000, level lv02 (524288), used: 3053, committed: 8192, committed-free: 5139
[0.149s][trace][metaspace              ] Arena @0x00006000016b2200 (non-class sm): returning 0x0000000171005f30.
[0.149s][trace][metaspace              ] Metaspace::allocate: type 13 return 0x0000000171005f30.
[0.149s][debug][jni,resolve            ] [Dynamic-linking native method jdk.internal.misc.Signal.handle0 ... JNI]
[0.149s][debug][class,resolve          ] jdk.internal.misc.Signal java.lang.Integer Signal.java:175
[0.149s][trace][metaspace              ] Arena @0x00006000016b2200 (non-class sm): requested 7 words.
[0.149s][trace][metaspace              ] Arena @0x00006000016b2200 (non-class sm): after allocation: 1 chunk(s), current:@0x00007f8f2d80b248, u, base 0x0000000171000000, level lv02 (524288), used: 3060, committed: 8192, committed-free: 5132
[0.149s][trace][metaspace              ] Arena @0x00006000016b2200 (non-class sm): returning 0x0000000171005f68.
[0.149s][trace][metaspace              ] Metaspace::allocate: type 13 return 0x0000000171005f68.
[0.149s][debug][class,resolve          ] java.util.Hashtable java.lang.Object Hashtable.java:481
[0.149s][trace][metaspace              ] Arena @0x00006000016b2200 (non-class sm): requested 7 words.
[0.149s][trace][metaspace              ] Arena @0x00006000016b2200 (non-class sm): after allocation: 1 chunk(s), current:@0x00007f8f2d80b248, u, base 0x0000000171000000, level lv02 (524288), used: 3067, committed: 8192, committed-free: 5125
[0.149s][trace][metaspace              ] Arena @0x00006000016b2200 (non-class sm): returning 0x0000000171005fa0.
[0.149s][trace][metaspace              ] Metaspace::allocate: type 13 return 0x0000000171005fa0.
[0.149s][trace][metaspace              ] Arena @0x00006000016b2200 (non-class sm): requested 7 words.
[0.149s][trace][metaspace              ] Arena @0x00006000016b2200 (non-class sm): after allocation: 1 chunk(s), current:@0x00007f8f2d80b248, u, base 0x0000000171000000, level lv02 (524288), used: 3074, committed: 8192, committed-free: 5118
[0.149s][trace][metaspace              ] Arena @0x00006000016b2200 (non-class sm): returning 0x0000000171005fd8.
[0.149s][trace][metaspace              ] Metaspace::allocate: type 13 return 0x0000000171005fd8.
[0.149s][trace][metaspace              ] Arena @0x00006000016b2200 (non-class sm): requested 7 words.
[0.149s][trace][metaspace              ] Arena @0x00006000016b2200 (non-class sm): after allocation: 1 chunk(s), current:@0x00007f8f2d80b248, u, base 0x0000000171000000, level lv02 (524288), used: 3081, committed: 8192, committed-free: 5111
[0.149s][trace][metaspace              ] Arena @0x00006000016b2200 (non-class sm): returning 0x0000000171006010.
[0.149s][trace][metaspace              ] Metaspace::allocate: type 13 return 0x0000000171006010.
[0.149s][info ][class,init             ] 132 Initializing 'java/util/Hashtable$Entry'(no method) (0x00000001301844e8)
[0.149s][trace][metaspace              ] Arena @0x00006000016b2200 (non-class sm): requested 7 words.
[0.149s][trace][metaspace              ] Arena @0x00006000016b2200 (non-class sm): after allocation: 1 chunk(s), current:@0x00007f8f2d80b248, u, base 0x0000000171000000, level lv02 (524288), used: 3088, committed: 8192, committed-free: 5104
[0.149s][trace][metaspace              ] Arena @0x00006000016b2200 (non-class sm): returning 0x0000000171006048.
[0.149s][trace][metaspace              ] Metaspace::allocate: type 13 return 0x0000000171006048.
[0.149s][debug][class,resolve          ] java.util.Hashtable$Entry java.lang.Object Hashtable.java:1375
[0.149s][trace][metaspace              ] Arena @0x00006000016b2200 (non-class sm): requested 7 words.
[0.149s][trace][metaspace              ] Arena @0x00006000016b2200 (non-class sm): after allocation: 1 chunk(s), current:@0x00007f8f2d80b248, u, base 0x0000000171000000, level lv02 (524288), used: 3095, committed: 8192, committed-free: 5097
[0.149s][trace][metaspace              ] Arena @0x00006000016b2200 (non-class sm): returning 0x0000000171006080.
[0.149s][trace][metaspace              ] Metaspace::allocate: type 13 return 0x0000000171006080.
[0.149s][trace][metaspace              ] Arena @0x00006000016b2200 (non-class sm): requested 7 words.
[0.149s][trace][metaspace              ] Arena @0x00006000016b2200 (non-class sm): after allocation: 1 chunk(s), current:@0x00007f8f2d80b248, u, base 0x0000000171000000, level lv02 (524288), used: 3102, committed: 8192, committed-free: 5090
[0.149s][trace][metaspace              ] Arena @0x00006000016b2200 (non-class sm): returning 0x00000001710060b8.
[0.149s][trace][metaspace              ] Metaspace::allocate: type 13 return 0x00000001710060b8.
[0.149s][trace][metaspace              ] Arena @0x00006000016b2200 (non-class sm): requested 7 words.
[0.149s][trace][metaspace              ] Arena @0x00006000016b2200 (non-class sm): after allocation: 1 chunk(s), current:@0x00007f8f2d80b248, u, base 0x0000000171000000, level lv02 (524288), used: 3109, committed: 8192, committed-free: 5083
[0.149s][trace][metaspace              ] Arena @0x00006000016b2200 (non-class sm): returning 0x00000001710060f0.
[0.150s][trace][metaspace              ] Metaspace::allocate: type 13 return 0x00000001710060f0.
[0.150s][debug][class,resolve          ] jdk.internal.misc.Signal jdk.internal.misc.Signal$Handler Signal.java:183
[0.150s][info ][class,init             ] 133 Initializing 'jdk/internal/misc/Signal$Handler' (0x000000013007ead0)
[0.150s][trace][metaspace              ] Arena @0x00006000016b2200 (non-class sm): requested 7 words.
[0.150s][trace][metaspace              ] Arena @0x00006000016b2200 (non-class sm): after allocation: 1 chunk(s), current:@0x00007f8f2d80b248, u, base 0x0000000171000000, level lv02 (524288), used: 3116, committed: 8192, committed-free: 5076
[0.150s][trace][metaspace              ] Arena @0x00006000016b2200 (non-class sm): returning 0x0000000171006128.
[0.150s][trace][metaspace              ] Metaspace::allocate: type 13 return 0x0000000171006128.
[0.150s][debug][class,resolve          ] jdk.internal.misc.Signal$Handler jdk.internal.misc.Signal$NativeHandler Signal.java:248
[0.150s][info ][class,init             ] 134 Initializing 'jdk/internal/misc/Signal$NativeHandler'(no method) (0x0000000130205ca8)
[0.150s][trace][metaspace              ] Arena @0x00006000016b2200 (non-class sm): requested 7 words.
[0.150s][trace][metaspace              ] Arena @0x00006000016b2200 (non-class sm): after allocation: 1 chunk(s), current:@0x00007f8f2d80b248, u, base 0x0000000171000000, level lv02 (524288), used: 3123, committed: 8192, committed-free: 5069
[0.150s][trace][metaspace              ] Arena @0x00006000016b2200 (non-class sm): returning 0x0000000171006160.
[0.150s][trace][metaspace              ] Metaspace::allocate: type 13 return 0x0000000171006160.
[0.150s][debug][class,resolve          ] jdk.internal.misc.Signal$NativeHandler java.lang.Object Signal.java:274
[0.150s][trace][metaspace              ] Arena @0x00006000016b2200 (non-class sm): requested 7 words.
[0.150s][trace][metaspace              ] Arena @0x00006000016b2200 (non-class sm): after allocation: 1 chunk(s), current:@0x00007f8f2d80b248, u, base 0x0000000171000000, level lv02 (524288), used: 3130, committed: 8192, committed-free: 5062
[0.150s][trace][metaspace              ] Arena @0x00006000016b2200 (non-class sm): returning 0x0000000171006198.
[0.150s][trace][metaspace              ] Metaspace::allocate: type 13 return 0x0000000171006198.
[0.150s][debug][class,load,placeholders] find_and_add LOAD_INSTANCE 'jdk/internal/misc/OSEnvironment', loader loader data: 0x00006000032ac000 of 'bootstrap'
[0.150s][debug][class,load,placeholders] loadInstanceThreadQ threads:0x00007f8f4f008800, 
[0.150s][debug][class,load,placeholders] superThreadQ threads:
[0.150s][debug][class,load,placeholders] defineThreadQ threads:
[0.150s][trace][cds,unshareable        ] restore: jdk.internal.misc.OSEnvironment
[0.150s][trace][class,loader,data      ] Adding k: 0x00000001300ce3c0 jdk.internal.misc.OSEnvironment to loader data: 0x00006000032ac000 of 'bootstrap'
[0.150s][debug][cds,mirror             ] jdk.internal.misc.OSEnvironment has raw archived mirror
[0.150s][debug][cds,heap               ] Clearing root 846: was 0x00000007ffb17150
[0.150s][debug][cds,mirror             ] Archived mirror is: 0x00000007ffb17150
[0.150s][trace][cds,heap,mirror        ] Restored jdk.internal.misc.OSEnvironment archived mirror 0x00000007ffb17150
[0.150s][info ][class,load             ] jdk.internal.misc.OSEnvironment source: shared objects file
[0.150s][debug][class,load             ]  klass: 0x00000001300ce3c0 super: 0x0000000130000db8 loader: [loader data: 0x00006000032ac000 of 'bootstrap']
[0.150s][debug][class,load,placeholders] find_and_add DEFINE_CLASS 'jdk/internal/misc/OSEnvironment', loader loader data: 0x00006000032ac000 of 'bootstrap'
[0.150s][debug][class,load,placeholders] loadInstanceThreadQ threads:0x00007f8f4f008800, 
[0.150s][debug][class,load,placeholders] superThreadQ threads:
[0.150s][debug][class,load,placeholders] defineThreadQ threads:0x00007f8f4f008800, 
[0.150s][debug][class,load,placeholders] find_and_remove DEFINE_CLASS 'jdk/internal/misc/OSEnvironment', loader loader data: 0x00006000032ac000 of 'bootstrap', InstanceKlass 'jdk/internal/misc/OSEnvironment'
[0.150s][debug][class,load,placeholders] loadInstanceThreadQ threads:0x00007f8f4f008800, 
[0.150s][debug][class,load,placeholders] superThreadQ threads:
[0.150s][debug][class,load,placeholders] defineThreadQ threads:0x00007f8f4f008800, 
[0.150s][debug][class,load,placeholders] find_and_remove LOAD_INSTANCE 'jdk/internal/misc/OSEnvironment', loader loader data: 0x00006000032ac000 of 'bootstrap', InstanceKlass 'jdk/internal/misc/OSEnvironment'
[0.150s][debug][class,load,placeholders] loadInstanceThreadQ threads:0x00007f8f4f008800, 
[0.150s][debug][class,load,placeholders] superThreadQ threads:
[0.150s][debug][class,load,placeholders] defineThreadQ threads:
[0.150s][debug][class,resolve          ] jdk.internal.misc.VM jdk.internal.misc.OSEnvironment VM.java:279
[0.150s][info ][class,init             ] 135 Initializing 'jdk/internal/misc/OSEnvironment'(no method) (0x00000001300ce3c0)
[0.150s][trace][metaspace              ] Arena @0x00006000016b2200 (non-class sm): requested 7 words.
[0.150s][trace][metaspace              ] Arena @0x00006000016b2200 (non-class sm): after allocation: 1 chunk(s), current:@0x00007f8f2d80b248, u, base 0x0000000171000000, level lv02 (524288), used: 3137, committed: 8192, committed-free: 5055
[0.150s][trace][metaspace              ] Arena @0x00006000016b2200 (non-class sm): returning 0x00000001710061d0.
[0.150s][trace][metaspace              ] Metaspace::allocate: type 13 return 0x00000001710061d0.
[0.150s][debug][class,resolve          ] java.lang.System java.lang.Thread System.java:2134
[0.150s][debug][class,resolve          ] java.lang.System java.lang.ThreadGroup System.java:2135
[0.150s][trace][metaspace              ] Arena @0x00006000016b2200 (non-class sm): requested 7 words.
[0.150s][trace][metaspace              ] Arena @0x00006000016b2200 (non-class sm): after allocation: 1 chunk(s), current:@0x00007f8f2d80b248, u, base 0x0000000171000000, level lv02 (524288), used: 3144, committed: 8192, committed-free: 5048
[0.150s][trace][metaspace              ] Arena @0x00006000016b2200 (non-class sm): returning 0x0000000171006208.
[0.150s][trace][metaspace              ] Metaspace::allocate: type 13 return 0x0000000171006208.
[0.150s][trace][monitorinflation,owner ] try_set_owner_from(): mid=0x00006000038b0340, prev=0x0000000000000000, new=0x00007f8f4f008800
[0.150s][trace][metaspace              ] Arena @0x00006000016b2200 (non-class sm): requested 7 words.
[0.150s][trace][metaspace              ] Arena @0x00006000016b2200 (non-class sm): after allocation: 1 chunk(s), current:@0x00007f8f2d80b248, u, base 0x0000000171000000, level lv02 (524288), used: 3151, committed: 8192, committed-free: 5041
[0.150s][trace][metaspace              ] Arena @0x00006000016b2200 (non-class sm): returning 0x0000000171006240.
[0.150s][trace][metaspace              ] Metaspace::allocate: type 13 return 0x0000000171006240.
[0.150s][trace][monitorinflation,owner ] release_clear_owner(): mid=0x00006000038b0340, old_value=0x00007f8f4f008800
[0.150s][trace][monitorinflation,owner ] try_set_owner_from(): mid=0x00006000038b0340, prev=0x0000000000000000, new=0x00007f8f4f008800
[0.150s][trace][monitorinflation,owner ] release_clear_owner(): mid=0x00006000038b0340, old_value=0x00007f8f4f008800
[0.150s][trace][monitorinflation,owner ] try_set_owner_from(): mid=0x00006000038b0340, prev=0x0000000000000000, new=0x00007f8f2d088600
[0.150s][info ][class,init             ] 136 Initializing 'java/lang/Throwable' (0x0000000130023110)
[0.150s][trace][monitorinflation,owner ] release_clear_owner(): mid=0x00006000038b0340, old_value=0x00007f8f2d088600
[0.150s][trace][metaspace              ] Arena @0x00006000016b2200 (non-class sm): requested 7 words.
[0.150s][debug][class,resolve          ] java.lang.ref.Finalizer$FinalizerThread jdk.internal.access.SharedSecrets Finalizer.java:168
[0.150s][trace][metaspace              ] Arena @0x00006000016b2200 (non-class sm): after allocation: 1 chunk(s), current:@0x00007f8f2d80b248, u, base 0x0000000171000000, level lv02 (524288), used: 3158, committed: 8192, committed-free: 5034
[0.150s][debug][class,resolve          ] java.lang.ref.Finalizer$FinalizerThread java.lang.ref.Finalizer Finalizer.java:172
[0.150s][trace][metaspace              ] Arena @0x00006000016b2200 (non-class sm): returning 0x0000000171006278.
[0.150s][trace][class,nestmates        ] Resolving nest-host of java.lang.ref.Finalizer$FinalizerThread using cp entry for java/lang/ref/Finalizer
[0.150s][trace][metaspace              ] Metaspace::allocate: type 13 return 0x0000000171006278.
[0.150s][trace][class,nestmates        ] Checking nest membership of java.lang.ref.Finalizer$FinalizerThread in java.lang.ref.Finalizer
[0.150s][debug][class,resolve          ] java.lang.Throwable java.lang.Class Throwable.java:116
[0.150s][trace][class,nestmates        ] - named class found at nest_members[0] => cp[105]
[0.151s][debug][class,resolve          ] java.lang.Throwable java.lang.StackTraceElement Throwable.java:162
[0.151s][trace][class,nestmates        ] Resolved nest-host of java.lang.ref.Finalizer$FinalizerThread to java.lang.ref.Finalizer
[0.151s][debug][class,load,placeholders] find_and_add LOAD_INSTANCE 'java/util/Collections', loader loader data: 0x00006000032ac000 of 'bootstrap'
[0.151s][trace][class,nestmates        ] Type java.lang.ref.Finalizer is not part of a nest: setting nest-host to self
[0.151s][debug][class,load,placeholders] loadInstanceThreadQ threads:0x00007f8f4f008800, 
[0.151s][trace][class,nestmates        ] Class java.lang.ref.Finalizer$FinalizerThread does have nestmate access to java.lang.ref.Finalizer
[0.151s][debug][class,load,placeholders] superThreadQ threads:
[0.151s][debug][class,resolve          ] java.lang.ref.Finalizer$FinalizerThread java.lang.ref.ReferenceQueue Finalizer.java:172
[0.151s][debug][class,load,placeholders] defineThreadQ threads:
[0.151s][trace][metaspace              ] Arena @0x00006000016b2200 (non-class sm): requested 7 words.
[0.151s][trace][cds,unshareable        ] restore: java.util.Collections
[0.151s][trace][metaspace              ] Arena @0x00006000016b2200 (non-class sm): after allocation: 1 chunk(s), current:@0x00007f8f2d80b248, u, base 0x0000000171000000, level lv02 (524288), used: 3165, committed: 8192, committed-free: 5027
[0.151s][trace][metaspace              ] Arena @0x00006000016b2200 (non-class sm): returning 0x00000001710062b0.
[0.151s][trace][metaspace              ] Metaspace::allocate: type 13 return 0x00000001710062b0.
[0.151s][trace][class,loader,data      ] Adding k: 0x00000001300ce188 java.util.Collections to loader data: 0x00006000032ac000 of 'bootstrap'
[0.151s][trace][metaspace              ] Arena @0x00006000016b2200 (non-class sm): requested 7 words.
[0.151s][debug][cds,mirror             ] java.util.Collections has raw archived mirror
[0.151s][trace][metaspace              ] Arena @0x00006000016b2200 (non-class sm): after allocation: 1 chunk(s), current:@0x00007f8f2d80b248, u, base 0x0000000171000000, level lv02 (524288), used: 3172, committed: 8192, committed-free: 5020
[0.151s][debug][cds,heap               ] Clearing root 395: was 0x00000007ffb0b1c0
[0.151s][trace][metaspace              ] Arena @0x00006000016b2200 (non-class sm): returning 0x00000001710062e8.
[0.151s][debug][cds,mirror             ] Archived mirror is: 0x00000007ffb0b1c0
[0.151s][trace][metaspace              ] Metaspace::allocate: type 13 return 0x00000001710062e8.
[0.151s][trace][cds,heap,mirror        ] Restored java.util.Collections archived mirror 0x00000007ffb0b1c0
[0.151s][trace][metaspace              ] Arena @0x00006000016b2200 (non-class sm): requested 7 words.
[0.151s][trace][metaspace              ] Arena @0x00006000016b2200 (non-class sm): after allocation: 1 chunk(s), current:@0x00007f8f2d80b248, u, base 0x0000000171000000, level lv02 (524288), used: 3179, committed: 8192, committed-free: 5013
[0.151s][trace][metaspace              ] Arena @0x00006000016b2200 (non-class sm): returning 0x0000000171006320.
[0.151s][trace][metaspace              ] Metaspace::allocate: type 13 return 0x0000000171006320.
[0.151s][debug][cds,heap               ] Clearing root 396: was 0x00000007ffb0b260
[0.151s][trace][oopstorage,ref         ] ObjectSynchronizer Weak: allocated 0x00007f8f4e105b10
[0.151s][info ][class,load             ] java.util.Collections source: shared objects file
[0.151s][debug][class,load             ]  klass: 0x00000001300ce188 super: 0x0000000130000db8 loader: [loader data: 0x00006000032ac000 of 'bootstrap']
[0.151s][trace][monitorinflation,owner ] set_owner_from(): mid=0x00006000038ac0d0, old_value=0x0000000000000000, new_value=0x000070000ed509c8
[0.151s][debug][class,load,placeholders] find_and_add DEFINE_CLASS 'java/util/Collections', loader loader data: 0x00006000032ac000 of 'bootstrap'
[0.151s][trace][monitorinflation       ] inflate(has_locker): object=0x000000061fc02f60, mark=0x00006000038ac0d2, type='java.lang.ref.ReferenceQueue$Lock'
[0.151s][debug][class,load,placeholders] loadInstanceThreadQ threads:0x00007f8f4f008800, 
[0.151s][trace][monitorinflation,owner ] set_owner_from_BasicLock(): mid=0x00006000038ac0d0, basic_lock_p=0x000070000ed509c8, new_value=0x00007f8f2d088600
[0.151s][debug][class,load,placeholders] superThreadQ threads:
[0.151s][trace][monitorinflation,owner ] release_clear_owner(): mid=0x00006000038ac0d0, old_value=0x00007f8f2d088600
[0.151s][debug][class,load,placeholders] defineThreadQ threads:0x00007f8f4f008800, 
[0.151s][debug][class,load,placeholders] find_and_remove DEFINE_CLASS 'java/util/Collections', loader loader data: 0x00006000032ac000 of 'bootstrap', InstanceKlass 'java/util/Collections'
[0.151s][debug][class,load,placeholders] loadInstanceThreadQ threads:0x00007f8f4f008800, 
[0.151s][debug][class,load,placeholders] superThreadQ threads:
[0.151s][debug][class,load,placeholders] defineThreadQ threads:0x00007f8f4f008800, 
[0.151s][debug][class,load,placeholders] find_and_remove LOAD_INSTANCE 'java/util/Collections', loader loader data: 0x00006000032ac000 of 'bootstrap', InstanceKlass 'java/util/Collections'
[0.151s][debug][class,load,placeholders] loadInstanceThreadQ threads:0x00007f8f4f008800, 
[0.151s][debug][class,load,placeholders] superThreadQ threads:
[0.151s][debug][class,load,placeholders] defineThreadQ threads:
[0.151s][debug][class,resolve          ] java.lang.Throwable java.util.Collections Throwable.java:222
[0.152s][info ][class,init             ] 137 Initializing 'java/util/Collections' (0x00000001300ce188)
[0.152s][trace][metaspace              ] Arena @0x00006000016b2200 (non-class sm): requested 7 words.
[0.152s][trace][metaspace              ] Arena @0x00006000016b2200 (non-class sm): after allocation: 1 chunk(s), current:@0x00007f8f2d80b248, u, base 0x0000000171000000, level lv02 (524288), used: 3186, committed: 8192, committed-free: 5006
[0.152s][trace][metaspace              ] Arena @0x00006000016b2200 (non-class sm): returning 0x0000000171006358.
[0.152s][trace][metaspace              ] Metaspace::allocate: type 13 return 0x0000000171006358.
[0.152s][debug][class,load,placeholders] find_and_add LOAD_INSTANCE 'java/util/Collections$EmptySet', loader loader data: 0x00006000032ac000 of 'bootstrap'
[0.152s][debug][class,load,placeholders] loadInstanceThreadQ threads:0x00007f8f4f008800, 
[0.152s][debug][class,load,placeholders] superThreadQ threads:
[0.152s][debug][class,load,placeholders] defineThreadQ threads:
[0.152s][trace][cds,unshareable        ] restore: java.util.Collections$EmptySet
[0.152s][trace][class,loader,data      ] Adding k: 0x00000001301361f8 java.util.Collections$EmptySet to loader data: 0x00006000032ac000 of 'bootstrap'
[0.152s][debug][cds,mirror             ] java.util.Collections$EmptySet has raw archived mirror
[0.152s][debug][cds,heap               ] Clearing root 924: was 0x00000007ffb19338
[0.152s][debug][cds,mirror             ] Archived mirror is: 0x00000007ffb19338
[0.152s][trace][cds,heap,mirror        ] Restored java.util.Collections$EmptySet archived mirror 0x00000007ffb19338
[0.152s][info ][class,load             ] java.util.Collections$EmptySet source: shared objects file
[0.152s][debug][class,load             ]  klass: 0x00000001301361f8 super: 0x000000013010bf50 interfaces: 0x00000001300037c0 loader: [loader data: 0x00006000032ac000 of 'bootstrap']
[0.152s][debug][class,load,placeholders] find_and_add DEFINE_CLASS 'java/util/Collections$EmptySet', loader loader data: 0x00006000032ac000 of 'bootstrap'
[0.152s][debug][class,load,placeholders] loadInstanceThreadQ threads:0x00007f8f4f008800, 
[0.152s][debug][class,load,placeholders] superThreadQ threads:
[0.152s][debug][class,load,placeholders] defineThreadQ threads:0x00007f8f4f008800, 
[0.152s][debug][class,load,placeholders] find_and_remove DEFINE_CLASS 'java/util/Collections$EmptySet', loader loader data: 0x00006000032ac000 of 'bootstrap', InstanceKlass 'java/util/Collections$EmptySet'
[0.152s][debug][class,load,placeholders] loadInstanceThreadQ threads:0x00007f8f4f008800, 
[0.152s][debug][class,load,placeholders] superThreadQ threads:
[0.152s][debug][class,load,placeholders] defineThreadQ threads:0x00007f8f4f008800, 
[0.152s][debug][class,load,placeholders] find_and_remove LOAD_INSTANCE 'java/util/Collections$EmptySet', loader loader data: 0x00006000032ac000 of 'bootstrap', InstanceKlass 'java/util/Collections$EmptySet'
[0.152s][debug][class,load,placeholders] loadInstanceThreadQ threads:0x00007f8f4f008800, 
[0.152s][debug][class,load,placeholders] superThreadQ threads:
[0.152s][debug][class,load,placeholders] defineThreadQ threads:
[0.152s][debug][class,resolve          ] java.util.Collections java.util.Collections$EmptySet Collections.java:4401
[0.152s][info ][class,init             ] 138 Initializing 'java/util/Collections$EmptySet'(no method) (0x00000001301361f8)
[0.152s][trace][class,nestmates        ] Type java.util.Collections is not part of a nest: setting nest-host to self
[0.152s][trace][class,nestmates        ] Resolving nest-host of java.util.Collections$EmptySet using cp entry for java/util/Collections
[0.152s][debug][class,resolve          ] java.util.Collections$EmptySet java.util.Collections Collections.java:4401
[0.152s][trace][class,nestmates        ] Checking nest membership of java.util.Collections$EmptySet in java.util.Collections
[0.152s][trace][class,nestmates        ] - named class found at nest_members[10] => cp[435]
[0.152s][trace][class,nestmates        ] Resolved nest-host of java.util.Collections$EmptySet to java.util.Collections
[0.152s][trace][class,nestmates        ] Class java.util.Collections does have nestmate access to java.util.Collections$EmptySet
[0.152s][trace][metaspace              ] Arena @0x00006000016b2200 (non-class sm): requested 7 words.
[0.152s][trace][metaspace              ] Arena @0x00006000016b2200 (non-class sm): after allocation: 1 chunk(s), current:@0x00007f8f2d80b248, u, base 0x0000000171000000, level lv02 (524288), used: 3193, committed: 8192, committed-free: 4999
[0.152s][trace][metaspace              ] Arena @0x00006000016b2200 (non-class sm): returning 0x0000000171006390.
[0.152s][trace][metaspace              ] Metaspace::allocate: type 13 return 0x0000000171006390.
[0.152s][debug][class,resolve          ] java.util.Collections$EmptySet java.util.AbstractSet Collections.java:4430
[0.152s][debug][class,load,placeholders] find_and_add LOAD_INSTANCE 'java/util/Collections$EmptyList', loader loader data: 0x00006000032ac000 of 'bootstrap'
[0.152s][debug][class,load,placeholders] loadInstanceThreadQ threads:0x00007f8f4f008800, 
[0.152s][debug][class,load,placeholders] superThreadQ threads:
[0.152s][debug][class,load,placeholders] defineThreadQ threads:
[0.152s][trace][cds,unshareable        ] restore: java.util.Collections$EmptyList
[0.152s][trace][class,loader,data      ] Adding k: 0x000000013020a750 java.util.Collections$EmptyList to loader data: 0x00006000032ac000 of 'bootstrap'
[0.152s][debug][cds,mirror             ] java.util.Collections$EmptyList has raw archived mirror
[0.152s][debug][cds,heap               ] Clearing root 925: was 0x00000007ffb193b0
[0.152s][debug][cds,mirror             ] Archived mirror is: 0x00000007ffb193b0
[0.152s][trace][cds,heap,mirror        ] Restored java.util.Collections$EmptyList archived mirror 0x00000007ffb193b0
[0.152s][debug][cds,heap               ] Clearing root 926: was 0x00000007ffb19428
[0.152s][info ][class,load             ] java.util.Collections$EmptyList source: shared objects file
[0.152s][debug][class,load             ]  klass: 0x000000013020a750 super: 0x000000013007bda8 interfaces: 0x0000000130079368 0x00000001300037c0 loader: [loader data: 0x00006000032ac000 of 'bootstrap']
[0.152s][debug][class,load,placeholders] find_and_add DEFINE_CLASS 'java/util/Collections$EmptyList', loader loader data: 0x00006000032ac000 of 'bootstrap'
[0.152s][debug][class,load,placeholders] loadInstanceThreadQ threads:0x00007f8f4f008800, 
[0.152s][debug][class,load,placeholders] superThreadQ threads:
[0.152s][debug][class,load,placeholders] defineThreadQ threads:0x00007f8f4f008800, 
[0.152s][debug][class,load,placeholders] find_and_remove DEFINE_CLASS 'java/util/Collections$EmptyList', loader loader data: 0x00006000032ac000 of 'bootstrap', InstanceKlass 'java/util/Collections$EmptyList'
[0.152s][debug][class,load,placeholders] loadInstanceThreadQ threads:0x00007f8f4f008800, 
[0.152s][debug][class,load,placeholders] superThreadQ threads:
[0.152s][debug][class,load,placeholders] defineThreadQ threads:0x00007f8f4f008800, 
[0.152s][debug][class,load,placeholders] find_and_remove LOAD_INSTANCE 'java/util/Collections$EmptyList', loader loader data: 0x00006000032ac000 of 'bootstrap', InstanceKlass 'java/util/Collections$EmptyList'
[0.152s][debug][class,load,placeholders] loadInstanceThreadQ threads:0x00007f8f4f008800, 
[0.152s][debug][class,load,placeholders] superThreadQ threads:
[0.152s][debug][class,load,placeholders] defineThreadQ threads:
[0.152s][debug][class,resolve          ] java.util.Collections java.util.Collections$EmptyList Collections.java:4527
[0.152s][info ][class,init             ] 139 Initializing 'java/util/AbstractList'(no method) (0x000000013007bda8)
[0.152s][info ][class,init             ] 140 Initializing 'java/util/Collections$EmptyList'(no method) (0x000000013020a750)
[0.152s][trace][class,nestmates        ] Resolving nest-host of java.util.Collections$EmptyList using cp entry for java/util/Collections
[0.152s][debug][class,resolve          ] java.util.Collections$EmptyList java.util.Collections Collections.java:4527
[0.152s][trace][class,nestmates        ] Checking nest membership of java.util.Collections$EmptyList in java.util.Collections
[0.152s][trace][class,nestmates        ] - named class found at nest_members[9] => cp[438]
[0.152s][trace][class,nestmates        ] Resolved nest-host of java.util.Collections$EmptyList to java.util.Collections
[0.152s][trace][class,nestmates        ] Class java.util.Collections does have nestmate access to java.util.Collections$EmptyList
[0.152s][trace][metaspace              ] Arena @0x00006000016b2200 (non-class sm): requested 7 words.
[0.152s][trace][metaspace              ] Arena @0x00006000016b2200 (non-class sm): after allocation: 1 chunk(s), current:@0x00007f8f2d80b248, u, base 0x0000000171000000, level lv02 (524288), used: 3200, committed: 8192, committed-free: 4992
[0.152s][trace][metaspace              ] Arena @0x00006000016b2200 (non-class sm): returning 0x00000001710063c8.
[0.152s][trace][metaspace              ] Metaspace::allocate: type 13 return 0x00000001710063c8.
[0.152s][debug][class,resolve          ] java.util.Collections$EmptyList java.util.AbstractList Collections.java:4557
[0.152s][trace][metaspace              ] Arena @0x00006000016b2200 (non-class sm): requested 7 words.
[0.152s][trace][metaspace              ] Arena @0x00006000016b2200 (non-class sm): after allocation: 1 chunk(s), current:@0x00007f8f2d80b248, u, base 0x0000000171000000, level lv02 (524288), used: 3207, committed: 8192, committed-free: 4985
[0.152s][trace][metaspace              ] Arena @0x00006000016b2200 (non-class sm): returning 0x0000000171006400.
[0.152s][trace][metaspace              ] Metaspace::allocate: type 13 return 0x0000000171006400.
[0.153s][debug][class,resolve          ] java.util.AbstractList java.util.AbstractCollection AbstractList.java:78
[0.153s][debug][class,load,placeholders] find_and_add LOAD_INSTANCE 'java/util/Collections$EmptyMap', loader loader data: 0x00006000032ac000 of 'bootstrap'
[0.153s][debug][class,load,placeholders] loadInstanceThreadQ threads:0x00007f8f4f008800, 
[0.153s][debug][class,load,placeholders] superThreadQ threads:
[0.153s][debug][class,load,placeholders] defineThreadQ threads:
[0.153s][trace][cds,unshareable        ] restore: java.util.Collections$EmptyMap
[0.153s][trace][class,loader,data      ] Adding k: 0x0000000130050ab0 java.util.Collections$EmptyMap to loader data: 0x00006000032ac000 of 'bootstrap'
[0.153s][debug][cds,mirror             ] java.util.Collections$EmptyMap has raw archived mirror
[0.153s][debug][cds,heap               ] Clearing root 927: was 0x00000007ffb19440
[0.153s][debug][cds,mirror             ] Archived mirror is: 0x00000007ffb19440
[0.153s][trace][cds,heap,mirror        ] Restored java.util.Collections$EmptyMap archived mirror 0x00000007ffb19440
[0.153s][info ][class,load             ] java.util.Collections$EmptyMap source: shared objects file
[0.153s][debug][class,load             ]  klass: 0x0000000130050ab0 super: 0x00000001300535d0 interfaces: 0x00000001300037c0 loader: [loader data: 0x00006000032ac000 of 'bootstrap']
[0.153s][debug][class,load,placeholders] find_and_add DEFINE_CLASS 'java/util/Collections$EmptyMap', loader loader data: 0x00006000032ac000 of 'bootstrap'
[0.153s][debug][class,load,placeholders] loadInstanceThreadQ threads:0x00007f8f4f008800, 
[0.153s][debug][class,load,placeholders] superThreadQ threads:
[0.153s][debug][class,load,placeholders] defineThreadQ threads:0x00007f8f4f008800, 
[0.153s][debug][class,load,placeholders] find_and_remove DEFINE_CLASS 'java/util/Collections$EmptyMap', loader loader data: 0x00006000032ac000 of 'bootstrap', InstanceKlass 'java/util/Collections$EmptyMap'
[0.153s][debug][class,load,placeholders] loadInstanceThreadQ threads:0x00007f8f4f008800, 
[0.153s][debug][class,load,placeholders] superThreadQ threads:
[0.153s][debug][class,load,placeholders] defineThreadQ threads:0x00007f8f4f008800, 
[0.153s][debug][class,load,placeholders] find_and_remove LOAD_INSTANCE 'java/util/Collections$EmptyMap', loader loader data: 0x00006000032ac000 of 'bootstrap', InstanceKlass 'java/util/Collections$EmptyMap'
[0.153s][debug][class,load,placeholders] loadInstanceThreadQ threads:0x00007f8f4f008800, 
[0.153s][debug][class,load,placeholders] superThreadQ threads:
[0.153s][debug][class,load,placeholders] defineThreadQ threads:
[0.153s][debug][class,resolve          ] java.util.Collections java.util.Collections$EmptyMap Collections.java:4631
[0.153s][info ][class,init             ] 141 Initializing 'java/util/Collections$EmptyMap'(no method) (0x0000000130050ab0)
[0.153s][trace][class,nestmates        ] Resolving nest-host of java.util.Collections$EmptyMap using cp entry for java/util/Collections
[0.153s][debug][class,resolve          ] java.util.Collections$EmptyMap java.util.Collections Collections.java:4631
[0.153s][trace][class,nestmates        ] Checking nest membership of java.util.Collections$EmptyMap in java.util.Collections
[0.153s][trace][class,nestmates        ] - named class found at nest_members[8] => cp[441]
[0.153s][trace][class,nestmates        ] Resolved nest-host of java.util.Collections$EmptyMap to java.util.Collections
[0.153s][trace][class,nestmates        ] Class java.util.Collections does have nestmate access to java.util.Collections$EmptyMap
[0.153s][trace][metaspace              ] Arena @0x00006000016b2200 (non-class sm): requested 7 words.
[0.153s][trace][metaspace              ] Arena @0x00006000016b2200 (non-class sm): after allocation: 1 chunk(s), current:@0x00007f8f2d80b248, u, base 0x0000000171000000, level lv02 (524288), used: 3214, committed: 8192, committed-free: 4978
[0.153s][trace][metaspace              ] Arena @0x00006000016b2200 (non-class sm): returning 0x0000000171006438.
[0.153s][trace][metaspace              ] Metaspace::allocate: type 13 return 0x0000000171006438.
[0.153s][debug][class,resolve          ] java.util.Collections$EmptyMap java.util.AbstractMap Collections.java:4701
[0.153s][trace][metaspace              ] Arena @0x00006000016b2200 (non-class sm): requested 7 words.
[0.153s][trace][metaspace              ] Arena @0x00006000016b2200 (non-class sm): after allocation: 1 chunk(s), current:@0x00007f8f2d80b248, u, base 0x0000000171000000, level lv02 (524288), used: 3221, committed: 8192, committed-free: 4971
[0.153s][trace][metaspace              ] Arena @0x00006000016b2200 (non-class sm): returning 0x0000000171006470.
[0.153s][trace][metaspace              ] Metaspace::allocate: type 13 return 0x0000000171006470.
[0.153s][info ][class,init             ] 142 Initializing 'java/lang/Error'(no method) (0x00000001300238c0)
[0.153s][info ][class,init             ] 143 Initializing 'java/lang/VirtualMachineError'(no method) (0x0000000130051db0)
[0.153s][info ][class,init             ] 144 Initializing 'java/lang/OutOfMemoryError'(no method) (0x0000000130052278)
[0.153s][info ][class,init             ] 145 Initializing 'java/lang/Exception'(no method) (0x00000001300233a0)
[0.153s][info ][class,init             ] 146 Initializing 'java/lang/RuntimeException'(no method) (0x0000000130050300)
[0.153s][info ][class,init             ] 147 Initializing 'java/lang/NullPointerException'(no method) (0x00000001300874a8)
[0.153s][info ][class,init             ] 148 Initializing 'java/lang/ClassCastException'(no method) (0x0000000130051458)
[0.153s][info ][class,init             ] 149 Initializing 'java/lang/ArrayStoreException'(no method) (0x00000001300511c8)
[0.153s][info ][class,init             ] 150 Initializing 'java/lang/ArithmeticException'(no method) (0x0000000130050820)
[0.153s][info ][class,init             ] 151 Initializing 'java/lang/StackOverflowError'(no method) (0x0000000130051b20)
[0.153s][info ][class,init             ] 152 Initializing 'java/lang/IllegalMonitorStateException'(no method) (0x0000000130050070)
[0.153s][debug][class,load,placeholders] find_and_add LOAD_INSTANCE 'java/lang/IllegalArgumentException', loader loader data: 0x00006000032ac000 of 'bootstrap'
[0.153s][debug][class,load,placeholders] loadInstanceThreadQ threads:0x00007f8f4f008800, 
[0.153s][debug][class,load,placeholders] superThreadQ threads:
[0.153s][debug][class,load,placeholders] defineThreadQ threads:
[0.153s][trace][cds,unshareable        ] restore: java.lang.IllegalArgumentException
[0.153s][trace][class,loader,data      ] Adding k: 0x0000000130050590 java.lang.IllegalArgumentException to loader data: 0x00006000032ac000 of 'bootstrap'
[0.153s][debug][cds,mirror             ] java.lang.IllegalArgumentException has raw archived mirror
[0.153s][debug][cds,heap               ] Clearing root 155: was 0x00000007ffb04220
[0.153s][debug][cds,mirror             ] Archived mirror is: 0x00000007ffb04220
[0.153s][trace][cds,heap,mirror        ] Restored java.lang.IllegalArgumentException archived mirror 0x00000007ffb04220
[0.153s][info ][class,load             ] java.lang.IllegalArgumentException source: shared objects file
[0.153s][debug][class,load             ]  klass: 0x0000000130050590 super: 0x0000000130050300 loader: [loader data: 0x00006000032ac000 of 'bootstrap']
[0.153s][debug][class,load,placeholders] find_and_add DEFINE_CLASS 'java/lang/IllegalArgumentException', loader loader data: 0x00006000032ac000 of 'bootstrap'
[0.153s][debug][class,load,placeholders] loadInstanceThreadQ threads:0x00007f8f4f008800, 
[0.153s][debug][class,load,placeholders] superThreadQ threads:
[0.153s][debug][class,load,placeholders] defineThreadQ threads:0x00007f8f4f008800, 
[0.153s][debug][class,load,placeholders] find_and_remove DEFINE_CLASS 'java/lang/IllegalArgumentException', loader loader data: 0x00006000032ac000 of 'bootstrap', InstanceKlass 'java/lang/IllegalArgumentException'
[0.153s][debug][class,load,placeholders] loadInstanceThreadQ threads:0x00007f8f4f008800, 
[0.153s][debug][class,load,placeholders] superThreadQ threads:
[0.153s][debug][class,load,placeholders] defineThreadQ threads:0x00007f8f4f008800, 
[0.153s][debug][class,load,placeholders] find_and_remove LOAD_INSTANCE 'java/lang/IllegalArgumentException', loader loader data: 0x00006000032ac000 of 'bootstrap', InstanceKlass 'java/lang/IllegalArgumentException'
[0.153s][debug][class,load,placeholders] loadInstanceThreadQ threads:0x00007f8f4f008800, 
[0.153s][debug][class,load,placeholders] superThreadQ threads:
[0.153s][debug][class,load,placeholders] defineThreadQ threads:
[0.153s][info ][class,init             ] 153 Initializing 'java/lang/IllegalArgumentException'(no method) (0x0000000130050590)
[0.153s][info ][startuptime            ] Initialize java.lang classes, 0.0762719 secs
[0.153s][info ][logging                ] Log configuration fully initialized.
[0.153s][info ][logging                ] Available log levels: off, trace, debug, info, warning, error
[0.153s][debug][gc,task,start          ] G1 Service Thread (Remembered Set Sampling Task) (run)
[0.153s][info ][logging                ] Available log decorators: time (t), utctime (utc), uptime (u), timemillis (tm), uptimemillis (um), timenanos (tn), uptimenanos (un), hostname (hn), pid (p), tid (ti), level (l), tags (tg)
[0.154s][trace][gc,task                ] G1 Service Thread (Remembered Set Sampling Task) (schedule) @0.315s
[0.154s][debug][gc,task                ] G1 Service Thread (Remembered Set Sampling Task) (run) 0.106ms (cpu: 0.105ms)
[0.154s][info ][logging                ] Available log tags: add, age, alloc, annotation, arguments, attach, barrier, biasedlocking, blocks, bot, breakpoint, bytecode, cds, census, class, classhisto, cleanup, codecache, compaction, compilation, condy, constantpool, constraints, container, coops, cpu, cset, data, datacreation, dcmd, decoder, defaultmethods, director, dump, dynamic, ergo, event, exceptions, exit, fingerprint, free, freelist, gc, handshake, hashtables, heap, humongous, ihop, iklass, indy, init, inlining, install, interpreter, itables, jfr, jit, jni, jvmci, jvmti, lambda, library, liveness, load, loader, logging, malloc, map, mark, marking, membername, memops, metadata, metaspace, methodcomparator, methodhandles, mirror, mmu, module, monitorinflation, monitormismatch, nestmates, nmethod, nmt, normalize, numa, objecttagging, obsolete, oldobject, oom, oopmap, oops, oopstorage, os, owner, pagesize, parser, patch, path, perf, periodic, phases, plab, placeholders, preorder, preview, promotion, protectiondomain, ptrqueue, purge, record, redefine, ref, refine, region, reloc, remset, resolve, safepoint, sampling, scavenge, sealed, setting, smr, stackbarrier, stackmap, stacktrace, stackwalk, start, startup, startuptime, state, stats, streaming, stringdedup, stringtable, subclass, survivor, suspend, sweep, symboltable, system, table, task, thread, throttle, time, timer, tlab, tracking, trimnative, unload, unshareable, update, valuebasedclasses, verification, verify, vmmutex, vmoperation, vmthread, vtables, vtablestubs, workgang
[0.154s][debug][gc,task,start          ] G1 Service Thread (Periodic GC Task) (run)
[0.154s][info ][logging                ] Described tag sets:
[0.154s][trace][gc,task                ] G1 Service Thread (Periodic GC Task) (schedule) @1.154s
[0.154s][info ][logging                ]  logging: Logging for the log framework itself
[0.154s][debug][gc,task                ] G1 Service Thread (Periodic GC Task) (run) 0.102ms (cpu: 0.102ms)
[0.154s][trace][gc,task                ] G1 Service Thread (wait) 0.161s
[0.154s][debug][logging                ] Available tag sets: , arguments, attach, biasedlocking, biasedlocking+handshake, cds, cds+class, cds+dynamic, cds+hashtables, cds+heap, cds+heap+mirror, cds+jvmti, cds+lambda, cds+map, cds+mirror, cds+reloc, cds+unshareable, cds+verification, cds+vtables, class, class+init, class+load, class+load+placeholders, class+loader+constraints, class+loader+data, class+nestmates, class+path, class+preorder, class+preview, class+resolve, class+sealed, class+unload, class+unload+nmethod, codecache, codecache+sweep, codecache+sweep+start, compilation, compilation+codecache, defaultmethods, ergo, exceptions, gc, gc+age, gc+alloc, gc+alloc+region, gc+alloc+stats, gc+barrier, gc+bot, gc+breakpoint, gc+classhisto, gc+classhisto+start, gc+compaction, gc+cpu, gc+director, gc+ergo, gc+ergo+cset, gc+ergo+heap, gc+ergo+ihop, gc+ergo+refine, gc+heap, gc+heap+coops, gc+heap+exit, gc+heap+numa, gc+heap+region, gc+heap+verify, gc+humongous, gc+ihop, gc+init, gc+jni, gc+jvmci, gc+liveness, gc+load, gc+marking, gc+metaspace, gc+metaspace+freelist, gc+metaspace+freelist+oom, gc+mmu, gc+nmethod, gc+nmethod+oops, gc+periodic, gc+phases, gc+phases+ref, gc+phases+start, gc+phases+task, gc+plab, gc+promotion, gc+ptrqueue+freelist, gc+ref, gc+ref+start, gc+refine, gc+refine+stats, gc+region, gc+region+cds, gc+reloc, gc+remset, gc+remset+exit, gc+remset+tracking, gc+start, gc+stats, gc+task, gc+task+start, gc+task+time, gc+tlab, gc+verify, gc+verify+start, handshake, handshake+task, init, interpreter+oopmap, interpreter+safepoint, itables, jfr, jfr+dcmd, jfr+event, jfr+metadata, jfr+oldobject+sampling, jfr+setting, jfr+start, jfr+startup, jfr+system, jfr+system+bytecode, jfr+system+event, jfr+system+metadata, jfr+system+parser, jfr+system+setting, jfr+system+streaming, jfr+system+throttle, jit+compilation, jit+inlining, jit+thread, jni+resolve, jvmti, jvmti+objecttagging, jvmti+table, library, logging, logging+thread, membername+table, membername+table+perf, metaspace, methodhandles, methodhandles+condy, methodhandles+indy, module, module+load, module+patch, module+unload, monitorinflation, monitorinflation+owner, monitormismatch, nmethod+barrier, nmethod+install, nmt, oopstorage+blocks, oopstorage+blocks+stats, oopstorage+ref, os, os+cpu, os+thread, os+thread+timer, pagesize, perf+datacreation, perf+memops, protectiondomain, protectiondomain+table, redefine+class, redefine+class+annotation, redefine+class+breakpoint, redefine+class+constantpool, redefine+class+dump, redefine+class+iklass+add, redefine+class+iklass+purge, redefine+class+interpreter+oopmap, redefine+class+load, redefine+class+load+exceptions, redefine+class+methodcomparator, redefine+class+nestmates, redefine+class+nmethod, redefine+class+normalize, redefine+class+obsolete, redefine+class+obsolete+mark, redefine+class+obsolete+metadata, redefine+class+oopmap, redefine+class+record, redefine+class+stackmap, redefine+class+subclass, redefine+class+timer, redefine+class+update, redefine+class+update+constantpool, redefine+class+update+itables, redefine+class+update+vtables, safepoint, safepoint+cleanup, safepoint+stats, stackbarrier, stacktrace, stackwalk, startuptime, stringdedup, stringdedup+init, stringdedup+phases, stringdedup+phases+start, stringtable, stringtable+perf, symboltable, symboltable+perf, thread+smr, thread+suspend, thread+table, trimnative, valuebasedclasses, verification, vmoperation, vmthread, vtables, vtablestubs
[0.154s][info ][logging                ] Log output configuration:
[0.154s][info ][logging                ]  #0: stdout all=warning uptime,level,tags
[0.154s][info ][logging                ]  #1: stderr all=off uptime,level,tags
[0.154s][info ][logging                ]  #2: file=logs/jvm_logs.txt all=trace uptime,level,tags filecount=5,filesize=20480K,async=false
[0.154s][info ][os,thread              ] Thread "Unknown thread" started (pthread id: 123145553289216, attributes: stacksize: 1024k, guardsize: 4k, detached). 
[0.154s][trace][oopstorage,ref         ] Thread OopStorage: allocated 0x00007f8f4e2058d8
[0.154s][debug][thread,smr             ] tid=10243: Threads::add: new ThreadsList=0x00006000003ad940
[0.154s][debug][thread,smr             ] tid=10243: ThreadsSMRSupport::free_list: threads=0x00006000003b6260 is freed.
[0.154s][info ][os,thread              ] Thread is alive (tid: 31491, pthread id: 123145553289216).
[0.154s][debug][os,thread              ] Thread 31491 stack dimensions: 0x000070000ee5a000-0x000070000ef5a000 (1024k).
[0.154s][debug][os,thread              ] Thread 31491 stack guard pages activated: 0x000070000ee5a000-0x000070000ee5e000.
[0.154s][info ][os,thread              ] Thread "Unknown thread" started (pthread id: 123145554350080, attributes: stacksize: 1024k, guardsize: 4k, detached). 
[0.154s][trace][oopstorage,ref         ] Thread OopStorage: allocated 0x00007f8f4e2058e0
[0.154s][debug][thread,smr             ] tid=10243: Threads::add: new ThreadsList=0x00006000003a5800
[0.154s][debug][thread,smr             ] tid=10243: ThreadsSMRSupport::free_list: threads=0x00006000003ad940 is freed.
[0.154s][info ][os,thread              ] Thread is alive (tid: 30979, pthread id: 123145554350080).
[0.154s][debug][os,thread              ] Thread 30979 stack dimensions: 0x000070000ef5d000-0x000070000f05d000 (1024k).
[0.154s][debug][os,thread              ] Thread 30979 stack guard pages activated: 0x000070000ef5d000-0x000070000ef61000.
[0.154s][info ][os,thread              ] Thread "Unknown thread" started (pthread id: 123145555410944, attributes: stacksize: 1024k, guardsize: 4k, detached). 
[0.154s][trace][oopstorage,ref         ] Thread OopStorage: allocated 0x00007f8f4e2058e8
[0.154s][debug][thread,smr             ] tid=10243: Threads::add: new ThreadsList=0x00006000003ad940
[0.154s][debug][thread,smr             ] tid=10243: ThreadsSMRSupport::free_list: threads=0x00006000003a5800 is freed.
[0.155s][info ][codecache,sweep        ] Sweeper threshold: 1258291 bytes
[0.155s][info ][os,thread              ] Thread is alive (tid: 30723, pthread id: 123145555410944).
[0.155s][trace][oopstorage,ref         ] JNI Global: allocated 0x00007f8f4e207850
[0.155s][debug][os,thread              ] Thread 30723 stack dimensions: 0x000070000f060000-0x000070000f160000 (1024k).
[0.155s][info ][os,thread              ] Thread "Unknown thread" started (pthread id: 123145556471808, attributes: stacksize: 1024k, guardsize: 4k, detached). 
[0.155s][debug][os,thread              ] Thread 30723 stack guard pages activated: 0x000070000f060000-0x000070000f064000.
[0.155s][trace][oopstorage,ref         ] Thread OopStorage: allocated 0x00007f8f4e2058f0
[0.155s][debug][thread,smr             ] tid=10243: Threads::add: new ThreadsList=0x00006000003b6ec0
[0.155s][debug][thread,smr             ] tid=10243: ThreadsSMRSupport::free_list: threads=0x00006000003ad940 is freed.
[0.155s][info ][os,thread              ] Thread is alive (tid: 24067, pthread id: 123145556471808).
[0.155s][debug][jit,thread             ] Added initial compiler thread C2 CompilerThread0
[0.155s][debug][os,thread              ] Thread 24067 stack dimensions: 0x000070000f163000-0x000070000f263000 (1024k).
[0.155s][trace][oopstorage,ref         ] JNI Global: allocated 0x00007f8f4e207858
[0.155s][debug][os,thread              ] Thread 24067 stack guard pages activated: 0x000070000f163000-0x000070000f167000.
[0.155s][trace][oopstorage,ref         ] JNI Global: allocated 0x00007f8f4e207860
[0.155s][trace][oopstorage,ref         ] JNI Global: allocated 0x00007f8f4e207868
[0.155s][trace][oopstorage,ref         ] JNI Global: allocated 0x00007f8f4e207870
[0.155s][trace][oopstorage,ref         ] JNI Global: allocated 0x00007f8f4e207878
[0.155s][trace][oopstorage,ref         ] JNI Global: allocated 0x00007f8f4e207880
[0.155s][trace][oopstorage,ref         ] JNI Global: allocated 0x00007f8f4e207888
[0.155s][trace][oopstorage,ref         ] JNI Global: allocated 0x00007f8f4e207890
[0.155s][info ][os,thread              ] Thread "Unknown thread" started (pthread id: 123145557532672, attributes: stacksize: 1024k, guardsize: 4k, detached). 
[0.155s][trace][oopstorage,ref         ] Thread OopStorage: allocated 0x00007f8f4e2058f8
[0.155s][debug][thread,smr             ] tid=10243: Threads::add: new ThreadsList=0x00006000003ad940
[0.155s][debug][thread,smr             ] tid=10243: ThreadsSMRSupport::free_list: threads=0x00006000003b6ec0 is freed.
[0.155s][info ][os,thread              ] Thread is alive (tid: 30211, pthread id: 123145557532672).
[0.155s][debug][jit,thread             ] Added initial compiler thread C1 CompilerThread0
[0.155s][debug][os,thread              ] Thread 30211 stack dimensions: 0x000070000f266000-0x000070000f366000 (1024k).
[0.155s][trace][oopstorage,ref         ] JNI Global: allocated 0x00007f8f4e207898
[0.155s][debug][os,thread              ] Thread 30211 stack guard pages activated: 0x000070000f266000-0x000070000f26a000.
[0.155s][trace][oopstorage,ref         ] JNI Global: allocated 0x00007f8f4e2078a0
[0.155s][trace][oopstorage,ref         ] JNI Global: allocated 0x00007f8f4e2078a8
[0.155s][debug][perf,datacreation      ] name = sun.ci.threads, dtype = 11, variability = 1, units = 2, dsize = 8, vlen = 0, pad_length = 5, size = 48, on_c_heap = FALSE, address = 0x0000000106f9c450, data address = 0x0000000106f9c478
[0.155s][info ][os,thread              ] Thread "Unknown thread" started (pthread id: 123145558593536, attributes: stacksize: 1024k, guardsize: 4k, detached). 
[0.155s][trace][oopstorage,ref         ] Thread OopStorage: allocated 0x00007f8f4e205900
[0.155s][debug][thread,smr             ] tid=10243: Threads::add: new ThreadsList=0x00006000003b8420
[0.155s][debug][thread,smr             ] tid=10243: ThreadsSMRSupport::free_list: threads=0x00006000003ad940 is freed.
[0.155s][debug][perf,datacreation      ] name = java.ci.totalTime, dtype = 11, variability = 2, units = 3, dsize = 8, vlen = 0, pad_length = 2, size = 48, on_c_heap = FALSE, address = 0x0000000106f9c480, data address = 0x0000000106f9c4a8
[0.155s][info ][os,thread              ] Thread is alive (tid: 24835, pthread id: 123145558593536).
[0.156s][debug][perf,datacreation      ] name = sun.ci.osrTime, dtype = 11, variability = 2, units = 3, dsize = 8, vlen = 0, pad_length = 5, size = 48, on_c_heap = FALSE, address = 0x0000000106f9c4b0, data address = 0x0000000106f9c4d8
[0.156s][debug][os,thread              ] Thread 24835 stack dimensions: 0x000070000f369000-0x000070000f469000 (1024k).
[0.156s][debug][perf,datacreation      ] name = sun.ci.standardTime, dtype = 11, variability = 2, units = 3, dsize = 8, vlen = 0, pad_length = 0, size = 48, on_c_heap = FALSE, address = 0x0000000106f9c4e0, data address = 0x0000000106f9c508
[0.156s][debug][os,thread              ] Thread 24835 stack guard pages activated: 0x000070000f369000-0x000070000f36d000.
[0.156s][debug][perf,datacreation      ] name = sun.ci.totalBailouts, dtype = 11, variability = 2, units = 4, dsize = 8, vlen = 0, pad_length = 7, size = 56, on_c_heap = FALSE, address = 0x0000000106f9c510, data address = 0x0000000106f9c540
[0.156s][debug][perf,datacreation      ] name = sun.ci.totalInvalidates, dtype = 11, variability = 2, units = 4, dsize = 8, vlen = 0, pad_length = 4, size = 56, on_c_heap = FALSE, address = 0x0000000106f9c548, data address = 0x0000000106f9c578
[0.156s][debug][perf,datacreation      ] name = sun.ci.totalCompiles, dtype = 11, variability = 2, units = 4, dsize = 8, vlen = 0, pad_length = 7, size = 56, on_c_heap = FALSE, address = 0x0000000106f9c580, data address = 0x0000000106f9c5b0
[0.156s][debug][perf,datacreation      ] name = sun.ci.osrCompiles, dtype = 11, variability = 2, units = 4, dsize = 8, vlen = 0, pad_length = 1, size = 48, on_c_heap = FALSE, address = 0x0000000106f9c5b8, data address = 0x0000000106f9c5e0
[0.156s][debug][perf,datacreation      ] name = sun.ci.standardCompiles, dtype = 11, variability = 2, units = 4, dsize = 8, vlen = 0, pad_length = 4, size = 56, on_c_heap = FALSE, address = 0x0000000106f9c5e8, data address = 0x0000000106f9c618
[0.156s][debug][perf,datacreation      ] name = sun.ci.osrBytes, dtype = 11, variability = 2, units = 2, dsize = 8, vlen = 0, pad_length = 4, size = 48, on_c_heap = FALSE, address = 0x0000000106f9c620, data address = 0x0000000106f9c648
[0.156s][debug][perf,datacreation      ] name = sun.ci.standardBytes, dtype = 11, variability = 2, units = 2, dsize = 8, vlen = 0, pad_length = 7, size = 56, on_c_heap = FALSE, address = 0x0000000106f9c650, data address = 0x0000000106f9c680
[0.156s][debug][perf,datacreation      ] name = sun.ci.nmethodSize, dtype = 11, variability = 2, units = 2, dsize = 8, vlen = 0, pad_length = 1, size = 48, on_c_heap = FALSE, address = 0x0000000106f9c688, data address = 0x0000000106f9c6b0
[0.156s][debug][perf,datacreation      ] name = sun.ci.nmethodCodeSize, dtype = 11, variability = 2, units = 2, dsize = 8, vlen = 0, pad_length = 5, size = 56, on_c_heap = FALSE, address = 0x0000000106f9c6b8, data address = 0x0000000106f9c6e8
[0.156s][debug][perf,datacreation      ] name = sun.ci.lastMethod, dtype = 8, variability = 3, units = 5, dsize = 1, vlen = 161, pad_length = 0, size = 200, on_c_heap = FALSE, address = 0x0000000106f9c6f0, data address = 0x0000000106f9c716
[0.156s][debug][perf,datacreation      ] name = sun.ci.lastFailedMethod, dtype = 8, variability = 3, units = 5, dsize = 1, vlen = 161, pad_length = 0, size = 208, on_c_heap = FALSE, address = 0x0000000106f9c7b8, data address = 0x0000000106f9c7e4
[0.156s][debug][perf,datacreation      ] name = sun.ci.lastInvalidatedMethod, dtype = 8, variability = 3, units = 5, dsize = 1, vlen = 161, pad_length = 0, size = 216, on_c_heap = FALSE, address = 0x0000000106f9c888, data address = 0x0000000106f9c8b9
[0.156s][debug][perf,datacreation      ] name = sun.ci.lastType, dtype = 11, variability = 3, units = 1, dsize = 8, vlen = 0, pad_length = 4, size = 48, on_c_heap = FALSE, address = 0x0000000106f9c960, data address = 0x0000000106f9c988
[0.156s][debug][perf,datacreation      ] name = sun.ci.lastSize, dtype = 11, variability = 3, units = 2, dsize = 8, vlen = 0, pad_length = 4, size = 48, on_c_heap = FALSE, address = 0x0000000106f9c990, data address = 0x0000000106f9c9b8
[0.156s][debug][perf,datacreation      ] name = sun.ci.lastFailedType, dtype = 11, variability = 3, units = 1, dsize = 8, vlen = 0, pad_length = 6, size = 56, on_c_heap = FALSE, address = 0x0000000106f9c9c0, data address = 0x0000000106f9c9f0
[0.156s][debug][perf,datacreation      ] name = sun.ci.lastInvalidatedType, dtype = 11, variability = 3, units = 1, dsize = 8, vlen = 0, pad_length = 1, size = 56, on_c_heap = FALSE, address = 0x0000000106f9c9f8, data address = 0x0000000106f9ca28
[0.156s][info ][class,init             ] 154 Initializing 'java/lang/invoke/MethodHandle' (0x00000001300be520)
[0.156s][trace][metaspace              ] Arena @0x00006000016b2200 (non-class sm): requested 7 words.
[0.156s][trace][metaspace              ] Arena @0x00006000016b2200 (non-class sm): after allocation: 1 chunk(s), current:@0x00007f8f2d80b248, u, base 0x0000000171000000, level lv02 (524288), used: 3228, committed: 8192, committed-free: 4964
[0.156s][trace][metaspace              ] Arena @0x00006000016b2200 (non-class sm): returning 0x00000001710064a8.
[0.156s][trace][metaspace              ] Metaspace::allocate: type 13 return 0x00000001710064a8.
[0.156s][debug][class,resolve          ] java.lang.invoke.MethodHandle java.lang.Class MethodHandle.java:441
[0.156s][debug][class,load,placeholders] find_and_add LOAD_INSTANCE 'java/lang/invoke/MethodHandleStatics', loader loader data: 0x00006000032ac000 of 'bootstrap'
[0.156s][debug][class,load,placeholders] loadInstanceThreadQ threads:0x00007f8f4f008800, 
[0.156s][debug][class,load,placeholders] superThreadQ threads:
[0.156s][debug][class,load,placeholders] defineThreadQ threads:
[0.156s][trace][cds,unshareable        ] restore: java.lang.invoke.MethodHandleStatics
[0.156s][trace][class,loader,data      ] Adding k: 0x000000013001fdc0 java.lang.invoke.MethodHandleStatics to loader data: 0x00006000032ac000 of 'bootstrap'
[0.156s][debug][cds,mirror             ] java.lang.invoke.MethodHandleStatics has raw archived mirror
[0.156s][debug][cds,heap               ] Clearing root 570: was 0x00000007ffb0fc68
[0.156s][debug][cds,mirror             ] Archived mirror is: 0x00000007ffb0fc68
[0.156s][trace][cds,heap,mirror        ] Restored java.lang.invoke.MethodHandleStatics archived mirror 0x00000007ffb0fc68
[0.156s][debug][cds,heap               ] Clearing root 571: was 0x00000007ffb0fd00
[0.156s][info ][class,load             ] java.lang.invoke.MethodHandleStatics source: shared objects file
[0.156s][debug][class,load             ]  klass: 0x000000013001fdc0 super: 0x0000000130000db8 loader: [loader data: 0x00006000032ac000 of 'bootstrap']
[0.156s][debug][class,load,placeholders] find_and_add DEFINE_CLASS 'java/lang/invoke/MethodHandleStatics', loader loader data: 0x00006000032ac000 of 'bootstrap'
[0.156s][debug][class,load,placeholders] loadInstanceThreadQ threads:0x00007f8f4f008800, 
[0.156s][debug][class,load,placeholders] superThreadQ threads:
[0.156s][debug][class,load,placeholders] defineThreadQ threads:0x00007f8f4f008800, 
[0.156s][debug][class,load,placeholders] find_and_remove DEFINE_CLASS 'java/lang/invoke/MethodHandleStatics', loader loader data: 0x00006000032ac000 of 'bootstrap', InstanceKlass 'java/lang/invoke/MethodHandleStatics'
[0.156s][debug][class,load,placeholders] loadInstanceThreadQ threads:0x00007f8f4f008800, 
[0.156s][debug][class,load,placeholders] superThreadQ threads:
[0.156s][debug][class,load,placeholders] defineThreadQ threads:0x00007f8f4f008800, 
[0.156s][debug][class,load,placeholders] find_and_remove LOAD_INSTANCE 'java/lang/invoke/MethodHandleStatics', loader loader data: 0x00006000032ac000 of 'bootstrap', InstanceKlass 'java/lang/invoke/MethodHandleStatics'
[0.156s][debug][class,load,placeholders] loadInstanceThreadQ threads:0x00007f8f4f008800, 
[0.156s][debug][class,load,placeholders] superThreadQ threads:
[0.156s][debug][class,load,placeholders] defineThreadQ threads:
[0.156s][debug][class,resolve          ] java.lang.invoke.MethodHandle java.lang.invoke.MethodHandleStatics MethodHandle.java:1778
[0.156s][info ][class,init             ] 155 Initializing 'java/lang/invoke/MethodHandleStatics' (0x000000013001fdc0)
[0.156s][trace][metaspace              ] Arena @0x00006000016b2200 (non-class sm): requested 7 words.
[0.156s][trace][metaspace              ] Arena @0x00006000016b2200 (non-class sm): after allocation: 1 chunk(s), current:@0x00007f8f2d80b248, u, base 0x0000000171000000, level lv02 (524288), used: 3235, committed: 8192, committed-free: 4957
[0.156s][trace][metaspace              ] Arena @0x00006000016b2200 (non-class sm): returning 0x00000001710064e0.
[0.156s][trace][metaspace              ] Metaspace::allocate: type 13 return 0x00000001710064e0.
[0.156s][debug][class,resolve          ] java.lang.invoke.MethodHandleStatics jdk.internal.misc.Unsafe MethodHandleStatics.java:48
[0.156s][debug][class,load,placeholders] find_and_add LOAD_INSTANCE 'sun/security/action/GetPropertyAction', loader loader data: 0x00006000032ac000 of 'bootstrap'
[0.156s][debug][class,load,placeholders] loadInstanceThreadQ threads:0x00007f8f4f008800, 
[0.156s][debug][class,load,placeholders] superThreadQ threads:
[0.156s][debug][class,load,placeholders] defineThreadQ threads:
[0.156s][trace][cds,unshareable        ] restore: sun.security.action.GetPropertyAction
[0.156s][trace][class,loader,data      ] Adding k: 0x00000001300ad010 sun.security.action.GetPropertyAction to loader data: 0x00006000032ac000 of 'bootstrap'
[0.156s][debug][cds,mirror             ] sun.security.action.GetPropertyAction has raw archived mirror
[0.156s][debug][cds,heap               ] Clearing root 461: was 0x00000007ffb0cce8
[0.156s][debug][cds,mirror             ] Archived mirror is: 0x00000007ffb0cce8
[0.156s][trace][cds,heap,mirror        ] Restored sun.security.action.GetPropertyAction archived mirror 0x00000007ffb0cce8
[0.156s][info ][class,load             ] sun.security.action.GetPropertyAction source: shared objects file
[0.156s][debug][class,load             ]  klass: 0x00000001300ad010 super: 0x0000000130000db8 interfaces: 0x000000013012b1f8 loader: [loader data: 0x00006000032ac000 of 'bootstrap']
[0.156s][debug][class,load,placeholders] find_and_add DEFINE_CLASS 'sun/security/action/GetPropertyAction', loader loader data: 0x00006000032ac000 of 'bootstrap'
[0.156s][debug][class,load,placeholders] loadInstanceThreadQ threads:0x00007f8f4f008800, 
[0.156s][debug][class,load,placeholders] superThreadQ threads:
[0.156s][debug][class,load,placeholders] defineThreadQ threads:0x00007f8f4f008800, 
[0.156s][debug][class,load,placeholders] find_and_remove DEFINE_CLASS 'sun/security/action/GetPropertyAction', loader loader data: 0x00006000032ac000 of 'bootstrap', InstanceKlass 'sun/security/action/GetPropertyAction'
[0.156s][debug][class,load,placeholders] loadInstanceThreadQ threads:0x00007f8f4f008800, 
[0.156s][debug][class,load,placeholders] superThreadQ threads:
[0.156s][debug][class,load,placeholders] defineThreadQ threads:0x00007f8f4f008800, 
[0.157s][debug][class,load,placeholders] find_and_remove LOAD_INSTANCE 'sun/security/action/GetPropertyAction', loader loader data: 0x00006000032ac000 of 'bootstrap', InstanceKlass 'sun/security/action/GetPropertyAction'
[0.157s][debug][class,load,placeholders] loadInstanceThreadQ threads:0x00007f8f4f008800, 
[0.157s][debug][class,load,placeholders] superThreadQ threads:
[0.157s][debug][class,load,placeholders] defineThreadQ threads:
[0.157s][debug][class,resolve          ] java.lang.invoke.MethodHandleStatics sun.security.action.GetPropertyAction MethodHandleStatics.java:66
[0.157s][info ][class,init             ] 156 Initializing 'sun/security/action/GetPropertyAction'(no method) (0x00000001300ad010)
[0.157s][trace][metaspace              ] Arena @0x00006000016b2200 (non-class sm): requested 7 words.
[0.157s][trace][metaspace              ] Arena @0x00006000016b2200 (non-class sm): after allocation: 1 chunk(s), current:@0x00007f8f2d80b248, u, base 0x0000000171000000, level lv02 (524288), used: 3242, committed: 8192, committed-free: 4950
[0.157s][trace][metaspace              ] Arena @0x00006000016b2200 (non-class sm): returning 0x0000000171006518.
[0.157s][trace][metaspace              ] Metaspace::allocate: type 13 return 0x0000000171006518.
[0.157s][debug][class,resolve          ] sun.security.action.GetPropertyAction java.lang.System GetPropertyAction.java:150
[0.157s][debug][class,resolve          ] java.lang.invoke.MethodHandleStatics java.util.Properties MethodHandleStatics.java:68
[0.157s][debug][class,resolve          ] java.lang.invoke.MethodHandleStatics java.lang.Boolean MethodHandleStatics.java:67
[0.157s][info ][class,init             ] 157 Initializing 'java/lang/Boolean' (0x00000001300330a8)
[0.157s][trace][metaspace              ] Arena @0x00006000016b2200 (non-class sm): requested 7 words.
[0.157s][trace][metaspace              ] Arena @0x00006000016b2200 (non-class sm): after allocation: 1 chunk(s), current:@0x00007f8f2d80b248, u, base 0x0000000171000000, level lv02 (524288), used: 3249, committed: 8192, committed-free: 4943
[0.157s][trace][metaspace              ] Arena @0x00006000016b2200 (non-class sm): returning 0x0000000171006550.
[0.157s][trace][metaspace              ] Metaspace::allocate: type 13 return 0x0000000171006550.
[0.157s][trace][metaspace              ] Arena @0x00006000016b2200 (non-class sm): requested 7 words.
[0.157s][trace][metaspace              ] Arena @0x00006000016b2200 (non-class sm): after allocation: 1 chunk(s), current:@0x00007f8f2d80b248, u, base 0x0000000171000000, level lv02 (524288), used: 3256, committed: 8192, committed-free: 4936
[0.157s][trace][metaspace              ] Arena @0x00006000016b2200 (non-class sm): returning 0x0000000171006588.
[0.157s][trace][metaspace              ] Metaspace::allocate: type 13 return 0x0000000171006588.
[0.157s][debug][class,resolve          ] java.lang.Boolean java.lang.Object Boolean.java:109
[0.157s][debug][class,resolve          ] java.lang.Boolean java.lang.Class Boolean.java:82
[0.157s][trace][metaspace              ] Arena @0x00006000016b2200 (non-class sm): requested 7 words.
[0.157s][trace][metaspace              ] Arena @0x00006000016b2200 (non-class sm): after allocation: 1 chunk(s), current:@0x00007f8f2d80b248, u, base 0x0000000171000000, level lv02 (524288), used: 3263, committed: 8192, committed-free: 4929
[0.157s][trace][metaspace              ] Arena @0x00006000016b2200 (non-class sm): returning 0x00000001710065c0.
[0.157s][trace][metaspace              ] Metaspace::allocate: type 13 return 0x00000001710065c0.
[0.157s][debug][class,resolve          ] java.lang.Boolean java.lang.String Boolean.java:149
[0.157s][trace][metaspace              ] Arena @0x00006000016b2200 (non-class sm): requested 7 words.
[0.157s][trace][metaspace              ] Arena @0x00006000016b2200 (non-class sm): after allocation: 1 chunk(s), current:@0x00007f8f2d80b248, u, base 0x0000000171000000, level lv02 (524288), used: 3270, committed: 8192, committed-free: 4922
[0.157s][trace][metaspace              ] Arena @0x00006000016b2200 (non-class sm): returning 0x00000001710065f8.
[0.157s][trace][metaspace              ] Metaspace::allocate: type 13 return 0x00000001710065f8.
[0.157s][trace][metaspace              ] Arena @0x00006000016b2200 (non-class sm): requested 7 words.
[0.157s][trace][metaspace              ] Arena @0x00006000016b2200 (non-class sm): after allocation: 1 chunk(s), current:@0x00007f8f2d80b248, u, base 0x0000000171000000, level lv02 (524288), used: 3277, committed: 8192, committed-free: 4915
[0.157s][trace][metaspace              ] Arena @0x00006000016b2200 (non-class sm): returning 0x0000000171006630.
[0.157s][trace][metaspace              ] Metaspace::allocate: type 13 return 0x0000000171006630.
[0.157s][debug][class,resolve          ] java.lang.invoke.MethodHandleStatics java.lang.Integer MethodHandleStatics.java:77
[0.157s][trace][metaspace              ] Arena @0x00006000016b2200 (non-class sm): requested 7 words.
[0.157s][trace][metaspace              ] Arena @0x00006000016b2200 (non-class sm): after allocation: 1 chunk(s), current:@0x00007f8f2d80b248, u, base 0x0000000171000000, level lv02 (524288), used: 3284, committed: 8192, committed-free: 4908
[0.157s][trace][metaspace              ] Arena @0x00006000016b2200 (non-class sm): returning 0x0000000171006668.
[0.157s][trace][metaspace              ] Metaspace::allocate: type 13 return 0x0000000171006668.
[0.157s][debug][class,resolve          ] java.lang.invoke.MethodHandle jdk.internal.misc.Unsafe MethodHandle.java:1778
[0.157s][info ][class,init             ] 158 Initializing 'java/lang/invoke/ResolvedMethodName'(no method) (0x00000001300e3298)
[0.157s][info ][class,init             ] 159 Initializing 'java/lang/invoke/MethodHandleNatives' (0x00000001300c8dd8)
[0.157s][trace][metaspace              ] Arena @0x00006000016b2200 (non-class sm): requested 7 words.
[0.157s][trace][metaspace              ] Arena @0x00006000016b2200 (non-class sm): after allocation: 1 chunk(s), current:@0x00007f8f2d80b248, u, base 0x0000000171000000, level lv02 (524288), used: 3291, committed: 8192, committed-free: 4901
[0.157s][trace][metaspace              ] Arena @0x00006000016b2200 (non-class sm): returning 0x00000001710066a0.
[0.157s][trace][metaspace              ] Metaspace::allocate: type 13 return 0x00000001710066a0.
[0.157s][debug][class,resolve          ] java.lang.invoke.MethodHandleNatives java.lang.Class MethodHandleNatives.java:47
[0.157s][trace][metaspace              ] Arena @0x00006000016b2200 (non-class sm): requested 7 words.
[0.157s][trace][metaspace              ] Arena @0x00006000016b2200 (non-class sm): after allocation: 1 chunk(s), current:@0x00007f8f2d80b248, u, base 0x0000000171000000, level lv02 (524288), used: 3298, committed: 8192, committed-free: 4894
[0.157s][trace][metaspace              ] Arena @0x00006000016b2200 (non-class sm): returning 0x00000001710066d8.
[0.157s][trace][metaspace              ] Metaspace::allocate: type 13 return 0x00000001710066d8.
[0.157s][debug][jni,resolve            ] [Dynamic-linking native method java.lang.invoke.MethodHandleNatives.registerNatives ... JNI]
[0.157s][debug][jni,resolve            ] [Registering JNI native method java.lang.invoke.MethodHandleNatives.init]
[0.157s][debug][jni,resolve            ] [Registering JNI native method java.lang.invoke.MethodHandleNatives.expand]
[0.157s][debug][jni,resolve            ] [Registering JNI native method java.lang.invoke.MethodHandleNatives.resolve]
[0.157s][debug][jni,resolve            ] [Registering JNI native method java.lang.invoke.MethodHandleNatives.getNamedCon]
[0.157s][debug][jni,resolve            ] [Registering JNI native method java.lang.invoke.MethodHandleNatives.getMembers]
[0.157s][debug][jni,resolve            ] [Registering JNI native method java.lang.invoke.MethodHandleNatives.objectFieldOffset]
[0.157s][debug][jni,resolve            ] [Registering JNI native method java.lang.invoke.MethodHandleNatives.setCallSiteTargetNormal]
[0.157s][debug][jni,resolve            ] [Registering JNI native method java.lang.invoke.MethodHandleNatives.setCallSiteTargetVolatile]
[0.157s][debug][jni,resolve            ] [Registering JNI native method java.lang.invoke.MethodHandleNatives.copyOutBootstrapArguments]
[0.157s][debug][jni,resolve            ] [Registering JNI native method java.lang.invoke.MethodHandleNatives.clearCallSiteContext]
[0.157s][debug][jni,resolve            ] [Registering JNI native method java.lang.invoke.MethodHandleNatives.staticFieldOffset]
[0.157s][debug][jni,resolve            ] [Registering JNI native method java.lang.invoke.MethodHandleNatives.staticFieldBase]
[0.157s][debug][jni,resolve            ] [Registering JNI native method java.lang.invoke.MethodHandleNatives.getMemberVMInfo]
[0.157s][debug][jni,resolve            ] [Registering JNI native method java.lang.invoke.MethodHandle.invoke]
[0.157s][debug][jni,resolve            ] [Registering JNI native method java.lang.invoke.MethodHandle.invokeExact]
[0.157s][debug][methodhandles,indy     ] MethodHandle support loaded (using LambdaForms)
[0.157s][debug][class,resolve          ] java.lang.invoke.MethodHandleNatives jdk.internal.access.SharedSecrets MethodHandleNatives.java:682
[0.157s][info ][startuptime            ] Initialize java.lang.invoke classes, 0.0016596 secs
[0.157s][trace][metaspace              ] Arena @0x00006000016b2200 (non-class sm): requested 7 words.
[0.157s][trace][metaspace              ] Arena @0x00006000016b2200 (non-class sm): after allocation: 1 chunk(s), current:@0x00007f8f2d80b248, u, base 0x0000000171000000, level lv02 (524288), used: 3305, committed: 8192, committed-free: 4887
[0.157s][trace][metaspace              ] Arena @0x00006000016b2200 (non-class sm): returning 0x0000000171006710.
[0.157s][trace][metaspace              ] Metaspace::allocate: type 13 return 0x0000000171006710.
[0.157s][debug][class,load,placeholders] find_and_add LOAD_INSTANCE 'jdk/internal/module/ModuleBootstrap', loader loader data: 0x00006000032ac000 of 'bootstrap'
[0.158s][debug][class,load,placeholders] loadInstanceThreadQ threads:0x00007f8f4f008800, 
[0.158s][debug][class,load,placeholders] superThreadQ threads:
[0.158s][debug][class,load,placeholders] defineThreadQ threads:
[0.158s][trace][cds,unshareable        ] restore: jdk.internal.module.ModuleBootstrap
[0.158s][trace][class,loader,data      ] Adding k: 0x000000013001fb88 jdk.internal.module.ModuleBootstrap to loader data: 0x00006000032ac000 of 'bootstrap'
[0.158s][debug][cds,mirror             ] jdk.internal.module.ModuleBootstrap has raw archived mirror
[0.158s][debug][cds,heap               ] Clearing root 430: was 0x00000007ffb0bee8
[0.158s][debug][cds,mirror             ] Archived mirror is: 0x00000007ffb0bee8
[0.158s][trace][cds,heap,mirror        ] Restored jdk.internal.module.ModuleBootstrap archived mirror 0x00000007ffb0bee8
[0.158s][debug][cds,heap               ] Clearing root 431: was 0x00000007ffb0bfa0
[0.158s][info ][class,load             ] jdk.internal.module.ModuleBootstrap source: shared objects file
[0.158s][debug][class,load             ]  klass: 0x000000013001fb88 super: 0x0000000130000db8 loader: [loader data: 0x00006000032ac000 of 'bootstrap']
[0.158s][debug][class,load,placeholders] find_and_add DEFINE_CLASS 'jdk/internal/module/ModuleBootstrap', loader loader data: 0x00006000032ac000 of 'bootstrap'
[0.158s][debug][class,load,placeholders] loadInstanceThreadQ threads:0x00007f8f4f008800, 
[0.158s][debug][class,load,placeholders] superThreadQ threads:
[0.158s][debug][class,load,placeholders] defineThreadQ threads:0x00007f8f4f008800, 
[0.158s][debug][class,load,placeholders] find_and_remove DEFINE_CLASS 'jdk/internal/module/ModuleBootstrap', loader loader data: 0x00006000032ac000 of 'bootstrap', InstanceKlass 'jdk/internal/module/ModuleBootstrap'
[0.158s][debug][class,load,placeholders] loadInstanceThreadQ threads:0x00007f8f4f008800, 
[0.158s][debug][class,load,placeholders] superThreadQ threads:
[0.158s][debug][class,load,placeholders] defineThreadQ threads:0x00007f8f4f008800, 
[0.158s][debug][class,load,placeholders] find_and_remove LOAD_INSTANCE 'jdk/internal/module/ModuleBootstrap', loader loader data: 0x00006000032ac000 of 'bootstrap', InstanceKlass 'jdk/internal/module/ModuleBootstrap'
[0.158s][debug][class,load,placeholders] loadInstanceThreadQ threads:0x00007f8f4f008800, 
[0.158s][debug][class,load,placeholders] superThreadQ threads:
[0.158s][debug][class,load,placeholders] defineThreadQ threads:
[0.158s][debug][class,resolve          ] java.lang.System jdk.internal.module.ModuleBootstrap System.java:2162
[0.158s][info ][class,init             ] 160 Initializing 'jdk/internal/module/ModuleBootstrap' (0x000000013001fb88)
[0.158s][trace][metaspace              ] Arena @0x00006000016b2200 (non-class sm): requested 7 words.
[0.158s][trace][metaspace              ] Arena @0x00006000016b2200 (non-class sm): after allocation: 1 chunk(s), current:@0x00007f8f2d80b248, u, base 0x0000000171000000, level lv02 (524288), used: 3312, committed: 8192, committed-free: 4880
[0.158s][trace][metaspace              ] Arena @0x00006000016b2200 (non-class sm): returning 0x0000000171006748.
[0.158s][trace][metaspace              ] Metaspace::allocate: type 13 return 0x0000000171006748.
[0.158s][debug][class,resolve          ] jdk.internal.module.ModuleBootstrap java.lang.Class ModuleBootstrap.java:72
[0.158s][debug][class,resolve          ] jdk.internal.module.ModuleBootstrap jdk.internal.access.SharedSecrets ModuleBootstrap.java:90
[0.158s][trace][metaspace              ] Arena @0x00006000016b2200 (non-class sm): requested 7 words.
[0.158s][trace][metaspace              ] Arena @0x00006000016b2200 (non-class sm): after allocation: 1 chunk(s), current:@0x00007f8f2d80b248, u, base 0x0000000171000000, level lv02 (524288), used: 3319, committed: 8192, committed-free: 4873
[0.158s][trace][metaspace              ] Arena @0x00006000016b2200 (non-class sm): returning 0x0000000171006780.
[0.158s][trace][metaspace              ] Metaspace::allocate: type 13 return 0x0000000171006780.
[0.158s][debug][class,resolve          ] jdk.internal.access.SharedSecrets java.lang.module.ModuleDescriptor SharedSecrets.java:147
[0.158s][trace][metaspace              ] Arena @0x00006000016b2200 (non-class sm): requested 7 words.
[0.158s][trace][metaspace              ] Arena @0x00006000016b2200 (non-class sm): after allocation: 1 chunk(s), current:@0x00007f8f2d80b248, u, base 0x0000000171000000, level lv02 (524288), used: 3326, committed: 8192, committed-free: 4866
[0.158s][trace][metaspace              ] Arena @0x00006000016b2200 (non-class sm): returning 0x00000001710067b8.
[0.158s][trace][metaspace              ] Metaspace::allocate: type 13 return 0x00000001710067b8.
[0.158s][debug][class,resolve          ] jdk.internal.access.SharedSecrets java.lang.invoke.MethodHandles$Lookup SharedSecrets.java:457
[0.158s][trace][metaspace              ] Arena @0x00006000016b2200 (non-class sm): requested 7 words.
[0.158s][trace][metaspace              ] Arena @0x00006000016b2200 (non-class sm): after allocation: 1 chunk(s), current:@0x00007f8f2d80b248, u, base 0x0000000171000000, level lv02 (524288), used: 3333, committed: 8192, committed-free: 4859
[0.158s][trace][metaspace              ] Arena @0x00006000016b2200 (non-class sm): returning 0x00000001710067f0.
[0.158s][trace][metaspace              ] Metaspace::allocate: type 13 return 0x00000001710067f0.
[0.158s][trace][metaspace              ] Arena @0x00006000016b2200 (non-class sm): requested 7 words.
[0.158s][trace][metaspace              ] Arena @0x00006000016b2200 (non-class sm): after allocation: 1 chunk(s), current:@0x00007f8f2d80b248, u, base 0x0000000171000000, level lv02 (524288), used: 3340, committed: 8192, committed-free: 4852
[0.158s][trace][metaspace              ] Arena @0x00006000016b2200 (non-class sm): returning 0x0000000171006828.
[0.158s][trace][metaspace              ] Metaspace::allocate: type 13 return 0x0000000171006828.
[0.158s][debug][class,load,placeholders] find_and_add LOAD_INSTANCE 'sun/invoke/util/VerifyAccess', loader loader data: 0x00006000032ac000 of 'bootstrap'
[0.158s][debug][class,load,placeholders] loadInstanceThreadQ threads:0x00007f8f4f008800, 
[0.158s][debug][class,load,placeholders] superThreadQ threads:
[0.158s][debug][class,load,placeholders] defineThreadQ threads:
[0.158s][trace][cds,unshareable        ] restore: sun.invoke.util.VerifyAccess
[0.158s][trace][class,loader,data      ] Adding k: 0x0000000130073500 sun.invoke.util.VerifyAccess to loader data: 0x00006000032ac000 of 'bootstrap'
[0.158s][debug][cds,mirror             ] sun.invoke.util.VerifyAccess has raw archived mirror
[0.158s][debug][cds,heap               ] Clearing root 576: was 0x00000007ffb0ff10
[0.158s][debug][cds,mirror             ] Archived mirror is: 0x00000007ffb0ff10
[0.158s][trace][cds,heap,mirror        ] Restored sun.invoke.util.VerifyAccess archived mirror 0x00000007ffb0ff10
[0.158s][debug][cds,heap               ] Clearing root 577: was 0x00000007ffb0ffa0
[0.158s][info ][class,load             ] sun.invoke.util.VerifyAccess source: shared objects file
[0.158s][debug][class,load             ]  klass: 0x0000000130073500 super: 0x0000000130000db8 loader: [loader data: 0x00006000032ac000 of 'bootstrap']
[0.158s][debug][class,load,placeholders] find_and_add DEFINE_CLASS 'sun/invoke/util/VerifyAccess', loader loader data: 0x00006000032ac000 of 'bootstrap'
[0.158s][debug][class,load,placeholders] loadInstanceThreadQ threads:0x00007f8f4f008800, 
[0.158s][debug][class,load,placeholders] superThreadQ threads:
[0.158s][debug][class,load,placeholders] defineThreadQ threads:0x00007f8f4f008800, 
[0.158s][debug][class,load,placeholders] find_and_remove DEFINE_CLASS 'sun/invoke/util/VerifyAccess', loader loader data: 0x00006000032ac000 of 'bootstrap', InstanceKlass 'sun/invoke/util/VerifyAccess'
[0.158s][debug][class,load,placeholders] loadInstanceThreadQ threads:0x00007f8f4f008800, 
[0.158s][debug][class,load,placeholders] superThreadQ threads:
[0.158s][debug][class,load,placeholders] defineThreadQ threads:0x00007f8f4f008800, 
[0.158s][debug][class,load,placeholders] find_and_remove LOAD_INSTANCE 'sun/invoke/util/VerifyAccess', loader loader data: 0x00006000032ac000 of 'bootstrap', InstanceKlass 'sun/invoke/util/VerifyAccess'
[0.158s][debug][class,load,placeholders] loadInstanceThreadQ threads:0x00007f8f4f008800, 
[0.158s][debug][class,load,placeholders] superThreadQ threads:
[0.158s][debug][class,load,placeholders] defineThreadQ threads:
[0.158s][debug][class,resolve          ] java.lang.invoke.MethodHandles$Lookup sun.invoke.util.VerifyAccess MethodHandles.java:2807
[0.158s][info ][class,init             ] 161 Initializing 'sun/invoke/util/VerifyAccess' (0x0000000130073500)
[0.158s][trace][metaspace              ] Arena @0x00006000016b2200 (non-class sm): requested 7 words.
[0.158s][trace][metaspace              ] Arena @0x00006000016b2200 (non-class sm): after allocation: 1 chunk(s), current:@0x00007f8f2d80b248, u, base 0x0000000171000000, level lv02 (524288), used: 3347, committed: 8192, committed-free: 4845
[0.158s][trace][metaspace              ] Arena @0x00006000016b2200 (non-class sm): returning 0x0000000171006860.
[0.158s][trace][metaspace              ] Metaspace::allocate: type 13 return 0x0000000171006860.
[0.158s][debug][class,resolve          ] sun.invoke.util.VerifyAccess java.lang.Class VerifyAccess.java:36
[0.158s][trace][metaspace              ] Arena @0x00006000016b2200 (non-class sm): requested 7 words.
[0.158s][trace][metaspace              ] Arena @0x00006000016b2200 (non-class sm): after allocation: 1 chunk(s), current:@0x00007f8f2d80b248, u, base 0x0000000171000000, level lv02 (524288), used: 3354, committed: 8192, committed-free: 4838
[0.158s][trace][metaspace              ] Arena @0x00006000016b2200 (non-class sm): returning 0x0000000171006898.
[0.158s][trace][metaspace              ] Metaspace::allocate: type 13 return 0x0000000171006898.
[0.159s][trace][metaspace              ] Arena @0x00006000016b2200 (non-class sm): requested 7 words.
[0.159s][trace][metaspace              ] Arena @0x00006000016b2200 (non-class sm): after allocation: 1 chunk(s), current:@0x00007f8f2d80b248, u, base 0x0000000171000000, level lv02 (524288), used: 3361, committed: 8192, committed-free: 4831
[0.159s][trace][metaspace              ] Arena @0x00006000016b2200 (non-class sm): returning 0x00000001710068d0.
[0.159s][trace][metaspace              ] Metaspace::allocate: type 13 return 0x00000001710068d0.
[0.159s][trace][metaspace              ] Arena @0x00006000016b2200 (non-class sm): requested 7 words.
[0.159s][trace][metaspace              ] Arena @0x00006000016b2200 (non-class sm): after allocation: 1 chunk(s), current:@0x00007f8f2d80b248, u, base 0x0000000171000000, level lv02 (524288), used: 3368, committed: 8192, committed-free: 4824
[0.159s][trace][metaspace              ] Arena @0x00006000016b2200 (non-class sm): returning 0x0000000171006908.
[0.159s][trace][metaspace              ] Metaspace::allocate: type 13 return 0x0000000171006908.
[0.159s][trace][oopstorage,ref         ] StringTable Weak: allocated 0x00007f8f4cf05f10
[0.159s][debug][class,resolve          ] java.lang.Class java.lang.String Class.java:1083
[0.159s][trace][metaspace              ] Arena @0x00006000016b2200 (non-class sm): requested 7 words.
[0.159s][trace][metaspace              ] Arena @0x00006000016b2200 (non-class sm): after allocation: 1 chunk(s), current:@0x00007f8f2d80b248, u, base 0x0000000171000000, level lv02 (524288), used: 3375, committed: 8192, committed-free: 4817
[0.159s][trace][metaspace              ] Arena @0x00006000016b2200 (non-class sm): returning 0x0000000171006940.
[0.159s][trace][metaspace              ] Metaspace::allocate: type 13 return 0x0000000171006940.
[0.159s][trace][metaspace              ] Arena @0x00006000016b2200 (non-class sm): requested 7 words.
[0.159s][trace][metaspace              ] Arena @0x00006000016b2200 (non-class sm): after allocation: 1 chunk(s), current:@0x00007f8f2d80b248, u, base 0x0000000171000000, level lv02 (524288), used: 3382, committed: 8192, committed-free: 4810
[0.159s][trace][metaspace              ] Arena @0x00006000016b2200 (non-class sm): returning 0x0000000171006978.
[0.159s][trace][metaspace              ] Metaspace::allocate: type 13 return 0x0000000171006978.
[0.159s][trace][metaspace              ] Arena @0x00006000016b2200 (non-class sm): requested 7 words.
[0.159s][trace][metaspace              ] Arena @0x00006000016b2200 (non-class sm): after allocation: 1 chunk(s), current:@0x00007f8f2d80b248, u, base 0x0000000171000000, level lv02 (524288), used: 3389, committed: 8192, committed-free: 4803
[0.159s][trace][metaspace              ] Arena @0x00006000016b2200 (non-class sm): returning 0x00000001710069b0.
[0.159s][trace][metaspace              ] Metaspace::allocate: type 13 return 0x00000001710069b0.
[0.159s][debug][class,resolve          ] java.lang.StringLatin1 java.lang.Math StringLatin1.java:293
[0.159s][trace][metaspace              ] Arena @0x00006000016b2200 (non-class sm): requested 7 words.
[0.159s][trace][metaspace              ] Arena @0x00006000016b2200 (non-class sm): after allocation: 1 chunk(s), current:@0x00007f8f2d80b248, u, base 0x0000000171000000, level lv02 (524288), used: 3396, committed: 8192, committed-free: 4796
[0.159s][trace][metaspace              ] Arena @0x00006000016b2200 (non-class sm): returning 0x00000001710069e8.
[0.159s][trace][metaspace              ] Metaspace::allocate: type 13 return 0x00000001710069e8.
[0.159s][debug][jni,resolve            ] [Dynamic-linking native method java.lang.String.intern ... JNI]
[0.159s][trace][oopstorage,ref         ] StringTable Weak: allocated 0x00007f8f4cf05f18
[0.159s][trace][metaspace              ] Arena @0x00006000016b2200 (non-class sm): requested 7 words.
[0.159s][trace][metaspace              ] Arena @0x00006000016b2200 (non-class sm): after allocation: 1 chunk(s), current:@0x00007f8f2d80b248, u, base 0x0000000171000000, level lv02 (524288), used: 3403, committed: 8192, committed-free: 4789
[0.159s][trace][metaspace              ] Arena @0x00006000016b2200 (non-class sm): returning 0x0000000171006a20.
[0.159s][trace][metaspace              ] Metaspace::allocate: type 13 return 0x0000000171006a20.
[0.159s][debug][class,resolve          ] sun.invoke.util.VerifyAccess jdk.internal.reflect.Reflection VerifyAccess.java:168
[0.159s][trace][metaspace              ] Arena @0x00006000016b2200 (non-class sm): requested 7 words.
[0.159s][trace][metaspace              ] Arena @0x00006000016b2200 (non-class sm): after allocation: 1 chunk(s), current:@0x00007f8f2d80b248, u, base 0x0000000171000000, level lv02 (524288), used: 3410, committed: 8192, committed-free: 4782
[0.159s][trace][metaspace              ] Arena @0x00006000016b2200 (non-class sm): returning 0x0000000171006a58.
[0.159s][trace][metaspace              ] Metaspace::allocate: type 13 return 0x0000000171006a58.
[0.159s][debug][jni,resolve            ] [Dynamic-linking native method jdk.internal.reflect.Reflection.getClassAccessFlags ... JNI]
[0.159s][debug][class,load,placeholders] find_and_add LOAD_INSTANCE 'java/lang/reflect/Modifier', loader loader data: 0x00006000032ac000 of 'bootstrap'
[0.159s][debug][class,load,placeholders] loadInstanceThreadQ threads:0x00007f8f4f008800, 
[0.159s][debug][class,load,placeholders] superThreadQ threads:
[0.159s][debug][class,load,placeholders] defineThreadQ threads:
[0.159s][trace][cds,unshareable        ] restore: java.lang.reflect.Modifier
[0.159s][trace][class,loader,data      ] Adding k: 0x00000001300732c8 java.lang.reflect.Modifier to loader data: 0x00006000032ac000 of 'bootstrap'
[0.159s][debug][cds,mirror             ] java.lang.reflect.Modifier has raw archived mirror
[0.159s][debug][cds,heap               ] Clearing root 331: was 0x00000007ffb097f0
[0.159s][debug][cds,mirror             ] Archived mirror is: 0x00000007ffb097f0
[0.159s][trace][cds,heap,mirror        ] Restored java.lang.reflect.Modifier archived mirror 0x00000007ffb097f0
[0.159s][debug][cds,heap               ] Clearing root 332: was 0x00000007ffb098c8
[0.159s][info ][class,load             ] java.lang.reflect.Modifier source: shared objects file
[0.159s][debug][class,load             ]  klass: 0x00000001300732c8 super: 0x0000000130000db8 loader: [loader data: 0x00006000032ac000 of 'bootstrap']
[0.159s][debug][class,load,placeholders] find_and_add DEFINE_CLASS 'java/lang/reflect/Modifier', loader loader data: 0x00006000032ac000 of 'bootstrap'
[0.159s][debug][class,load,placeholders] loadInstanceThreadQ threads:0x00007f8f4f008800, 
[0.159s][debug][class,load,placeholders] superThreadQ threads:
[0.159s][debug][class,load,placeholders] defineThreadQ threads:0x00007f8f4f008800, 
[0.159s][debug][class,load,placeholders] find_and_remove DEFINE_CLASS 'java/lang/reflect/Modifier', loader loader data: 0x00006000032ac000 of 'bootstrap', InstanceKlass 'java/lang/reflect/Modifier'
[0.159s][debug][class,load,placeholders] loadInstanceThreadQ threads:0x00007f8f4f008800, 
[0.159s][debug][class,load,placeholders] superThreadQ threads:
[0.159s][debug][class,load,placeholders] defineThreadQ threads:0x00007f8f4f008800, 
[0.159s][debug][class,load,placeholders] find_and_remove LOAD_INSTANCE 'java/lang/reflect/Modifier', loader loader data: 0x00006000032ac000 of 'bootstrap', InstanceKlass 'java/lang/reflect/Modifier'
[0.159s][debug][class,load,placeholders] loadInstanceThreadQ threads:0x00007f8f4f008800, 
[0.159s][debug][class,load,placeholders] superThreadQ threads:
[0.159s][debug][class,load,placeholders] defineThreadQ threads:
[0.159s][debug][class,resolve          ] sun.invoke.util.VerifyAccess java.lang.reflect.Modifier VerifyAccess.java:199
[0.159s][info ][class,init             ] 162 Initializing 'java/lang/reflect/Modifier'(no method) (0x00000001300732c8)
[0.159s][trace][metaspace              ] Arena @0x00006000016b2200 (non-class sm): requested 7 words.
[0.159s][trace][metaspace              ] Arena @0x00006000016b2200 (non-class sm): after allocation: 1 chunk(s), current:@0x00007f8f2d80b248, u, base 0x0000000171000000, level lv02 (524288), used: 3417, committed: 8192, committed-free: 4775
[0.159s][trace][metaspace              ] Arena @0x00006000016b2200 (non-class sm): returning 0x0000000171006a90.
[0.159s][trace][metaspace              ] Metaspace::allocate: type 13 return 0x0000000171006a90.
[0.159s][trace][metaspace              ] Arena @0x00006000016b2200 (non-class sm): requested 7 words.
[0.159s][trace][metaspace              ] Arena @0x00006000016b2200 (non-class sm): after allocation: 1 chunk(s), current:@0x00007f8f2d80b248, u, base 0x0000000171000000, level lv02 (524288), used: 3424, committed: 8192, committed-free: 4768
[0.159s][trace][metaspace              ] Arena @0x00006000016b2200 (non-class sm): returning 0x0000000171006ac8.
[0.159s][trace][metaspace              ] Metaspace::allocate: type 13 return 0x0000000171006ac8.
[0.159s][trace][metaspace              ] Arena @0x00006000016b2200 (non-class sm): requested 7 words.
[0.159s][trace][metaspace              ] Arena @0x00006000016b2200 (non-class sm): after allocation: 1 chunk(s), current:@0x00007f8f2d80b248, u, base 0x0000000171000000, level lv02 (524288), used: 3431, committed: 8192, committed-free: 4761
[0.159s][trace][metaspace              ] Arena @0x00006000016b2200 (non-class sm): returning 0x0000000171006b00.
[0.159s][trace][metaspace              ] Metaspace::allocate: type 13 return 0x0000000171006b00.
[0.159s][debug][class,resolve          ] java.lang.invoke.MethodHandles$Lookup java.lang.System MethodHandles.java:3757
[0.159s][debug][class,resolve          ] java.lang.invoke.MethodHandles$Lookup jdk.internal.misc.Unsafe MethodHandles.java:2813
[0.159s][trace][metaspace              ] Arena @0x00006000016b2200 (non-class sm): requested 7 words.
[0.159s][trace][metaspace              ] Arena @0x00006000016b2200 (non-class sm): after allocation: 1 chunk(s), current:@0x00007f8f2d80b248, u, base 0x0000000171000000, level lv02 (524288), used: 3438, committed: 8192, committed-free: 4754
[0.159s][trace][metaspace              ] Arena @0x00006000016b2200 (non-class sm): returning 0x0000000171006b38.
[0.159s][trace][metaspace              ] Metaspace::allocate: type 13 return 0x0000000171006b38.
[0.159s][trace][metaspace              ] Arena @0x00006000016b2200 (non-class sm): requested 7 words.
[0.159s][trace][metaspace              ] Arena @0x00006000016b2200 (non-class sm): after allocation: 1 chunk(s), current:@0x00007f8f2d80b248, u, base 0x0000000171000000, level lv02 (524288), used: 3445, committed: 8192, committed-free: 4747
[0.160s][trace][metaspace              ] Arena @0x00006000016b2200 (non-class sm): returning 0x0000000171006b70.
[0.160s][trace][metaspace              ] Metaspace::allocate: type 13 return 0x0000000171006b70.
[0.160s][info ][class,init             ] 163 Initializing 'java/lang/module/ModuleDescriptor' (0x000000013012f348)
[0.160s][trace][metaspace              ] Arena @0x00006000016b2200 (non-class sm): requested 7 words.
[0.160s][trace][metaspace              ] Arena @0x00006000016b2200 (non-class sm): after allocation: 1 chunk(s), current:@0x00007f8f2d80b248, u, base 0x0000000171000000, level lv02 (524288), used: 3452, committed: 8192, committed-free: 4740
[0.160s][trace][metaspace              ] Arena @0x00006000016b2200 (non-class sm): returning 0x0000000171006ba8.
[0.160s][trace][metaspace              ] Metaspace::allocate: type 13 return 0x0000000171006ba8.
[0.160s][debug][class,resolve          ] java.lang.module.ModuleDescriptor java.lang.Class ModuleDescriptor.java:93
[0.160s][debug][class,load,placeholders] find_and_add LOAD_INSTANCE 'java/lang/module/ModuleDescriptor$1', loader loader data: 0x00006000032ac000 of 'bootstrap'
[0.160s][debug][class,load,placeholders] loadInstanceThreadQ threads:0x00007f8f4f008800, 
[0.160s][debug][class,load,placeholders] superThreadQ threads:
[0.160s][debug][class,load,placeholders] defineThreadQ threads:
[0.160s][debug][class,load,placeholders] find_and_add LOAD_SUPER 'java/lang/module/ModuleDescriptor$1', loader loader data: 0x00006000032ac000 of 'bootstrap', supername 'jdk/internal/access/JavaLangModuleAccess'
[0.160s][debug][class,load,placeholders] loadInstanceThreadQ threads:0x00007f8f4f008800, 
[0.160s][debug][class,load,placeholders] superThreadQ threads:0x00007f8f4f008800, 
[0.160s][debug][class,load,placeholders] defineThreadQ threads:
[0.160s][debug][class,load,placeholders] find_and_add LOAD_INSTANCE 'jdk/internal/access/JavaLangModuleAccess', loader loader data: 0x00006000032ac000 of 'bootstrap'
[0.160s][debug][class,load,placeholders] loadInstanceThreadQ threads:0x00007f8f4f008800, 
[0.160s][debug][class,load,placeholders] superThreadQ threads:
[0.160s][debug][class,load,placeholders] defineThreadQ threads:
[0.160s][trace][cds,unshareable        ] restore: jdk.internal.access.JavaLangModuleAccess
[0.160s][trace][class,loader,data      ] Adding k: 0x0000000130073098 jdk.internal.access.JavaLangModuleAccess to loader data: 0x00006000032ac000 of 'bootstrap'
[0.160s][debug][cds,mirror             ] jdk.internal.access.JavaLangModuleAccess has raw archived mirror
[0.160s][debug][cds,heap               ] Clearing root 628: was 0x00000007ffb118a0
[0.160s][debug][cds,mirror             ] Archived mirror is: 0x00000007ffb118a0
[0.160s][trace][cds,heap,mirror        ] Restored jdk.internal.access.JavaLangModuleAccess archived mirror 0x00000007ffb118a0
[0.160s][info ][class,load             ] jdk.internal.access.JavaLangModuleAccess source: shared objects file
[0.160s][debug][class,load             ]  klass: 0x0000000130073098 super: 0x0000000130000db8 loader: [loader data: 0x00006000032ac000 of 'bootstrap']
[0.160s][debug][class,load,placeholders] find_and_add DEFINE_CLASS 'jdk/internal/access/JavaLangModuleAccess', loader loader data: 0x00006000032ac000 of 'bootstrap'
[0.160s][debug][class,load,placeholders] loadInstanceThreadQ threads:0x00007f8f4f008800, 
[0.160s][debug][class,load,placeholders] superThreadQ threads:
[0.160s][debug][class,load,placeholders] defineThreadQ threads:0x00007f8f4f008800, 
[0.160s][debug][class,load,placeholders] find_and_remove DEFINE_CLASS 'jdk/internal/access/JavaLangModuleAccess', loader loader data: 0x00006000032ac000 of 'bootstrap', InstanceKlass 'jdk/internal/access/JavaLangModuleAccess'
[0.160s][debug][class,load,placeholders] loadInstanceThreadQ threads:0x00007f8f4f008800, 
[0.160s][debug][class,load,placeholders] superThreadQ threads:
[0.160s][debug][class,load,placeholders] defineThreadQ threads:0x00007f8f4f008800, 
[0.160s][debug][class,load,placeholders] find_and_remove LOAD_INSTANCE 'jdk/internal/access/JavaLangModuleAccess', loader loader data: 0x00006000032ac000 of 'bootstrap', InstanceKlass 'jdk/internal/access/JavaLangModuleAccess'
[0.160s][debug][class,load,placeholders] loadInstanceThreadQ threads:0x00007f8f4f008800, 
[0.160s][debug][class,load,placeholders] superThreadQ threads:
[0.160s][debug][class,load,placeholders] defineThreadQ threads:
[0.160s][debug][class,load,placeholders] find_and_remove LOAD_SUPER 'java/lang/module/ModuleDescriptor$1', loader loader data: 0x00006000032ac000 of 'bootstrap', supername 'jdk/internal/access/JavaLangModuleAccess'
[0.160s][debug][class,load,placeholders] loadInstanceThreadQ threads:0x00007f8f4f008800, 
[0.160s][debug][class,load,placeholders] superThreadQ threads:0x00007f8f4f008800, 
[0.160s][debug][class,load,placeholders] defineThreadQ threads:
[0.160s][trace][cds,unshareable        ] restore: java.lang.module.ModuleDescriptor$1
[0.160s][trace][class,loader,data      ] Adding k: 0x0000000130072d90 java.lang.module.ModuleDescriptor$1 to loader data: 0x00006000032ac000 of 'bootstrap'
[0.160s][debug][cds,mirror             ] java.lang.module.ModuleDescriptor$1 has raw archived mirror
[0.160s][debug][cds,heap               ] Clearing root 949: was 0x00000007ffb19de8
[0.160s][debug][cds,mirror             ] Archived mirror is: 0x00000007ffb19de8
[0.160s][trace][cds,heap,mirror        ] Restored java.lang.module.ModuleDescriptor$1 archived mirror 0x00000007ffb19de8
[0.160s][info ][class,load             ] java.lang.module.ModuleDescriptor$1 source: shared objects file
[0.160s][debug][class,load             ]  klass: 0x0000000130072d90 super: 0x0000000130000db8 interfaces: 0x0000000130073098 loader: [loader data: 0x00006000032ac000 of 'bootstrap']
[0.160s][debug][class,load,placeholders] find_and_add DEFINE_CLASS 'java/lang/module/ModuleDescriptor$1', loader loader data: 0x00006000032ac000 of 'bootstrap', supername 'jdk/internal/access/JavaLangModuleAccess'
[0.160s][debug][class,load,placeholders] loadInstanceThreadQ threads:0x00007f8f4f008800, 
[0.160s][debug][class,load,placeholders] superThreadQ threads:
[0.160s][debug][class,load,placeholders] defineThreadQ threads:0x00007f8f4f008800, 
[0.160s][debug][class,load,placeholders] find_and_remove DEFINE_CLASS 'java/lang/module/ModuleDescriptor$1', loader loader data: 0x00006000032ac000 of 'bootstrap', supername 'jdk/internal/access/JavaLangModuleAccess', InstanceKlass 'java/lang/module/ModuleDescriptor$1'
[0.160s][debug][class,load,placeholders] loadInstanceThreadQ threads:0x00007f8f4f008800, 
[0.160s][debug][class,load,placeholders] superThreadQ threads:
[0.160s][debug][class,load,placeholders] defineThreadQ threads:0x00007f8f4f008800, 
[0.160s][debug][class,load,placeholders] find_and_remove LOAD_INSTANCE 'java/lang/module/ModuleDescriptor$1', loader loader data: 0x00006000032ac000 of 'bootstrap', supername 'jdk/internal/access/JavaLangModuleAccess', InstanceKlass 'java/lang/module/ModuleDescriptor$1'
[0.160s][debug][class,load,placeholders] loadInstanceThreadQ threads:0x00007f8f4f008800, 
[0.160s][debug][class,load,placeholders] superThreadQ threads:
[0.160s][debug][class,load,placeholders] defineThreadQ threads:
[0.160s][debug][class,resolve          ] java.lang.module.ModuleDescriptor java.lang.module.ModuleDescriptor$1 ModuleDescriptor.java:2596
[0.160s][info ][class,init             ] 164 Initializing 'java/lang/module/ModuleDescriptor$1'(no method) (0x0000000130072d90)
[0.160s][trace][metaspace              ] Arena @0x00006000016b2200 (non-class sm): requested 7 words.
[0.160s][trace][metaspace              ] Arena @0x00006000016b2200 (non-class sm): after allocation: 1 chunk(s), current:@0x00007f8f2d80b248, u, base 0x0000000171000000, level lv02 (524288), used: 3459, committed: 8192, committed-free: 4733
[0.160s][trace][metaspace              ] Arena @0x00006000016b2200 (non-class sm): returning 0x0000000171006be0.
[0.160s][trace][metaspace              ] Metaspace::allocate: type 13 return 0x0000000171006be0.
[0.160s][debug][class,resolve          ] java.lang.module.ModuleDescriptor$1 java.lang.Object ModuleDescriptor.java:2597
[0.160s][debug][class,resolve          ] java.lang.module.ModuleDescriptor jdk.internal.access.SharedSecrets ModuleDescriptor.java:2597
[0.160s][trace][metaspace              ] Arena @0x00006000016b2200 (non-class sm): requested 7 words.
[0.160s][trace][metaspace              ] Arena @0x00006000016b2200 (non-class sm): after allocation: 1 chunk(s), current:@0x00007f8f2d80b248, u, base 0x0000000171000000, level lv02 (524288), used: 3466, committed: 8192, committed-free: 4726
[0.160s][trace][metaspace              ] Arena @0x00006000016b2200 (non-class sm): returning 0x0000000171006c18.
[0.160s][trace][metaspace              ] Metaspace::allocate: type 13 return 0x0000000171006c18.
[0.160s][trace][metaspace              ] Arena @0x00006000016b2200 (non-class sm): requested 7 words.
[0.160s][trace][metaspace              ] Arena @0x00006000016b2200 (non-class sm): after allocation: 1 chunk(s), current:@0x00007f8f2d80b248, u, base 0x0000000171000000, level lv02 (524288), used: 3473, committed: 8192, committed-free: 4719
[0.160s][trace][metaspace              ] Arena @0x00006000016b2200 (non-class sm): returning 0x0000000171006c50.
[0.160s][trace][metaspace              ] Metaspace::allocate: type 13 return 0x0000000171006c50.
[0.160s][debug][class,load,placeholders] find_and_add LOAD_INSTANCE 'java/io/File', loader loader data: 0x00006000032ac000 of 'bootstrap'
[0.160s][debug][class,load,placeholders] loadInstanceThreadQ threads:0x00007f8f4f008800, 
[0.161s][debug][class,load,placeholders] superThreadQ threads:
[0.161s][debug][class,load,placeholders] defineThreadQ threads:
[0.161s][trace][cds,unshareable        ] restore: java.io.File
[0.161s][trace][class,loader,data      ] Adding k: 0x00000001300729c8 java.io.File to loader data: 0x00006000032ac000 of 'bootstrap'
[0.161s][debug][cds,mirror             ] java.io.File has raw archived mirror
[0.161s][debug][cds,heap               ] Clearing root 114: was 0x00000007ffb03170
[0.161s][debug][cds,mirror             ] Archived mirror is: 0x00000007ffb03170
[0.161s][trace][cds,heap,mirror        ] Restored java.io.File archived mirror 0x00000007ffb03170
[0.161s][debug][cds,heap               ] Clearing root 115: was 0x00000007ffb03210
[0.161s][info ][class,load             ] java.io.File source: shared objects file
[0.161s][debug][class,load             ]  klass: 0x00000001300729c8 super: 0x0000000130000db8 interfaces: 0x00000001300037c0 0x00000001300098f8 loader: [loader data: 0x00006000032ac000 of 'bootstrap']
[0.161s][debug][class,load,placeholders] find_and_add DEFINE_CLASS 'java/io/File', loader loader data: 0x00006000032ac000 of 'bootstrap'
[0.161s][debug][class,load,placeholders] loadInstanceThreadQ threads:0x00007f8f4f008800, 
[0.161s][debug][class,load,placeholders] superThreadQ threads:
[0.161s][debug][class,load,placeholders] defineThreadQ threads:0x00007f8f4f008800, 
[0.161s][debug][class,load,placeholders] find_and_remove DEFINE_CLASS 'java/io/File', loader loader data: 0x00006000032ac000 of 'bootstrap', InstanceKlass 'java/io/File'
[0.161s][debug][class,load,placeholders] loadInstanceThreadQ threads:0x00007f8f4f008800, 
[0.161s][debug][class,load,placeholders] superThreadQ threads:
[0.161s][debug][class,load,placeholders] defineThreadQ threads:0x00007f8f4f008800, 
[0.161s][debug][class,load,placeholders] find_and_remove LOAD_INSTANCE 'java/io/File', loader loader data: 0x00006000032ac000 of 'bootstrap', InstanceKlass 'java/io/File'
[0.161s][debug][class,load,placeholders] loadInstanceThreadQ threads:0x00007f8f4f008800, 
[0.161s][debug][class,load,placeholders] superThreadQ threads:
[0.161s][debug][class,load,placeholders] defineThreadQ threads:
[0.161s][debug][class,resolve          ] jdk.internal.module.ModuleBootstrap java.io.File ModuleBootstrap.java:599
[0.161s][info ][class,init             ] 165 Initializing 'java/io/File' (0x00000001300729c8)
[0.161s][trace][metaspace              ] Arena @0x00006000016b2200 (non-class sm): requested 7 words.
[0.161s][trace][metaspace              ] Arena @0x00006000016b2200 (non-class sm): after allocation: 1 chunk(s), current:@0x00007f8f2d80b248, u, base 0x0000000171000000, level lv02 (524288), used: 3480, committed: 8192, committed-free: 4712
[0.161s][trace][metaspace              ] Arena @0x00006000016b2200 (non-class sm): returning 0x0000000171006c88.
[0.161s][trace][metaspace              ] Metaspace::allocate: type 13 return 0x0000000171006c88.
[0.161s][debug][class,resolve          ] java.io.File java.lang.Class File.java:148
[0.161s][debug][class,load,placeholders] find_and_add LOAD_INSTANCE 'java/io/DefaultFileSystem', loader loader data: 0x00006000032ac000 of 'bootstrap'
[0.161s][debug][class,load,placeholders] loadInstanceThreadQ threads:0x00007f8f4f008800, 
[0.161s][debug][class,load,placeholders] superThreadQ threads:
[0.161s][debug][class,load,placeholders] defineThreadQ threads:
[0.161s][trace][cds,unshareable        ] restore: java.io.DefaultFileSystem
[0.161s][trace][class,loader,data      ] Adding k: 0x00000001300a6d28 java.io.DefaultFileSystem to loader data: 0x00006000032ac000 of 'bootstrap'
[0.161s][debug][cds,mirror             ] java.io.DefaultFileSystem has raw archived mirror
[0.161s][debug][cds,heap               ] Clearing root 963: was 0x00000007ffb1a268
[0.161s][debug][cds,mirror             ] Archived mirror is: 0x00000007ffb1a268
[0.161s][trace][cds,heap,mirror        ] Restored java.io.DefaultFileSystem archived mirror 0x00000007ffb1a268
[0.161s][info ][class,load             ] java.io.DefaultFileSystem source: shared objects file
[0.161s][debug][class,load             ]  klass: 0x00000001300a6d28 super: 0x0000000130000db8 loader: [loader data: 0x00006000032ac000 of 'bootstrap']
[0.161s][debug][class,load,placeholders] find_and_add DEFINE_CLASS 'java/io/DefaultFileSystem', loader loader data: 0x00006000032ac000 of 'bootstrap'
[0.161s][debug][class,load,placeholders] loadInstanceThreadQ threads:0x00007f8f4f008800, 
[0.161s][debug][class,load,placeholders] superThreadQ threads:
[0.161s][debug][class,load,placeholders] defineThreadQ threads:0x00007f8f4f008800, 
[0.161s][debug][class,load,placeholders] find_and_remove DEFINE_CLASS 'java/io/DefaultFileSystem', loader loader data: 0x00006000032ac000 of 'bootstrap', InstanceKlass 'java/io/DefaultFileSystem'
[0.161s][debug][class,load,placeholders] loadInstanceThreadQ threads:0x00007f8f4f008800, 
[0.161s][debug][class,load,placeholders] superThreadQ threads:
[0.161s][debug][class,load,placeholders] defineThreadQ threads:0x00007f8f4f008800, 
[0.161s][debug][class,load,placeholders] find_and_remove LOAD_INSTANCE 'java/io/DefaultFileSystem', loader loader data: 0x00006000032ac000 of 'bootstrap', InstanceKlass 'java/io/DefaultFileSystem'
[0.161s][debug][class,load,placeholders] loadInstanceThreadQ threads:0x00007f8f4f008800, 
[0.161s][debug][class,load,placeholders] superThreadQ threads:
[0.161s][debug][class,load,placeholders] defineThreadQ threads:
[0.161s][debug][class,resolve          ] java.io.File java.io.DefaultFileSystem File.java:155
[0.161s][info ][class,init             ] 166 Initializing 'java/io/DefaultFileSystem'(no method) (0x00000001300a6d28)
[0.161s][trace][metaspace              ] Arena @0x00006000016b2200 (non-class sm): requested 7 words.
[0.161s][trace][metaspace              ] Arena @0x00006000016b2200 (non-class sm): after allocation: 1 chunk(s), current:@0x00007f8f2d80b248, u, base 0x0000000171000000, level lv02 (524288), used: 3487, committed: 8192, committed-free: 4705
[0.161s][trace][metaspace              ] Arena @0x00006000016b2200 (non-class sm): returning 0x0000000171006cc0.
[0.161s][trace][metaspace              ] Metaspace::allocate: type 13 return 0x0000000171006cc0.
[0.161s][debug][class,load,placeholders] find_and_add LOAD_INSTANCE 'java/io/UnixFileSystem', loader loader data: 0x00006000032ac000 of 'bootstrap'
[0.161s][debug][class,load,placeholders] loadInstanceThreadQ threads:0x00007f8f4f008800, 
[0.161s][debug][class,load,placeholders] superThreadQ threads:
[0.161s][debug][class,load,placeholders] defineThreadQ threads:
[0.161s][debug][class,load,placeholders] find_and_add LOAD_SUPER 'java/io/UnixFileSystem', loader loader data: 0x00006000032ac000 of 'bootstrap', supername 'java/io/FileSystem'
[0.161s][debug][class,load,placeholders] loadInstanceThreadQ threads:0x00007f8f4f008800, 
[0.161s][debug][class,load,placeholders] superThreadQ threads:0x00007f8f4f008800, 
[0.161s][debug][class,load,placeholders] defineThreadQ threads:
[0.161s][debug][class,load,placeholders] find_and_add LOAD_INSTANCE 'java/io/FileSystem', loader loader data: 0x00006000032ac000 of 'bootstrap'
[0.161s][debug][class,load,placeholders] loadInstanceThreadQ threads:0x00007f8f4f008800, 
[0.161s][debug][class,load,placeholders] superThreadQ threads:
[0.161s][debug][class,load,placeholders] defineThreadQ threads:
[0.161s][trace][cds,unshareable        ] restore: java.io.FileSystem
[0.161s][trace][class,loader,data      ] Adding k: 0x00000001300a4c68 java.io.FileSystem to loader data: 0x00006000032ac000 of 'bootstrap'
[0.161s][debug][cds,mirror             ] java.io.FileSystem has raw archived mirror
[0.161s][debug][cds,heap               ] Clearing root 956: was 0x00000007ffb1a018
[0.161s][debug][cds,mirror             ] Archived mirror is: 0x00000007ffb1a018
[0.161s][trace][cds,heap,mirror        ] Restored java.io.FileSystem archived mirror 0x00000007ffb1a018
[0.161s][debug][cds,heap               ] Clearing root 957: was 0x00000007ffb1a0b8
[0.161s][info ][class,load             ] java.io.FileSystem source: shared objects file
[0.161s][debug][class,load             ]  klass: 0x00000001300a4c68 super: 0x0000000130000db8 loader: [loader data: 0x00006000032ac000 of 'bootstrap']
[0.161s][debug][class,load,placeholders] find_and_add DEFINE_CLASS 'java/io/FileSystem', loader loader data: 0x00006000032ac000 of 'bootstrap'
[0.161s][debug][class,load,placeholders] loadInstanceThreadQ threads:0x00007f8f4f008800, 
[0.161s][debug][class,load,placeholders] superThreadQ threads:
[0.161s][debug][class,load,placeholders] defineThreadQ threads:0x00007f8f4f008800, 
[0.161s][debug][class,load,placeholders] find_and_remove DEFINE_CLASS 'java/io/FileSystem', loader loader data: 0x00006000032ac000 of 'bootstrap', InstanceKlass 'java/io/FileSystem'
[0.161s][debug][class,load,placeholders] loadInstanceThreadQ threads:0x00007f8f4f008800, 
[0.161s][debug][class,load,placeholders] superThreadQ threads:
[0.161s][debug][class,load,placeholders] defineThreadQ threads:0x00007f8f4f008800, 
[0.161s][debug][class,load,placeholders] find_and_remove LOAD_INSTANCE 'java/io/FileSystem', loader loader data: 0x00006000032ac000 of 'bootstrap', InstanceKlass 'java/io/FileSystem'
[0.161s][debug][class,load,placeholders] loadInstanceThreadQ threads:0x00007f8f4f008800, 
[0.162s][debug][class,load,placeholders] superThreadQ threads:
[0.162s][debug][class,load,placeholders] defineThreadQ threads:
[0.162s][debug][class,load,placeholders] find_and_remove LOAD_SUPER 'java/io/UnixFileSystem', loader loader data: 0x00006000032ac000 of 'bootstrap', supername 'java/io/FileSystem'
[0.162s][debug][class,load,placeholders] loadInstanceThreadQ threads:0x00007f8f4f008800, 
[0.162s][debug][class,load,placeholders] superThreadQ threads:0x00007f8f4f008800, 
[0.162s][debug][class,load,placeholders] defineThreadQ threads:
[0.162s][trace][cds,unshareable        ] restore: java.io.UnixFileSystem
[0.162s][trace][class,loader,data      ] Adding k: 0x00000001300a4f88 java.io.UnixFileSystem to loader data: 0x00006000032ac000 of 'bootstrap'
[0.162s][debug][cds,mirror             ] java.io.UnixFileSystem has raw archived mirror
[0.162s][debug][cds,heap               ] Clearing root 964: was 0x00000007ffb1a2d8
[0.162s][debug][cds,mirror             ] Archived mirror is: 0x00000007ffb1a2d8
[0.162s][trace][cds,heap,mirror        ] Restored java.io.UnixFileSystem archived mirror 0x00000007ffb1a2d8
[0.162s][debug][cds,heap               ] Clearing root 965: was 0x00000007ffb1a348
[0.162s][info ][class,load             ] java.io.UnixFileSystem source: shared objects file
[0.162s][debug][class,load             ]  klass: 0x00000001300a4f88 super: 0x00000001300a4c68 loader: [loader data: 0x00006000032ac000 of 'bootstrap']
[0.162s][debug][class,load,placeholders] find_and_add DEFINE_CLASS 'java/io/UnixFileSystem', loader loader data: 0x00006000032ac000 of 'bootstrap', supername 'java/io/FileSystem'
[0.162s][debug][class,load,placeholders] loadInstanceThreadQ threads:0x00007f8f4f008800, 
[0.162s][debug][class,load,placeholders] superThreadQ threads:
[0.162s][debug][class,load,placeholders] defineThreadQ threads:0x00007f8f4f008800, 
[0.162s][debug][class,load,placeholders] find_and_remove DEFINE_CLASS 'java/io/UnixFileSystem', loader loader data: 0x00006000032ac000 of 'bootstrap', supername 'java/io/FileSystem', InstanceKlass 'java/io/UnixFileSystem'
[0.162s][debug][class,load,placeholders] loadInstanceThreadQ threads:0x00007f8f4f008800, 
[0.162s][debug][class,load,placeholders] superThreadQ threads:
[0.162s][debug][class,load,placeholders] defineThreadQ threads:0x00007f8f4f008800, 
[0.162s][debug][class,load,placeholders] find_and_remove LOAD_INSTANCE 'java/io/UnixFileSystem', loader loader data: 0x00006000032ac000 of 'bootstrap', supername 'java/io/FileSystem', InstanceKlass 'java/io/UnixFileSystem'
[0.162s][debug][class,load,placeholders] loadInstanceThreadQ threads:0x00007f8f4f008800, 
[0.162s][debug][class,load,placeholders] superThreadQ threads:
[0.162s][debug][class,load,placeholders] defineThreadQ threads:
[0.162s][debug][class,resolve          ] java.io.DefaultFileSystem java.io.UnixFileSystem DefaultFileSystem.java:38
[0.162s][info ][class,init             ] 167 Initializing 'java/io/FileSystem' (0x00000001300a4c68)
[0.162s][trace][metaspace              ] Arena @0x00006000016b2200 (non-class sm): requested 7 words.
[0.162s][trace][metaspace              ] Arena @0x00006000016b2200 (non-class sm): after allocation: 1 chunk(s), current:@0x00007f8f2d80b248, u, base 0x0000000171000000, level lv02 (524288), used: 3494, committed: 8192, committed-free: 4698
[0.162s][trace][metaspace              ] Arena @0x00006000016b2200 (non-class sm): returning 0x0000000171006cf8.
[0.162s][trace][metaspace              ] Metaspace::allocate: type 13 return 0x0000000171006cf8.
[0.162s][trace][metaspace              ] Arena @0x00006000016b2200 (non-class sm): requested 7 words.
[0.162s][trace][metaspace              ] Arena @0x00006000016b2200 (non-class sm): after allocation: 1 chunk(s), current:@0x00007f8f2d80b248, u, base 0x0000000171000000, level lv02 (524288), used: 3501, committed: 8192, committed-free: 4691
[0.162s][trace][metaspace              ] Arena @0x00006000016b2200 (non-class sm): returning 0x0000000171006d30.
[0.162s][trace][metaspace              ] Metaspace::allocate: type 13 return 0x0000000171006d30.
[0.162s][debug][class,resolve          ] java.io.FileSystem java.lang.System FileSystem.java:252
[0.162s][trace][metaspace              ] Arena @0x00006000016b2200 (non-class sm): requested 7 words.
[0.162s][trace][metaspace              ] Arena @0x00006000016b2200 (non-class sm): after allocation: 1 chunk(s), current:@0x00007f8f2d80b248, u, base 0x0000000171000000, level lv02 (524288), used: 3508, committed: 8192, committed-free: 4684
[0.162s][trace][metaspace              ] Arena @0x00006000016b2200 (non-class sm): returning 0x0000000171006d68.
[0.162s][trace][metaspace              ] Metaspace::allocate: type 13 return 0x0000000171006d68.
[0.162s][trace][metaspace              ] Arena @0x00006000016b2200 (non-class sm): requested 7 words.
[0.162s][trace][metaspace              ] Arena @0x00006000016b2200 (non-class sm): after allocation: 1 chunk(s), current:@0x00007f8f2d80b248, u, base 0x0000000171000000, level lv02 (524288), used: 3515, committed: 8192, committed-free: 4677
[0.162s][trace][metaspace              ] Arena @0x00006000016b2200 (non-class sm): returning 0x0000000171006da0.
[0.162s][trace][metaspace              ] Metaspace::allocate: type 13 return 0x0000000171006da0.
[0.162s][info ][class,init             ] 168 Initializing 'java/io/UnixFileSystem' (0x00000001300a4f88)
[0.162s][trace][metaspace              ] Arena @0x00006000016b2200 (non-class sm): requested 7 words.
[0.162s][trace][metaspace              ] Arena @0x00006000016b2200 (non-class sm): after allocation: 1 chunk(s), current:@0x00007f8f2d80b248, u, base 0x0000000171000000, level lv02 (524288), used: 3522, committed: 8192, committed-free: 4670
[0.162s][trace][metaspace              ] Arena @0x00006000016b2200 (non-class sm): returning 0x0000000171006dd8.
[0.162s][trace][metaspace              ] Metaspace::allocate: type 13 return 0x0000000171006dd8.
[0.162s][trace][metaspace              ] Arena @0x00006000016b2200 (non-class sm): requested 7 words.
[0.162s][trace][metaspace              ] Arena @0x00006000016b2200 (non-class sm): after allocation: 1 chunk(s), current:@0x00007f8f2d80b248, u, base 0x0000000171000000, level lv02 (524288), used: 3529, committed: 8192, committed-free: 4663
[0.162s][trace][metaspace              ] Arena @0x00006000016b2200 (non-class sm): returning 0x0000000171006e10.
[0.162s][trace][metaspace              ] Metaspace::allocate: type 13 return 0x0000000171006e10.
[0.162s][debug][jni,resolve            ] [Dynamic-linking native method java.io.UnixFileSystem.initIDs ... JNI]
[0.162s][debug][class,resolve          ] java.io.UnixFileSystem java.io.File UnixFileSystem.java:-1 (java.io.UnixFileSystem.initIDs()V)
[0.162s][trace][metaspace              ] Arena @0x00006000016b2200 (non-class sm): requested 7 words.
[0.162s][trace][metaspace              ] Arena @0x00006000016b2200 (non-class sm): after allocation: 1 chunk(s), current:@0x00007f8f2d80b248, u, base 0x0000000171000000, level lv02 (524288), used: 3536, committed: 8192, committed-free: 4656
[0.162s][trace][metaspace              ] Arena @0x00006000016b2200 (non-class sm): returning 0x0000000171006e48.
[0.162s][trace][metaspace              ] Metaspace::allocate: type 13 return 0x0000000171006e48.
[0.162s][debug][class,resolve          ] java.io.UnixFileSystem java.io.FileSystem UnixFileSystem.java:41
[0.162s][trace][metaspace              ] Arena @0x00006000016b2200 (non-class sm): requested 7 words.
[0.162s][trace][metaspace              ] Arena @0x00006000016b2200 (non-class sm): after allocation: 1 chunk(s), current:@0x00007f8f2d80b248, u, base 0x0000000171000000, level lv02 (524288), used: 3543, committed: 8192, committed-free: 4649
[0.162s][trace][metaspace              ] Arena @0x00006000016b2200 (non-class sm): returning 0x0000000171006e80.
[0.162s][trace][metaspace              ] Metaspace::allocate: type 13 return 0x0000000171006e80.
[0.162s][debug][class,resolve          ] java.io.FileSystem java.lang.Object FileSystem.java:34
[0.162s][debug][class,resolve          ] java.io.UnixFileSystem sun.security.action.GetPropertyAction UnixFileSystem.java:42
[0.162s][debug][class,resolve          ] java.io.UnixFileSystem java.util.Properties UnixFileSystem.java:43
[0.162s][debug][class,resolve          ] java.io.UnixFileSystem java.lang.String UnixFileSystem.java:43
[0.162s][debug][class,resolve          ] java.io.UnixFileSystem jdk.internal.util.StaticProperty UnixFileSystem.java:45
[0.162s][trace][metaspace              ] Arena @0x00006000016b2200 (non-class sm): requested 7 words.
[0.162s][trace][metaspace              ] Arena @0x00006000016b2200 (non-class sm): after allocation: 1 chunk(s), current:@0x00007f8f2d80b248, u, base 0x0000000171000000, level lv02 (524288), used: 3550, committed: 8192, committed-free: 4642
[0.162s][trace][metaspace              ] Arena @0x00006000016b2200 (non-class sm): returning 0x0000000171006eb8.
[0.162s][trace][metaspace              ] Metaspace::allocate: type 13 return 0x0000000171006eb8.
[0.162s][debug][class,resolve          ] java.io.File java.io.FileSystem File.java:216
[0.162s][trace][metaspace              ] Arena @0x00006000016b2200 (non-class sm): requested 7 words.
[0.162s][trace][metaspace              ] Arena @0x00006000016b2200 (non-class sm): after allocation: 1 chunk(s), current:@0x00007f8f2d80b248, u, base 0x0000000171000000, level lv02 (524288), used: 3557, committed: 8192, committed-free: 4635
[0.162s][trace][metaspace              ] Arena @0x00006000016b2200 (non-class sm): returning 0x0000000171006ef0.
[0.162s][trace][metaspace              ] Metaspace::allocate: type 13 return 0x0000000171006ef0.
[0.162s][debug][class,resolve          ] java.io.File java.lang.StringBuilder File.java:223
[0.162s][info ][class,init             ] 169 Initializing 'java/lang/AbstractStringBuilder' (0x0000000130064980)
[0.162s][trace][metaspace              ] Arena @0x00006000016b2200 (non-class sm): requested 7 words.
[0.163s][trace][metaspace              ] Arena @0x00006000016b2200 (non-class sm): after allocation: 1 chunk(s), current:@0x00007f8f2d80b248, u, base 0x0000000171000000, level lv02 (524288), used: 3564, committed: 8192, committed-free: 4628
[0.163s][trace][metaspace              ] Arena @0x00006000016b2200 (non-class sm): returning 0x0000000171006f28.
[0.163s][trace][metaspace              ] Metaspace::allocate: type 13 return 0x0000000171006f28.
[0.163s][info ][class,init             ] 170 Initializing 'java/lang/StringBuilder'(no method) (0x0000000130010808)
[0.163s][trace][metaspace              ] Arena @0x00006000016b2200 (non-class sm): requested 7 words.
[0.163s][trace][metaspace              ] Arena @0x00006000016b2200 (non-class sm): after allocation: 1 chunk(s), current:@0x00007f8f2d80b248, u, base 0x0000000171000000, level lv02 (524288), used: 3571, committed: 8192, committed-free: 4621
[0.163s][trace][metaspace              ] Arena @0x00006000016b2200 (non-class sm): returning 0x0000000171006f60.
[0.163s][trace][metaspace              ] Metaspace::allocate: type 13 return 0x0000000171006f60.
[0.163s][debug][class,resolve          ] java.lang.StringBuilder java.lang.AbstractStringBuilder StringBuilder.java:106
[0.163s][trace][metaspace              ] Arena @0x00006000016b2200 (non-class sm): requested 7 words.
[0.163s][trace][metaspace              ] Arena @0x00006000016b2200 (non-class sm): after allocation: 1 chunk(s), current:@0x00007f8f2d80b248, u, base 0x0000000171000000, level lv02 (524288), used: 3578, committed: 8192, committed-free: 4614
[0.163s][trace][metaspace              ] Arena @0x00006000016b2200 (non-class sm): returning 0x0000000171006f98.
[0.163s][trace][metaspace              ] Metaspace::allocate: type 13 return 0x0000000171006f98.
[0.163s][debug][class,resolve          ] java.lang.AbstractStringBuilder java.lang.Object AbstractStringBuilder.java:86
[0.163s][debug][class,resolve          ] java.lang.AbstractStringBuilder java.lang.String AbstractStringBuilder.java:87
[0.163s][trace][metaspace              ] Arena @0x00006000016b2200 (non-class sm): requested 7 words.
[0.163s][trace][metaspace              ] Arena @0x00006000016b2200 (non-class sm): after allocation: 1 chunk(s), current:@0x00007f8f2d80b248, u, base 0x0000000171000000, level lv02 (524288), used: 3585, committed: 8192, committed-free: 4607
[0.163s][trace][metaspace              ] Arena @0x00006000016b2200 (non-class sm): returning 0x0000000171006fd0.
[0.163s][trace][metaspace              ] Metaspace::allocate: type 13 return 0x0000000171006fd0.
[0.163s][trace][metaspace              ] Arena @0x00006000016b2200 (non-class sm): requested 7 words.
[0.163s][trace][metaspace              ] Arena @0x00006000016b2200 (non-class sm): after allocation: 1 chunk(s), current:@0x00007f8f2d80b248, u, base 0x0000000171000000, level lv02 (524288), used: 3592, committed: 8192, committed-free: 4600
[0.163s][trace][metaspace              ] Arena @0x00006000016b2200 (non-class sm): returning 0x0000000171007008.
[0.163s][trace][metaspace              ] Metaspace::allocate: type 13 return 0x0000000171007008.
[0.163s][trace][metaspace              ] Arena @0x00006000016b2200 (non-class sm): requested 7 words.
[0.163s][trace][metaspace              ] Arena @0x00006000016b2200 (non-class sm): after allocation: 1 chunk(s), current:@0x00007f8f2d80b248, u, base 0x0000000171000000, level lv02 (524288), used: 3599, committed: 8192, committed-free: 4593
[0.163s][trace][metaspace              ] Arena @0x00006000016b2200 (non-class sm): returning 0x0000000171007040.
[0.163s][trace][metaspace              ] Metaspace::allocate: type 13 return 0x0000000171007040.
[0.163s][trace][metaspace              ] Arena @0x00006000016b2200 (non-class sm): requested 7 words.
[0.163s][trace][metaspace              ] Arena @0x00006000016b2200 (non-class sm): after allocation: 1 chunk(s), current:@0x00007f8f2d80b248, u, base 0x0000000171000000, level lv02 (524288), used: 3606, committed: 8192, committed-free: 4586
[0.163s][trace][metaspace              ] Arena @0x00006000016b2200 (non-class sm): returning 0x0000000171007078.
[0.163s][trace][metaspace              ] Metaspace::allocate: type 13 return 0x0000000171007078.
[0.163s][trace][metaspace              ] Arena @0x00006000016b2200 (non-class sm): requested 7 words.
[0.163s][trace][metaspace              ] Arena @0x00006000016b2200 (non-class sm): after allocation: 1 chunk(s), current:@0x00007f8f2d80b248, u, base 0x0000000171000000, level lv02 (524288), used: 3613, committed: 8192, committed-free: 4579
[0.163s][trace][metaspace              ] Arena @0x00006000016b2200 (non-class sm): returning 0x00000001710070b0.
[0.163s][trace][metaspace              ] Metaspace::allocate: type 13 return 0x00000001710070b0.
[0.163s][trace][metaspace              ] Arena @0x00006000016b2200 (non-class sm): requested 7 words.
[0.163s][trace][metaspace              ] Arena @0x00006000016b2200 (non-class sm): after allocation: 1 chunk(s), current:@0x00007f8f2d80b248, u, base 0x0000000171000000, level lv02 (524288), used: 3620, committed: 8192, committed-free: 4572
[0.163s][trace][metaspace              ] Arena @0x00006000016b2200 (non-class sm): returning 0x00000001710070e8.
[0.163s][trace][metaspace              ] Metaspace::allocate: type 13 return 0x00000001710070e8.
[0.163s][trace][metaspace              ] Arena @0x00006000016b2200 (non-class sm): requested 7 words.
[0.163s][trace][metaspace              ] Arena @0x00006000016b2200 (non-class sm): after allocation: 1 chunk(s), current:@0x00007f8f2d80b248, u, base 0x0000000171000000, level lv02 (524288), used: 3627, committed: 8192, committed-free: 4565
[0.163s][trace][metaspace              ] Arena @0x00006000016b2200 (non-class sm): returning 0x0000000171007120.
[0.163s][trace][metaspace              ] Metaspace::allocate: type 13 return 0x0000000171007120.
[0.163s][trace][metaspace              ] Arena @0x00006000016b2200 (non-class sm): requested 7 words.
[0.163s][trace][metaspace              ] Arena @0x00006000016b2200 (non-class sm): after allocation: 1 chunk(s), current:@0x00007f8f2d80b248, u, base 0x0000000171000000, level lv02 (524288), used: 3634, committed: 8192, committed-free: 4558
[0.163s][trace][metaspace              ] Arena @0x00006000016b2200 (non-class sm): returning 0x0000000171007158.
[0.163s][trace][metaspace              ] Metaspace::allocate: type 13 return 0x0000000171007158.
[0.163s][trace][metaspace              ] Arena @0x00006000016b2200 (non-class sm): requested 7 words.
[0.163s][trace][metaspace              ] Arena @0x00006000016b2200 (non-class sm): after allocation: 1 chunk(s), current:@0x00007f8f2d80b248, u, base 0x0000000171000000, level lv02 (524288), used: 3641, committed: 8192, committed-free: 4551
[0.163s][trace][metaspace              ] Arena @0x00006000016b2200 (non-class sm): returning 0x0000000171007190.
[0.163s][trace][metaspace              ] Metaspace::allocate: type 13 return 0x0000000171007190.
[0.163s][trace][metaspace              ] Arena @0x00006000016b2200 (non-class sm): requested 7 words.
[0.163s][trace][metaspace              ] Arena @0x00006000016b2200 (non-class sm): after allocation: 1 chunk(s), current:@0x00007f8f2d80b248, u, base 0x0000000171000000, level lv02 (524288), used: 3648, committed: 8192, committed-free: 4544
[0.163s][trace][metaspace              ] Arena @0x00006000016b2200 (non-class sm): returning 0x00000001710071c8.
[0.163s][trace][metaspace              ] Metaspace::allocate: type 13 return 0x00000001710071c8.
[0.163s][debug][class,resolve          ] java.lang.AbstractStringBuilder java.lang.StringLatin1 AbstractStringBuilder.java:803
[0.163s][trace][metaspace              ] Arena @0x00006000016b2200 (non-class sm): requested 7 words.
[0.163s][trace][metaspace              ] Arena @0x00006000016b2200 (non-class sm): after allocation: 1 chunk(s), current:@0x00007f8f2d80b248, u, base 0x0000000171000000, level lv02 (524288), used: 3655, committed: 8192, committed-free: 4537
[0.163s][trace][metaspace              ] Arena @0x00006000016b2200 (non-class sm): returning 0x0000000171007200.
[0.163s][trace][metaspace              ] Metaspace::allocate: type 13 return 0x0000000171007200.
[0.163s][debug][class,resolve          ] java.lang.StringBuilder java.lang.StringLatin1 StringBuilder.java:453
[0.163s][trace][metaspace              ] Arena @0x00006000016b2200 (non-class sm): requested 7 words.
[0.163s][trace][metaspace              ] Arena @0x00006000016b2200 (non-class sm): after allocation: 1 chunk(s), current:@0x00007f8f2d80b248, u, base 0x0000000171000000, level lv02 (524288), used: 3662, committed: 8192, committed-free: 4530
[0.163s][trace][metaspace              ] Arena @0x00006000016b2200 (non-class sm): returning 0x0000000171007238.
[0.163s][trace][metaspace              ] Metaspace::allocate: type 13 return 0x0000000171007238.
[0.163s][debug][class,resolve          ] java.io.File jdk.internal.misc.Unsafe File.java:2341
[0.163s][trace][metaspace              ] Arena @0x00006000016b2200 (non-class sm): requested 7 words.
[0.163s][trace][metaspace              ] Arena @0x00006000016b2200 (non-class sm): after allocation: 1 chunk(s), current:@0x00007f8f2d80b248, u, base 0x0000000171000000, level lv02 (524288), used: 3669, committed: 8192, committed-free: 4523
[0.163s][trace][metaspace              ] Arena @0x00006000016b2200 (non-class sm): returning 0x0000000171007270.
[0.163s][trace][metaspace              ] Metaspace::allocate: type 13 return 0x0000000171007270.
[0.163s][debug][class,resolve          ] jdk.internal.module.ModuleBootstrap java.lang.StringBuilder ModuleBootstrap.java:828
[0.163s][trace][metaspace              ] Arena @0x00006000016b2200 (non-class sm): requested 7 words.
[0.163s][trace][metaspace              ] Arena @0x00006000016b2200 (non-class sm): after allocation: 1 chunk(s), current:@0x00007f8f2d80b248, u, base 0x0000000171000000, level lv02 (524288), used: 3676, committed: 8192, committed-free: 4516
[0.163s][trace][metaspace              ] Arena @0x00006000016b2200 (non-class sm): returning 0x00000001710072a8.
[0.163s][trace][metaspace              ] Metaspace::allocate: type 13 return 0x00000001710072a8.
[0.163s][debug][class,load,placeholders] find_and_add LOAD_INSTANCE 'jdk/internal/util/ArraysSupport', loader loader data: 0x00006000032ac000 of 'bootstrap'
[0.163s][debug][class,load,placeholders] loadInstanceThreadQ threads:0x00007f8f4f008800, 
[0.163s][debug][class,load,placeholders] superThreadQ threads:
[0.163s][debug][class,load,placeholders] defineThreadQ threads:
[0.163s][trace][cds,unshareable        ] restore: jdk.internal.util.ArraysSupport
[0.163s][trace][class,loader,data      ] Adding k: 0x00000001300a4a30 jdk.internal.util.ArraysSupport to loader data: 0x00006000032ac000 of 'bootstrap'
[0.163s][debug][cds,mirror             ] jdk.internal.util.ArraysSupport has raw archived mirror
[0.163s][debug][cds,heap               ] Clearing root 182: was 0x00000007ffb04f28
[0.163s][debug][cds,mirror             ] Archived mirror is: 0x00000007ffb04f28
[0.163s][trace][cds,heap,mirror        ] Restored jdk.internal.util.ArraysSupport archived mirror 0x00000007ffb04f28
[0.163s][debug][cds,heap               ] Clearing root 183: was 0x00000007ffb04fc8
[0.163s][info ][class,load             ] jdk.internal.util.ArraysSupport source: shared objects file
[0.163s][debug][class,load             ]  klass: 0x00000001300a4a30 super: 0x0000000130000db8 loader: [loader data: 0x00006000032ac000 of 'bootstrap']
[0.163s][debug][class,load,placeholders] find_and_add DEFINE_CLASS 'jdk/internal/util/ArraysSupport', loader loader data: 0x00006000032ac000 of 'bootstrap'
[0.163s][debug][class,load,placeholders] loadInstanceThreadQ threads:0x00007f8f4f008800, 
[0.163s][debug][class,load,placeholders] superThreadQ threads:
[0.164s][debug][class,load,placeholders] defineThreadQ threads:0x00007f8f4f008800, 
[0.164s][debug][class,load,placeholders] find_and_remove DEFINE_CLASS 'jdk/internal/util/ArraysSupport', loader loader data: 0x00006000032ac000 of 'bootstrap', InstanceKlass 'jdk/internal/util/ArraysSupport'
[0.164s][debug][class,load,placeholders] loadInstanceThreadQ threads:0x00007f8f4f008800, 
[0.164s][debug][class,load,placeholders] superThreadQ threads:
[0.164s][debug][class,load,placeholders] defineThreadQ threads:0x00007f8f4f008800, 
[0.164s][debug][class,load,placeholders] find_and_remove LOAD_INSTANCE 'jdk/internal/util/ArraysSupport', loader loader data: 0x00006000032ac000 of 'bootstrap', InstanceKlass 'jdk/internal/util/ArraysSupport'
[0.164s][debug][class,load,placeholders] loadInstanceThreadQ threads:0x00007f8f4f008800, 
[0.164s][debug][class,load,placeholders] superThreadQ threads:
[0.164s][debug][class,load,placeholders] defineThreadQ threads:
[0.164s][debug][class,resolve          ] java.lang.AbstractStringBuilder jdk.internal.util.ArraysSupport AbstractStringBuilder.java:257
[0.164s][info ][class,init             ] 171 Initializing 'jdk/internal/util/ArraysSupport' (0x00000001300a4a30)
[0.164s][trace][metaspace              ] Arena @0x00006000016b2200 (non-class sm): requested 7 words.
[0.164s][trace][metaspace              ] Arena @0x00006000016b2200 (non-class sm): after allocation: 1 chunk(s), current:@0x00007f8f2d80b248, u, base 0x0000000171000000, level lv02 (524288), used: 3683, committed: 8192, committed-free: 4509
[0.164s][trace][metaspace              ] Arena @0x00006000016b2200 (non-class sm): returning 0x00000001710072e0.
[0.164s][trace][metaspace              ] Metaspace::allocate: type 13 return 0x00000001710072e0.
[0.164s][debug][class,resolve          ] jdk.internal.util.ArraysSupport jdk.internal.misc.Unsafe ArraysSupport.java:56
[0.164s][trace][metaspace              ] Arena @0x00006000016b2200 (non-class sm): requested 7 words.
[0.164s][trace][metaspace              ] Arena @0x00006000016b2200 (non-class sm): after allocation: 1 chunk(s), current:@0x00007f8f2d80b248, u, base 0x0000000171000000, level lv02 (524288), used: 3690, committed: 8192, committed-free: 4502
[0.164s][trace][metaspace              ] Arena @0x00006000016b2200 (non-class sm): returning 0x0000000171007318.
[0.164s][trace][metaspace              ] Metaspace::allocate: type 13 return 0x0000000171007318.
[0.164s][debug][class,resolve          ] jdk.internal.util.ArraysSupport java.lang.Integer ArraysSupport.java:74
[0.164s][trace][metaspace              ] Arena @0x00006000016b2200 (non-class sm): requested 7 words.
[0.164s][trace][metaspace              ] Arena @0x00006000016b2200 (non-class sm): after allocation: 1 chunk(s), current:@0x00007f8f2d80b248, u, base 0x0000000171000000, level lv02 (524288), used: 3697, committed: 8192, committed-free: 4495
[0.164s][trace][metaspace              ] Arena @0x00006000016b2200 (non-class sm): returning 0x0000000171007350.
[0.164s][trace][metaspace              ] Metaspace::allocate: type 13 return 0x0000000171007350.
[0.164s][trace][metaspace              ] Arena @0x00006000016b2200 (non-class sm): requested 7 words.
[0.164s][trace][metaspace              ] Arena @0x00006000016b2200 (non-class sm): after allocation: 1 chunk(s), current:@0x00007f8f2d80b248, u, base 0x0000000171000000, level lv02 (524288), used: 3704, committed: 8192, committed-free: 4488
[0.164s][trace][metaspace              ] Arena @0x00006000016b2200 (non-class sm): returning 0x0000000171007388.
[0.164s][trace][metaspace              ] Metaspace::allocate: type 13 return 0x0000000171007388.
[0.164s][debug][class,resolve          ] jdk.internal.util.ArraysSupport java.lang.Math ArraysSupport.java:637
[0.164s][trace][metaspace              ] Arena @0x00006000016b2200 (non-class sm): requested 7 words.
[0.164s][trace][metaspace              ] Arena @0x00006000016b2200 (non-class sm): after allocation: 1 chunk(s), current:@0x00007f8f2d80b248, u, base 0x0000000171000000, level lv02 (524288), used: 3711, committed: 8192, committed-free: 4481
[0.164s][trace][metaspace              ] Arena @0x00006000016b2200 (non-class sm): returning 0x00000001710073c0.
[0.164s][trace][metaspace              ] Metaspace::allocate: type 13 return 0x00000001710073c0.
[0.164s][debug][class,resolve          ] java.lang.AbstractStringBuilder java.util.Arrays AbstractStringBuilder.java:228
[0.164s][trace][metaspace              ] Arena @0x00006000016b2200 (non-class sm): requested 7 words.
[0.164s][trace][metaspace              ] Arena @0x00006000016b2200 (non-class sm): after allocation: 1 chunk(s), current:@0x00007f8f2d80b248, u, base 0x0000000171000000, level lv02 (524288), used: 3718, committed: 8192, committed-free: 4474
[0.164s][trace][metaspace              ] Arena @0x00006000016b2200 (non-class sm): returning 0x00000001710073f8.
[0.164s][trace][metaspace              ] Metaspace::allocate: type 13 return 0x00000001710073f8.
[0.164s][trace][metaspace              ] Arena @0x00006000016b2200 (non-class sm): requested 7 words.
[0.164s][trace][metaspace              ] Arena @0x00006000016b2200 (non-class sm): after allocation: 1 chunk(s), current:@0x00007f8f2d80b248, u, base 0x0000000171000000, level lv02 (524288), used: 3725, committed: 8192, committed-free: 4467
[0.164s][trace][metaspace              ] Arena @0x00006000016b2200 (non-class sm): returning 0x0000000171007430.
[0.164s][trace][metaspace              ] Metaspace::allocate: type 13 return 0x0000000171007430.
[0.164s][debug][class,resolve          ] java.lang.AbstractStringBuilder java.lang.Integer AbstractStringBuilder.java:828
[0.164s][trace][metaspace              ] Arena @0x00006000016b2200 (non-class sm): requested 7 words.
[0.164s][trace][metaspace              ] Arena @0x00006000016b2200 (non-class sm): after allocation: 1 chunk(s), current:@0x00007f8f2d80b248, u, base 0x0000000171000000, level lv02 (524288), used: 3732, committed: 8192, committed-free: 4460
[0.164s][trace][metaspace              ] Arena @0x00006000016b2200 (non-class sm): returning 0x0000000171007468.
[0.164s][trace][metaspace              ] Metaspace::allocate: type 13 return 0x0000000171007468.
[0.164s][trace][metaspace              ] Arena @0x00006000016b2200 (non-class sm): requested 7 words.
[0.164s][trace][metaspace              ] Arena @0x00006000016b2200 (non-class sm): after allocation: 1 chunk(s), current:@0x00007f8f2d80b248, u, base 0x0000000171000000, level lv02 (524288), used: 3739, committed: 8192, committed-free: 4453
[0.164s][trace][metaspace              ] Arena @0x00006000016b2200 (non-class sm): returning 0x00000001710074a0.
[0.164s][trace][metaspace              ] Metaspace::allocate: type 13 return 0x00000001710074a0.
[0.164s][trace][metaspace              ] Arena @0x00006000016b2200 (non-class sm): requested 7 words.
[0.164s][trace][metaspace              ] Arena @0x00006000016b2200 (non-class sm): after allocation: 1 chunk(s), current:@0x00007f8f2d80b248, u, base 0x0000000171000000, level lv02 (524288), used: 3746, committed: 8192, committed-free: 4446
[0.164s][trace][metaspace              ] Arena @0x00006000016b2200 (non-class sm): returning 0x00000001710074d8.
[0.164s][trace][metaspace              ] Metaspace::allocate: type 13 return 0x00000001710074d8.
[0.164s][debug][class,resolve          ] jdk.internal.module.ModuleBootstrap java.lang.System ModuleBootstrap.java:890
[0.164s][debug][class,resolve          ] jdk.internal.module.ModuleBootstrap java.util.Properties ModuleBootstrap.java:890
[0.164s][trace][metaspace              ] Arena @0x00006000016b2200 (non-class sm): requested 7 words.
[0.164s][trace][metaspace              ] Arena @0x00006000016b2200 (non-class sm): after allocation: 1 chunk(s), current:@0x00007f8f2d80b248, u, base 0x0000000171000000, level lv02 (524288), used: 3753, committed: 8192, committed-free: 4439
[0.164s][trace][metaspace              ] Arena @0x00006000016b2200 (non-class sm): returning 0x0000000171007510.
[0.164s][trace][metaspace              ] Metaspace::allocate: type 13 return 0x0000000171007510.
[0.164s][trace][metaspace              ] Arena @0x00006000016b2200 (non-class sm): requested 7 words.
[0.164s][trace][metaspace              ] Arena @0x00006000016b2200 (non-class sm): after allocation: 1 chunk(s), current:@0x00007f8f2d80b248, u, base 0x0000000171000000, level lv02 (524288), used: 3760, committed: 8192, committed-free: 4432
[0.164s][trace][metaspace              ] Arena @0x00006000016b2200 (non-class sm): returning 0x0000000171007548.
[0.164s][trace][metaspace              ] Metaspace::allocate: type 13 return 0x0000000171007548.
[0.164s][trace][metaspace              ] Arena @0x00006000016b2200 (non-class sm): requested 7 words.
[0.164s][trace][metaspace              ] Arena @0x00006000016b2200 (non-class sm): after allocation: 1 chunk(s), current:@0x00007f8f2d80b248, u, base 0x0000000171000000, level lv02 (524288), used: 3767, committed: 8192, committed-free: 4425
[0.164s][trace][metaspace              ] Arena @0x00006000016b2200 (non-class sm): returning 0x0000000171007580.
[0.164s][trace][metaspace              ] Metaspace::allocate: type 13 return 0x0000000171007580.
[0.164s][debug][class,resolve          ] jdk.internal.module.ModuleBootstrap java.util.Map ModuleBootstrap.java:830
[0.164s][debug][class,load,placeholders] find_and_add LOAD_INSTANCE 'jdk/internal/module/ModulePatcher', loader loader data: 0x00006000032ac000 of 'bootstrap'
[0.164s][debug][class,load,placeholders] loadInstanceThreadQ threads:0x00007f8f4f008800, 
[0.164s][debug][class,load,placeholders] superThreadQ threads:
[0.164s][debug][class,load,placeholders] defineThreadQ threads:
[0.164s][trace][cds,unshareable        ] restore: jdk.internal.module.ModulePatcher
[0.164s][trace][class,loader,data      ] Adding k: 0x0000000130192308 jdk.internal.module.ModulePatcher to loader data: 0x00006000032ac000 of 'bootstrap'
[0.164s][debug][cds,mirror             ] jdk.internal.module.ModulePatcher has raw archived mirror
[0.164s][debug][cds,heap               ] Clearing root 668: was 0x00000007ffb128e8
[0.164s][debug][cds,mirror             ] Archived mirror is: 0x00000007ffb128e8
[0.164s][trace][cds,heap,mirror        ] Restored jdk.internal.module.ModulePatcher archived mirror 0x00000007ffb128e8
[0.164s][debug][cds,heap               ] Clearing root 669: was 0x00000007ffb12960
[0.164s][info ][class,load             ] jdk.internal.module.ModulePatcher source: shared objects file
[0.164s][debug][class,load             ]  klass: 0x0000000130192308 super: 0x0000000130000db8 loader: [loader data: 0x00006000032ac000 of 'bootstrap']
[0.164s][debug][class,load,placeholders] find_and_add DEFINE_CLASS 'jdk/internal/module/ModulePatcher', loader loader data: 0x00006000032ac000 of 'bootstrap'
[0.164s][debug][class,load,placeholders] loadInstanceThreadQ threads:0x00007f8f4f008800, 
[0.164s][debug][class,load,placeholders] superThreadQ threads:
[0.164s][debug][class,load,placeholders] defineThreadQ threads:0x00007f8f4f008800, 
[0.165s][debug][class,load,placeholders] find_and_remove DEFINE_CLASS 'jdk/internal/module/ModulePatcher', loader loader data: 0x00006000032ac000 of 'bootstrap', InstanceKlass 'jdk/internal/module/ModulePatcher'
[0.165s][debug][class,load,placeholders] loadInstanceThreadQ threads:0x00007f8f4f008800, 
[0.165s][debug][class,load,placeholders] superThreadQ threads:
[0.165s][debug][class,load,placeholders] defineThreadQ threads:0x00007f8f4f008800, 
[0.165s][debug][class,load,placeholders] find_and_remove LOAD_INSTANCE 'jdk/internal/module/ModulePatcher', loader loader data: 0x00006000032ac000 of 'bootstrap', InstanceKlass 'jdk/internal/module/ModulePatcher'
[0.165s][debug][class,load,placeholders] loadInstanceThreadQ threads:0x00007f8f4f008800, 
[0.165s][debug][class,load,placeholders] superThreadQ threads:
[0.165s][debug][class,load,placeholders] defineThreadQ threads:
[0.165s][debug][class,resolve          ] jdk.internal.module.ModuleBootstrap jdk.internal.module.ModulePatcher ModuleBootstrap.java:602
[0.165s][info ][class,init             ] 172 Initializing 'jdk/internal/module/ModulePatcher' (0x0000000130192308)
[0.165s][trace][metaspace              ] Arena @0x00006000016b2200 (non-class sm): requested 7 words.
[0.165s][trace][metaspace              ] Arena @0x00006000016b2200 (non-class sm): after allocation: 1 chunk(s), current:@0x00007f8f2d80b248, u, base 0x0000000171000000, level lv02 (524288), used: 3774, committed: 8192, committed-free: 4418
[0.165s][trace][metaspace              ] Arena @0x00006000016b2200 (non-class sm): returning 0x00000001710075b8.
[0.165s][trace][metaspace              ] Metaspace::allocate: type 13 return 0x00000001710075b8.
[0.165s][debug][class,resolve          ] jdk.internal.module.ModulePatcher jdk.internal.access.SharedSecrets ModulePatcher.java:68
[0.165s][trace][metaspace              ] Arena @0x00006000016b2200 (non-class sm): requested 7 words.
[0.165s][trace][metaspace              ] Arena @0x00006000016b2200 (non-class sm): after allocation: 1 chunk(s), current:@0x00007f8f2d80b248, u, base 0x0000000171000000, level lv02 (524288), used: 3781, committed: 8192, committed-free: 4411
[0.165s][trace][metaspace              ] Arena @0x00006000016b2200 (non-class sm): returning 0x00000001710075f0.
[0.165s][trace][metaspace              ] Metaspace::allocate: type 13 return 0x00000001710075f0.
[0.165s][debug][class,resolve          ] jdk.internal.module.ModulePatcher java.lang.Object ModulePatcher.java:77
[0.165s][debug][class,resolve          ] jdk.internal.module.ModulePatcher java.util.Map ModulePatcher.java:78
[0.165s][trace][metaspace              ] Arena @0x00006000016b2200 (non-class sm): requested 7 words.
[0.165s][trace][metaspace              ] Arena @0x00006000016b2200 (non-class sm): after allocation: 1 chunk(s), current:@0x00007f8f2d80b248, u, base 0x0000000171000000, level lv02 (524288), used: 3788, committed: 8192, committed-free: 4404
[0.165s][trace][metaspace              ] Arena @0x00006000016b2200 (non-class sm): returning 0x0000000171007628.
[0.165s][trace][metaspace              ] Metaspace::allocate: type 13 return 0x0000000171007628.
[0.165s][trace][metaspace              ] Arena @0x00006000016b2200 (non-class sm): requested 7 words.
[0.165s][trace][metaspace              ] Arena @0x00006000016b2200 (non-class sm): after allocation: 1 chunk(s), current:@0x00007f8f2d80b248, u, base 0x0000000171000000, level lv02 (524288), used: 3795, committed: 8192, committed-free: 4397
[0.165s][trace][metaspace              ] Arena @0x00006000016b2200 (non-class sm): returning 0x0000000171007660.
[0.165s][trace][metaspace              ] Metaspace::allocate: type 13 return 0x0000000171007660.
[0.165s][debug][class,load,placeholders] find_and_add LOAD_INSTANCE 'jdk/internal/module/ModuleBootstrap$Counters', loader loader data: 0x00006000032ac000 of 'bootstrap'
[0.165s][debug][class,load,placeholders] loadInstanceThreadQ threads:0x00007f8f4f008800, 
[0.165s][debug][class,load,placeholders] superThreadQ threads:
[0.165s][debug][class,load,placeholders] defineThreadQ threads:
[0.165s][trace][cds,unshareable        ] restore: jdk.internal.module.ModuleBootstrap$Counters
[0.165s][trace][class,loader,data      ] Adding k: 0x0000000130190b48 jdk.internal.module.ModuleBootstrap$Counters to loader data: 0x00006000032ac000 of 'bootstrap'
[0.165s][debug][cds,mirror             ] jdk.internal.module.ModuleBootstrap$Counters has raw archived mirror
[0.165s][debug][cds,heap               ] Clearing root 929: was 0x00000007ffb19528
[0.165s][debug][cds,mirror             ] Archived mirror is: 0x00000007ffb19528
[0.165s][trace][cds,heap,mirror        ] Restored jdk.internal.module.ModuleBootstrap$Counters archived mirror 0x00000007ffb19528
[0.165s][debug][cds,heap               ] Clearing root 930: was 0x00000007ffb195b8
[0.165s][info ][class,load             ] jdk.internal.module.ModuleBootstrap$Counters source: shared objects file
[0.165s][debug][class,load             ]  klass: 0x0000000130190b48 super: 0x0000000130000db8 loader: [loader data: 0x00006000032ac000 of 'bootstrap']
[0.165s][debug][class,load,placeholders] find_and_add DEFINE_CLASS 'jdk/internal/module/ModuleBootstrap$Counters', loader loader data: 0x00006000032ac000 of 'bootstrap'
[0.165s][debug][class,load,placeholders] loadInstanceThreadQ threads:0x00007f8f4f008800, 
[0.165s][debug][class,load,placeholders] superThreadQ threads:
[0.165s][debug][class,load,placeholders] defineThreadQ threads:0x00007f8f4f008800, 
[0.165s][debug][class,load,placeholders] find_and_remove DEFINE_CLASS 'jdk/internal/module/ModuleBootstrap$Counters', loader loader data: 0x00006000032ac000 of 'bootstrap', InstanceKlass 'jdk/internal/module/ModuleBootstrap$Counters'
[0.165s][debug][class,load,placeholders] loadInstanceThreadQ threads:0x00007f8f4f008800, 
[0.165s][debug][class,load,placeholders] superThreadQ threads:
[0.165s][debug][class,load,placeholders] defineThreadQ threads:0x00007f8f4f008800, 
[0.165s][debug][class,load,placeholders] find_and_remove LOAD_INSTANCE 'jdk/internal/module/ModuleBootstrap$Counters', loader loader data: 0x00006000032ac000 of 'bootstrap', InstanceKlass 'jdk/internal/module/ModuleBootstrap$Counters'
[0.165s][debug][class,load,placeholders] loadInstanceThreadQ threads:0x00007f8f4f008800, 
[0.165s][debug][class,load,placeholders] superThreadQ threads:
[0.165s][debug][class,load,placeholders] defineThreadQ threads:
[0.165s][debug][class,resolve          ] jdk.internal.module.ModuleBootstrap jdk.internal.module.ModuleBootstrap$Counters ModuleBootstrap.java:161
[0.165s][info ][class,init             ] 173 Initializing 'jdk/internal/module/ModuleBootstrap$Counters' (0x0000000130190b48)
[0.165s][trace][metaspace              ] Arena @0x00006000016b2200 (non-class sm): requested 7 words.
[0.165s][trace][metaspace              ] Arena @0x00006000016b2200 (non-class sm): after allocation: 1 chunk(s), current:@0x00007f8f2d80b248, u, base 0x0000000171000000, level lv02 (524288), used: 3802, committed: 8192, committed-free: 4390
[0.165s][trace][metaspace              ] Arena @0x00006000016b2200 (non-class sm): returning 0x0000000171007698.
[0.165s][trace][metaspace              ] Metaspace::allocate: type 13 return 0x0000000171007698.
[0.165s][debug][class,resolve          ] jdk.internal.module.ModuleBootstrap$Counters java.lang.System ModuleBootstrap.java:1001
[0.165s][trace][metaspace              ] Arena @0x00006000016b2200 (non-class sm): requested 7 words.
[0.165s][trace][metaspace              ] Arena @0x00006000016b2200 (non-class sm): after allocation: 1 chunk(s), current:@0x00007f8f2d80b248, u, base 0x0000000171000000, level lv02 (524288), used: 3809, committed: 8192, committed-free: 4383
[0.165s][trace][metaspace              ] Arena @0x00006000016b2200 (non-class sm): returning 0x00000001710076d0.
[0.165s][trace][metaspace              ] Metaspace::allocate: type 13 return 0x00000001710076d0.
[0.165s][debug][class,resolve          ] jdk.internal.module.ModuleBootstrap jdk.internal.module.ArchivedBootLayer ModuleBootstrap.java:164
[0.165s][info ][class,init             ] 174 Initializing 'jdk/internal/module/ArchivedBootLayer' (0x0000000130190900)
[0.165s][trace][metaspace              ] Arena @0x00006000016b2200 (non-class sm): requested 7 words.
[0.165s][trace][metaspace              ] Arena @0x00006000016b2200 (non-class sm): after allocation: 1 chunk(s), current:@0x00007f8f2d80b248, u, base 0x0000000171000000, level lv02 (524288), used: 3816, committed: 8192, committed-free: 4376
[0.165s][trace][metaspace              ] Arena @0x00006000016b2200 (non-class sm): returning 0x0000000171007708.
[0.165s][trace][metaspace              ] Metaspace::allocate: type 13 return 0x0000000171007708.
[0.165s][debug][class,resolve          ] jdk.internal.module.ArchivedBootLayer jdk.internal.misc.CDS ArchivedBootLayer.java:54
[0.165s][info ][class,init             ] 175 Initializing 'java/lang/ModuleLayer' (0x0000000130167a58)
[0.165s][trace][metaspace              ] Arena @0x00006000016b2200 (non-class sm): requested 7 words.
[0.165s][trace][metaspace              ] Arena @0x00006000016b2200 (non-class sm): after allocation: 1 chunk(s), current:@0x00007f8f2d80b248, u, base 0x0000000171000000, level lv02 (524288), used: 3823, committed: 8192, committed-free: 4369
[0.165s][trace][metaspace              ] Arena @0x00006000016b2200 (non-class sm): returning 0x0000000171007740.
[0.165s][trace][metaspace              ] Metaspace::allocate: type 13 return 0x0000000171007740.
[0.165s][debug][class,resolve          ] java.lang.ModuleLayer jdk.internal.misc.CDS ModuleLayer.java:155
[0.165s][info ][class,init             ] 176 Initializing 'java/lang/module/Configuration' (0x00000001301892f8)
[0.165s][trace][metaspace              ] Arena @0x00006000016b2200 (non-class sm): requested 7 words.
[0.165s][trace][metaspace              ] Arena @0x00006000016b2200 (non-class sm): after allocation: 1 chunk(s), current:@0x00007f8f2d80b248, u, base 0x0000000171000000, level lv02 (524288), used: 3830, committed: 8192, committed-free: 4362
[0.165s][trace][metaspace              ] Arena @0x00006000016b2200 (non-class sm): returning 0x0000000171007778.
[0.165s][trace][metaspace              ] Metaspace::allocate: type 13 return 0x0000000171007778.
[0.165s][debug][class,resolve          ] java.lang.module.Configuration java.lang.Class Configuration.java:104
[0.165s][debug][class,resolve          ] java.lang.module.Configuration jdk.internal.misc.CDS Configuration.java:112
[0.166s][debug][cds,heap               ] Clearing root 2079: was 0x00000007ffb49380
[0.166s][debug][cds,heap               ]   0x00000001301892f8 init field @ 112 = 0x00000007ffb49380
[0.166s][info ][cds,heap               ] initialize_from_archived_subgraph java.lang.module.Configuration 0x00000001301892f8 (early)
[0.166s][debug][cds,heap               ] Clearing root 2078: was 0x00000007ffb4b4b8
[0.166s][debug][cds,heap               ]   0x0000000130167a58 init field @ 112 = 0x00000007ffb4b4b8
[0.166s][info ][cds,heap               ] initialize_from_archived_subgraph java.lang.ModuleLayer 0x0000000130167a58 (early)
[0.166s][debug][class,resolve          ] java.lang.ModuleLayer jdk.internal.loader.ClassLoaderValue ModuleLayer.java:986
[0.166s][info ][class,init             ] 177 Initializing 'jdk/internal/loader/AbstractClassLoaderValue' (0x0000000130189798)
[0.166s][trace][metaspace              ] Arena @0x00006000016b2200 (non-class sm): requested 7 words.
[0.166s][trace][metaspace              ] Arena @0x00006000016b2200 (non-class sm): after allocation: 1 chunk(s), current:@0x00007f8f2d80b248, u, base 0x0000000171000000, level lv02 (524288), used: 3837, committed: 8192, committed-free: 4355
[0.166s][trace][metaspace              ] Arena @0x00006000016b2200 (non-class sm): returning 0x00000001710077b0.
[0.166s][trace][metaspace              ] Metaspace::allocate: type 13 return 0x00000001710077b0.
[0.166s][debug][class,resolve          ] jdk.internal.loader.AbstractClassLoaderValue jdk.internal.access.SharedSecrets AbstractClassLoaderValue.java:256
[0.166s][info ][class,init             ] 178 Initializing 'jdk/internal/loader/ClassLoaderValue'(no method) (0x0000000130189a10)
[0.166s][trace][metaspace              ] Arena @0x00006000016b2200 (non-class sm): requested 7 words.
[0.166s][trace][metaspace              ] Arena @0x00006000016b2200 (non-class sm): after allocation: 1 chunk(s), current:@0x00007f8f2d80b248, u, base 0x0000000171000000, level lv02 (524288), used: 3844, committed: 8192, committed-free: 4348
[0.166s][trace][metaspace              ] Arena @0x00006000016b2200 (non-class sm): returning 0x00000001710077e8.
[0.166s][trace][metaspace              ] Metaspace::allocate: type 13 return 0x00000001710077e8.
[0.166s][debug][class,resolve          ] jdk.internal.loader.ClassLoaderValue jdk.internal.loader.AbstractClassLoaderValue ClassLoaderValue.java:85
[0.166s][trace][metaspace              ] Arena @0x00006000016b2200 (non-class sm): requested 7 words.
[0.166s][trace][metaspace              ] Arena @0x00006000016b2200 (non-class sm): after allocation: 1 chunk(s), current:@0x00007f8f2d80b248, u, base 0x0000000171000000, level lv02 (524288), used: 3851, committed: 8192, committed-free: 4341
[0.166s][trace][metaspace              ] Arena @0x00006000016b2200 (non-class sm): returning 0x0000000171007820.
[0.166s][trace][metaspace              ] Metaspace::allocate: type 13 return 0x0000000171007820.
[0.166s][debug][class,resolve          ] jdk.internal.loader.AbstractClassLoaderValue java.lang.Object AbstractClassLoaderValue.java:50
[0.166s][info ][class,init             ] 179 Initializing 'java/util/ImmutableCollections$List12'(no method) (0x000000013007a800)
[0.166s][info ][class,init             ] 180 Initializing 'java/lang/module/ResolvedModule'(no method) (0x000000013018be68)
[0.166s][info ][class,init             ] 181 Initializing 'java/lang/module/ModuleReference'(no method) (0x000000013018c948)
[0.166s][info ][class,init             ] 182 Initializing 'jdk/internal/module/ModuleReferenceImpl'(no method) (0x000000013018cb90)
[0.166s][info ][class,init             ] 183 Initializing 'java/lang/module/ModuleDescriptor$Version'(no method) (0x0000000130187208)
[0.166s][info ][class,init             ] 184 Initializing 'java/util/ArrayList' (0x000000013000f0e8)
[0.166s][trace][metaspace              ] Arena @0x00006000016b2200 (non-class sm): requested 7 words.
[0.166s][trace][metaspace              ] Arena @0x00006000016b2200 (non-class sm): after allocation: 1 chunk(s), current:@0x00007f8f2d80b248, u, base 0x0000000171000000, level lv02 (524288), used: 3858, committed: 8192, committed-free: 4334
[0.166s][trace][metaspace              ] Arena @0x00006000016b2200 (non-class sm): returning 0x0000000171007858.
[0.166s][trace][metaspace              ] Metaspace::allocate: type 13 return 0x0000000171007858.
[0.166s][debug][class,resolve          ] java.util.ArrayList java.lang.Object ArrayList.java:123
[0.166s][info ][class,init             ] 185 Initializing 'java/lang/module/ModuleDescriptor$Requires' (0x000000013016ade8)
[0.166s][trace][metaspace              ] Arena @0x00006000016b2200 (non-class sm): requested 7 words.
[0.166s][trace][metaspace              ] Arena @0x00006000016b2200 (non-class sm): after allocation: 1 chunk(s), current:@0x00007f8f2d80b248, u, base 0x0000000171000000, level lv02 (524288), used: 3865, committed: 8192, committed-free: 4327
[0.166s][trace][metaspace              ] Arena @0x00006000016b2200 (non-class sm): returning 0x0000000171007890.
[0.166s][trace][metaspace              ] Metaspace::allocate: type 13 return 0x0000000171007890.
[0.166s][debug][class,resolve          ] java.lang.module.ModuleDescriptor$Requires java.lang.module.ModuleDescriptor ModuleDescriptor.java:138
[0.166s][debug][class,resolve          ] java.lang.module.ModuleDescriptor$Requires java.lang.Class ModuleDescriptor.java:138
[0.166s][info ][class,init             ] 186 Initializing 'java/lang/Enum'(no method) (0x0000000130008400)
[0.166s][info ][class,init             ] 187 Initializing 'java/lang/module/ModuleDescriptor$Requires$Modifier' (0x0000000130082320)
[0.166s][trace][metaspace              ] Arena @0x00006000016b2200 (non-class sm): requested 7 words.
[0.166s][trace][metaspace              ] Arena @0x00006000016b2200 (non-class sm): after allocation: 1 chunk(s), current:@0x00007f8f2d80b248, u, base 0x0000000171000000, level lv02 (524288), used: 3872, committed: 8192, committed-free: 4320
[0.166s][trace][metaspace              ] Arena @0x00006000016b2200 (non-class sm): returning 0x00000001710078c8.
[0.166s][trace][metaspace              ] Metaspace::allocate: type 13 return 0x00000001710078c8.
[0.166s][trace][metaspace              ] Arena @0x00006000016b2200 (non-class sm): requested 7 words.
[0.166s][trace][metaspace              ] Arena @0x00006000016b2200 (non-class sm): after allocation: 1 chunk(s), current:@0x00007f8f2d80b248, u, base 0x0000000171000000, level lv02 (524288), used: 3879, committed: 8192, committed-free: 4313
[0.166s][trace][metaspace              ] Arena @0x00006000016b2200 (non-class sm): returning 0x0000000171007900.
[0.166s][trace][metaspace              ] Metaspace::allocate: type 13 return 0x0000000171007900.
[0.166s][debug][class,resolve          ] java.lang.module.ModuleDescriptor$Requires$Modifier java.lang.Enum ModuleDescriptor.java:148
[0.166s][trace][metaspace              ] Arena @0x00006000016b2200 (non-class sm): requested 7 words.
[0.166s][trace][metaspace              ] Arena @0x00006000016b2200 (non-class sm): after allocation: 1 chunk(s), current:@0x00007f8f2d80b248, u, base 0x0000000171000000, level lv02 (524288), used: 3886, committed: 8192, committed-free: 4306
[0.166s][trace][metaspace              ] Arena @0x00006000016b2200 (non-class sm): returning 0x0000000171007938.
[0.166s][trace][metaspace              ] Metaspace::allocate: type 13 return 0x0000000171007938.
[0.166s][debug][class,resolve          ] java.lang.Enum java.lang.Object Enum.java:137
[0.166s][trace][metaspace              ] Arena @0x00006000016b2200 (non-class sm): requested 7 words.
[0.166s][trace][metaspace              ] Arena @0x00006000016b2200 (non-class sm): after allocation: 1 chunk(s), current:@0x00007f8f2d80b248, u, base 0x0000000171000000, level lv02 (524288), used: 3893, committed: 8192, committed-free: 4299
[0.166s][trace][metaspace              ] Arena @0x00006000016b2200 (non-class sm): returning 0x0000000171007970.
[0.166s][trace][metaspace              ] Metaspace::allocate: type 13 return 0x0000000171007970.
[0.166s][info ][class,init             ] 188 Initializing 'java/lang/module/ModuleDescriptor$Exports'(no method) (0x000000013016ab90)
[0.166s][info ][class,init             ] 189 Initializing 'java/net/URI' (0x0000000130190208)
[0.166s][trace][metaspace              ] Arena @0x00006000016b2200 (non-class sm): requested 7 words.
[0.166s][trace][metaspace              ] Arena @0x00006000016b2200 (non-class sm): after allocation: 1 chunk(s), current:@0x00007f8f2d80b248, u, base 0x0000000171000000, level lv02 (524288), used: 3900, committed: 8192, committed-free: 4292
[0.166s][trace][metaspace              ] Arena @0x00006000016b2200 (non-class sm): returning 0x00000001710079a8.
[0.166s][trace][metaspace              ] Metaspace::allocate: type 13 return 0x00000001710079a8.
[0.166s][debug][class,resolve          ] java.net.URI java.lang.Class URI.java:499
[0.166s][debug][class,load,placeholders] find_and_add LOAD_INSTANCE 'java/net/URI$1', loader loader data: 0x00006000032ac000 of 'bootstrap'
[0.166s][debug][class,load,placeholders] loadInstanceThreadQ threads:0x00007f8f4f008800, 
[0.166s][debug][class,load,placeholders] superThreadQ threads:
[0.166s][debug][class,load,placeholders] defineThreadQ threads:
[0.166s][debug][class,load,placeholders] find_and_add LOAD_SUPER 'java/net/URI$1', loader loader data: 0x00006000032ac000 of 'bootstrap', supername 'jdk/internal/access/JavaNetUriAccess'
[0.166s][debug][class,load,placeholders] loadInstanceThreadQ threads:0x00007f8f4f008800, 
[0.166s][debug][class,load,placeholders] superThreadQ threads:0x00007f8f4f008800, 
[0.166s][debug][class,load,placeholders] defineThreadQ threads:
[0.166s][debug][class,load,placeholders] find_and_add LOAD_INSTANCE 'jdk/internal/access/JavaNetUriAccess', loader loader data: 0x00006000032ac000 of 'bootstrap'
[0.167s][debug][class,load,placeholders] loadInstanceThreadQ threads:0x00007f8f4f008800, 
[0.167s][debug][class,load,placeholders] superThreadQ threads:
[0.167s][debug][class,load,placeholders] defineThreadQ threads:
[0.167s][trace][cds,unshareable        ] restore: jdk.internal.access.JavaNetUriAccess
[0.167s][trace][class,loader,data      ] Adding k: 0x00000001301920d8 jdk.internal.access.JavaNetUriAccess to loader data: 0x00006000032ac000 of 'bootstrap'
[0.167s][debug][cds,mirror             ] jdk.internal.access.JavaNetUriAccess has raw archived mirror
[0.167s][debug][cds,heap               ] Clearing root 771: was 0x00000007ffb152c8
[0.167s][debug][cds,mirror             ] Archived mirror is: 0x00000007ffb152c8
[0.167s][trace][cds,heap,mirror        ] Restored jdk.internal.access.JavaNetUriAccess archived mirror 0x00000007ffb152c8
[0.167s][info ][class,load             ] jdk.internal.access.JavaNetUriAccess source: shared objects file
[0.167s][debug][class,load             ]  klass: 0x00000001301920d8 super: 0x0000000130000db8 loader: [loader data: 0x00006000032ac000 of 'bootstrap']
[0.167s][debug][class,load,placeholders] find_and_add DEFINE_CLASS 'jdk/internal/access/JavaNetUriAccess', loader loader data: 0x00006000032ac000 of 'bootstrap'
[0.167s][debug][class,load,placeholders] loadInstanceThreadQ threads:0x00007f8f4f008800, 
[0.167s][debug][class,load,placeholders] superThreadQ threads:
[0.167s][debug][class,load,placeholders] defineThreadQ threads:0x00007f8f4f008800, 
[0.167s][debug][class,load,placeholders] find_and_remove DEFINE_CLASS 'jdk/internal/access/JavaNetUriAccess', loader loader data: 0x00006000032ac000 of 'bootstrap', InstanceKlass 'jdk/internal/access/JavaNetUriAccess'
[0.167s][debug][class,load,placeholders] loadInstanceThreadQ threads:0x00007f8f4f008800, 
[0.167s][debug][class,load,placeholders] superThreadQ threads:
[0.167s][debug][class,load,placeholders] defineThreadQ threads:0x00007f8f4f008800, 
[0.167s][debug][class,load,placeholders] find_and_remove LOAD_INSTANCE 'jdk/internal/access/JavaNetUriAccess', loader loader data: 0x00006000032ac000 of 'bootstrap', InstanceKlass 'jdk/internal/access/JavaNetUriAccess'
[0.167s][debug][class,load,placeholders] loadInstanceThreadQ threads:0x00007f8f4f008800, 
[0.167s][debug][class,load,placeholders] superThreadQ threads:
[0.167s][debug][class,load,placeholders] defineThreadQ threads:
[0.167s][debug][class,load,placeholders] find_and_remove LOAD_SUPER 'java/net/URI$1', loader loader data: 0x00006000032ac000 of 'bootstrap', supername 'jdk/internal/access/JavaNetUriAccess'
[0.167s][debug][class,load,placeholders] loadInstanceThreadQ threads:0x00007f8f4f008800, 
[0.167s][debug][class,load,placeholders] superThreadQ threads:0x00007f8f4f008800, 
[0.167s][debug][class,load,placeholders] defineThreadQ threads:
[0.167s][trace][cds,unshareable        ] restore: java.net.URI$1
[0.167s][trace][class,loader,data      ] Adding k: 0x0000000130216670 java.net.URI$1 to loader data: 0x00006000032ac000 of 'bootstrap'
[0.167s][debug][cds,mirror             ] java.net.URI$1 has raw archived mirror
[0.167s][debug][cds,heap               ] Clearing root 995: was 0x00000007ffb1b048
[0.167s][debug][cds,mirror             ] Archived mirror is: 0x00000007ffb1b048
[0.167s][trace][cds,heap,mirror        ] Restored java.net.URI$1 archived mirror 0x00000007ffb1b048
[0.167s][info ][class,load             ] java.net.URI$1 source: shared objects file
[0.167s][debug][class,load             ]  klass: 0x0000000130216670 super: 0x0000000130000db8 interfaces: 0x00000001301920d8 loader: [loader data: 0x00006000032ac000 of 'bootstrap']
[0.167s][debug][class,load,placeholders] find_and_add DEFINE_CLASS 'java/net/URI$1', loader loader data: 0x00006000032ac000 of 'bootstrap', supername 'jdk/internal/access/JavaNetUriAccess'
[0.167s][debug][class,load,placeholders] loadInstanceThreadQ threads:0x00007f8f4f008800, 
[0.167s][debug][class,load,placeholders] superThreadQ threads:
[0.167s][debug][class,load,placeholders] defineThreadQ threads:0x00007f8f4f008800, 
[0.167s][debug][class,load,placeholders] find_and_remove DEFINE_CLASS 'java/net/URI$1', loader loader data: 0x00006000032ac000 of 'bootstrap', supername 'jdk/internal/access/JavaNetUriAccess', InstanceKlass 'java/net/URI$1'
[0.167s][debug][class,load,placeholders] loadInstanceThreadQ threads:0x00007f8f4f008800, 
[0.167s][debug][class,load,placeholders] superThreadQ threads:
[0.167s][debug][class,load,placeholders] defineThreadQ threads:0x00007f8f4f008800, 
[0.167s][debug][class,load,placeholders] find_and_remove LOAD_INSTANCE 'java/net/URI$1', loader loader data: 0x00006000032ac000 of 'bootstrap', supername 'jdk/internal/access/JavaNetUriAccess', InstanceKlass 'java/net/URI$1'
[0.167s][debug][class,load,placeholders] loadInstanceThreadQ threads:0x00007f8f4f008800, 
[0.167s][debug][class,load,placeholders] superThreadQ threads:
[0.167s][debug][class,load,placeholders] defineThreadQ threads:
[0.167s][debug][class,resolve          ] java.net.URI java.net.URI$1 URI.java:3689
[0.167s][info ][class,init             ] 190 Initializing 'java/net/URI$1'(no method) (0x0000000130216670)
[0.167s][trace][metaspace              ] Arena @0x00006000016b2200 (non-class sm): requested 7 words.
[0.167s][trace][metaspace              ] Arena @0x00006000016b2200 (non-class sm): after allocation: 1 chunk(s), current:@0x00007f8f2d80b248, u, base 0x0000000171000000, level lv02 (524288), used: 3907, committed: 8192, committed-free: 4285
[0.167s][trace][metaspace              ] Arena @0x00006000016b2200 (non-class sm): returning 0x00000001710079e0.
[0.167s][trace][metaspace              ] Metaspace::allocate: type 13 return 0x00000001710079e0.
[0.167s][debug][class,resolve          ] java.net.URI$1 java.lang.Object URI.java:3690
[0.167s][debug][class,resolve          ] java.net.URI jdk.internal.access.SharedSecrets URI.java:3689
[0.167s][trace][metaspace              ] Arena @0x00006000016b2200 (non-class sm): requested 7 words.
[0.167s][trace][metaspace              ] Arena @0x00006000016b2200 (non-class sm): after allocation: 1 chunk(s), current:@0x00007f8f2d80b248, u, base 0x0000000171000000, level lv02 (524288), used: 3914, committed: 8192, committed-free: 4278
[0.167s][trace][metaspace              ] Arena @0x00006000016b2200 (non-class sm): returning 0x0000000171007a18.
[0.167s][trace][metaspace              ] Metaspace::allocate: type 13 return 0x0000000171007a18.
[0.167s][info ][class,init             ] 191 Initializing 'jdk/internal/module/SystemModuleFinders$2'(no method) (0x000000013018ce10)
[0.167s][info ][class,init             ] 192 Initializing 'jdk/internal/module/SystemModuleFinders$3'(no method) (0x0000000130122c28)
[0.167s][info ][class,init             ] 193 Initializing 'java/lang/module/ModuleDescriptor$Opens'(no method) (0x000000013016a6b8)
[0.167s][info ][class,init             ] 194 Initializing 'java/lang/module/ModuleDescriptor$Provides'(no method) (0x0000000130187460)
[0.167s][info ][class,init             ] 195 Initializing 'jdk/internal/module/ModuleTarget'(no method) (0x00000001302111e0)
[0.167s][info ][class,init             ] 196 Initializing 'jdk/internal/module/ModuleHashes'(no method) (0x000000013018e060)
[0.167s][info ][class,init             ] 197 Initializing 'java/util/Collections$UnmodifiableMap'(no method) (0x000000013018da40)
[0.167s][info ][class,init             ] 198 Initializing 'java/util/HashSet' (0x0000000130135db8)
[0.167s][trace][metaspace              ] Arena @0x00006000016b2200 (non-class sm): requested 7 words.
[0.167s][trace][metaspace              ] Arena @0x00006000016b2200 (non-class sm): after allocation: 1 chunk(s), current:@0x00007f8f2d80b248, u, base 0x0000000171000000, level lv02 (524288), used: 3921, committed: 8192, committed-free: 4271
[0.167s][trace][metaspace              ] Arena @0x00006000016b2200 (non-class sm): returning 0x0000000171007a50.
[0.167s][trace][metaspace              ] Metaspace::allocate: type 13 return 0x0000000171007a50.
[0.167s][debug][class,resolve          ] java.util.HashSet java.lang.Object HashSet.java:100
[0.167s][info ][class,init             ] 199 Initializing 'java/lang/ClassLoader' (0x0000000130009d60)
[0.167s][trace][metaspace              ] Arena @0x00006000016b2200 (non-class sm): requested 7 words.
[0.167s][trace][metaspace              ] Arena @0x00006000016b2200 (non-class sm): after allocation: 1 chunk(s), current:@0x00007f8f2d80b248, u, base 0x0000000171000000, level lv02 (524288), used: 3928, committed: 8192, committed-free: 4264
[0.167s][trace][metaspace              ] Arena @0x00006000016b2200 (non-class sm): returning 0x0000000171007a88.
[0.167s][trace][metaspace              ] Metaspace::allocate: type 13 return 0x0000000171007a88.
[0.167s][debug][class,resolve          ] java.lang.ClassLoader java.lang.Class ClassLoader.java:231
[0.167s][trace][metaspace              ] Arena @0x00006000016b2200 (non-class sm): requested 7 words.
[0.167s][trace][metaspace              ] Arena @0x00006000016b2200 (non-class sm): after allocation: 1 chunk(s), current:@0x00007f8f2d80b248, u, base 0x0000000171000000, level lv02 (524288), used: 3935, committed: 8192, committed-free: 4257
[0.167s][trace][metaspace              ] Arena @0x00006000016b2200 (non-class sm): returning 0x0000000171007ac0.
[0.167s][trace][metaspace              ] Metaspace::allocate: type 13 return 0x0000000171007ac0.
[0.167s][debug][jni,resolve            ] [Dynamic-linking native method java.lang.ClassLoader.registerNatives ... JNI]
[0.168s][debug][jni,resolve            ] [Registering JNI native method java.lang.ClassLoader.retrieveDirectives]
[0.168s][debug][class,load,placeholders] find_and_add LOAD_INSTANCE 'java/security/cert/Certificate', loader loader data: 0x00006000032ac000 of 'bootstrap'
[0.168s][debug][class,load,placeholders] loadInstanceThreadQ threads:0x00007f8f4f008800, 
[0.168s][debug][class,load,placeholders] superThreadQ threads:
[0.168s][debug][class,load,placeholders] defineThreadQ threads:
[0.168s][trace][cds,unshareable        ] restore: java.security.cert.Certificate
[0.168s][trace][class,loader,data      ] Adding k: 0x0000000130010ca8 java.security.cert.Certificate to loader data: 0x00006000032ac000 of 'bootstrap'
[0.168s][debug][cds,mirror             ] java.security.cert.Certificate has raw archived mirror
[0.168s][debug][cds,heap               ] Clearing root 387: was 0x00000007ffb0af38
[0.168s][debug][cds,mirror             ] Archived mirror is: 0x00000007ffb0af38
[0.168s][trace][cds,heap,mirror        ] Restored java.security.cert.Certificate archived mirror 0x00000007ffb0af38
[0.168s][debug][cds,heap               ] Clearing root 392: was 0x00000007ffb0b0c8
[0.168s][trace][cds,unshareable        ] restore: [Ljava.security.cert.Certificate;
[0.168s][trace][class,loader,data      ] Adding k: 0x0000000130147140 [Ljava.security.cert.Certificate; to loader data: 0x00006000032ac000 of 'bootstrap'
[0.168s][debug][cds,mirror             ] [Ljava.security.cert.Certificate; has raw archived mirror
[0.168s][debug][cds,heap               ] Clearing root 388: was 0x00000007ffb0aec8
[0.168s][debug][cds,mirror             ] Archived mirror is: 0x00000007ffb0aec8
[0.168s][trace][cds,heap,mirror        ] Restored [Ljava.security.cert.Certificate; archived mirror 0x00000007ffb0aec8
[0.168s][info ][class,load             ] java.security.cert.Certificate source: shared objects file
[0.168s][debug][class,load             ]  klass: 0x0000000130010ca8 super: 0x0000000130000db8 interfaces: 0x00000001300037c0 loader: [loader data: 0x00006000032ac000 of 'bootstrap']
[0.168s][debug][class,load,placeholders] find_and_add DEFINE_CLASS 'java/security/cert/Certificate', loader loader data: 0x00006000032ac000 of 'bootstrap'
[0.168s][debug][class,load,placeholders] loadInstanceThreadQ threads:0x00007f8f4f008800, 
[0.168s][debug][class,load,placeholders] superThreadQ threads:
[0.168s][debug][class,load,placeholders] defineThreadQ threads:0x00007f8f4f008800, 
[0.168s][debug][class,load,placeholders] find_and_remove DEFINE_CLASS 'java/security/cert/Certificate', loader loader data: 0x00006000032ac000 of 'bootstrap', InstanceKlass 'java/security/cert/Certificate'
[0.168s][debug][class,load,placeholders] loadInstanceThreadQ threads:0x00007f8f4f008800, 
[0.168s][debug][class,load,placeholders] superThreadQ threads:
[0.168s][debug][class,load,placeholders] defineThreadQ threads:0x00007f8f4f008800, 
[0.168s][debug][class,load,placeholders] find_and_remove LOAD_INSTANCE 'java/security/cert/Certificate', loader loader data: 0x00006000032ac000 of 'bootstrap', InstanceKlass 'java/security/cert/Certificate'
[0.168s][debug][class,load,placeholders] loadInstanceThreadQ threads:0x00007f8f4f008800, 
[0.168s][debug][class,load,placeholders] superThreadQ threads:
[0.168s][debug][class,load,placeholders] defineThreadQ threads:
[0.168s][debug][class,resolve          ] java.lang.ClassLoader java.security.cert.Certificate ClassLoader.java:307
[0.168s][info ][class,init             ] 200 Initializing 'java/security/SecureClassLoader' (0x000000013000a3b0)
[0.168s][trace][metaspace              ] Arena @0x00006000016b2200 (non-class sm): requested 7 words.
[0.168s][trace][metaspace              ] Arena @0x00006000016b2200 (non-class sm): after allocation: 1 chunk(s), current:@0x00007f8f2d80b248, u, base 0x0000000171000000, level lv02 (524288), used: 3942, committed: 8192, committed-free: 4250
[0.168s][trace][metaspace              ] Arena @0x00006000016b2200 (non-class sm): returning 0x0000000171007af8.
[0.168s][trace][metaspace              ] Metaspace::allocate: type 13 return 0x0000000171007af8.
[0.168s][debug][class,resolve          ] java.security.SecureClassLoader java.lang.ClassLoader SecureClassLoader.java:59
[0.168s][trace][metaspace              ] Arena @0x00006000016b2200 (non-class sm): requested 7 words.
[0.168s][trace][metaspace              ] Arena @0x00006000016b2200 (non-class sm): after allocation: 1 chunk(s), current:@0x00007f8f2d80b248, u, base 0x0000000171000000, level lv02 (524288), used: 3949, committed: 8192, committed-free: 4243
[0.168s][trace][metaspace              ] Arena @0x00006000016b2200 (non-class sm): returning 0x0000000171007b30.
[0.168s][trace][metaspace              ] Metaspace::allocate: type 13 return 0x0000000171007b30.
[0.168s][debug][class,resolve          ] java.lang.ClassLoader jdk.internal.reflect.Reflection ClassLoader.java:1624
[0.168s][trace][metaspace              ] Arena @0x00006000016b2200 (non-class sm): requested 7 words.
[0.168s][trace][metaspace              ] Arena @0x00006000016b2200 (non-class sm): after allocation: 1 chunk(s), current:@0x00007f8f2d80b248, u, base 0x0000000171000000, level lv02 (524288), used: 3956, committed: 8192, committed-free: 4236
[0.168s][trace][metaspace              ] Arena @0x00006000016b2200 (non-class sm): returning 0x0000000171007b68.
[0.168s][trace][metaspace              ] Metaspace::allocate: type 13 return 0x0000000171007b68.
[0.168s][trace][metaspace              ] Arena @0x00006000016b2200 (non-class sm): requested 7 words.
[0.168s][trace][metaspace              ] Arena @0x00006000016b2200 (non-class sm): after allocation: 1 chunk(s), current:@0x00007f8f2d80b248, u, base 0x0000000171000000, level lv02 (524288), used: 3963, committed: 8192, committed-free: 4229
[0.168s][trace][metaspace              ] Arena @0x00006000016b2200 (non-class sm): returning 0x0000000171007ba0.
[0.168s][trace][metaspace              ] Metaspace::allocate: type 13 return 0x0000000171007ba0.
[0.168s][debug][jni,resolve            ] [Dynamic-linking native method java.lang.Class.isAssignableFrom ... JNI]
[0.168s][debug][class,load,placeholders] find_and_add LOAD_INSTANCE 'java/lang/ClassLoader$ParallelLoaders', loader loader data: 0x00006000032ac000 of 'bootstrap'
[0.168s][debug][class,load,placeholders] loadInstanceThreadQ threads:0x00007f8f4f008800, 
[0.168s][debug][class,load,placeholders] superThreadQ threads:
[0.168s][debug][class,load,placeholders] defineThreadQ threads:
[0.168s][trace][cds,unshareable        ] restore: java.lang.ClassLoader$ParallelLoaders
[0.168s][trace][class,loader,data      ] Adding k: 0x00000001300105d0 java.lang.ClassLoader$ParallelLoaders to loader data: 0x00006000032ac000 of 'bootstrap'
[0.168s][debug][cds,mirror             ] java.lang.ClassLoader$ParallelLoaders has raw archived mirror
[0.168s][debug][cds,heap               ] Clearing root 389: was 0x00000007ffb0afb0
[0.168s][debug][cds,mirror             ] Archived mirror is: 0x00000007ffb0afb0
[0.168s][trace][cds,heap,mirror        ] Restored java.lang.ClassLoader$ParallelLoaders archived mirror 0x00000007ffb0afb0
[0.168s][info ][class,load             ] java.lang.ClassLoader$ParallelLoaders source: shared objects file
[0.168s][debug][class,load             ]  klass: 0x00000001300105d0 super: 0x0000000130000db8 loader: [loader data: 0x00006000032ac000 of 'bootstrap']
[0.168s][debug][class,load,placeholders] find_and_add DEFINE_CLASS 'java/lang/ClassLoader$ParallelLoaders', loader loader data: 0x00006000032ac000 of 'bootstrap'
[0.168s][debug][class,load,placeholders] loadInstanceThreadQ threads:0x00007f8f4f008800, 
[0.168s][debug][class,load,placeholders] superThreadQ threads:
[0.168s][debug][class,load,placeholders] defineThreadQ threads:0x00007f8f4f008800, 
[0.168s][debug][class,load,placeholders] find_and_remove DEFINE_CLASS 'java/lang/ClassLoader$ParallelLoaders', loader loader data: 0x00006000032ac000 of 'bootstrap', InstanceKlass 'java/lang/ClassLoader$ParallelLoaders'
[0.168s][debug][class,load,placeholders] loadInstanceThreadQ threads:0x00007f8f4f008800, 
[0.168s][debug][class,load,placeholders] superThreadQ threads:
[0.168s][debug][class,load,placeholders] defineThreadQ threads:0x00007f8f4f008800, 
[0.168s][debug][class,load,placeholders] find_and_remove LOAD_INSTANCE 'java/lang/ClassLoader$ParallelLoaders', loader loader data: 0x00006000032ac000 of 'bootstrap', InstanceKlass 'java/lang/ClassLoader$ParallelLoaders'
[0.168s][debug][class,load,placeholders] loadInstanceThreadQ threads:0x00007f8f4f008800, 
[0.168s][debug][class,load,placeholders] superThreadQ threads:
[0.168s][debug][class,load,placeholders] defineThreadQ threads:
[0.168s][debug][class,resolve          ] java.lang.ClassLoader java.lang.ClassLoader$ParallelLoaders ClassLoader.java:1625
[0.168s][info ][class,init             ] 201 Initializing 'java/lang/ClassLoader$ParallelLoaders' (0x00000001300105d0)
[0.168s][trace][metaspace              ] Arena @0x00006000016b2200 (non-class sm): requested 7 words.
[0.168s][trace][metaspace              ] Arena @0x00006000016b2200 (non-class sm): after allocation: 1 chunk(s), current:@0x00007f8f2d80b248, u, base 0x0000000171000000, level lv02 (524288), used: 3970, committed: 8192, committed-free: 4222
[0.168s][trace][metaspace              ] Arena @0x00006000016b2200 (non-class sm): returning 0x0000000171007bd8.
[0.168s][trace][metaspace              ] Metaspace::allocate: type 13 return 0x0000000171007bd8.
[0.168s][debug][class,load,placeholders] find_and_add LOAD_INSTANCE 'java/util/WeakHashMap', loader loader data: 0x00006000032ac000 of 'bootstrap'
[0.168s][debug][class,load,placeholders] loadInstanceThreadQ threads:0x00007f8f4f008800, 
[0.168s][debug][class,load,placeholders] superThreadQ threads:
[0.168s][debug][class,load,placeholders] defineThreadQ threads:
[0.168s][trace][cds,unshareable        ] restore: java.util.WeakHashMap
[0.168s][trace][class,loader,data      ] Adding k: 0x00000001300531e0 java.util.WeakHashMap to loader data: 0x00006000032ac000 of 'bootstrap'
[0.168s][debug][cds,mirror             ] java.util.WeakHashMap has raw archived mirror
[0.169s][debug][cds,heap               ] Clearing root 1025: was 0x00000007ffb1dde0
[0.169s][debug][cds,mirror             ] Archived mirror is: 0x00000007ffb1dde0
[0.169s][trace][cds,heap,mirror        ] Restored java.util.WeakHashMap archived mirror 0x00000007ffb1dde0
[0.169s][debug][cds,heap               ] Clearing root 1026: was 0x00000007ffb1de60
[0.169s][info ][class,load             ] java.util.WeakHashMap source: shared objects file
[0.169s][debug][class,load             ]  klass: 0x00000001300531e0 super: 0x00000001300535d0 interfaces: 0x0000000130015150 loader: [loader data: 0x00006000032ac000 of 'bootstrap']
[0.169s][debug][class,load,placeholders] find_and_add DEFINE_CLASS 'java/util/WeakHashMap', loader loader data: 0x00006000032ac000 of 'bootstrap'
[0.169s][debug][class,load,placeholders] loadInstanceThreadQ threads:0x00007f8f4f008800, 
[0.169s][debug][class,load,placeholders] superThreadQ threads:
[0.169s][debug][class,load,placeholders] defineThreadQ threads:0x00007f8f4f008800, 
[0.169s][debug][class,load,placeholders] find_and_remove DEFINE_CLASS 'java/util/WeakHashMap', loader loader data: 0x00006000032ac000 of 'bootstrap', InstanceKlass 'java/util/WeakHashMap'
[0.169s][debug][class,load,placeholders] loadInstanceThreadQ threads:0x00007f8f4f008800, 
[0.169s][debug][class,load,placeholders] superThreadQ threads:
[0.169s][debug][class,load,placeholders] defineThreadQ threads:0x00007f8f4f008800, 
[0.169s][debug][class,load,placeholders] find_and_remove LOAD_INSTANCE 'java/util/WeakHashMap', loader loader data: 0x00006000032ac000 of 'bootstrap', InstanceKlass 'java/util/WeakHashMap'
[0.169s][debug][class,load,placeholders] loadInstanceThreadQ threads:0x00007f8f4f008800, 
[0.169s][debug][class,load,placeholders] superThreadQ threads:
[0.169s][debug][class,load,placeholders] defineThreadQ threads:
[0.169s][debug][class,resolve          ] java.lang.ClassLoader$ParallelLoaders java.util.WeakHashMap ClassLoader.java:259
[0.169s][info ][class,init             ] 202 Initializing 'java/util/WeakHashMap' (0x00000001300531e0)
[0.169s][trace][metaspace              ] Arena @0x00006000016b2200 (non-class sm): requested 7 words.
[0.169s][trace][metaspace              ] Arena @0x00006000016b2200 (non-class sm): after allocation: 1 chunk(s), current:@0x00007f8f2d80b248, u, base 0x0000000171000000, level lv02 (524288), used: 3977, committed: 8192, committed-free: 4215
[0.169s][trace][metaspace              ] Arena @0x00006000016b2200 (non-class sm): returning 0x0000000171007c10.
[0.169s][trace][metaspace              ] Metaspace::allocate: type 13 return 0x0000000171007c10.
[0.169s][debug][class,resolve          ] java.util.WeakHashMap java.lang.Object WeakHashMap.java:265
[0.169s][trace][metaspace              ] Arena @0x00006000016b2200 (non-class sm): requested 7 words.
[0.169s][trace][metaspace              ] Arena @0x00006000016b2200 (non-class sm): after allocation: 1 chunk(s), current:@0x00007f8f2d80b248, u, base 0x0000000171000000, level lv02 (524288), used: 3984, committed: 8192, committed-free: 4208
[0.169s][trace][metaspace              ] Arena @0x00006000016b2200 (non-class sm): returning 0x0000000171007c48.
[0.169s][trace][metaspace              ] Metaspace::allocate: type 13 return 0x0000000171007c48.
[0.169s][trace][metaspace              ] Arena @0x00006000016b2200 (non-class sm): requested 7 words.
[0.169s][trace][metaspace              ] Arena @0x00006000016b2200 (non-class sm): after allocation: 1 chunk(s), current:@0x00007f8f2d80b248, u, base 0x0000000171000000, level lv02 (524288), used: 3991, committed: 8192, committed-free: 4201
[0.169s][trace][metaspace              ] Arena @0x00006000016b2200 (non-class sm): returning 0x0000000171007c80.
[0.169s][trace][metaspace              ] Metaspace::allocate: type 13 return 0x0000000171007c80.
[0.169s][debug][class,resolve          ] java.util.WeakHashMap java.util.AbstractMap WeakHashMap.java:206
[0.169s][debug][class,resolve          ] java.util.WeakHashMap java.lang.ref.ReferenceQueue WeakHashMap.java:179
[0.169s][debug][class,resolve          ] java.util.WeakHashMap java.lang.Float WeakHashMap.java:213
[0.169s][trace][metaspace              ] Arena @0x00006000016b2200 (non-class sm): requested 7 words.
[0.169s][trace][metaspace              ] Arena @0x00006000016b2200 (non-class sm): after allocation: 1 chunk(s), current:@0x00007f8f2d80b248, u, base 0x0000000171000000, level lv02 (524288), used: 3998, committed: 8192, committed-free: 4194
[0.169s][trace][metaspace              ] Arena @0x00006000016b2200 (non-class sm): returning 0x0000000171007cb8.
[0.169s][trace][metaspace              ] Metaspace::allocate: type 13 return 0x0000000171007cb8.
[0.169s][debug][class,load,placeholders] find_and_add LOAD_INSTANCE 'java/util/WeakHashMap$Entry', loader loader data: 0x00006000032ac000 of 'bootstrap'
[0.169s][debug][class,load,placeholders] loadInstanceThreadQ threads:0x00007f8f4f008800, 
[0.169s][debug][class,load,placeholders] superThreadQ threads:
[0.169s][debug][class,load,placeholders] defineThreadQ threads:
[0.169s][trace][cds,unshareable        ] restore: java.util.WeakHashMap$Entry
[0.169s][trace][class,loader,data      ] Adding k: 0x0000000130052f10 java.util.WeakHashMap$Entry to loader data: 0x00006000032ac000 of 'bootstrap'
[0.169s][debug][cds,mirror             ] java.util.WeakHashMap$Entry has raw archived mirror
[0.169s][debug][cds,heap               ] Clearing root 1027: was 0x00000007ffb1de78
[0.169s][debug][cds,mirror             ] Archived mirror is: 0x00000007ffb1de78
[0.169s][trace][cds,heap,mirror        ] Restored java.util.WeakHashMap$Entry archived mirror 0x00000007ffb1de78
[0.169s][debug][cds,heap               ] Clearing root 1028: was 0x00000007ffb1dee8
[0.169s][trace][cds,unshareable        ] restore: [Ljava.util.WeakHashMap$Entry;
[0.169s][trace][class,loader,data      ] Adding k: 0x0000000130054ce8 [Ljava.util.WeakHashMap$Entry; to loader data: 0x00006000032ac000 of 'bootstrap'
[0.169s][debug][cds,mirror             ] [Ljava.util.WeakHashMap$Entry; has raw archived mirror
[0.169s][debug][cds,heap               ] Clearing root 1029: was 0x00000007ffb1df00
[0.169s][debug][cds,mirror             ] Archived mirror is: 0x00000007ffb1df00
[0.169s][trace][cds,heap,mirror        ] Restored [Ljava.util.WeakHashMap$Entry; archived mirror 0x00000007ffb1df00
[0.169s][info ][class,load             ] java.util.WeakHashMap$Entry source: shared objects file
[0.169s][debug][class,load             ]  klass: 0x0000000130052f10 super: 0x000000013004f368 interfaces: 0x000000013001b1c0 loader: [loader data: 0x00006000032ac000 of 'bootstrap']
[0.169s][debug][class,load,placeholders] find_and_add DEFINE_CLASS 'java/util/WeakHashMap$Entry', loader loader data: 0x00006000032ac000 of 'bootstrap'
[0.169s][debug][class,load,placeholders] loadInstanceThreadQ threads:0x00007f8f4f008800, 
[0.169s][debug][class,load,placeholders] superThreadQ threads:
[0.169s][debug][class,load,placeholders] defineThreadQ threads:0x00007f8f4f008800, 
[0.169s][debug][class,load,placeholders] find_and_remove DEFINE_CLASS 'java/util/WeakHashMap$Entry', loader loader data: 0x00006000032ac000 of 'bootstrap', InstanceKlass 'java/util/WeakHashMap$Entry'
[0.169s][debug][class,load,placeholders] loadInstanceThreadQ threads:0x00007f8f4f008800, 
[0.169s][debug][class,load,placeholders] superThreadQ threads:
[0.169s][debug][class,load,placeholders] defineThreadQ threads:0x00007f8f4f008800, 
[0.169s][debug][class,load,placeholders] find_and_remove LOAD_INSTANCE 'java/util/WeakHashMap$Entry', loader loader data: 0x00006000032ac000 of 'bootstrap', InstanceKlass 'java/util/WeakHashMap$Entry'
[0.169s][debug][class,load,placeholders] loadInstanceThreadQ threads:0x00007f8f4f008800, 
[0.169s][debug][class,load,placeholders] superThreadQ threads:
[0.169s][debug][class,load,placeholders] defineThreadQ threads:
[0.169s][debug][class,resolve          ] java.util.WeakHashMap java.util.WeakHashMap$Entry WeakHashMap.java:194
[0.169s][debug][class,resolve          ] java.lang.ClassLoader$ParallelLoaders java.util.Collections ClassLoader.java:260
[0.169s][trace][metaspace              ] Arena @0x00006000016b2200 (non-class sm): requested 7 words.
[0.169s][trace][metaspace              ] Arena @0x00006000016b2200 (non-class sm): after allocation: 1 chunk(s), current:@0x00007f8f2d80b248, u, base 0x0000000171000000, level lv02 (524288), used: 4005, committed: 8192, committed-free: 4187
[0.169s][trace][metaspace              ] Arena @0x00006000016b2200 (non-class sm): returning 0x0000000171007cf0.
[0.169s][trace][metaspace              ] Metaspace::allocate: type 13 return 0x0000000171007cf0.
[0.169s][debug][class,load,placeholders] find_and_add LOAD_INSTANCE 'java/util/Collections$SetFromMap', loader loader data: 0x00006000032ac000 of 'bootstrap'
[0.169s][debug][class,load,placeholders] loadInstanceThreadQ threads:0x00007f8f4f008800, 
[0.169s][debug][class,load,placeholders] superThreadQ threads:
[0.169s][debug][class,load,placeholders] defineThreadQ threads:
[0.169s][trace][cds,unshareable        ] restore: java.util.Collections$SetFromMap
[0.169s][trace][class,loader,data      ] Adding k: 0x0000000130209540 java.util.Collections$SetFromMap to loader data: 0x00006000032ac000 of 'bootstrap'
[0.169s][debug][cds,mirror             ] java.util.Collections$SetFromMap has raw archived mirror
[0.169s][debug][cds,heap               ] Clearing root 920: was 0x00000007ffb19208
[0.169s][debug][cds,mirror             ] Archived mirror is: 0x00000007ffb19208
[0.169s][trace][cds,heap,mirror        ] Restored java.util.Collections$SetFromMap archived mirror 0x00000007ffb19208
[0.169s][debug][cds,heap               ] Clearing root 921: was 0x00000007ffb19280
[0.169s][info ][class,load             ] java.util.Collections$SetFromMap source: shared objects file
[0.169s][debug][class,load             ]  klass: 0x0000000130209540 super: 0x000000013010bf50 interfaces: 0x000000013001aa60 0x00000001300037c0 loader: [loader data: 0x00006000032ac000 of 'bootstrap']
[0.169s][debug][class,load,placeholders] find_and_add DEFINE_CLASS 'java/util/Collections$SetFromMap', loader loader data: 0x00006000032ac000 of 'bootstrap'
[0.169s][debug][class,load,placeholders] loadInstanceThreadQ threads:0x00007f8f4f008800, 
[0.169s][debug][class,load,placeholders] superThreadQ threads:
[0.170s][debug][class,load,placeholders] defineThreadQ threads:0x00007f8f4f008800, 
[0.170s][debug][class,load,placeholders] find_and_remove DEFINE_CLASS 'java/util/Collections$SetFromMap', loader loader data: 0x00006000032ac000 of 'bootstrap', InstanceKlass 'java/util/Collections$SetFromMap'
[0.170s][debug][class,load,placeholders] loadInstanceThreadQ threads:0x00007f8f4f008800, 
[0.170s][debug][class,load,placeholders] superThreadQ threads:
[0.170s][debug][class,load,placeholders] defineThreadQ threads:0x00007f8f4f008800, 
[0.170s][debug][class,load,placeholders] find_and_remove LOAD_INSTANCE 'java/util/Collections$SetFromMap', loader loader data: 0x00006000032ac000 of 'bootstrap', InstanceKlass 'java/util/Collections$SetFromMap'
[0.170s][debug][class,load,placeholders] loadInstanceThreadQ threads:0x00007f8f4f008800, 
[0.170s][debug][class,load,placeholders] superThreadQ threads:
[0.170s][debug][class,load,placeholders] defineThreadQ threads:
[0.170s][debug][class,resolve          ] java.util.Collections java.util.Collections$SetFromMap Collections.java:5660
[0.170s][info ][class,init             ] 203 Initializing 'java/util/Collections$SetFromMap'(no method) (0x0000000130209540)
[0.170s][trace][metaspace              ] Arena @0x00006000016b2200 (non-class sm): requested 7 words.
[0.170s][trace][metaspace              ] Arena @0x00006000016b2200 (non-class sm): after allocation: 1 chunk(s), current:@0x00007f8f2d80b248, u, base 0x0000000171000000, level lv02 (524288), used: 4012, committed: 8192, committed-free: 4180
[0.170s][trace][metaspace              ] Arena @0x00006000016b2200 (non-class sm): returning 0x0000000171007d28.
[0.170s][trace][metaspace              ] Metaspace::allocate: type 13 return 0x0000000171007d28.
[0.170s][debug][class,resolve          ] java.util.Collections$SetFromMap java.util.AbstractSet Collections.java:5673
[0.170s][debug][class,resolve          ] java.util.Collections$SetFromMap java.util.Map Collections.java:5674
[0.170s][trace][metaspace              ] Arena @0x00006000016b2200 (non-class sm): requested 7 words.
[0.170s][trace][metaspace              ] Arena @0x00006000016b2200 (non-class sm): after allocation: 1 chunk(s), current:@0x00007f8f2d80b248, u, base 0x0000000171000000, level lv02 (524288), used: 4019, committed: 8192, committed-free: 4173
[0.170s][trace][metaspace              ] Arena @0x00006000016b2200 (non-class sm): returning 0x0000000171007d60.
[0.170s][trace][metaspace              ] Metaspace::allocate: type 13 return 0x0000000171007d60.
[0.170s][trace][metaspace              ] Arena @0x00006000016b2200 (non-class sm): requested 7 words.
[0.170s][trace][metaspace              ] Arena @0x00006000016b2200 (non-class sm): after allocation: 1 chunk(s), current:@0x00007f8f2d80b248, u, base 0x0000000171000000, level lv02 (524288), used: 4026, committed: 8192, committed-free: 4166
[0.170s][trace][metaspace              ] Arena @0x00006000016b2200 (non-class sm): returning 0x0000000171007d98.
[0.170s][trace][metaspace              ] Metaspace::allocate: type 13 return 0x0000000171007d98.
[0.170s][trace][metaspace              ] Arena @0x00006000016b2200 (non-class sm): requested 7 words.
[0.170s][trace][metaspace              ] Arena @0x00006000016b2200 (non-class sm): after allocation: 1 chunk(s), current:@0x00007f8f2d80b248, u, base 0x0000000171000000, level lv02 (524288), used: 4033, committed: 8192, committed-free: 4159
[0.170s][trace][metaspace              ] Arena @0x00006000016b2200 (non-class sm): returning 0x0000000171007dd0.
[0.170s][trace][metaspace              ] Metaspace::allocate: type 13 return 0x0000000171007dd0.
[0.170s][debug][class,load,placeholders] find_and_add LOAD_INSTANCE 'java/util/WeakHashMap$KeySet', loader loader data: 0x00006000032ac000 of 'bootstrap'
[0.170s][debug][class,load,placeholders] loadInstanceThreadQ threads:0x00007f8f4f008800, 
[0.170s][debug][class,load,placeholders] superThreadQ threads:
[0.170s][debug][class,load,placeholders] defineThreadQ threads:
[0.170s][trace][cds,unshareable        ] restore: java.util.WeakHashMap$KeySet
[0.170s][trace][class,loader,data      ] Adding k: 0x000000013016da48 java.util.WeakHashMap$KeySet to loader data: 0x00006000032ac000 of 'bootstrap'
[0.170s][debug][cds,mirror             ] java.util.WeakHashMap$KeySet has raw archived mirror
[0.170s][debug][cds,heap               ] Clearing root 1030: was 0x00000007ffb1df70
[0.170s][debug][cds,mirror             ] Archived mirror is: 0x00000007ffb1df70
[0.170s][trace][cds,heap,mirror        ] Restored java.util.WeakHashMap$KeySet archived mirror 0x00000007ffb1df70
[0.170s][info ][class,load             ] java.util.WeakHashMap$KeySet source: shared objects file
[0.170s][debug][class,load             ]  klass: 0x000000013016da48 super: 0x000000013010bf50 loader: [loader data: 0x00006000032ac000 of 'bootstrap']
[0.170s][debug][class,load,placeholders] find_and_add DEFINE_CLASS 'java/util/WeakHashMap$KeySet', loader loader data: 0x00006000032ac000 of 'bootstrap'
[0.170s][debug][class,load,placeholders] loadInstanceThreadQ threads:0x00007f8f4f008800, 
[0.170s][debug][class,load,placeholders] superThreadQ threads:
[0.170s][debug][class,load,placeholders] defineThreadQ threads:0x00007f8f4f008800, 
[0.170s][debug][class,load,placeholders] find_and_remove DEFINE_CLASS 'java/util/WeakHashMap$KeySet', loader loader data: 0x00006000032ac000 of 'bootstrap', InstanceKlass 'java/util/WeakHashMap$KeySet'
[0.170s][debug][class,load,placeholders] loadInstanceThreadQ threads:0x00007f8f4f008800, 
[0.170s][debug][class,load,placeholders] superThreadQ threads:
[0.170s][debug][class,load,placeholders] defineThreadQ threads:0x00007f8f4f008800, 
[0.170s][debug][class,load,placeholders] find_and_remove LOAD_INSTANCE 'java/util/WeakHashMap$KeySet', loader loader data: 0x00006000032ac000 of 'bootstrap', InstanceKlass 'java/util/WeakHashMap$KeySet'
[0.170s][debug][class,load,placeholders] loadInstanceThreadQ threads:0x00007f8f4f008800, 
[0.170s][debug][class,load,placeholders] superThreadQ threads:
[0.170s][debug][class,load,placeholders] defineThreadQ threads:
[0.170s][debug][class,resolve          ] java.util.WeakHashMap java.util.WeakHashMap$KeySet WeakHashMap.java:872
[0.170s][info ][class,init             ] 204 Initializing 'java/util/WeakHashMap$KeySet'(no method) (0x000000013016da48)
[0.170s][trace][class,nestmates        ] Type java.util.WeakHashMap is not part of a nest: setting nest-host to self
[0.170s][trace][class,nestmates        ] Resolving nest-host of java.util.WeakHashMap$KeySet using cp entry for java/util/WeakHashMap
[0.170s][debug][class,resolve          ] java.util.WeakHashMap$KeySet java.util.WeakHashMap WeakHashMap.java:872
[0.170s][trace][class,nestmates        ] Checking nest membership of java.util.WeakHashMap$KeySet in java.util.WeakHashMap
[0.170s][trace][class,nestmates        ] - named class found at nest_members[6] => cp[210]
[0.170s][trace][class,nestmates        ] Resolved nest-host of java.util.WeakHashMap$KeySet to java.util.WeakHashMap
[0.170s][trace][class,nestmates        ] Class java.util.WeakHashMap does have nestmate access to java.util.WeakHashMap$KeySet
[0.170s][trace][metaspace              ] Arena @0x00006000016b2200 (non-class sm): requested 7 words.
[0.170s][trace][metaspace              ] Arena @0x00006000016b2200 (non-class sm): after allocation: 1 chunk(s), current:@0x00007f8f2d80b248, u, base 0x0000000171000000, level lv02 (524288), used: 4040, committed: 8192, committed-free: 4152
[0.170s][trace][metaspace              ] Arena @0x00006000016b2200 (non-class sm): returning 0x0000000171007e08.
[0.170s][trace][metaspace              ] Metaspace::allocate: type 13 return 0x0000000171007e08.
[0.170s][debug][class,resolve          ] java.util.WeakHashMap$KeySet java.util.AbstractSet WeakHashMap.java:878
[0.170s][debug][class,resolve          ] java.lang.ClassLoader$ParallelLoaders java.lang.ClassLoader ClassLoader.java:262
[0.170s][debug][class,resolve          ] java.lang.ClassLoader$ParallelLoaders java.util.Set ClassLoader.java:262
[0.170s][trace][metaspace              ] Arena @0x00006000016b2200 (non-class sm): requested 7 words.
[0.170s][trace][metaspace              ] Arena @0x00006000016b2200 (non-class sm): after allocation: 1 chunk(s), current:@0x00007f8f2d80b248, u, base 0x0000000171000000, level lv02 (524288), used: 4047, committed: 8192, committed-free: 4145
[0.170s][trace][metaspace              ] Arena @0x00006000016b2200 (non-class sm): returning 0x0000000171007e40.
[0.170s][trace][metaspace              ] Metaspace::allocate: type 13 return 0x0000000171007e40.
[0.170s][debug][class,resolve          ] java.util.Collections$SetFromMap java.lang.Boolean Collections.java:5685
[0.170s][trace][metaspace              ] Arena @0x00006000016b2200 (non-class sm): requested 7 words.
[0.170s][trace][metaspace              ] Arena @0x00006000016b2200 (non-class sm): after allocation: 1 chunk(s), current:@0x00007f8f2d80b248, u, base 0x0000000171000000, level lv02 (524288), used: 4054, committed: 8192, committed-free: 4138
[0.170s][trace][metaspace              ] Arena @0x00006000016b2200 (non-class sm): returning 0x0000000171007e78.
[0.170s][trace][metaspace              ] Metaspace::allocate: type 13 return 0x0000000171007e78.
[0.170s][trace][metaspace              ] Arena @0x00006000016b2200 (non-class sm): requested 7 words.
[0.170s][trace][metaspace              ] Arena @0x00006000016b2200 (non-class sm): after allocation: 1 chunk(s), current:@0x00007f8f2d80b248, u, base 0x0000000171000000, level lv02 (524288), used: 4061, committed: 8192, committed-free: 4131
[0.170s][trace][metaspace              ] Arena @0x00006000016b2200 (non-class sm): returning 0x0000000171007eb0.
[0.170s][trace][metaspace              ] Metaspace::allocate: type 13 return 0x0000000171007eb0.
[0.170s][trace][metaspace              ] Arena @0x00006000016b2200 (non-class sm): requested 7 words.
[0.170s][trace][metaspace              ] Arena @0x00006000016b2200 (non-class sm): after allocation: 1 chunk(s), current:@0x00007f8f2d80b248, u, base 0x0000000171000000, level lv02 (524288), used: 4068, committed: 8192, committed-free: 4124
[0.170s][trace][metaspace              ] Arena @0x00006000016b2200 (non-class sm): returning 0x0000000171007ee8.
[0.170s][trace][metaspace              ] Metaspace::allocate: type 13 return 0x0000000171007ee8.
[0.170s][trace][metaspace              ] Arena @0x00006000016b2200 (non-class sm): requested 7 words.
[0.170s][trace][metaspace              ] Arena @0x00006000016b2200 (non-class sm): after allocation: 1 chunk(s), current:@0x00007f8f2d80b248, u, base 0x0000000171000000, level lv02 (524288), used: 4075, committed: 8192, committed-free: 4117
[0.170s][trace][metaspace              ] Arena @0x00006000016b2200 (non-class sm): returning 0x0000000171007f20.
[0.170s][trace][metaspace              ] Metaspace::allocate: type 13 return 0x0000000171007f20.
[0.170s][trace][metaspace              ] Arena @0x00006000016b2200 (non-class sm): requested 7 words.
[0.170s][trace][metaspace              ] Arena @0x00006000016b2200 (non-class sm): after allocation: 1 chunk(s), current:@0x00007f8f2d80b248, u, base 0x0000000171000000, level lv02 (524288), used: 4082, committed: 8192, committed-free: 4110
[0.171s][trace][metaspace              ] Arena @0x00006000016b2200 (non-class sm): returning 0x0000000171007f58.
[0.171s][trace][metaspace              ] Metaspace::allocate: type 13 return 0x0000000171007f58.
[0.171s][trace][metaspace              ] Arena @0x00006000016b2200 (non-class sm): requested 7 words.
[0.171s][trace][metaspace              ] Arena @0x00006000016b2200 (non-class sm): after allocation: 1 chunk(s), current:@0x00007f8f2d80b248, u, base 0x0000000171000000, level lv02 (524288), used: 4089, committed: 8192, committed-free: 4103
[0.171s][trace][metaspace              ] Arena @0x00006000016b2200 (non-class sm): returning 0x0000000171007f90.
[0.171s][trace][metaspace              ] Metaspace::allocate: type 13 return 0x0000000171007f90.
[0.171s][trace][metaspace              ] Arena @0x00006000016b2200 (non-class sm): requested 7 words.
[0.171s][trace][metaspace              ] Arena @0x00006000016b2200 (non-class sm): after allocation: 1 chunk(s), current:@0x00007f8f2d80b248, u, base 0x0000000171000000, level lv02 (524288), used: 4096, committed: 8192, committed-free: 4096
[0.171s][trace][metaspace              ] Arena @0x00006000016b2200 (non-class sm): returning 0x0000000171007fc8.
[0.171s][trace][metaspace              ] Metaspace::allocate: type 13 return 0x0000000171007fc8.
[0.171s][info ][class,init             ] 205 Initializing 'java/lang/ref/WeakReference'(no method) (0x000000013004f368)
[0.171s][info ][class,init             ] 206 Initializing 'java/util/WeakHashMap$Entry'(no method) (0x0000000130052f10)
[0.171s][trace][metaspace              ] Arena @0x00006000016b2200 (non-class sm): requested 7 words.
[0.171s][trace][metaspace              ] Arena @0x00006000016b2200 (non-class sm): after allocation: 1 chunk(s), current:@0x00007f8f2d80b248, u, base 0x0000000171000000, level lv02 (524288), used: 4103, committed: 8192, committed-free: 4089
[0.171s][trace][metaspace              ] Arena @0x00006000016b2200 (non-class sm): returning 0x0000000171008000.
[0.171s][trace][metaspace              ] Metaspace::allocate: type 13 return 0x0000000171008000.
[0.171s][debug][class,resolve          ] java.util.WeakHashMap$Entry java.lang.ref.WeakReference WeakHashMap.java:717
[0.171s][trace][metaspace              ] Arena @0x00006000016b2200 (non-class sm): requested 7 words.
[0.171s][trace][metaspace              ] Arena @0x00006000016b2200 (non-class sm): after allocation: 1 chunk(s), current:@0x00007f8f2d80b248, u, base 0x0000000171000000, level lv02 (524288), used: 4110, committed: 8192, committed-free: 4082
[0.171s][trace][metaspace              ] Arena @0x00006000016b2200 (non-class sm): returning 0x0000000171008038.
[0.171s][trace][metaspace              ] Metaspace::allocate: type 13 return 0x0000000171008038.
[0.171s][debug][class,resolve          ] java.lang.ref.WeakReference java.lang.ref.Reference WeakReference.java:69
[0.171s][trace][metaspace              ] Arena @0x00006000016b2200 (non-class sm): requested 7 words.
[0.171s][trace][metaspace              ] Arena @0x00006000016b2200 (non-class sm): after allocation: 1 chunk(s), current:@0x00007f8f2d80b248, u, base 0x0000000171000000, level lv02 (524288), used: 4117, committed: 8192, committed-free: 4075
[0.171s][trace][metaspace              ] Arena @0x00006000016b2200 (non-class sm): returning 0x0000000171008070.
[0.171s][trace][metaspace              ] Metaspace::allocate: type 13 return 0x0000000171008070.
[0.171s][trace][metaspace              ] Arena @0x00006000016b2200 (non-class sm): requested 7 words.
[0.171s][trace][metaspace              ] Arena @0x00006000016b2200 (non-class sm): after allocation: 1 chunk(s), current:@0x00007f8f2d80b248, u, base 0x0000000171000000, level lv02 (524288), used: 4124, committed: 8192, committed-free: 4068
[0.171s][trace][metaspace              ] Arena @0x00006000016b2200 (non-class sm): returning 0x00000001710080a8.
[0.171s][trace][metaspace              ] Metaspace::allocate: type 13 return 0x00000001710080a8.
[0.171s][debug][class,resolve          ] java.lang.ClassLoader$ParallelLoaders java.lang.Class ClassLoader.java:272
[0.171s][trace][metaspace              ] Arena @0x00006000016b2200 (non-class sm): requested 7 words.
[0.171s][trace][metaspace              ] Arena @0x00006000016b2200 (non-class sm): after allocation: 1 chunk(s), current:@0x00007f8f2d80b248, u, base 0x0000000171000000, level lv02 (524288), used: 4131, committed: 8192, committed-free: 4061
[0.171s][trace][metaspace              ] Arena @0x00006000016b2200 (non-class sm): returning 0x00000001710080e0.
[0.171s][trace][metaspace              ] Metaspace::allocate: type 13 return 0x00000001710080e0.
[0.171s][trace][metaspace              ] Arena @0x00006000016b2200 (non-class sm): requested 7 words.
[0.171s][trace][metaspace              ] Arena @0x00006000016b2200 (non-class sm): after allocation: 1 chunk(s), current:@0x00007f8f2d80b248, u, base 0x0000000171000000, level lv02 (524288), used: 4138, committed: 8192, committed-free: 4054
[0.171s][trace][metaspace              ] Arena @0x00006000016b2200 (non-class sm): returning 0x0000000171008118.
[0.171s][trace][metaspace              ] Metaspace::allocate: type 13 return 0x0000000171008118.
[0.171s][trace][metaspace              ] Arena @0x00006000016b2200 (non-class sm): requested 7 words.
[0.171s][trace][metaspace              ] Arena @0x00006000016b2200 (non-class sm): after allocation: 1 chunk(s), current:@0x00007f8f2d80b248, u, base 0x0000000171000000, level lv02 (524288), used: 4145, committed: 8192, committed-free: 4047
[0.171s][trace][metaspace              ] Arena @0x00006000016b2200 (non-class sm): returning 0x0000000171008150.
[0.171s][trace][metaspace              ] Metaspace::allocate: type 13 return 0x0000000171008150.
[0.171s][trace][metaspace              ] Arena @0x00006000016b2200 (non-class sm): requested 7 words.
[0.171s][trace][metaspace              ] Arena @0x00006000016b2200 (non-class sm): after allocation: 1 chunk(s), current:@0x00007f8f2d80b248, u, base 0x0000000171000000, level lv02 (524288), used: 4152, committed: 8192, committed-free: 4040
[0.171s][trace][metaspace              ] Arena @0x00006000016b2200 (non-class sm): returning 0x0000000171008188.
[0.171s][trace][metaspace              ] Metaspace::allocate: type 13 return 0x0000000171008188.
[0.171s][trace][metaspace              ] Arena @0x00006000016b2200 (non-class sm): requested 7 words.
[0.171s][trace][metaspace              ] Arena @0x00006000016b2200 (non-class sm): after allocation: 1 chunk(s), current:@0x00007f8f2d80b248, u, base 0x0000000171000000, level lv02 (524288), used: 4159, committed: 8192, committed-free: 4033
[0.171s][trace][metaspace              ] Arena @0x00006000016b2200 (non-class sm): returning 0x00000001710081c0.
[0.171s][trace][metaspace              ] Metaspace::allocate: type 13 return 0x00000001710081c0.
[0.171s][trace][metaspace              ] Arena @0x00006000016b2200 (non-class sm): requested 7 words.
[0.171s][trace][metaspace              ] Arena @0x00006000016b2200 (non-class sm): after allocation: 1 chunk(s), current:@0x00007f8f2d80b248, u, base 0x0000000171000000, level lv02 (524288), used: 4166, committed: 8192, committed-free: 4026
[0.171s][trace][metaspace              ] Arena @0x00006000016b2200 (non-class sm): returning 0x00000001710081f8.
[0.171s][trace][metaspace              ] Metaspace::allocate: type 13 return 0x00000001710081f8.
[0.171s][trace][metaspace              ] Arena @0x00006000016b2200 (non-class sm): requested 7 words.
[0.171s][trace][metaspace              ] Arena @0x00006000016b2200 (non-class sm): after allocation: 1 chunk(s), current:@0x00007f8f2d80b248, u, base 0x0000000171000000, level lv02 (524288), used: 4173, committed: 8192, committed-free: 4019
[0.171s][trace][metaspace              ] Arena @0x00006000016b2200 (non-class sm): returning 0x0000000171008230.
[0.171s][trace][metaspace              ] Metaspace::allocate: type 13 return 0x0000000171008230.
[0.171s][trace][metaspace              ] Arena @0x00006000016b2200 (non-class sm): requested 7 words.
[0.171s][trace][metaspace              ] Arena @0x00006000016b2200 (non-class sm): after allocation: 1 chunk(s), current:@0x00007f8f2d80b248, u, base 0x0000000171000000, level lv02 (524288), used: 4180, committed: 8192, committed-free: 4012
[0.171s][trace][metaspace              ] Arena @0x00006000016b2200 (non-class sm): returning 0x0000000171008268.
[0.171s][trace][metaspace              ] Metaspace::allocate: type 13 return 0x0000000171008268.
[0.171s][debug][jni,resolve            ] [Dynamic-linking native method java.lang.ref.Reference.refersTo0 ... JNI]
[0.171s][info ][class,init             ] 207 Initializing 'jdk/internal/loader/BuiltinClassLoader' (0x000000013000a6e0)
[0.171s][trace][metaspace              ] Arena @0x00006000016b2200 (non-class sm): requested 7 words.
[0.171s][trace][metaspace              ] Arena @0x00006000016b2200 (non-class sm): after allocation: 1 chunk(s), current:@0x00007f8f2d80b248, u, base 0x0000000171000000, level lv02 (524288), used: 4187, committed: 8192, committed-free: 4005
[0.171s][trace][metaspace              ] Arena @0x00006000016b2200 (non-class sm): returning 0x00000001710082a0.
[0.171s][trace][metaspace              ] Metaspace::allocate: type 13 return 0x00000001710082a0.
[0.171s][debug][class,resolve          ] jdk.internal.loader.BuiltinClassLoader java.lang.Class BuiltinClassLoader.java:95
[0.171s][debug][class,resolve          ] jdk.internal.loader.BuiltinClassLoader java.lang.ClassLoader BuiltinClassLoader.java:99
[0.171s][debug][class,resolve          ] jdk.internal.loader.BuiltinClassLoader jdk.internal.loader.ArchivedClassLoaders BuiltinClassLoader.java:161
[0.171s][info ][class,init             ] 208 Initializing 'jdk/internal/loader/ArchivedClassLoaders' (0x00000001301c9480)
[0.171s][trace][metaspace              ] Arena @0x00006000016b2200 (non-class sm): requested 7 words.
[0.171s][trace][metaspace              ] Arena @0x00006000016b2200 (non-class sm): after allocation: 1 chunk(s), current:@0x00007f8f2d80b248, u, base 0x0000000171000000, level lv02 (524288), used: 4194, committed: 8192, committed-free: 3998
[0.171s][trace][metaspace              ] Arena @0x00006000016b2200 (non-class sm): returning 0x00000001710082d8.
[0.171s][trace][metaspace              ] Metaspace::allocate: type 13 return 0x00000001710082d8.
[0.171s][debug][class,resolve          ] jdk.internal.loader.ArchivedClassLoaders jdk.internal.misc.CDS ArchivedClassLoaders.java:94
[0.171s][info ][class,init             ] 209 Initializing 'jdk/internal/loader/ClassLoaders$BootClassLoader'(no method) (0x00000001301cad78)
[0.171s][info ][class,init             ] 210 Initializing 'java/security/ProtectionDomain' (0x000000013000fee8)
[0.171s][trace][metaspace              ] Arena @0x00006000016b2200 (non-class sm): requested 7 words.
[0.171s][trace][metaspace              ] Arena @0x00006000016b2200 (non-class sm): after allocation: 1 chunk(s), current:@0x00007f8f2d80b248, u, base 0x0000000171000000, level lv02 (524288), used: 4201, committed: 8192, committed-free: 3991
[0.171s][trace][metaspace              ] Arena @0x00006000016b2200 (non-class sm): returning 0x0000000171008310.
[0.171s][trace][metaspace              ] Metaspace::allocate: type 13 return 0x0000000171008310.
[0.171s][debug][class,resolve          ] java.security.ProtectionDomain sun.security.action.GetPropertyAction ProtectionDomain.java:68
[0.171s][trace][metaspace              ] Arena @0x00006000016b2200 (non-class sm): requested 7 words.
[0.171s][trace][metaspace              ] Arena @0x00006000016b2200 (non-class sm): after allocation: 1 chunk(s), current:@0x00007f8f2d80b248, u, base 0x0000000171000000, level lv02 (524288), used: 4208, committed: 8192, committed-free: 3984
[0.171s][trace][metaspace              ] Arena @0x00006000016b2200 (non-class sm): returning 0x0000000171008348.
[0.172s][trace][metaspace              ] Metaspace::allocate: type 13 return 0x0000000171008348.
[0.172s][debug][class,resolve          ] java.security.ProtectionDomain java.lang.String ProtectionDomain.java:68
[0.172s][debug][class,load,placeholders] find_and_add LOAD_INSTANCE 'java/security/ProtectionDomain$JavaSecurityAccessImpl', loader loader data: 0x00006000032ac000 of 'bootstrap'
[0.172s][debug][class,load,placeholders] loadInstanceThreadQ threads:0x00007f8f4f008800, 
[0.172s][debug][class,load,placeholders] superThreadQ threads:
[0.172s][debug][class,load,placeholders] defineThreadQ threads:
[0.172s][debug][class,load,placeholders] find_and_add LOAD_SUPER 'java/security/ProtectionDomain$JavaSecurityAccessImpl', loader loader data: 0x00006000032ac000 of 'bootstrap', supername 'jdk/internal/access/JavaSecurityAccess'
[0.172s][debug][class,load,placeholders] loadInstanceThreadQ threads:0x00007f8f4f008800, 
[0.172s][debug][class,load,placeholders] superThreadQ threads:0x00007f8f4f008800, 
[0.172s][debug][class,load,placeholders] defineThreadQ threads:
[0.172s][debug][class,load,placeholders] find_and_add LOAD_INSTANCE 'jdk/internal/access/JavaSecurityAccess', loader loader data: 0x00006000032ac000 of 'bootstrap'
[0.172s][debug][class,load,placeholders] loadInstanceThreadQ threads:0x00007f8f4f008800, 
[0.172s][debug][class,load,placeholders] superThreadQ threads:
[0.172s][debug][class,load,placeholders] defineThreadQ threads:
[0.172s][trace][cds,unshareable        ] restore: jdk.internal.access.JavaSecurityAccess
[0.172s][trace][class,loader,data      ] Adding k: 0x000000013016d818 jdk.internal.access.JavaSecurityAccess to loader data: 0x00006000032ac000 of 'bootstrap'
[0.172s][debug][cds,mirror             ] jdk.internal.access.JavaSecurityAccess has raw archived mirror
[0.172s][debug][cds,heap               ] Clearing root 776: was 0x00000007ffb154f8
[0.172s][debug][cds,mirror             ] Archived mirror is: 0x00000007ffb154f8
[0.172s][trace][cds,heap,mirror        ] Restored jdk.internal.access.JavaSecurityAccess archived mirror 0x00000007ffb154f8
[0.172s][info ][class,load             ] jdk.internal.access.JavaSecurityAccess source: shared objects file
[0.172s][debug][class,load             ]  klass: 0x000000013016d818 super: 0x0000000130000db8 loader: [loader data: 0x00006000032ac000 of 'bootstrap']
[0.172s][debug][class,load,placeholders] find_and_add DEFINE_CLASS 'jdk/internal/access/JavaSecurityAccess', loader loader data: 0x00006000032ac000 of 'bootstrap'
[0.172s][debug][class,load,placeholders] loadInstanceThreadQ threads:0x00007f8f4f008800, 
[0.172s][debug][class,load,placeholders] superThreadQ threads:
[0.172s][debug][class,load,placeholders] defineThreadQ threads:0x00007f8f4f008800, 
[0.172s][debug][class,load,placeholders] find_and_remove DEFINE_CLASS 'jdk/internal/access/JavaSecurityAccess', loader loader data: 0x00006000032ac000 of 'bootstrap', InstanceKlass 'jdk/internal/access/JavaSecurityAccess'
[0.172s][debug][class,load,placeholders] loadInstanceThreadQ threads:0x00007f8f4f008800, 
[0.172s][debug][class,load,placeholders] superThreadQ threads:
[0.172s][debug][class,load,placeholders] defineThreadQ threads:0x00007f8f4f008800, 
[0.172s][debug][class,load,placeholders] find_and_remove LOAD_INSTANCE 'jdk/internal/access/JavaSecurityAccess', loader loader data: 0x00006000032ac000 of 'bootstrap', InstanceKlass 'jdk/internal/access/JavaSecurityAccess'
[0.172s][debug][class,load,placeholders] loadInstanceThreadQ threads:0x00007f8f4f008800, 
[0.172s][debug][class,load,placeholders] superThreadQ threads:
[0.172s][debug][class,load,placeholders] defineThreadQ threads:
[0.172s][debug][class,load,placeholders] find_and_remove LOAD_SUPER 'java/security/ProtectionDomain$JavaSecurityAccessImpl', loader loader data: 0x00006000032ac000 of 'bootstrap', supername 'jdk/internal/access/JavaSecurityAccess'
[0.172s][debug][class,load,placeholders] loadInstanceThreadQ threads:0x00007f8f4f008800, 
[0.172s][debug][class,load,placeholders] superThreadQ threads:0x00007f8f4f008800, 
[0.172s][debug][class,load,placeholders] defineThreadQ threads:
[0.172s][trace][cds,unshareable        ] restore: java.security.ProtectionDomain$JavaSecurityAccessImpl
[0.172s][trace][class,loader,data      ] Adding k: 0x000000013016d590 java.security.ProtectionDomain$JavaSecurityAccessImpl to loader data: 0x00006000032ac000 of 'bootstrap'
[0.172s][debug][cds,mirror             ] java.security.ProtectionDomain$JavaSecurityAccessImpl has raw archived mirror
[0.172s][debug][cds,heap               ] Clearing root 462: was 0x00000007ffb0cd58
[0.172s][debug][cds,mirror             ] Archived mirror is: 0x00000007ffb0cd58
[0.172s][trace][cds,heap,mirror        ] Restored java.security.ProtectionDomain$JavaSecurityAccessImpl archived mirror 0x00000007ffb0cd58
[0.172s][info ][class,load             ] java.security.ProtectionDomain$JavaSecurityAccessImpl source: shared objects file
[0.172s][debug][class,load             ]  klass: 0x000000013016d590 super: 0x0000000130000db8 interfaces: 0x000000013016d818 loader: [loader data: 0x00006000032ac000 of 'bootstrap']
[0.172s][debug][class,load,placeholders] find_and_add DEFINE_CLASS 'java/security/ProtectionDomain$JavaSecurityAccessImpl', loader loader data: 0x00006000032ac000 of 'bootstrap', supername 'jdk/internal/access/JavaSecurityAccess'
[0.172s][debug][class,load,placeholders] loadInstanceThreadQ threads:0x00007f8f4f008800, 
[0.172s][debug][class,load,placeholders] superThreadQ threads:
[0.172s][debug][class,load,placeholders] defineThreadQ threads:0x00007f8f4f008800, 
[0.172s][debug][class,load,placeholders] find_and_remove DEFINE_CLASS 'java/security/ProtectionDomain$JavaSecurityAccessImpl', loader loader data: 0x00006000032ac000 of 'bootstrap', supername 'jdk/internal/access/JavaSecurityAccess', InstanceKlass 'java/security/ProtectionDomain$JavaSecurityAccessImpl'
[0.172s][debug][class,load,placeholders] loadInstanceThreadQ threads:0x00007f8f4f008800, 
[0.172s][debug][class,load,placeholders] superThreadQ threads:
[0.172s][debug][class,load,placeholders] defineThreadQ threads:0x00007f8f4f008800, 
[0.172s][debug][class,load,placeholders] find_and_remove LOAD_INSTANCE 'java/security/ProtectionDomain$JavaSecurityAccessImpl', loader loader data: 0x00006000032ac000 of 'bootstrap', supername 'jdk/internal/access/JavaSecurityAccess', InstanceKlass 'java/security/ProtectionDomain$JavaSecurityAccessImpl'
[0.172s][debug][class,load,placeholders] loadInstanceThreadQ threads:0x00007f8f4f008800, 
[0.172s][debug][class,load,placeholders] superThreadQ threads:
[0.172s][debug][class,load,placeholders] defineThreadQ threads:
[0.172s][debug][class,resolve          ] java.security.ProtectionDomain java.security.ProtectionDomain$JavaSecurityAccessImpl ProtectionDomain.java:133
[0.172s][info ][class,init             ] 211 Initializing 'java/security/ProtectionDomain$JavaSecurityAccessImpl'(no method) (0x000000013016d590)
[0.172s][trace][class,nestmates        ] Type java.security.ProtectionDomain is not part of a nest: setting nest-host to self
[0.172s][trace][class,nestmates        ] Resolving nest-host of java.security.ProtectionDomain$JavaSecurityAccessImpl using cp entry for java/security/ProtectionDomain
[0.172s][debug][class,resolve          ] java.security.ProtectionDomain$JavaSecurityAccessImpl java.security.ProtectionDomain ProtectionDomain.java:133
[0.172s][trace][class,nestmates        ] Checking nest membership of java.security.ProtectionDomain$JavaSecurityAccessImpl in java.security.ProtectionDomain
[0.172s][trace][class,nestmates        ] - named class found at nest_members[2] => cp[250]
[0.172s][trace][class,nestmates        ] Resolved nest-host of java.security.ProtectionDomain$JavaSecurityAccessImpl to java.security.ProtectionDomain
[0.172s][trace][class,nestmates        ] Class java.security.ProtectionDomain does have nestmate access to java.security.ProtectionDomain$JavaSecurityAccessImpl
[0.172s][trace][metaspace              ] Arena @0x00006000016b2200 (non-class sm): requested 7 words.
[0.172s][trace][metaspace              ] Arena @0x00006000016b2200 (non-class sm): after allocation: 1 chunk(s), current:@0x00007f8f2d80b248, u, base 0x0000000171000000, level lv02 (524288), used: 4215, committed: 8192, committed-free: 3977
[0.172s][trace][metaspace              ] Arena @0x00006000016b2200 (non-class sm): returning 0x0000000171008380.
[0.172s][trace][metaspace              ] Metaspace::allocate: type 13 return 0x0000000171008380.
[0.172s][debug][class,resolve          ] java.security.ProtectionDomain$JavaSecurityAccessImpl java.lang.Object ProtectionDomain.java:73
[0.172s][debug][class,resolve          ] java.security.ProtectionDomain jdk.internal.access.SharedSecrets ProtectionDomain.java:133
[0.172s][trace][metaspace              ] Arena @0x00006000016b2200 (non-class sm): requested 7 words.
[0.172s][trace][metaspace              ] Arena @0x00006000016b2200 (non-class sm): after allocation: 1 chunk(s), current:@0x00007f8f2d80b248, u, base 0x0000000171000000, level lv02 (524288), used: 4222, committed: 8192, committed-free: 3970
[0.172s][trace][metaspace              ] Arena @0x00006000016b2200 (non-class sm): returning 0x00000001710083b8.
[0.172s][trace][metaspace              ] Metaspace::allocate: type 13 return 0x00000001710083b8.
[0.172s][info ][class,init             ] 212 Initializing 'java/security/CodeSource'(no method) (0x0000000130010138)
[0.172s][info ][class,init             ] 213 Initializing 'java/security/Principal'(no method) (0x000000013016e200)
[0.172s][info ][class,init             ] 214 Initializing 'java/security/ProtectionDomain$Key'(no method) (0x000000013016d358)
[0.172s][info ][class,init             ] 215 Initializing 'jdk/internal/loader/NativeLibraries' (0x0000000130010390)
[0.172s][trace][metaspace              ] Arena @0x00006000016b2200 (non-class sm): requested 7 words.
[0.172s][trace][metaspace              ] Arena @0x00006000016b2200 (non-class sm): after allocation: 1 chunk(s), current:@0x00007f8f2d80b248, u, base 0x0000000171000000, level lv02 (524288), used: 4229, committed: 8192, committed-free: 3963
[0.172s][trace][metaspace              ] Arena @0x00006000016b2200 (non-class sm): returning 0x00000001710083f0.
[0.173s][trace][metaspace              ] Metaspace::allocate: type 13 return 0x00000001710083f0.
[0.173s][debug][class,resolve          ] jdk.internal.loader.NativeLibraries java.lang.Class NativeLibraries.java:55
[0.173s][debug][class,load,placeholders] find_and_add LOAD_INSTANCE 'jdk/internal/loader/ClassLoaderHelper', loader loader data: 0x00006000032ac000 of 'bootstrap'
[0.173s][debug][class,load,placeholders] loadInstanceThreadQ threads:0x00007f8f4f008800, 
[0.173s][debug][class,load,placeholders] superThreadQ threads:
[0.173s][debug][class,load,placeholders] defineThreadQ threads:
[0.173s][trace][cds,unshareable        ] restore: jdk.internal.loader.ClassLoaderHelper
[0.173s][trace][class,loader,data      ] Adding k: 0x0000000130137c20 jdk.internal.loader.ClassLoaderHelper to loader data: 0x00006000032ac000 of 'bootstrap'
[0.173s][debug][cds,mirror             ] jdk.internal.loader.ClassLoaderHelper has raw archived mirror
[0.173s][debug][cds,heap               ] Clearing root 1016: was 0x00000007ffb1da88
[0.173s][debug][cds,mirror             ] Archived mirror is: 0x00000007ffb1da88
[0.173s][trace][cds,heap,mirror        ] Restored jdk.internal.loader.ClassLoaderHelper archived mirror 0x00000007ffb1da88
[0.173s][debug][cds,heap               ] Clearing root 1017: was 0x00000007ffb1db00
[0.173s][info ][class,load             ] jdk.internal.loader.ClassLoaderHelper source: shared objects file
[0.173s][debug][class,load             ]  klass: 0x0000000130137c20 super: 0x0000000130000db8 loader: [loader data: 0x00006000032ac000 of 'bootstrap']
[0.173s][debug][class,load,placeholders] find_and_add DEFINE_CLASS 'jdk/internal/loader/ClassLoaderHelper', loader loader data: 0x00006000032ac000 of 'bootstrap'
[0.173s][debug][class,load,placeholders] loadInstanceThreadQ threads:0x00007f8f4f008800, 
[0.173s][debug][class,load,placeholders] superThreadQ threads:
[0.173s][debug][class,load,placeholders] defineThreadQ threads:0x00007f8f4f008800, 
[0.173s][debug][class,load,placeholders] find_and_remove DEFINE_CLASS 'jdk/internal/loader/ClassLoaderHelper', loader loader data: 0x00006000032ac000 of 'bootstrap', InstanceKlass 'jdk/internal/loader/ClassLoaderHelper'
[0.173s][debug][class,load,placeholders] loadInstanceThreadQ threads:0x00007f8f4f008800, 
[0.173s][debug][class,load,placeholders] superThreadQ threads:
[0.173s][debug][class,load,placeholders] defineThreadQ threads:0x00007f8f4f008800, 
[0.173s][debug][class,load,placeholders] find_and_remove LOAD_INSTANCE 'jdk/internal/loader/ClassLoaderHelper', loader loader data: 0x00006000032ac000 of 'bootstrap', InstanceKlass 'jdk/internal/loader/ClassLoaderHelper'
[0.173s][debug][class,load,placeholders] loadInstanceThreadQ threads:0x00007f8f4f008800, 
[0.173s][debug][class,load,placeholders] superThreadQ threads:
[0.173s][debug][class,load,placeholders] defineThreadQ threads:
[0.173s][debug][class,resolve          ] jdk.internal.loader.NativeLibraries jdk.internal.loader.ClassLoaderHelper NativeLibraries.java:56
[0.173s][info ][class,init             ] 216 Initializing 'jdk/internal/loader/ClassLoaderHelper' (0x0000000130137c20)
[0.173s][trace][metaspace              ] Arena @0x00006000016b2200 (non-class sm): requested 7 words.
[0.173s][trace][metaspace              ] Arena @0x00006000016b2200 (non-class sm): after allocation: 1 chunk(s), current:@0x00007f8f2d80b248, u, base 0x0000000171000000, level lv02 (524288), used: 4236, committed: 8192, committed-free: 3956
[0.173s][trace][metaspace              ] Arena @0x00006000016b2200 (non-class sm): returning 0x0000000171008428.
[0.173s][trace][metaspace              ] Metaspace::allocate: type 13 return 0x0000000171008428.
[0.173s][debug][class,resolve          ] jdk.internal.loader.ClassLoaderHelper sun.security.action.GetPropertyAction ClassLoaderHelper.java:35
[0.173s][debug][class,resolve          ] jdk.internal.loader.ClassLoaderHelper java.lang.String ClassLoaderHelper.java:38
[0.173s][debug][class,resolve          ] jdk.internal.loader.ClassLoaderHelper java.lang.Integer ClassLoaderHelper.java:40
[0.173s][trace][metaspace              ] Arena @0x00006000016b2200 (non-class sm): requested 7 words.
[0.173s][trace][metaspace              ] Arena @0x00006000016b2200 (non-class sm): after allocation: 1 chunk(s), current:@0x00007f8f2d80b248, u, base 0x0000000171000000, level lv02 (524288), used: 4243, committed: 8192, committed-free: 3949
[0.173s][trace][metaspace              ] Arena @0x00006000016b2200 (non-class sm): returning 0x0000000171008460.
[0.173s][trace][metaspace              ] Metaspace::allocate: type 13 return 0x0000000171008460.
[0.173s][debug][class,resolve          ] jdk.internal.loader.NativeLibraries java.util.HashSet NativeLibraries.java:466
[0.173s][trace][metaspace              ] Arena @0x00006000016b2200 (non-class sm): requested 7 words.
[0.173s][trace][metaspace              ] Arena @0x00006000016b2200 (non-class sm): after allocation: 1 chunk(s), current:@0x00007f8f2d80b248, u, base 0x0000000171000000, level lv02 (524288), used: 4250, committed: 8192, committed-free: 3942
[0.173s][trace][metaspace              ] Arena @0x00006000016b2200 (non-class sm): returning 0x0000000171008498.
[0.173s][trace][metaspace              ] Metaspace::allocate: type 13 return 0x0000000171008498.
[0.173s][debug][class,resolve          ] java.util.HashSet java.util.AbstractSet HashSet.java:106
[0.173s][debug][class,resolve          ] java.util.HashSet java.util.HashMap HashSet.java:107
[0.173s][trace][metaspace              ] Arena @0x00006000016b2200 (non-class sm): requested 7 words.
[0.173s][trace][metaspace              ] Arena @0x00006000016b2200 (non-class sm): after allocation: 1 chunk(s), current:@0x00007f8f2d80b248, u, base 0x0000000171000000, level lv02 (524288), used: 4257, committed: 8192, committed-free: 3935
[0.173s][trace][metaspace              ] Arena @0x00006000016b2200 (non-class sm): returning 0x00000001710084d0.
[0.173s][trace][metaspace              ] Metaspace::allocate: type 13 return 0x00000001710084d0.
[0.173s][debug][class,load,placeholders] find_and_add LOAD_INSTANCE 'java/util/ArrayDeque', loader loader data: 0x00006000032ac000 of 'bootstrap'
[0.173s][debug][class,load,placeholders] loadInstanceThreadQ threads:0x00007f8f4f008800, 
[0.173s][debug][class,load,placeholders] superThreadQ threads:
[0.173s][debug][class,load,placeholders] defineThreadQ threads:
[0.173s][debug][class,load,placeholders] find_and_add LOAD_SUPER 'java/util/ArrayDeque', loader loader data: 0x00006000032ac000 of 'bootstrap', supername 'java/util/Deque'
[0.173s][debug][class,load,placeholders] loadInstanceThreadQ threads:0x00007f8f4f008800, 
[0.173s][debug][class,load,placeholders] superThreadQ threads:0x00007f8f4f008800, 
[0.173s][debug][class,load,placeholders] defineThreadQ threads:
[0.173s][debug][class,load,placeholders] find_and_add LOAD_INSTANCE 'java/util/Deque', loader loader data: 0x00006000032ac000 of 'bootstrap'
[0.173s][debug][class,load,placeholders] loadInstanceThreadQ threads:0x00007f8f4f008800, 
[0.173s][debug][class,load,placeholders] superThreadQ threads:
[0.173s][debug][class,load,placeholders] defineThreadQ threads:
[0.173s][debug][class,load,placeholders] find_and_add LOAD_SUPER 'java/util/Deque', loader loader data: 0x00006000032ac000 of 'bootstrap', supername 'java/util/Queue'
[0.173s][debug][class,load,placeholders] loadInstanceThreadQ threads:0x00007f8f4f008800, 
[0.173s][debug][class,load,placeholders] superThreadQ threads:0x00007f8f4f008800, 
[0.173s][debug][class,load,placeholders] defineThreadQ threads:
[0.173s][debug][class,load,placeholders] find_and_add LOAD_INSTANCE 'java/util/Queue', loader loader data: 0x00006000032ac000 of 'bootstrap'
[0.173s][debug][class,load,placeholders] loadInstanceThreadQ threads:0x00007f8f4f008800, 
[0.173s][debug][class,load,placeholders] superThreadQ threads:
[0.173s][debug][class,load,placeholders] defineThreadQ threads:
[0.173s][trace][cds,unshareable        ] restore: java.util.Queue
[0.173s][trace][class,loader,data      ] Adding k: 0x0000000130103580 java.util.Queue to loader data: 0x00006000032ac000 of 'bootstrap'
[0.173s][debug][cds,mirror             ] java.util.Queue has raw archived mirror
[0.173s][debug][cds,heap               ] Clearing root 1022: was 0x00000007ffb1dcc0
[0.173s][debug][cds,mirror             ] Archived mirror is: 0x00000007ffb1dcc0
[0.173s][trace][cds,heap,mirror        ] Restored java.util.Queue archived mirror 0x00000007ffb1dcc0
[0.173s][debug][cds,heap               ] Clearing root 1023: was 0x00000007ffb1dd30
[0.173s][info ][class,load             ] java.util.Queue source: shared objects file
[0.173s][debug][class,load             ]  klass: 0x0000000130103580 super: 0x0000000130000db8 interfaces: 0x0000000130077ab8 loader: [loader data: 0x00006000032ac000 of 'bootstrap']
[0.173s][debug][class,load,placeholders] find_and_add DEFINE_CLASS 'java/util/Queue', loader loader data: 0x00006000032ac000 of 'bootstrap'
[0.173s][debug][class,load,placeholders] loadInstanceThreadQ threads:0x00007f8f4f008800, 
[0.173s][debug][class,load,placeholders] superThreadQ threads:
[0.173s][debug][class,load,placeholders] defineThreadQ threads:0x00007f8f4f008800, 
[0.173s][debug][class,load,placeholders] find_and_remove DEFINE_CLASS 'java/util/Queue', loader loader data: 0x00006000032ac000 of 'bootstrap', InstanceKlass 'java/util/Queue'
[0.173s][debug][class,load,placeholders] loadInstanceThreadQ threads:0x00007f8f4f008800, 
[0.173s][debug][class,load,placeholders] superThreadQ threads:
[0.173s][debug][class,load,placeholders] defineThreadQ threads:0x00007f8f4f008800, 
[0.174s][debug][class,load,placeholders] find_and_remove LOAD_INSTANCE 'java/util/Queue', loader loader data: 0x00006000032ac000 of 'bootstrap', InstanceKlass 'java/util/Queue'
[0.174s][debug][class,load,placeholders] loadInstanceThreadQ threads:0x00007f8f4f008800, 
[0.174s][debug][class,load,placeholders] superThreadQ threads:
[0.174s][debug][class,load,placeholders] defineThreadQ threads:
[0.174s][debug][class,load,placeholders] find_and_remove LOAD_SUPER 'java/util/Deque', loader loader data: 0x00006000032ac000 of 'bootstrap', supername 'java/util/Queue'
[0.174s][debug][class,load,placeholders] loadInstanceThreadQ threads:0x00007f8f4f008800, 
[0.174s][debug][class,load,placeholders] superThreadQ threads:0x00007f8f4f008800, 
[0.174s][debug][class,load,placeholders] defineThreadQ threads:
[0.174s][trace][cds,unshareable        ] restore: java.util.Deque
[0.174s][trace][class,loader,data      ] Adding k: 0x00000001301037b0 java.util.Deque to loader data: 0x00006000032ac000 of 'bootstrap'
[0.174s][debug][cds,mirror             ] java.util.Deque has raw archived mirror
[0.174s][debug][cds,heap               ] Clearing root 922: was 0x00000007ffb19298
[0.174s][debug][cds,mirror             ] Archived mirror is: 0x00000007ffb19298
[0.174s][trace][cds,heap,mirror        ] Restored java.util.Deque archived mirror 0x00000007ffb19298
[0.174s][debug][cds,heap               ] Clearing root 923: was 0x00000007ffb19308
[0.174s][info ][class,load             ] java.util.Deque source: shared objects file
[0.174s][debug][class,load             ]  klass: 0x00000001301037b0 super: 0x0000000130000db8 interfaces: 0x0000000130103580 loader: [loader data: 0x00006000032ac000 of 'bootstrap']
[0.174s][debug][class,load,placeholders] find_and_add DEFINE_CLASS 'java/util/Deque', loader loader data: 0x00006000032ac000 of 'bootstrap', supername 'java/util/Queue'
[0.174s][debug][class,load,placeholders] loadInstanceThreadQ threads:0x00007f8f4f008800, 
[0.174s][debug][class,load,placeholders] superThreadQ threads:
[0.174s][debug][class,load,placeholders] defineThreadQ threads:0x00007f8f4f008800, 
[0.174s][debug][class,load,placeholders] find_and_remove DEFINE_CLASS 'java/util/Deque', loader loader data: 0x00006000032ac000 of 'bootstrap', supername 'java/util/Queue', InstanceKlass 'java/util/Deque'
[0.174s][debug][class,load,placeholders] loadInstanceThreadQ threads:0x00007f8f4f008800, 
[0.174s][debug][class,load,placeholders] superThreadQ threads:
[0.174s][debug][class,load,placeholders] defineThreadQ threads:0x00007f8f4f008800, 
[0.174s][debug][class,load,placeholders] find_and_remove LOAD_INSTANCE 'java/util/Deque', loader loader data: 0x00006000032ac000 of 'bootstrap', supername 'java/util/Queue', InstanceKlass 'java/util/Deque'
[0.174s][debug][class,load,placeholders] loadInstanceThreadQ threads:0x00007f8f4f008800, 
[0.174s][debug][class,load,placeholders] superThreadQ threads:
[0.174s][debug][class,load,placeholders] defineThreadQ threads:
[0.174s][debug][class,load,placeholders] find_and_remove LOAD_SUPER 'java/util/ArrayDeque', loader loader data: 0x00006000032ac000 of 'bootstrap', supername 'java/util/Deque'
[0.174s][debug][class,load,placeholders] loadInstanceThreadQ threads:0x00007f8f4f008800, 
[0.174s][debug][class,load,placeholders] superThreadQ threads:0x00007f8f4f008800, 
[0.174s][debug][class,load,placeholders] defineThreadQ threads:
[0.174s][trace][cds,unshareable        ] restore: java.util.ArrayDeque
[0.174s][trace][class,loader,data      ] Adding k: 0x000000013015c5b0 java.util.ArrayDeque to loader data: 0x00006000032ac000 of 'bootstrap'
[0.174s][debug][cds,mirror             ] java.util.ArrayDeque has raw archived mirror
[0.174s][debug][cds,heap               ] Clearing root 1018: was 0x00000007ffb1db20
[0.174s][debug][cds,mirror             ] Archived mirror is: 0x00000007ffb1db20
[0.174s][trace][cds,heap,mirror        ] Restored java.util.ArrayDeque archived mirror 0x00000007ffb1db20
[0.174s][debug][cds,heap               ] Clearing root 1019: was 0x00000007ffb1dba0
[0.174s][info ][class,load             ] java.util.ArrayDeque source: shared objects file
[0.174s][debug][class,load             ]  klass: 0x000000013015c5b0 super: 0x0000000130077dc0 interfaces: 0x00000001301037b0 0x0000000130000b88 0x00000001300037c0 loader: [loader data: 0x00006000032ac000 of 'bootstrap']
[0.174s][debug][class,load,placeholders] find_and_add DEFINE_CLASS 'java/util/ArrayDeque', loader loader data: 0x00006000032ac000 of 'bootstrap', supername 'java/util/Deque'
[0.174s][debug][class,load,placeholders] loadInstanceThreadQ threads:0x00007f8f4f008800, 
[0.174s][debug][class,load,placeholders] superThreadQ threads:
[0.174s][debug][class,load,placeholders] defineThreadQ threads:0x00007f8f4f008800, 
[0.174s][debug][class,load,placeholders] find_and_remove DEFINE_CLASS 'java/util/ArrayDeque', loader loader data: 0x00006000032ac000 of 'bootstrap', supername 'java/util/Deque', InstanceKlass 'java/util/ArrayDeque'
[0.174s][debug][class,load,placeholders] loadInstanceThreadQ threads:0x00007f8f4f008800, 
[0.174s][debug][class,load,placeholders] superThreadQ threads:
[0.174s][debug][class,load,placeholders] defineThreadQ threads:0x00007f8f4f008800, 
[0.174s][debug][class,load,placeholders] find_and_remove LOAD_INSTANCE 'java/util/ArrayDeque', loader loader data: 0x00006000032ac000 of 'bootstrap', supername 'java/util/Deque', InstanceKlass 'java/util/ArrayDeque'
[0.174s][debug][class,load,placeholders] loadInstanceThreadQ threads:0x00007f8f4f008800, 
[0.174s][debug][class,load,placeholders] superThreadQ threads:
[0.174s][debug][class,load,placeholders] defineThreadQ threads:
[0.174s][debug][class,resolve          ] jdk.internal.loader.NativeLibraries java.util.ArrayDeque NativeLibraries.java:469
[0.174s][info ][class,init             ] 217 Initializing 'java/util/ArrayDeque'(no method) (0x000000013015c5b0)
[0.174s][trace][metaspace              ] Arena @0x00006000016b2200 (non-class sm): requested 7 words.
[0.174s][trace][metaspace              ] Arena @0x00006000016b2200 (non-class sm): after allocation: 1 chunk(s), current:@0x00007f8f2d80b248, u, base 0x0000000171000000, level lv02 (524288), used: 4264, committed: 8192, committed-free: 3928
[0.174s][trace][metaspace              ] Arena @0x00006000016b2200 (non-class sm): returning 0x0000000171008508.
[0.174s][trace][metaspace              ] Metaspace::allocate: type 13 return 0x0000000171008508.
[0.174s][debug][class,resolve          ] java.util.ArrayDeque java.util.AbstractCollection ArrayDeque.java:191
[0.174s][debug][class,resolve          ] java.util.ArrayDeque java.lang.Object ArrayDeque.java:195
[0.174s][info ][class,init             ] 218 Initializing 'jdk/internal/module/ServicesCatalog' (0x000000013012a1a0)
[0.174s][trace][metaspace              ] Arena @0x00006000016b2200 (non-class sm): requested 7 words.
[0.174s][trace][metaspace              ] Arena @0x00006000016b2200 (non-class sm): after allocation: 1 chunk(s), current:@0x00007f8f2d80b248, u, base 0x0000000171000000, level lv02 (524288), used: 4271, committed: 8192, committed-free: 3921
[0.174s][trace][metaspace              ] Arena @0x00006000016b2200 (non-class sm): returning 0x0000000171008540.
[0.174s][trace][metaspace              ] Metaspace::allocate: type 13 return 0x0000000171008540.
[0.174s][debug][class,resolve          ] jdk.internal.module.ServicesCatalog jdk.internal.loader.ClassLoaderValue ServicesCatalog.java:185
[0.174s][info ][class,init             ] 219 Initializing 'java/util/concurrent/CopyOnWriteArrayList'(no method) (0x0000000130224590)
[0.174s][info ][class,init             ] 220 Initializing 'jdk/internal/module/ServicesCatalog$ServiceProvider'(no method) (0x0000000130224ad0)
[0.174s][info ][class,init             ] 221 Initializing 'jdk/internal/loader/ClassLoaders$PlatformClassLoader' (0x0000000130086e30)
[0.174s][trace][metaspace              ] Arena @0x00006000016b2200 (non-class sm): requested 7 words.
[0.174s][trace][metaspace              ] Arena @0x00006000016b2200 (non-class sm): after allocation: 1 chunk(s), current:@0x00007f8f2d80b248, u, base 0x0000000171000000, level lv02 (524288), used: 4278, committed: 8192, committed-free: 3914
[0.174s][trace][metaspace              ] Arena @0x00006000016b2200 (non-class sm): returning 0x0000000171008578.
[0.174s][trace][metaspace              ] Metaspace::allocate: type 13 return 0x0000000171008578.
[0.174s][debug][class,resolve          ] jdk.internal.loader.ClassLoaders$PlatformClassLoader java.lang.ClassLoader ClassLoaders.java:150
[0.174s][info ][class,init             ] 222 Initializing 'jdk/internal/loader/BuiltinClassLoader$LoadedModule'(no method) (0x0000000130189538)
[0.174s][debug][cds,heap               ] Clearing root 2081: was 0x00000007ffb54710
[0.174s][debug][cds,heap               ]   0x00000001301c9480 init field @ 112 = 0x00000007ffb54710
[0.174s][info ][cds,heap               ] initialize_from_archived_subgraph jdk.internal.loader.ArchivedClassLoaders 0x00000001301c9480 (early)
[0.174s][trace][metaspace              ] Arena @0x00006000016b2200 (non-class sm): requested 7 words.
[0.174s][trace][metaspace              ] Arena @0x00006000016b2200 (non-class sm): after allocation: 1 chunk(s), current:@0x00007f8f2d80b248, u, base 0x0000000171000000, level lv02 (524288), used: 4285, committed: 8192, committed-free: 3907
[0.174s][trace][metaspace              ] Arena @0x00006000016b2200 (non-class sm): returning 0x00000001710085b0.
[0.174s][trace][metaspace              ] Metaspace::allocate: type 13 return 0x00000001710085b0.
[0.174s][trace][metaspace              ] Arena @0x00006000016b2200 (non-class sm): requested 7 words.
[0.174s][trace][metaspace              ] Arena @0x00006000016b2200 (non-class sm): after allocation: 1 chunk(s), current:@0x00007f8f2d80b248, u, base 0x0000000171000000, level lv02 (524288), used: 4292, committed: 8192, committed-free: 3900
[0.174s][trace][metaspace              ] Arena @0x00006000016b2200 (non-class sm): returning 0x00000001710085e8.
[0.175s][trace][metaspace              ] Metaspace::allocate: type 13 return 0x00000001710085e8.
[0.175s][info ][class,init             ] 223 Initializing 'jdk/internal/loader/ClassLoaders$AppClassLoader' (0x00000001300849f8)
[0.175s][trace][metaspace              ] Arena @0x00006000016b2200 (non-class sm): requested 7 words.
[0.175s][trace][metaspace              ] Arena @0x00006000016b2200 (non-class sm): after allocation: 1 chunk(s), current:@0x00007f8f2d80b248, u, base 0x0000000171000000, level lv02 (524288), used: 4299, committed: 8192, committed-free: 3893
[0.175s][trace][metaspace              ] Arena @0x00006000016b2200 (non-class sm): returning 0x0000000171008620.
[0.175s][trace][metaspace              ] Metaspace::allocate: type 13 return 0x0000000171008620.
[0.175s][debug][class,resolve          ] jdk.internal.loader.ClassLoaders$AppClassLoader java.lang.ClassLoader ClassLoaders.java:165
[0.175s][debug][cds,heap               ] Clearing root 2082: was 0x00000007ffb71d30
[0.175s][debug][cds,heap               ]   0x0000000130190900 init field @ 112 = 0x00000007ffb71d30
[0.175s][info ][cds,heap               ] initialize_from_archived_subgraph jdk.internal.module.ArchivedBootLayer 0x0000000130190900 (early)
[0.175s][trace][metaspace              ] Arena @0x00006000016b2200 (non-class sm): requested 7 words.
[0.175s][trace][metaspace              ] Arena @0x00006000016b2200 (non-class sm): after allocation: 1 chunk(s), current:@0x00007f8f2d80b248, u, base 0x0000000171000000, level lv02 (524288), used: 4306, committed: 8192, committed-free: 3886
[0.175s][trace][metaspace              ] Arena @0x00006000016b2200 (non-class sm): returning 0x0000000171008658.
[0.175s][trace][metaspace              ] Metaspace::allocate: type 13 return 0x0000000171008658.
[0.175s][trace][metaspace              ] Arena @0x00006000016b2200 (non-class sm): requested 7 words.
[0.175s][trace][metaspace              ] Arena @0x00006000016b2200 (non-class sm): after allocation: 1 chunk(s), current:@0x00007f8f2d80b248, u, base 0x0000000171000000, level lv02 (524288), used: 4313, committed: 8192, committed-free: 3879
[0.175s][trace][metaspace              ] Arena @0x00006000016b2200 (non-class sm): returning 0x0000000171008690.
[0.175s][trace][metaspace              ] Metaspace::allocate: type 13 return 0x0000000171008690.
[0.175s][debug][class,load,placeholders] find_and_add LOAD_INSTANCE 'jdk/internal/loader/BootLoader', loader loader data: 0x00006000032ac000 of 'bootstrap'
[0.175s][debug][class,load,placeholders] loadInstanceThreadQ threads:0x00007f8f4f008800, 
[0.175s][debug][class,load,placeholders] superThreadQ threads:
[0.175s][debug][class,load,placeholders] defineThreadQ threads:
[0.175s][trace][cds,unshareable        ] restore: jdk.internal.loader.BootLoader
[0.175s][trace][class,loader,data      ] Adding k: 0x0000000130129820 jdk.internal.loader.BootLoader to loader data: 0x00006000032ac000 of 'bootstrap'
[0.175s][debug][cds,mirror             ] jdk.internal.loader.BootLoader has raw archived mirror
[0.175s][debug][cds,heap               ] Clearing root 333: was 0x00000007ffb09910
[0.175s][debug][cds,mirror             ] Archived mirror is: 0x00000007ffb09910
[0.175s][trace][cds,heap,mirror        ] Restored jdk.internal.loader.BootLoader archived mirror 0x00000007ffb09910
[0.175s][debug][cds,heap               ] Clearing root 334: was 0x00000007ffb09998
[0.175s][info ][class,load             ] jdk.internal.loader.BootLoader source: shared objects file
[0.175s][debug][class,load             ]  klass: 0x0000000130129820 super: 0x0000000130000db8 loader: [loader data: 0x00006000032ac000 of 'bootstrap']
[0.175s][debug][class,load,placeholders] find_and_add DEFINE_CLASS 'jdk/internal/loader/BootLoader', loader loader data: 0x00006000032ac000 of 'bootstrap'
[0.175s][debug][class,load,placeholders] loadInstanceThreadQ threads:0x00007f8f4f008800, 
[0.175s][debug][class,load,placeholders] superThreadQ threads:
[0.175s][debug][class,load,placeholders] defineThreadQ threads:0x00007f8f4f008800, 
[0.175s][debug][class,load,placeholders] find_and_remove DEFINE_CLASS 'jdk/internal/loader/BootLoader', loader loader data: 0x00006000032ac000 of 'bootstrap', InstanceKlass 'jdk/internal/loader/BootLoader'
[0.175s][debug][class,load,placeholders] loadInstanceThreadQ threads:0x00007f8f4f008800, 
[0.175s][debug][class,load,placeholders] superThreadQ threads:
[0.175s][debug][class,load,placeholders] defineThreadQ threads:0x00007f8f4f008800, 
[0.175s][debug][class,load,placeholders] find_and_remove LOAD_INSTANCE 'jdk/internal/loader/BootLoader', loader loader data: 0x00006000032ac000 of 'bootstrap', InstanceKlass 'jdk/internal/loader/BootLoader'
[0.175s][debug][class,load,placeholders] loadInstanceThreadQ threads:0x00007f8f4f008800, 
[0.175s][debug][class,load,placeholders] superThreadQ threads:
[0.175s][debug][class,load,placeholders] defineThreadQ threads:
[0.175s][debug][class,resolve          ] jdk.internal.module.ModuleBootstrap jdk.internal.loader.BootLoader ModuleBootstrap.java:168
[0.175s][info ][class,init             ] 224 Initializing 'jdk/internal/loader/BootLoader' (0x0000000130129820)
[0.175s][trace][metaspace              ] Arena @0x00006000016b2200 (non-class sm): requested 7 words.
[0.175s][trace][metaspace              ] Arena @0x00006000016b2200 (non-class sm): after allocation: 1 chunk(s), current:@0x00007f8f2d80b248, u, base 0x0000000171000000, level lv02 (524288), used: 4320, committed: 8192, committed-free: 3872
[0.175s][trace][metaspace              ] Arena @0x00006000016b2200 (non-class sm): returning 0x00000001710086c8.
[0.175s][trace][metaspace              ] Metaspace::allocate: type 13 return 0x00000001710086c8.
[0.175s][debug][class,resolve          ] jdk.internal.loader.BootLoader jdk.internal.access.SharedSecrets BootLoader.java:58
[0.175s][debug][class,resolve          ] jdk.internal.loader.BootLoader jdk.internal.util.StaticProperty BootLoader.java:62
[0.175s][debug][class,resolve          ] jdk.internal.loader.BootLoader jdk.internal.access.JavaLangAccess BootLoader.java:66
[0.175s][trace][metaspace              ] Arena @0x00006000016b2200 (non-class sm): requested 7 words.
[0.175s][trace][metaspace              ] Arena @0x00006000016b2200 (non-class sm): after allocation: 1 chunk(s), current:@0x00007f8f2d80b248, u, base 0x0000000171000000, level lv02 (524288), used: 4327, committed: 8192, committed-free: 3865
[0.175s][trace][metaspace              ] Arena @0x00006000016b2200 (non-class sm): returning 0x0000000171008700.
[0.175s][trace][metaspace              ] Metaspace::allocate: type 13 return 0x0000000171008700.
[0.175s][debug][class,resolve          ] java.lang.System$2 java.lang.Module System.java:2336
[0.175s][trace][metaspace              ] Arena @0x00006000016b2200 (non-class sm): requested 7 words.
[0.175s][trace][metaspace              ] Arena @0x00006000016b2200 (non-class sm): after allocation: 1 chunk(s), current:@0x00007f8f2d80b248, u, base 0x0000000171000000, level lv02 (524288), used: 4334, committed: 8192, committed-free: 3858
[0.175s][trace][metaspace              ] Arena @0x00006000016b2200 (non-class sm): returning 0x0000000171008738.
[0.175s][trace][metaspace              ] Metaspace::allocate: type 13 return 0x0000000171008738.
[0.175s][debug][class,resolve          ] java.lang.Module java.lang.Object Module.java:150
[0.175s][trace][metaspace              ] Arena @0x00006000016b2200 (non-class sm): requested 7 words.
[0.175s][trace][metaspace              ] Arena @0x00006000016b2200 (non-class sm): after allocation: 1 chunk(s), current:@0x00007f8f2d80b248, u, base 0x0000000171000000, level lv02 (524288), used: 4341, committed: 8192, committed-free: 3851
[0.175s][trace][metaspace              ] Arena @0x00006000016b2200 (non-class sm): returning 0x0000000171008770.
[0.175s][trace][metaspace              ] Metaspace::allocate: type 13 return 0x0000000171008770.
[0.175s][trace][metaspace              ] Arena @0x00006000016b2200 (non-class sm): requested 7 words.
[0.175s][trace][metaspace              ] Arena @0x00006000016b2200 (non-class sm): after allocation: 1 chunk(s), current:@0x00007f8f2d80b248, u, base 0x0000000171000000, level lv02 (524288), used: 4348, committed: 8192, committed-free: 3844
[0.175s][trace][metaspace              ] Arena @0x00006000016b2200 (non-class sm): returning 0x00000001710087a8.
[0.175s][trace][metaspace              ] Metaspace::allocate: type 13 return 0x00000001710087a8.
[0.175s][trace][metaspace              ] Arena @0x00006000016b2200 (non-class sm): requested 7 words.
[0.175s][trace][metaspace              ] Arena @0x00006000016b2200 (non-class sm): after allocation: 1 chunk(s), current:@0x00007f8f2d80b248, u, base 0x0000000171000000, level lv02 (524288), used: 4355, committed: 8192, committed-free: 3837
[0.175s][trace][metaspace              ] Arena @0x00006000016b2200 (non-class sm): returning 0x00000001710087e0.
[0.175s][trace][metaspace              ] Metaspace::allocate: type 13 return 0x00000001710087e0.
[0.175s][debug][jni,resolve            ] [Dynamic-linking native method jdk.internal.loader.BootLoader.setBootLoaderUnnamedModule0 ... JNI]
[0.175s][debug][module                 ] set_bootloader_unnamed_module(): recording unnamed module for boot loader
[0.175s][debug][class,resolve          ] jdk.internal.loader.BootLoader java.util.concurrent.ConcurrentHashMap BootLoader.java:72
[0.175s][debug][class,resolve          ] jdk.internal.loader.BootLoader jdk.internal.loader.NativeLibraries BootLoader.java:77
[0.175s][trace][metaspace              ] Arena @0x00006000016b2200 (non-class sm): requested 7 words.
[0.175s][trace][metaspace              ] Arena @0x00006000016b2200 (non-class sm): after allocation: 1 chunk(s), current:@0x00007f8f2d80b248, u, base 0x0000000171000000, level lv02 (524288), used: 4362, committed: 8192, committed-free: 3830
[0.175s][trace][metaspace              ] Arena @0x00006000016b2200 (non-class sm): returning 0x0000000171008818.
[0.175s][trace][metaspace              ] Metaspace::allocate: type 13 return 0x0000000171008818.
[0.175s][trace][metaspace              ] Arena @0x00006000016b2200 (non-class sm): requested 7 words.
[0.175s][trace][metaspace              ] Arena @0x00006000016b2200 (non-class sm): after allocation: 1 chunk(s), current:@0x00007f8f2d80b248, u, base 0x0000000171000000, level lv02 (524288), used: 4369, committed: 8192, committed-free: 3823
[0.175s][trace][metaspace              ] Arena @0x00006000016b2200 (non-class sm): returning 0x0000000171008850.
[0.175s][trace][metaspace              ] Metaspace::allocate: type 13 return 0x0000000171008850.
[0.175s][debug][class,resolve          ] jdk.internal.loader.NativeLibraries java.lang.Object NativeLibraries.java:102
[0.176s][debug][class,resolve          ] jdk.internal.loader.NativeLibraries java.util.concurrent.ConcurrentHashMap NativeLibraries.java:57
[0.176s][trace][metaspace              ] Arena @0x00006000016b2200 (non-class sm): requested 7 words.
[0.176s][trace][metaspace              ] Arena @0x00006000016b2200 (non-class sm): after allocation: 1 chunk(s), current:@0x00007f8f2d80b248, u, base 0x0000000171000000, level lv02 (524288), used: 4376, committed: 8192, committed-free: 3816
[0.176s][trace][metaspace              ] Arena @0x00006000016b2200 (non-class sm): returning 0x0000000171008888.
[0.176s][trace][metaspace              ] Metaspace::allocate: type 13 return 0x0000000171008888.
[0.176s][debug][class,resolve          ] jdk.internal.module.ModuleBootstrap jdk.internal.loader.ClassLoaders ModuleBootstrap.java:169
[0.176s][info ][class,init             ] 225 Initializing 'jdk/internal/loader/ClassLoaders' (0x0000000130011388)
[0.176s][trace][metaspace              ] Arena @0x00006000016b2200 (non-class sm): requested 7 words.
[0.176s][trace][metaspace              ] Arena @0x00006000016b2200 (non-class sm): after allocation: 1 chunk(s), current:@0x00007f8f2d80b248, u, base 0x0000000171000000, level lv02 (524288), used: 4383, committed: 8192, committed-free: 3809
[0.176s][trace][metaspace              ] Arena @0x00006000016b2200 (non-class sm): returning 0x00000001710088c0.
[0.176s][trace][metaspace              ] Metaspace::allocate: type 13 return 0x00000001710088c0.
[0.176s][debug][class,resolve          ] jdk.internal.loader.ClassLoaders jdk.internal.access.SharedSecrets ClassLoaders.java:51
[0.176s][debug][class,resolve          ] jdk.internal.loader.ClassLoaders jdk.internal.loader.ArchivedClassLoaders ClassLoaders.java:66
[0.176s][trace][metaspace              ] Arena @0x00006000016b2200 (non-class sm): requested 7 words.
[0.176s][trace][metaspace              ] Arena @0x00006000016b2200 (non-class sm): after allocation: 1 chunk(s), current:@0x00007f8f2d80b248, u, base 0x0000000171000000, level lv02 (524288), used: 4390, committed: 8192, committed-free: 3802
[0.176s][trace][metaspace              ] Arena @0x00006000016b2200 (non-class sm): returning 0x00000001710088f8.
[0.176s][trace][metaspace              ] Metaspace::allocate: type 13 return 0x00000001710088f8.
[0.176s][debug][class,resolve          ] jdk.internal.loader.ClassLoaders jdk.internal.loader.ClassLoaders$BootClassLoader ClassLoaders.java:69
[0.176s][trace][metaspace              ] Arena @0x00006000016b2200 (non-class sm): requested 7 words.
[0.176s][trace][metaspace              ] Arena @0x00006000016b2200 (non-class sm): after allocation: 1 chunk(s), current:@0x00007f8f2d80b248, u, base 0x0000000171000000, level lv02 (524288), used: 4397, committed: 8192, committed-free: 3795
[0.176s][trace][metaspace              ] Arena @0x00006000016b2200 (non-class sm): returning 0x0000000171008930.
[0.176s][trace][metaspace              ] Metaspace::allocate: type 13 return 0x0000000171008930.
[0.176s][trace][metaspace              ] Arena @0x00006000016b2200 (non-class sm): requested 7 words.
[0.176s][trace][metaspace              ] Arena @0x00006000016b2200 (non-class sm): after allocation: 1 chunk(s), current:@0x00007f8f2d80b248, u, base 0x0000000171000000, level lv02 (524288), used: 4404, committed: 8192, committed-free: 3788
[0.176s][trace][metaspace              ] Arena @0x00006000016b2200 (non-class sm): returning 0x0000000171008968.
[0.176s][trace][metaspace              ] Metaspace::allocate: type 13 return 0x0000000171008968.
[0.176s][debug][class,resolve          ] jdk.internal.loader.ClassLoaders jdk.internal.module.ServicesCatalog ClassLoaders.java:61
[0.176s][trace][metaspace              ] Arena @0x00006000016b2200 (non-class sm): requested 7 words.
[0.176s][trace][metaspace              ] Arena @0x00006000016b2200 (non-class sm): after allocation: 1 chunk(s), current:@0x00007f8f2d80b248, u, base 0x0000000171000000, level lv02 (524288), used: 4411, committed: 8192, committed-free: 3781
[0.176s][trace][metaspace              ] Arena @0x00006000016b2200 (non-class sm): returning 0x00000001710089a0.
[0.176s][trace][metaspace              ] Metaspace::allocate: type 13 return 0x00000001710089a0.
[0.176s][trace][metaspace              ] Arena @0x00006000016b2200 (non-class sm): requested 7 words.
[0.176s][trace][metaspace              ] Arena @0x00006000016b2200 (non-class sm): after allocation: 1 chunk(s), current:@0x00007f8f2d80b248, u, base 0x0000000171000000, level lv02 (524288), used: 4418, committed: 8192, committed-free: 3774
[0.176s][trace][metaspace              ] Arena @0x00006000016b2200 (non-class sm): returning 0x00000001710089d8.
[0.176s][trace][metaspace              ] Metaspace::allocate: type 13 return 0x00000001710089d8.
[0.176s][trace][metaspace              ] Arena @0x00006000016b2200 (non-class sm): requested 7 words.
[0.176s][trace][metaspace              ] Arena @0x00006000016b2200 (non-class sm): after allocation: 1 chunk(s), current:@0x00007f8f2d80b248, u, base 0x0000000171000000, level lv02 (524288), used: 4425, committed: 8192, committed-free: 3767
[0.176s][trace][metaspace              ] Arena @0x00006000016b2200 (non-class sm): returning 0x0000000171008a10.
[0.176s][trace][metaspace              ] Metaspace::allocate: type 13 return 0x0000000171008a10.
[0.176s][debug][class,resolve          ] jdk.internal.loader.AbstractClassLoaderValue jdk.internal.access.JavaLangAccess AbstractClassLoaderValue.java:266
[0.176s][trace][metaspace              ] Arena @0x00006000016b2200 (non-class sm): requested 7 words.
[0.176s][trace][metaspace              ] Arena @0x00006000016b2200 (non-class sm): after allocation: 1 chunk(s), current:@0x00007f8f2d80b248, u, base 0x0000000171000000, level lv02 (524288), used: 4432, committed: 8192, committed-free: 3760
[0.176s][trace][metaspace              ] Arena @0x00006000016b2200 (non-class sm): returning 0x0000000171008a48.
[0.176s][trace][metaspace              ] Metaspace::allocate: type 13 return 0x0000000171008a48.
[0.176s][debug][class,resolve          ] java.lang.System$2 java.lang.ClassLoader System.java:2304
[0.176s][trace][metaspace              ] Arena @0x00006000016b2200 (non-class sm): requested 7 words.
[0.176s][trace][metaspace              ] Arena @0x00006000016b2200 (non-class sm): after allocation: 1 chunk(s), current:@0x00007f8f2d80b248, u, base 0x0000000171000000, level lv02 (524288), used: 4439, committed: 8192, committed-free: 3753
[0.176s][trace][metaspace              ] Arena @0x00006000016b2200 (non-class sm): returning 0x0000000171008a80.
[0.176s][trace][metaspace              ] Metaspace::allocate: type 13 return 0x0000000171008a80.
[0.176s][debug][class,resolve          ] jdk.internal.loader.AbstractClassLoaderValue java.util.concurrent.ConcurrentHashMap AbstractClassLoaderValue.java:125
[0.176s][trace][metaspace              ] Arena @0x00006000016b2200 (non-class sm): requested 7 words.
[0.176s][trace][metaspace              ] Arena @0x00006000016b2200 (non-class sm): after allocation: 1 chunk(s), current:@0x00007f8f2d80b248, u, base 0x0000000171000000, level lv02 (524288), used: 4446, committed: 8192, committed-free: 3746
[0.176s][trace][metaspace              ] Arena @0x00006000016b2200 (non-class sm): returning 0x0000000171008ab8.
[0.176s][trace][metaspace              ] Metaspace::allocate: type 13 return 0x0000000171008ab8.
[0.176s][trace][metaspace              ] Arena @0x00006000016b2200 (non-class sm): requested 7 words.
[0.176s][trace][metaspace              ] Arena @0x00006000016b2200 (non-class sm): after allocation: 1 chunk(s), current:@0x00007f8f2d80b248, u, base 0x0000000171000000, level lv02 (524288), used: 4453, committed: 8192, committed-free: 3739
[0.176s][trace][metaspace              ] Arena @0x00006000016b2200 (non-class sm): returning 0x0000000171008af0.
[0.176s][trace][metaspace              ] Metaspace::allocate: type 13 return 0x0000000171008af0.
[0.176s][trace][metaspace              ] Arena @0x00006000016b2200 (non-class sm): requested 7 words.
[0.176s][trace][metaspace              ] Arena @0x00006000016b2200 (non-class sm): after allocation: 1 chunk(s), current:@0x00007f8f2d80b248, u, base 0x0000000171000000, level lv02 (524288), used: 4460, committed: 8192, committed-free: 3732
[0.176s][trace][metaspace              ] Arena @0x00006000016b2200 (non-class sm): returning 0x0000000171008b28.
[0.176s][trace][metaspace              ] Metaspace::allocate: type 13 return 0x0000000171008b28.
[0.176s][debug][class,resolve          ] jdk.internal.loader.ClassLoaders jdk.internal.loader.ClassLoaders$PlatformClassLoader ClassLoaders.java:71
[0.176s][debug][class,resolve          ] java.lang.ClassLoader java.util.concurrent.ConcurrentHashMap ClassLoader.java:2679
[0.176s][trace][metaspace              ] Arena @0x00006000016b2200 (non-class sm): requested 7 words.
[0.176s][trace][metaspace              ] Arena @0x00006000016b2200 (non-class sm): after allocation: 1 chunk(s), current:@0x00007f8f2d80b248, u, base 0x0000000171000000, level lv02 (524288), used: 4467, committed: 8192, committed-free: 3725
[0.176s][trace][metaspace              ] Arena @0x00006000016b2200 (non-class sm): returning 0x0000000171008b60.
[0.176s][trace][metaspace              ] Metaspace::allocate: type 13 return 0x0000000171008b60.
[0.176s][debug][class,resolve          ] java.lang.ClassLoader jdk.internal.misc.Unsafe ClassLoader.java:2698
[0.176s][debug][class,resolve          ] jdk.internal.loader.ClassLoaders java.lang.System ClassLoaders.java:87
[0.176s][debug][class,resolve          ] jdk.internal.loader.ClassLoaders java.lang.String ClassLoaders.java:88
[0.176s][debug][class,load,placeholders] find_and_add LOAD_INSTANCE 'jdk/internal/loader/URLClassPath', loader loader data: 0x00006000032ac000 of 'bootstrap'
[0.176s][debug][class,load,placeholders] loadInstanceThreadQ threads:0x00007f8f4f008800, 
[0.176s][debug][class,load,placeholders] superThreadQ threads:
[0.176s][debug][class,load,placeholders] defineThreadQ threads:
[0.176s][trace][cds,unshareable        ] restore: jdk.internal.loader.URLClassPath
[0.176s][trace][class,loader,data      ] Adding k: 0x00000001301b53d8 jdk.internal.loader.URLClassPath to loader data: 0x00006000032ac000 of 'bootstrap'
[0.177s][debug][cds,mirror             ] jdk.internal.loader.URLClassPath has raw archived mirror
[0.177s][debug][cds,heap               ] Clearing root 652: was 0x00000007ffb12280
[0.177s][debug][cds,mirror             ] Archived mirror is: 0x00000007ffb12280
[0.177s][trace][cds,heap,mirror        ] Restored jdk.internal.loader.URLClassPath archived mirror 0x00000007ffb12280
[0.177s][debug][cds,heap               ] Clearing root 653: was 0x00000007ffb12308
[0.177s][info ][class,load             ] jdk.internal.loader.URLClassPath source: shared objects file
[0.177s][debug][class,load             ]  klass: 0x00000001301b53d8 super: 0x0000000130000db8 loader: [loader data: 0x00006000032ac000 of 'bootstrap']
[0.177s][debug][class,load,placeholders] find_and_add DEFINE_CLASS 'jdk/internal/loader/URLClassPath', loader loader data: 0x00006000032ac000 of 'bootstrap'
[0.177s][debug][class,load,placeholders] loadInstanceThreadQ threads:0x00007f8f4f008800, 
[0.177s][debug][class,load,placeholders] superThreadQ threads:
[0.177s][debug][class,load,placeholders] defineThreadQ threads:0x00007f8f4f008800, 
[0.177s][debug][class,load,placeholders] find_and_remove DEFINE_CLASS 'jdk/internal/loader/URLClassPath', loader loader data: 0x00006000032ac000 of 'bootstrap', InstanceKlass 'jdk/internal/loader/URLClassPath'
[0.177s][debug][class,load,placeholders] loadInstanceThreadQ threads:0x00007f8f4f008800, 
[0.177s][debug][class,load,placeholders] superThreadQ threads:
[0.177s][debug][class,load,placeholders] defineThreadQ threads:0x00007f8f4f008800, 
[0.177s][debug][class,load,placeholders] find_and_remove LOAD_INSTANCE 'jdk/internal/loader/URLClassPath', loader loader data: 0x00006000032ac000 of 'bootstrap', InstanceKlass 'jdk/internal/loader/URLClassPath'
[0.177s][debug][class,load,placeholders] loadInstanceThreadQ threads:0x00007f8f4f008800, 
[0.177s][debug][class,load,placeholders] superThreadQ threads:
[0.177s][debug][class,load,placeholders] defineThreadQ threads:
[0.177s][debug][class,resolve          ] jdk.internal.loader.ClassLoaders jdk.internal.loader.URLClassPath ClassLoaders.java:92
[0.177s][info ][class,init             ] 226 Initializing 'jdk/internal/loader/URLClassPath' (0x00000001301b53d8)
[0.177s][trace][metaspace              ] Arena @0x00006000016b2200 (non-class sm): requested 7 words.
[0.177s][trace][metaspace              ] Arena @0x00006000016b2200 (non-class sm): after allocation: 1 chunk(s), current:@0x00007f8f2d80b248, u, base 0x0000000171000000, level lv02 (524288), used: 4474, committed: 8192, committed-free: 3718
[0.177s][trace][metaspace              ] Arena @0x00006000016b2200 (non-class sm): returning 0x0000000171008b98.
[0.177s][trace][metaspace              ] Metaspace::allocate: type 13 return 0x0000000171008b98.
[0.177s][debug][class,resolve          ] jdk.internal.loader.URLClassPath sun.security.action.GetPropertyAction URLClassPath.java:97
[0.177s][debug][class,resolve          ] jdk.internal.loader.URLClassPath java.util.Properties URLClassPath.java:98
[0.177s][debug][class,resolve          ] jdk.internal.loader.URLClassPath jdk.internal.access.SharedSecrets URLClassPath.java:509
[0.177s][trace][metaspace              ] Arena @0x00006000016b2200 (non-class sm): requested 7 words.
[0.177s][trace][metaspace              ] Arena @0x00006000016b2200 (non-class sm): after allocation: 1 chunk(s), current:@0x00007f8f2d80b248, u, base 0x0000000171000000, level lv02 (524288), used: 4481, committed: 8192, committed-free: 3711
[0.177s][trace][metaspace              ] Arena @0x00006000016b2200 (non-class sm): returning 0x0000000171008bd0.
[0.177s][trace][metaspace              ] Metaspace::allocate: type 13 return 0x0000000171008bd0.
[0.177s][debug][class,resolve          ] jdk.internal.access.SharedSecrets java.net.URL SharedSecrets.java:189
[0.177s][trace][oopstorage,ref         ] StringTable Weak: allocated 0x00007f8f4cf05f20
[0.177s][info ][class,init             ] 227 Initializing 'java/net/URL' (0x000000013006e4e8)
[0.177s][trace][metaspace              ] Arena @0x00006000016b2200 (non-class sm): requested 7 words.
[0.177s][trace][metaspace              ] Arena @0x00006000016b2200 (non-class sm): after allocation: 1 chunk(s), current:@0x00007f8f2d80b248, u, base 0x0000000171000000, level lv02 (524288), used: 4488, committed: 8192, committed-free: 3704
[0.177s][trace][metaspace              ] Arena @0x00006000016b2200 (non-class sm): returning 0x0000000171008c08.
[0.177s][trace][metaspace              ] Metaspace::allocate: type 13 return 0x0000000171008c08.
[0.177s][debug][class,load,placeholders] find_and_add LOAD_INSTANCE 'java/net/URL$DefaultFactory', loader loader data: 0x00006000032ac000 of 'bootstrap'
[0.177s][debug][class,load,placeholders] loadInstanceThreadQ threads:0x00007f8f4f008800, 
[0.177s][debug][class,load,placeholders] superThreadQ threads:
[0.177s][debug][class,load,placeholders] defineThreadQ threads:
[0.177s][debug][class,load,placeholders] find_and_add LOAD_SUPER 'java/net/URL$DefaultFactory', loader loader data: 0x00006000032ac000 of 'bootstrap', supername 'java/net/URLStreamHandlerFactory'
[0.177s][debug][class,load,placeholders] loadInstanceThreadQ threads:0x00007f8f4f008800, 
[0.177s][debug][class,load,placeholders] superThreadQ threads:0x00007f8f4f008800, 
[0.177s][debug][class,load,placeholders] defineThreadQ threads:
[0.177s][debug][class,load,placeholders] find_and_add LOAD_INSTANCE 'java/net/URLStreamHandlerFactory', loader loader data: 0x00006000032ac000 of 'bootstrap'
[0.177s][debug][class,load,placeholders] loadInstanceThreadQ threads:0x00007f8f4f008800, 
[0.177s][debug][class,load,placeholders] superThreadQ threads:
[0.177s][debug][class,load,placeholders] defineThreadQ threads:
[0.177s][trace][cds,unshareable        ] restore: java.net.URLStreamHandlerFactory
[0.177s][trace][class,loader,data      ] Adding k: 0x00000001301b51a8 java.net.URLStreamHandlerFactory to loader data: 0x00006000032ac000 of 'bootstrap'
[0.177s][debug][cds,mirror             ] java.net.URLStreamHandlerFactory has raw archived mirror
[0.177s][debug][cds,heap               ] Clearing root 641: was 0x00000007ffb11e80
[0.177s][debug][cds,mirror             ] Archived mirror is: 0x00000007ffb11e80
[0.177s][trace][cds,heap,mirror        ] Restored java.net.URLStreamHandlerFactory archived mirror 0x00000007ffb11e80
[0.177s][info ][class,load             ] java.net.URLStreamHandlerFactory source: shared objects file
[0.177s][debug][class,load             ]  klass: 0x00000001301b51a8 super: 0x0000000130000db8 loader: [loader data: 0x00006000032ac000 of 'bootstrap']
[0.177s][debug][class,load,placeholders] find_and_add DEFINE_CLASS 'java/net/URLStreamHandlerFactory', loader loader data: 0x00006000032ac000 of 'bootstrap'
[0.177s][debug][class,load,placeholders] loadInstanceThreadQ threads:0x00007f8f4f008800, 
[0.177s][debug][class,load,placeholders] superThreadQ threads:
[0.177s][debug][class,load,placeholders] defineThreadQ threads:0x00007f8f4f008800, 
[0.177s][debug][class,load,placeholders] find_and_remove DEFINE_CLASS 'java/net/URLStreamHandlerFactory', loader loader data: 0x00006000032ac000 of 'bootstrap', InstanceKlass 'java/net/URLStreamHandlerFactory'
[0.177s][debug][class,load,placeholders] loadInstanceThreadQ threads:0x00007f8f4f008800, 
[0.177s][debug][class,load,placeholders] superThreadQ threads:
[0.177s][debug][class,load,placeholders] defineThreadQ threads:0x00007f8f4f008800, 
[0.177s][debug][class,load,placeholders] find_and_remove LOAD_INSTANCE 'java/net/URLStreamHandlerFactory', loader loader data: 0x00006000032ac000 of 'bootstrap', InstanceKlass 'java/net/URLStreamHandlerFactory'
[0.177s][debug][class,load,placeholders] loadInstanceThreadQ threads:0x00007f8f4f008800, 
[0.177s][debug][class,load,placeholders] superThreadQ threads:
[0.177s][debug][class,load,placeholders] defineThreadQ threads:
[0.177s][debug][class,load,placeholders] find_and_remove LOAD_SUPER 'java/net/URL$DefaultFactory', loader loader data: 0x00006000032ac000 of 'bootstrap', supername 'java/net/URLStreamHandlerFactory'
[0.177s][debug][class,load,placeholders] loadInstanceThreadQ threads:0x00007f8f4f008800, 
[0.177s][debug][class,load,placeholders] superThreadQ threads:0x00007f8f4f008800, 
[0.177s][debug][class,load,placeholders] defineThreadQ threads:
[0.177s][trace][cds,unshareable        ] restore: java.net.URL$DefaultFactory
[0.177s][trace][class,loader,data      ] Adding k: 0x0000000130081b50 java.net.URL$DefaultFactory to loader data: 0x00006000032ac000 of 'bootstrap'
[0.177s][debug][cds,mirror             ] java.net.URL$DefaultFactory has raw archived mirror
[0.177s][debug][cds,heap               ] Clearing root 642: was 0x00000007ffb11ef0
[0.177s][debug][cds,mirror             ] Archived mirror is: 0x00000007ffb11ef0
[0.177s][trace][cds,heap,mirror        ] Restored java.net.URL$DefaultFactory archived mirror 0x00000007ffb11ef0
[0.177s][debug][cds,heap               ] Clearing root 643: was 0x00000007ffb11f68
[0.178s][info ][class,load             ] java.net.URL$DefaultFactory source: shared objects file
[0.178s][debug][class,load             ]  klass: 0x0000000130081b50 super: 0x0000000130000db8 interfaces: 0x00000001301b51a8 loader: [loader data: 0x00006000032ac000 of 'bootstrap']
[0.178s][debug][class,load,placeholders] find_and_add DEFINE_CLASS 'java/net/URL$DefaultFactory', loader loader data: 0x00006000032ac000 of 'bootstrap', supername 'java/net/URLStreamHandlerFactory'
[0.178s][debug][class,load,placeholders] loadInstanceThreadQ threads:0x00007f8f4f008800, 
[0.178s][debug][class,load,placeholders] superThreadQ threads:
[0.178s][debug][class,load,placeholders] defineThreadQ threads:0x00007f8f4f008800, 
[0.178s][debug][class,load,placeholders] find_and_remove DEFINE_CLASS 'java/net/URL$DefaultFactory', loader loader data: 0x00006000032ac000 of 'bootstrap', supername 'java/net/URLStreamHandlerFactory', InstanceKlass 'java/net/URL$DefaultFactory'
[0.178s][debug][class,load,placeholders] loadInstanceThreadQ threads:0x00007f8f4f008800, 
[0.178s][debug][class,load,placeholders] superThreadQ threads:
[0.178s][debug][class,load,placeholders] defineThreadQ threads:0x00007f8f4f008800, 
[0.178s][debug][class,load,placeholders] find_and_remove LOAD_INSTANCE 'java/net/URL$DefaultFactory', loader loader data: 0x00006000032ac000 of 'bootstrap', supername 'java/net/URLStreamHandlerFactory', InstanceKlass 'java/net/URL$DefaultFactory'
[0.178s][debug][class,load,placeholders] loadInstanceThreadQ threads:0x00007f8f4f008800, 
[0.178s][debug][class,load,placeholders] superThreadQ threads:
[0.178s][debug][class,load,placeholders] defineThreadQ threads:
[0.178s][debug][class,resolve          ] java.net.URL java.net.URL$DefaultFactory URL.java:1242
[0.178s][info ][class,init             ] 228 Initializing 'java/net/URL$DefaultFactory' (0x0000000130081b50)
[0.178s][trace][metaspace              ] Arena @0x00006000016b2200 (non-class sm): requested 7 words.
[0.178s][trace][metaspace              ] Arena @0x00006000016b2200 (non-class sm): after allocation: 1 chunk(s), current:@0x00007f8f2d80b248, u, base 0x0000000171000000, level lv02 (524288), used: 4495, committed: 8192, committed-free: 3697
[0.178s][trace][metaspace              ] Arena @0x00006000016b2200 (non-class sm): returning 0x0000000171008c40.
[0.178s][trace][metaspace              ] Metaspace::allocate: type 13 return 0x0000000171008c40.
[0.178s][trace][class,nestmates        ] Type java.net.URL is not part of a nest: setting nest-host to self
[0.178s][trace][class,nestmates        ] Resolving nest-host of java.net.URL$DefaultFactory using cp entry for java/net/URL
[0.178s][debug][class,resolve          ] java.net.URL$DefaultFactory java.net.URL URL.java:1242
[0.178s][trace][class,nestmates        ] Checking nest membership of java.net.URL$DefaultFactory in java.net.URL
[0.178s][trace][class,nestmates        ] - named class found at nest_members[0] => cp[593]
[0.178s][trace][class,nestmates        ] Resolved nest-host of java.net.URL$DefaultFactory to java.net.URL
[0.178s][trace][class,nestmates        ] Class java.net.URL does have nestmate access to java.net.URL$DefaultFactory
[0.178s][trace][metaspace              ] Arena @0x00006000016b2200 (non-class sm): requested 7 words.
[0.178s][trace][metaspace              ] Arena @0x00006000016b2200 (non-class sm): after allocation: 1 chunk(s), current:@0x00007f8f2d80b248, u, base 0x0000000171000000, level lv02 (524288), used: 4502, committed: 8192, committed-free: 3690
[0.178s][trace][metaspace              ] Arena @0x00006000016b2200 (non-class sm): returning 0x0000000171008c78.
[0.178s][trace][metaspace              ] Metaspace::allocate: type 13 return 0x0000000171008c78.
[0.178s][debug][class,resolve          ] java.net.URL$DefaultFactory java.lang.Object URL.java:1244
[0.178s][debug][class,resolve          ] java.net.URL java.lang.ThreadLocal URL.java:1346
[0.178s][debug][class,resolve          ] java.net.URL java.util.Hashtable URL.java:1412
[0.178s][trace][metaspace              ] Arena @0x00006000016b2200 (non-class sm): requested 7 words.
[0.178s][trace][metaspace              ] Arena @0x00006000016b2200 (non-class sm): after allocation: 1 chunk(s), current:@0x00007f8f2d80b248, u, base 0x0000000171000000, level lv02 (524288), used: 4509, committed: 8192, committed-free: 3683
[0.178s][trace][metaspace              ] Arena @0x00006000016b2200 (non-class sm): returning 0x0000000171008cb0.
[0.178s][trace][metaspace              ] Metaspace::allocate: type 13 return 0x0000000171008cb0.
[0.178s][debug][class,resolve          ] java.net.URL java.lang.Object URL.java:1413
[0.178s][debug][class,resolve          ] java.net.URL java.io.ObjectStreamField URL.java:1505
[0.178s][debug][class,resolve          ] java.net.URL java.lang.String URL.java:1505
[0.178s][debug][class,resolve          ] java.net.URL java.lang.Integer URL.java:1505
[0.178s][debug][class,load,placeholders] find_and_add LOAD_INSTANCE 'java/net/URL$3', loader loader data: 0x00006000032ac000 of 'bootstrap'
[0.178s][debug][class,load,placeholders] loadInstanceThreadQ threads:0x00007f8f4f008800, 
[0.178s][debug][class,load,placeholders] superThreadQ threads:
[0.178s][debug][class,load,placeholders] defineThreadQ threads:
[0.178s][debug][class,load,placeholders] find_and_add LOAD_SUPER 'java/net/URL$3', loader loader data: 0x00006000032ac000 of 'bootstrap', supername 'jdk/internal/access/JavaNetURLAccess'
[0.178s][debug][class,load,placeholders] loadInstanceThreadQ threads:0x00007f8f4f008800, 
[0.178s][debug][class,load,placeholders] superThreadQ threads:0x00007f8f4f008800, 
[0.178s][debug][class,load,placeholders] defineThreadQ threads:
[0.178s][debug][class,load,placeholders] find_and_add LOAD_INSTANCE 'jdk/internal/access/JavaNetURLAccess', loader loader data: 0x00006000032ac000 of 'bootstrap'
[0.178s][debug][class,load,placeholders] loadInstanceThreadQ threads:0x00007f8f4f008800, 
[0.178s][debug][class,load,placeholders] superThreadQ threads:
[0.178s][debug][class,load,placeholders] defineThreadQ threads:
[0.178s][trace][cds,unshareable        ] restore: jdk.internal.access.JavaNetURLAccess
[0.178s][trace][class,loader,data      ] Adding k: 0x0000000130081920 jdk.internal.access.JavaNetURLAccess to loader data: 0x00006000032ac000 of 'bootstrap'
[0.178s][debug][cds,mirror             ] jdk.internal.access.JavaNetURLAccess has raw archived mirror
[0.178s][debug][cds,heap               ] Clearing root 772: was 0x00000007ffb15338
[0.178s][debug][cds,mirror             ] Archived mirror is: 0x00000007ffb15338
[0.178s][trace][cds,heap,mirror        ] Restored jdk.internal.access.JavaNetURLAccess archived mirror 0x00000007ffb15338
[0.178s][info ][class,load             ] jdk.internal.access.JavaNetURLAccess source: shared objects file
[0.178s][debug][class,load             ]  klass: 0x0000000130081920 super: 0x0000000130000db8 loader: [loader data: 0x00006000032ac000 of 'bootstrap']
[0.178s][debug][class,load,placeholders] find_and_add DEFINE_CLASS 'jdk/internal/access/JavaNetURLAccess', loader loader data: 0x00006000032ac000 of 'bootstrap'
[0.178s][debug][class,load,placeholders] loadInstanceThreadQ threads:0x00007f8f4f008800, 
[0.178s][debug][class,load,placeholders] superThreadQ threads:
[0.178s][debug][class,load,placeholders] defineThreadQ threads:0x00007f8f4f008800, 
[0.178s][debug][class,load,placeholders] find_and_remove DEFINE_CLASS 'jdk/internal/access/JavaNetURLAccess', loader loader data: 0x00006000032ac000 of 'bootstrap', InstanceKlass 'jdk/internal/access/JavaNetURLAccess'
[0.178s][debug][class,load,placeholders] loadInstanceThreadQ threads:0x00007f8f4f008800, 
[0.178s][debug][class,load,placeholders] superThreadQ threads:
[0.178s][debug][class,load,placeholders] defineThreadQ threads:0x00007f8f4f008800, 
[0.178s][debug][class,load,placeholders] find_and_remove LOAD_INSTANCE 'jdk/internal/access/JavaNetURLAccess', loader loader data: 0x00006000032ac000 of 'bootstrap', InstanceKlass 'jdk/internal/access/JavaNetURLAccess'
[0.178s][debug][class,load,placeholders] loadInstanceThreadQ threads:0x00007f8f4f008800, 
[0.178s][debug][class,load,placeholders] superThreadQ threads:
[0.178s][debug][class,load,placeholders] defineThreadQ threads:
[0.178s][debug][class,load,placeholders] find_and_remove LOAD_SUPER 'java/net/URL$3', loader loader data: 0x00006000032ac000 of 'bootstrap', supername 'jdk/internal/access/JavaNetURLAccess'
[0.178s][debug][class,load,placeholders] loadInstanceThreadQ threads:0x00007f8f4f008800, 
[0.178s][debug][class,load,placeholders] superThreadQ threads:0x00007f8f4f008800, 
[0.178s][debug][class,load,placeholders] defineThreadQ threads:
[0.178s][trace][cds,unshareable        ] restore: java.net.URL$3
[0.178s][trace][class,loader,data      ] Adding k: 0x00000001300816c8 java.net.URL$3 to loader data: 0x00006000032ac000 of 'bootstrap'
[0.178s][debug][cds,mirror             ] java.net.URL$3 has raw archived mirror
[0.178s][debug][cds,heap               ] Clearing root 644: was 0x00000007ffb11f90
[0.178s][debug][cds,mirror             ] Archived mirror is: 0x00000007ffb11f90
[0.178s][trace][cds,heap,mirror        ] Restored java.net.URL$3 archived mirror 0x00000007ffb11f90
[0.178s][info ][class,load             ] java.net.URL$3 source: shared objects file
[0.178s][debug][class,load             ]  klass: 0x00000001300816c8 super: 0x0000000130000db8 interfaces: 0x0000000130081920 loader: [loader data: 0x00006000032ac000 of 'bootstrap']
[0.178s][debug][class,load,placeholders] find_and_add DEFINE_CLASS 'java/net/URL$3', loader loader data: 0x00006000032ac000 of 'bootstrap', supername 'jdk/internal/access/JavaNetURLAccess'
[0.178s][debug][class,load,placeholders] loadInstanceThreadQ threads:0x00007f8f4f008800, 
[0.179s][debug][class,load,placeholders] superThreadQ threads:
[0.179s][debug][class,load,placeholders] defineThreadQ threads:0x00007f8f4f008800, 
[0.179s][debug][class,load,placeholders] find_and_remove DEFINE_CLASS 'java/net/URL$3', loader loader data: 0x00006000032ac000 of 'bootstrap', supername 'jdk/internal/access/JavaNetURLAccess', InstanceKlass 'java/net/URL$3'
[0.179s][debug][class,load,placeholders] loadInstanceThreadQ threads:0x00007f8f4f008800, 
[0.179s][debug][class,load,placeholders] superThreadQ threads:
[0.179s][debug][class,load,placeholders] defineThreadQ threads:0x00007f8f4f008800, 
[0.179s][debug][class,load,placeholders] find_and_remove LOAD_INSTANCE 'java/net/URL$3', loader loader data: 0x00006000032ac000 of 'bootstrap', supername 'jdk/internal/access/JavaNetURLAccess', InstanceKlass 'java/net/URL$3'
[0.179s][debug][class,load,placeholders] loadInstanceThreadQ threads:0x00007f8f4f008800, 
[0.179s][debug][class,load,placeholders] superThreadQ threads:
[0.179s][debug][class,load,placeholders] defineThreadQ threads:
[0.179s][debug][class,resolve          ] java.net.URL java.net.URL$3 URL.java:1702
[0.179s][info ][class,init             ] 229 Initializing 'java/net/URL$3'(no method) (0x00000001300816c8)
[0.179s][trace][metaspace              ] Arena @0x00006000016b2200 (non-class sm): requested 7 words.
[0.179s][trace][metaspace              ] Arena @0x00006000016b2200 (non-class sm): after allocation: 1 chunk(s), current:@0x00007f8f2d80b248, u, base 0x0000000171000000, level lv02 (524288), used: 4516, committed: 8192, committed-free: 3676
[0.179s][trace][metaspace              ] Arena @0x00006000016b2200 (non-class sm): returning 0x0000000171008ce8.
[0.179s][trace][metaspace              ] Metaspace::allocate: type 13 return 0x0000000171008ce8.
[0.179s][debug][class,resolve          ] java.net.URL$3 java.lang.Object URL.java:1703
[0.179s][debug][class,resolve          ] java.net.URL jdk.internal.access.SharedSecrets URL.java:1702
[0.179s][trace][metaspace              ] Arena @0x00006000016b2200 (non-class sm): requested 7 words.
[0.179s][trace][metaspace              ] Arena @0x00006000016b2200 (non-class sm): after allocation: 1 chunk(s), current:@0x00007f8f2d80b248, u, base 0x0000000171000000, level lv02 (524288), used: 4523, committed: 8192, committed-free: 3669
[0.179s][trace][metaspace              ] Arena @0x00006000016b2200 (non-class sm): returning 0x0000000171008d20.
[0.179s][trace][metaspace              ] Metaspace::allocate: type 13 return 0x0000000171008d20.
[0.179s][trace][metaspace              ] Arena @0x00006000016b2200 (non-class sm): requested 7 words.
[0.179s][trace][metaspace              ] Arena @0x00006000016b2200 (non-class sm): after allocation: 1 chunk(s), current:@0x00007f8f2d80b248, u, base 0x0000000171000000, level lv02 (524288), used: 4530, committed: 8192, committed-free: 3662
[0.179s][trace][metaspace              ] Arena @0x00006000016b2200 (non-class sm): returning 0x0000000171008d58.
[0.179s][trace][metaspace              ] Metaspace::allocate: type 13 return 0x0000000171008d58.
[0.179s][debug][class,resolve          ] jdk.internal.loader.URLClassPath java.lang.Object URLClassPath.java:188
[0.179s][debug][class,resolve          ] jdk.internal.loader.URLClassPath java.util.ArrayList URLClassPath.java:123
[0.179s][trace][metaspace              ] Arena @0x00006000016b2200 (non-class sm): requested 7 words.
[0.179s][trace][metaspace              ] Arena @0x00006000016b2200 (non-class sm): after allocation: 1 chunk(s), current:@0x00007f8f2d80b248, u, base 0x0000000171000000, level lv02 (524288), used: 4537, committed: 8192, committed-free: 3655
[0.179s][trace][metaspace              ] Arena @0x00006000016b2200 (non-class sm): returning 0x0000000171008d90.
[0.179s][trace][metaspace              ] Metaspace::allocate: type 13 return 0x0000000171008d90.
[0.179s][debug][class,resolve          ] java.util.ArrayList java.util.AbstractList ArrayList.java:168
[0.179s][debug][class,resolve          ] jdk.internal.loader.URLClassPath java.util.HashMap URLClassPath.java:126
[0.179s][debug][class,resolve          ] jdk.internal.loader.URLClassPath java.io.File URLClassPath.java:194
[0.179s][debug][class,resolve          ] jdk.internal.loader.URLClassPath java.lang.String URLClassPath.java:194
[0.179s][trace][metaspace              ] Arena @0x00006000016b2200 (non-class sm): requested 7 words.
[0.179s][trace][metaspace              ] Arena @0x00006000016b2200 (non-class sm): after allocation: 1 chunk(s), current:@0x00007f8f2d80b248, u, base 0x0000000171000000, level lv02 (524288), used: 4544, committed: 8192, committed-free: 3648
[0.179s][trace][metaspace              ] Arena @0x00006000016b2200 (non-class sm): returning 0x0000000171008dc8.
[0.179s][trace][metaspace              ] Metaspace::allocate: type 13 return 0x0000000171008dc8.
[0.179s][trace][metaspace              ] Arena @0x00006000016b2200 (non-class sm): requested 7 words.
[0.179s][trace][metaspace              ] Arena @0x00006000016b2200 (non-class sm): after allocation: 1 chunk(s), current:@0x00007f8f2d80b248, u, base 0x0000000171000000, level lv02 (524288), used: 4551, committed: 8192, committed-free: 3641
[0.179s][trace][metaspace              ] Arena @0x00006000016b2200 (non-class sm): returning 0x0000000171008e00.
[0.179s][trace][metaspace              ] Metaspace::allocate: type 13 return 0x0000000171008e00.
[0.179s][trace][metaspace              ] Arena @0x00006000016b2200 (non-class sm): requested 7 words.
[0.179s][trace][metaspace              ] Arena @0x00006000016b2200 (non-class sm): after allocation: 1 chunk(s), current:@0x00007f8f2d80b248, u, base 0x0000000171000000, level lv02 (524288), used: 4558, committed: 8192, committed-free: 3634
[0.179s][trace][metaspace              ] Arena @0x00006000016b2200 (non-class sm): returning 0x0000000171008e38.
[0.179s][trace][metaspace              ] Metaspace::allocate: type 13 return 0x0000000171008e38.
[0.179s][trace][metaspace              ] Arena @0x00006000016b2200 (non-class sm): requested 7 words.
[0.179s][trace][metaspace              ] Arena @0x00006000016b2200 (non-class sm): after allocation: 1 chunk(s), current:@0x00007f8f2d80b248, u, base 0x0000000171000000, level lv02 (524288), used: 4565, committed: 8192, committed-free: 3627
[0.179s][trace][metaspace              ] Arena @0x00006000016b2200 (non-class sm): returning 0x0000000171008e70.
[0.179s][trace][metaspace              ] Metaspace::allocate: type 13 return 0x0000000171008e70.
[0.179s][trace][metaspace              ] Arena @0x00006000016b2200 (non-class sm): requested 7 words.
[0.179s][trace][metaspace              ] Arena @0x00006000016b2200 (non-class sm): after allocation: 1 chunk(s), current:@0x00007f8f2d80b248, u, base 0x0000000171000000, level lv02 (524288), used: 4572, committed: 8192, committed-free: 3620
[0.179s][trace][metaspace              ] Arena @0x00006000016b2200 (non-class sm): returning 0x0000000171008ea8.
[0.179s][trace][metaspace              ] Metaspace::allocate: type 13 return 0x0000000171008ea8.
[0.179s][trace][metaspace              ] Arena @0x00006000016b2200 (non-class sm): requested 7 words.
[0.179s][trace][metaspace              ] Arena @0x00006000016b2200 (non-class sm): after allocation: 1 chunk(s), current:@0x00007f8f2d80b248, u, base 0x0000000171000000, level lv02 (524288), used: 4579, committed: 8192, committed-free: 3613
[0.179s][trace][metaspace              ] Arena @0x00006000016b2200 (non-class sm): returning 0x0000000171008ee0.
[0.179s][trace][metaspace              ] Metaspace::allocate: type 13 return 0x0000000171008ee0.
[0.179s][debug][class,resolve          ] java.io.File java.lang.Object File.java:276
[0.179s][trace][metaspace              ] Arena @0x00006000016b2200 (non-class sm): requested 7 words.
[0.179s][trace][metaspace              ] Arena @0x00006000016b2200 (non-class sm): after allocation: 1 chunk(s), current:@0x00007f8f2d80b248, u, base 0x0000000171000000, level lv02 (524288), used: 4586, committed: 8192, committed-free: 3606
[0.179s][trace][metaspace              ] Arena @0x00006000016b2200 (non-class sm): returning 0x0000000171008f18.
[0.179s][trace][metaspace              ] Metaspace::allocate: type 13 return 0x0000000171008f18.
[0.179s][trace][metaspace              ] Arena @0x00006000016b2200 (non-class sm): requested 7 words.
[0.179s][trace][metaspace              ] Arena @0x00006000016b2200 (non-class sm): after allocation: 1 chunk(s), current:@0x00007f8f2d80b248, u, base 0x0000000171000000, level lv02 (524288), used: 4593, committed: 8192, committed-free: 3599
[0.179s][trace][metaspace              ] Arena @0x00006000016b2200 (non-class sm): returning 0x0000000171008f50.
[0.179s][trace][metaspace              ] Metaspace::allocate: type 13 return 0x0000000171008f50.
[0.179s][trace][metaspace              ] Arena @0x00006000016b2200 (non-class sm): requested 7 words.
[0.179s][trace][metaspace              ] Arena @0x00006000016b2200 (non-class sm): after allocation: 1 chunk(s), current:@0x00007f8f2d80b248, u, base 0x0000000171000000, level lv02 (524288), used: 4600, committed: 8192, committed-free: 3592
[0.179s][trace][metaspace              ] Arena @0x00006000016b2200 (non-class sm): returning 0x0000000171008f88.
[0.179s][trace][metaspace              ] Metaspace::allocate: type 13 return 0x0000000171008f88.
[0.179s][trace][metaspace              ] Arena @0x00006000016b2200 (non-class sm): requested 7 words.
[0.179s][trace][metaspace              ] Arena @0x00006000016b2200 (non-class sm): after allocation: 1 chunk(s), current:@0x00007f8f2d80b248, u, base 0x0000000171000000, level lv02 (524288), used: 4607, committed: 8192, committed-free: 3585
[0.179s][trace][metaspace              ] Arena @0x00006000016b2200 (non-class sm): returning 0x0000000171008fc0.
[0.179s][trace][metaspace              ] Metaspace::allocate: type 13 return 0x0000000171008fc0.
[0.179s][trace][metaspace              ] Arena @0x00006000016b2200 (non-class sm): requested 7 words.
[0.179s][trace][metaspace              ] Arena @0x00006000016b2200 (non-class sm): after allocation: 1 chunk(s), current:@0x00007f8f2d80b248, u, base 0x0000000171000000, level lv02 (524288), used: 4614, committed: 8192, committed-free: 3578
[0.179s][trace][metaspace              ] Arena @0x00006000016b2200 (non-class sm): returning 0x0000000171008ff8.
[0.179s][trace][metaspace              ] Metaspace::allocate: type 13 return 0x0000000171008ff8.
[0.179s][trace][metaspace              ] Arena @0x00006000016b2200 (non-class sm): requested 7 words.
[0.179s][trace][metaspace              ] Arena @0x00006000016b2200 (non-class sm): after allocation: 1 chunk(s), current:@0x00007f8f2d80b248, u, base 0x0000000171000000, level lv02 (524288), used: 4621, committed: 8192, committed-free: 3571
[0.179s][trace][metaspace              ] Arena @0x00006000016b2200 (non-class sm): returning 0x0000000171009030.
[0.179s][trace][metaspace              ] Metaspace::allocate: type 13 return 0x0000000171009030.
[0.179s][trace][metaspace              ] Arena @0x00006000016b2200 (non-class sm): requested 7 words.
[0.179s][trace][metaspace              ] Arena @0x00006000016b2200 (non-class sm): after allocation: 1 chunk(s), current:@0x00007f8f2d80b248, u, base 0x0000000171000000, level lv02 (524288), used: 4628, committed: 8192, committed-free: 3564
[0.179s][trace][metaspace              ] Arena @0x00006000016b2200 (non-class sm): returning 0x0000000171009068.
[0.179s][trace][metaspace              ] Metaspace::allocate: type 13 return 0x0000000171009068.
[0.179s][trace][metaspace              ] Arena @0x00006000016b2200 (non-class sm): requested 7 words.
[0.180s][trace][metaspace              ] Arena @0x00006000016b2200 (non-class sm): after allocation: 1 chunk(s), current:@0x00007f8f2d80b248, u, base 0x0000000171000000, level lv02 (524288), used: 4635, committed: 8192, committed-free: 3557
[0.180s][trace][metaspace              ] Arena @0x00006000016b2200 (non-class sm): returning 0x00000001710090a0.
[0.180s][trace][metaspace              ] Metaspace::allocate: type 13 return 0x00000001710090a0.
[0.180s][trace][metaspace              ] Arena @0x00006000016b2200 (non-class sm): requested 7 words.
[0.180s][trace][metaspace              ] Arena @0x00006000016b2200 (non-class sm): after allocation: 1 chunk(s), current:@0x00007f8f2d80b248, u, base 0x0000000171000000, level lv02 (524288), used: 4642, committed: 8192, committed-free: 3550
[0.180s][trace][metaspace              ] Arena @0x00006000016b2200 (non-class sm): returning 0x00000001710090d8.
[0.180s][trace][metaspace              ] Metaspace::allocate: type 13 return 0x00000001710090d8.
[0.180s][debug][class,resolve          ] java.io.UnixFileSystem java.io.File UnixFileSystem.java:146
[0.180s][trace][metaspace              ] Arena @0x00006000016b2200 (non-class sm): requested 7 words.
[0.180s][trace][metaspace              ] Arena @0x00006000016b2200 (non-class sm): after allocation: 1 chunk(s), current:@0x00007f8f2d80b248, u, base 0x0000000171000000, level lv02 (524288), used: 4649, committed: 8192, committed-free: 3543
[0.180s][trace][metaspace              ] Arena @0x00006000016b2200 (non-class sm): returning 0x0000000171009110.
[0.180s][trace][metaspace              ] Metaspace::allocate: type 13 return 0x0000000171009110.
[0.180s][debug][class,load,placeholders] find_and_add LOAD_INSTANCE 'java/io/File$PathStatus', loader loader data: 0x00006000032ac000 of 'bootstrap'
[0.180s][debug][class,load,placeholders] loadInstanceThreadQ threads:0x00007f8f4f008800, 
[0.180s][debug][class,load,placeholders] superThreadQ threads:
[0.180s][debug][class,load,placeholders] defineThreadQ threads:
[0.180s][trace][cds,unshareable        ] restore: java.io.File$PathStatus
[0.180s][trace][class,loader,data      ] Adding k: 0x00000001300820a8 java.io.File$PathStatus to loader data: 0x00006000032ac000 of 'bootstrap'
[0.180s][debug][cds,mirror             ] java.io.File$PathStatus has raw archived mirror
[0.180s][debug][cds,heap               ] Clearing root 958: was 0x00000007ffb1a0d0
[0.180s][debug][cds,mirror             ] Archived mirror is: 0x00000007ffb1a0d0
[0.180s][trace][cds,heap,mirror        ] Restored java.io.File$PathStatus archived mirror 0x00000007ffb1a0d0
[0.180s][debug][cds,heap               ] Clearing root 959: was 0x00000007ffb1a150
[0.180s][trace][cds,unshareable        ] restore: [Ljava.io.File$PathStatus;
[0.180s][trace][class,loader,data      ] Adding k: 0x0000000130081e80 [Ljava.io.File$PathStatus; to loader data: 0x00006000032ac000 of 'bootstrap'
[0.180s][debug][cds,mirror             ] [Ljava.io.File$PathStatus; has raw archived mirror
[0.180s][debug][cds,heap               ] Clearing root 1048: was 0x00000007ffb1e538
[0.180s][debug][cds,mirror             ] Archived mirror is: 0x00000007ffb1e538
[0.180s][trace][cds,heap,mirror        ] Restored [Ljava.io.File$PathStatus; archived mirror 0x00000007ffb1e538
[0.180s][info ][class,load             ] java.io.File$PathStatus source: shared objects file
[0.180s][debug][class,load             ]  klass: 0x00000001300820a8 super: 0x0000000130008400 loader: [loader data: 0x00006000032ac000 of 'bootstrap']
[0.180s][debug][class,load,placeholders] find_and_add DEFINE_CLASS 'java/io/File$PathStatus', loader loader data: 0x00006000032ac000 of 'bootstrap'
[0.180s][debug][class,load,placeholders] loadInstanceThreadQ threads:0x00007f8f4f008800, 
[0.180s][debug][class,load,placeholders] superThreadQ threads:
[0.180s][debug][class,load,placeholders] defineThreadQ threads:0x00007f8f4f008800, 
[0.180s][debug][class,load,placeholders] find_and_remove DEFINE_CLASS 'java/io/File$PathStatus', loader loader data: 0x00006000032ac000 of 'bootstrap', InstanceKlass 'java/io/File$PathStatus'
[0.180s][debug][class,load,placeholders] loadInstanceThreadQ threads:0x00007f8f4f008800, 
[0.180s][debug][class,load,placeholders] superThreadQ threads:
[0.180s][debug][class,load,placeholders] defineThreadQ threads:0x00007f8f4f008800, 
[0.180s][debug][class,load,placeholders] find_and_remove LOAD_INSTANCE 'java/io/File$PathStatus', loader loader data: 0x00006000032ac000 of 'bootstrap', InstanceKlass 'java/io/File$PathStatus'
[0.180s][debug][class,load,placeholders] loadInstanceThreadQ threads:0x00007f8f4f008800, 
[0.180s][debug][class,load,placeholders] superThreadQ threads:
[0.180s][debug][class,load,placeholders] defineThreadQ threads:
[0.180s][debug][class,resolve          ] java.io.File java.io.File$PathStatus File.java:188
[0.180s][info ][class,init             ] 230 Initializing 'java/io/File$PathStatus' (0x00000001300820a8)
[0.180s][trace][metaspace              ] Arena @0x00006000016b2200 (non-class sm): requested 7 words.
[0.180s][trace][metaspace              ] Arena @0x00006000016b2200 (non-class sm): after allocation: 1 chunk(s), current:@0x00007f8f2d80b248, u, base 0x0000000171000000, level lv02 (524288), used: 4656, committed: 8192, committed-free: 3536
[0.180s][trace][metaspace              ] Arena @0x00006000016b2200 (non-class sm): returning 0x0000000171009148.
[0.180s][trace][metaspace              ] Metaspace::allocate: type 13 return 0x0000000171009148.
[0.180s][trace][metaspace              ] Arena @0x00006000016b2200 (non-class sm): requested 7 words.
[0.180s][trace][metaspace              ] Arena @0x00006000016b2200 (non-class sm): after allocation: 1 chunk(s), current:@0x00007f8f2d80b248, u, base 0x0000000171000000, level lv02 (524288), used: 4663, committed: 8192, committed-free: 3529
[0.180s][trace][metaspace              ] Arena @0x00006000016b2200 (non-class sm): returning 0x0000000171009180.
[0.180s][trace][metaspace              ] Metaspace::allocate: type 13 return 0x0000000171009180.
[0.180s][debug][class,resolve          ] java.io.File$PathStatus java.lang.Enum File.java:169
[0.180s][trace][metaspace              ] Arena @0x00006000016b2200 (non-class sm): requested 7 words.
[0.180s][trace][metaspace              ] Arena @0x00006000016b2200 (non-class sm): after allocation: 1 chunk(s), current:@0x00007f8f2d80b248, u, base 0x0000000171000000, level lv02 (524288), used: 4670, committed: 8192, committed-free: 3522
[0.180s][trace][metaspace              ] Arena @0x00006000016b2200 (non-class sm): returning 0x00000001710091b8.
[0.180s][trace][metaspace              ] Metaspace::allocate: type 13 return 0x00000001710091b8.
[0.180s][trace][metaspace              ] Arena @0x00006000016b2200 (non-class sm): requested 7 words.
[0.180s][trace][metaspace              ] Arena @0x00006000016b2200 (non-class sm): after allocation: 1 chunk(s), current:@0x00007f8f2d80b248, u, base 0x0000000171000000, level lv02 (524288), used: 4677, committed: 8192, committed-free: 3515
[0.180s][trace][metaspace              ] Arena @0x00006000016b2200 (non-class sm): returning 0x00000001710091f0.
[0.180s][trace][metaspace              ] Metaspace::allocate: type 13 return 0x00000001710091f0.
[0.180s][trace][metaspace              ] Arena @0x00006000016b2200 (non-class sm): requested 7 words.
[0.180s][trace][metaspace              ] Arena @0x00006000016b2200 (non-class sm): after allocation: 1 chunk(s), current:@0x00007f8f2d80b248, u, base 0x0000000171000000, level lv02 (524288), used: 4684, committed: 8192, committed-free: 3508
[0.180s][trace][metaspace              ] Arena @0x00006000016b2200 (non-class sm): returning 0x0000000171009228.
[0.180s][trace][metaspace              ] Metaspace::allocate: type 13 return 0x0000000171009228.
[0.180s][trace][metaspace              ] Arena @0x00006000016b2200 (non-class sm): requested 7 words.
[0.180s][trace][metaspace              ] Arena @0x00006000016b2200 (non-class sm): after allocation: 1 chunk(s), current:@0x00007f8f2d80b248, u, base 0x0000000171000000, level lv02 (524288), used: 4691, committed: 8192, committed-free: 3501
[0.180s][trace][metaspace              ] Arena @0x00006000016b2200 (non-class sm): returning 0x0000000171009260.
[0.180s][trace][metaspace              ] Metaspace::allocate: type 13 return 0x0000000171009260.
[0.180s][debug][class,resolve          ] java.io.UnixFileSystem java.lang.System UnixFileSystem.java:153
[0.180s][trace][metaspace              ] Arena @0x00006000016b2200 (non-class sm): requested 7 words.
[0.180s][trace][metaspace              ] Arena @0x00006000016b2200 (non-class sm): after allocation: 1 chunk(s), current:@0x00007f8f2d80b248, u, base 0x0000000171000000, level lv02 (524288), used: 4698, committed: 8192, committed-free: 3494
[0.180s][trace][metaspace              ] Arena @0x00006000016b2200 (non-class sm): returning 0x0000000171009298.
[0.180s][trace][metaspace              ] Metaspace::allocate: type 13 return 0x0000000171009298.
[0.180s][debug][class,resolve          ] java.io.UnixFileSystem java.lang.StringBuilder UnixFileSystem.java:118
[0.180s][trace][metaspace              ] Arena @0x00006000016b2200 (non-class sm): requested 7 words.
[0.180s][trace][metaspace              ] Arena @0x00006000016b2200 (non-class sm): after allocation: 1 chunk(s), current:@0x00007f8f2d80b248, u, base 0x0000000171000000, level lv02 (524288), used: 4705, committed: 8192, committed-free: 3487
[0.180s][trace][metaspace              ] Arena @0x00006000016b2200 (non-class sm): returning 0x00000001710092d0.
[0.180s][trace][metaspace              ] Metaspace::allocate: type 13 return 0x00000001710092d0.
[0.180s][trace][metaspace              ] Arena @0x00006000016b2200 (non-class sm): requested 7 words.
[0.180s][trace][metaspace              ] Arena @0x00006000016b2200 (non-class sm): after allocation: 1 chunk(s), current:@0x00007f8f2d80b248, u, base 0x0000000171000000, level lv02 (524288), used: 4712, committed: 8192, committed-free: 3480
[0.180s][trace][metaspace              ] Arena @0x00006000016b2200 (non-class sm): returning 0x0000000171009308.
[0.180s][trace][metaspace              ] Metaspace::allocate: type 13 return 0x0000000171009308.
[0.180s][debug][jni,resolve            ] [Dynamic-linking native method java.io.UnixFileSystem.canonicalize0 ... JNI]
[0.181s][trace][metaspace              ] Arena @0x00006000016b2200 (non-class sm): requested 7 words.
[0.181s][trace][metaspace              ] Arena @0x00006000016b2200 (non-class sm): after allocation: 1 chunk(s), current:@0x00007f8f2d80b248, u, base 0x0000000171000000, level lv02 (524288), used: 4719, committed: 8192, committed-free: 3473
[0.181s][trace][metaspace              ] Arena @0x00006000016b2200 (non-class sm): returning 0x0000000171009340.
[0.181s][trace][metaspace              ] Metaspace::allocate: type 13 return 0x0000000171009340.
[0.181s][debug][class,load,placeholders] find_and_add LOAD_INSTANCE 'sun/net/www/ParseUtil', loader loader data: 0x00006000032ac000 of 'bootstrap'
[0.181s][debug][class,load,placeholders] loadInstanceThreadQ threads:0x00007f8f4f008800, 
[0.181s][debug][class,load,placeholders] superThreadQ threads:
[0.181s][debug][class,load,placeholders] defineThreadQ threads:
[0.181s][trace][cds,unshareable        ] restore: sun.net.www.ParseUtil
[0.181s][trace][class,loader,data      ] Adding k: 0x0000000130081490 sun.net.www.ParseUtil to loader data: 0x00006000032ac000 of 'bootstrap'
[0.181s][debug][cds,mirror             ] sun.net.www.ParseUtil has raw archived mirror
[0.181s][debug][cds,heap               ] Clearing root 135: was 0x00000007ffb03928
[0.181s][debug][cds,mirror             ] Archived mirror is: 0x00000007ffb03928
[0.181s][trace][cds,heap,mirror        ] Restored sun.net.www.ParseUtil archived mirror 0x00000007ffb03928
[0.181s][debug][cds,heap               ] Clearing root 136: was 0x00000007ffb03ac8
[0.181s][info ][class,load             ] sun.net.www.ParseUtil source: shared objects file
[0.181s][debug][class,load             ]  klass: 0x0000000130081490 super: 0x0000000130000db8 loader: [loader data: 0x00006000032ac000 of 'bootstrap']
[0.181s][debug][class,load,placeholders] find_and_add DEFINE_CLASS 'sun/net/www/ParseUtil', loader loader data: 0x00006000032ac000 of 'bootstrap'
[0.181s][debug][class,load,placeholders] loadInstanceThreadQ threads:0x00007f8f4f008800, 
[0.181s][debug][class,load,placeholders] superThreadQ threads:
[0.181s][debug][class,load,placeholders] defineThreadQ threads:0x00007f8f4f008800, 
[0.181s][debug][class,load,placeholders] find_and_remove DEFINE_CLASS 'sun/net/www/ParseUtil', loader loader data: 0x00006000032ac000 of 'bootstrap', InstanceKlass 'sun/net/www/ParseUtil'
[0.181s][debug][class,load,placeholders] loadInstanceThreadQ threads:0x00007f8f4f008800, 
[0.181s][debug][class,load,placeholders] superThreadQ threads:
[0.181s][debug][class,load,placeholders] defineThreadQ threads:0x00007f8f4f008800, 
[0.181s][debug][class,load,placeholders] find_and_remove LOAD_INSTANCE 'sun/net/www/ParseUtil', loader loader data: 0x00006000032ac000 of 'bootstrap', InstanceKlass 'sun/net/www/ParseUtil'
[0.181s][debug][class,load,placeholders] loadInstanceThreadQ threads:0x00007f8f4f008800, 
[0.181s][debug][class,load,placeholders] superThreadQ threads:
[0.181s][debug][class,load,placeholders] defineThreadQ threads:
[0.181s][debug][class,resolve          ] jdk.internal.loader.URLClassPath sun.net.www.ParseUtil URLClassPath.java:269
[0.181s][info ][class,init             ] 231 Initializing 'sun/net/www/ParseUtil' (0x0000000130081490)
[0.181s][trace][metaspace              ] Arena @0x00006000016b2200 (non-class sm): requested 7 words.
[0.181s][trace][metaspace              ] Arena @0x00006000016b2200 (non-class sm): after allocation: 1 chunk(s), current:@0x00007f8f2d80b248, u, base 0x0000000171000000, level lv02 (524288), used: 4726, committed: 8192, committed-free: 3466
[0.181s][trace][metaspace              ] Arena @0x00006000016b2200 (non-class sm): returning 0x0000000171009378.
[0.181s][trace][metaspace              ] Metaspace::allocate: type 13 return 0x0000000171009378.
[0.181s][debug][class,resolve          ] sun.net.www.ParseUtil java.lang.Class ParseUtil.java:49
[0.181s][debug][class,load,placeholders] find_and_add LOAD_INSTANCE 'java/util/HexFormat', loader loader data: 0x00006000032ac000 of 'bootstrap'
[0.181s][debug][class,load,placeholders] loadInstanceThreadQ threads:0x00007f8f4f008800, 
[0.181s][debug][class,load,placeholders] superThreadQ threads:
[0.181s][debug][class,load,placeholders] defineThreadQ threads:
[0.181s][trace][cds,unshareable        ] restore: java.util.HexFormat
[0.181s][trace][class,loader,data      ] Adding k: 0x0000000130083b30 java.util.HexFormat to loader data: 0x00006000032ac000 of 'bootstrap'
[0.181s][debug][cds,mirror             ] java.util.HexFormat has raw archived mirror
[0.181s][debug][cds,heap               ] Clearing root 491: was 0x00000007ffb0d958
[0.181s][debug][cds,mirror             ] Archived mirror is: 0x00000007ffb0d958
[0.181s][trace][cds,heap,mirror        ] Restored java.util.HexFormat archived mirror 0x00000007ffb0d958
[0.181s][debug][cds,heap               ] Clearing root 492: was 0x00000007ffb0d9e8
[0.181s][info ][class,load             ] java.util.HexFormat source: shared objects file
[0.181s][debug][class,load             ]  klass: 0x0000000130083b30 super: 0x0000000130000db8 loader: [loader data: 0x00006000032ac000 of 'bootstrap']
[0.181s][debug][class,load,placeholders] find_and_add DEFINE_CLASS 'java/util/HexFormat', loader loader data: 0x00006000032ac000 of 'bootstrap'
[0.181s][debug][class,load,placeholders] loadInstanceThreadQ threads:0x00007f8f4f008800, 
[0.181s][debug][class,load,placeholders] superThreadQ threads:
[0.181s][debug][class,load,placeholders] defineThreadQ threads:0x00007f8f4f008800, 
[0.181s][debug][class,load,placeholders] find_and_remove DEFINE_CLASS 'java/util/HexFormat', loader loader data: 0x00006000032ac000 of 'bootstrap', InstanceKlass 'java/util/HexFormat'
[0.181s][debug][class,load,placeholders] loadInstanceThreadQ threads:0x00007f8f4f008800, 
[0.181s][debug][class,load,placeholders] superThreadQ threads:
[0.181s][debug][class,load,placeholders] defineThreadQ threads:0x00007f8f4f008800, 
[0.181s][debug][class,load,placeholders] find_and_remove LOAD_INSTANCE 'java/util/HexFormat', loader loader data: 0x00006000032ac000 of 'bootstrap', InstanceKlass 'java/util/HexFormat'
[0.181s][debug][class,load,placeholders] loadInstanceThreadQ threads:0x00007f8f4f008800, 
[0.181s][debug][class,load,placeholders] superThreadQ threads:
[0.181s][debug][class,load,placeholders] defineThreadQ threads:
[0.181s][debug][class,resolve          ] sun.net.www.ParseUtil java.util.HexFormat ParseUtil.java:51
[0.181s][info ][class,init             ] 232 Initializing 'java/util/HexFormat' (0x0000000130083b30)
[0.181s][trace][metaspace              ] Arena @0x00006000016b2200 (non-class sm): requested 7 words.
[0.181s][trace][metaspace              ] Arena @0x00006000016b2200 (non-class sm): after allocation: 1 chunk(s), current:@0x00007f8f2d80b248, u, base 0x0000000171000000, level lv02 (524288), used: 4733, committed: 8192, committed-free: 3459
[0.181s][trace][metaspace              ] Arena @0x00006000016b2200 (non-class sm): returning 0x00000001710093b0.
[0.181s][trace][metaspace              ] Metaspace::allocate: type 13 return 0x00000001710093b0.
[0.181s][debug][class,resolve          ] java.util.HexFormat java.lang.Class HexFormat.java:138
[0.181s][debug][class,resolve          ] java.util.HexFormat jdk.internal.access.SharedSecrets HexFormat.java:141
[0.181s][trace][metaspace              ] Arena @0x00006000016b2200 (non-class sm): requested 7 words.
[0.181s][trace][metaspace              ] Arena @0x00006000016b2200 (non-class sm): after allocation: 1 chunk(s), current:@0x00007f8f2d80b248, u, base 0x0000000171000000, level lv02 (524288), used: 4740, committed: 8192, committed-free: 3452
[0.181s][trace][metaspace              ] Arena @0x00006000016b2200 (non-class sm): returning 0x00000001710093e8.
[0.181s][trace][metaspace              ] Metaspace::allocate: type 13 return 0x00000001710093e8.
[0.181s][debug][class,resolve          ] java.util.HexFormat java.lang.Object HexFormat.java:194
[0.181s][debug][class,resolve          ] java.util.HexFormat java.util.Objects HexFormat.java:195
[0.181s][debug][class,resolve          ] java.util.HexFormat java.lang.String HexFormat.java:195
[0.181s][trace][metaspace              ] Arena @0x00006000016b2200 (non-class sm): requested 7 words.
[0.182s][trace][metaspace              ] Arena @0x00006000016b2200 (non-class sm): after allocation: 1 chunk(s), current:@0x00007f8f2d80b248, u, base 0x0000000171000000, level lv02 (524288), used: 4747, committed: 8192, committed-free: 3445
[0.182s][trace][metaspace              ] Arena @0x00006000016b2200 (non-class sm): returning 0x0000000171009420.
[0.182s][trace][metaspace              ] Metaspace::allocate: type 13 return 0x0000000171009420.
[0.182s][trace][metaspace              ] Arena @0x00006000016b2200 (non-class sm): requested 7 words.
[0.182s][trace][metaspace              ] Arena @0x00006000016b2200 (non-class sm): after allocation: 1 chunk(s), current:@0x00007f8f2d80b248, u, base 0x0000000171000000, level lv02 (524288), used: 4754, committed: 8192, committed-free: 3438
[0.182s][trace][metaspace              ] Arena @0x00006000016b2200 (non-class sm): returning 0x0000000171009458.
[0.182s][trace][metaspace              ] Metaspace::allocate: type 13 return 0x0000000171009458.
[0.182s][trace][metaspace              ] Arena @0x00006000016b2200 (non-class sm): requested 7 words.
[0.182s][trace][metaspace              ] Arena @0x00006000016b2200 (non-class sm): after allocation: 1 chunk(s), current:@0x00007f8f2d80b248, u, base 0x0000000171000000, level lv02 (524288), used: 4761, committed: 8192, committed-free: 3431
[0.182s][trace][metaspace              ] Arena @0x00006000016b2200 (non-class sm): returning 0x0000000171009490.
[0.182s][trace][metaspace              ] Metaspace::allocate: type 13 return 0x0000000171009490.
[0.182s][debug][class,resolve          ] sun.net.www.ParseUtil java.io.File ParseUtil.java:231
[0.182s][trace][metaspace              ] Arena @0x00006000016b2200 (non-class sm): requested 7 words.
[0.182s][trace][metaspace              ] Arena @0x00006000016b2200 (non-class sm): after allocation: 1 chunk(s), current:@0x00007f8f2d80b248, u, base 0x0000000171000000, level lv02 (524288), used: 4768, committed: 8192, committed-free: 3424
[0.182s][trace][metaspace              ] Arena @0x00006000016b2200 (non-class sm): returning 0x00000001710094c8.
[0.182s][trace][metaspace              ] Metaspace::allocate: type 13 return 0x00000001710094c8.
[0.182s][trace][metaspace              ] Arena @0x00006000016b2200 (non-class sm): requested 7 words.
[0.182s][trace][metaspace              ] Arena @0x00006000016b2200 (non-class sm): after allocation: 1 chunk(s), current:@0x00007f8f2d80b248, u, base 0x0000000171000000, level lv02 (524288), used: 4775, committed: 8192, committed-free: 3417
[0.182s][trace][metaspace              ] Arena @0x00006000016b2200 (non-class sm): returning 0x0000000171009500.
[0.182s][trace][metaspace              ] Metaspace::allocate: type 13 return 0x0000000171009500.
[0.182s][trace][metaspace              ] Arena @0x00006000016b2200 (non-class sm): requested 7 words.
[0.182s][trace][metaspace              ] Arena @0x00006000016b2200 (non-class sm): after allocation: 1 chunk(s), current:@0x00007f8f2d80b248, u, base 0x0000000171000000, level lv02 (524288), used: 4782, committed: 8192, committed-free: 3410
[0.182s][trace][metaspace              ] Arena @0x00006000016b2200 (non-class sm): returning 0x0000000171009538.
[0.182s][trace][metaspace              ] Metaspace::allocate: type 13 return 0x0000000171009538.
[0.182s][trace][metaspace              ] Arena @0x00006000016b2200 (non-class sm): requested 7 words.
[0.182s][trace][metaspace              ] Arena @0x00006000016b2200 (non-class sm): after allocation: 1 chunk(s), current:@0x00007f8f2d80b248, u, base 0x0000000171000000, level lv02 (524288), used: 4789, committed: 8192, committed-free: 3403
[0.182s][trace][metaspace              ] Arena @0x00006000016b2200 (non-class sm): returning 0x0000000171009570.
[0.182s][trace][metaspace              ] Metaspace::allocate: type 13 return 0x0000000171009570.
[0.182s][debug][class,resolve          ] sun.net.www.ParseUtil java.lang.String ParseUtil.java:86
[0.182s][trace][metaspace              ] Arena @0x00006000016b2200 (non-class sm): requested 7 words.
[0.182s][trace][metaspace              ] Arena @0x00006000016b2200 (non-class sm): after allocation: 1 chunk(s), current:@0x00007f8f2d80b248, u, base 0x0000000171000000, level lv02 (524288), used: 4796, committed: 8192, committed-free: 3396
[0.182s][trace][metaspace              ] Arena @0x00006000016b2200 (non-class sm): returning 0x00000001710095a8.
[0.182s][trace][metaspace              ] Metaspace::allocate: type 13 return 0x00000001710095a8.
[0.182s][trace][metaspace              ] Arena @0x00006000016b2200 (non-class sm): requested 7 words.
[0.182s][trace][metaspace              ] Arena @0x00006000016b2200 (non-class sm): after allocation: 1 chunk(s), current:@0x00007f8f2d80b248, u, base 0x0000000171000000, level lv02 (524288), used: 4803, committed: 8192, committed-free: 3389
[0.182s][trace][metaspace              ] Arena @0x00006000016b2200 (non-class sm): returning 0x00000001710095e0.
[0.182s][trace][metaspace              ] Metaspace::allocate: type 13 return 0x00000001710095e0.
[0.182s][debug][class,resolve          ] java.io.File java.lang.System File.java:858
[0.182s][trace][metaspace              ] Arena @0x00006000016b2200 (non-class sm): requested 7 words.
[0.182s][trace][metaspace              ] Arena @0x00006000016b2200 (non-class sm): after allocation: 1 chunk(s), current:@0x00007f8f2d80b248, u, base 0x0000000171000000, level lv02 (524288), used: 4810, committed: 8192, committed-free: 3382
[0.182s][trace][metaspace              ] Arena @0x00006000016b2200 (non-class sm): returning 0x0000000171009618.
[0.182s][trace][metaspace              ] Metaspace::allocate: type 13 return 0x0000000171009618.
[0.182s][trace][metaspace              ] Arena @0x00006000016b2200 (non-class sm): requested 7 words.
[0.182s][trace][metaspace              ] Arena @0x00006000016b2200 (non-class sm): after allocation: 1 chunk(s), current:@0x00007f8f2d80b248, u, base 0x0000000171000000, level lv02 (524288), used: 4817, committed: 8192, committed-free: 3375
[0.182s][trace][metaspace              ] Arena @0x00006000016b2200 (non-class sm): returning 0x0000000171009650.
[0.182s][trace][metaspace              ] Metaspace::allocate: type 13 return 0x0000000171009650.
[0.182s][debug][jni,resolve            ] [Dynamic-linking native method java.io.UnixFileSystem.getBooleanAttributes0 ... JNI]
[0.182s][debug][class,resolve          ] sun.net.www.ParseUtil java.lang.StringBuilder ParseUtil.java:237
[0.182s][debug][class,resolve          ] sun.net.www.ParseUtil java.net.URL ParseUtil.java:239
[0.182s][trace][metaspace              ] Arena @0x00006000016b2200 (non-class sm): requested 7 words.
[0.182s][trace][metaspace              ] Arena @0x00006000016b2200 (non-class sm): after allocation: 1 chunk(s), current:@0x00007f8f2d80b248, u, base 0x0000000171000000, level lv02 (524288), used: 4824, committed: 8192, committed-free: 3368
[0.182s][trace][metaspace              ] Arena @0x00006000016b2200 (non-class sm): returning 0x0000000171009688.
[0.182s][trace][metaspace              ] Metaspace::allocate: type 13 return 0x0000000171009688.
[0.182s][trace][metaspace              ] Arena @0x00006000016b2200 (non-class sm): requested 7 words.
[0.182s][trace][metaspace              ] Arena @0x00006000016b2200 (non-class sm): after allocation: 1 chunk(s), current:@0x00007f8f2d80b248, u, base 0x0000000171000000, level lv02 (524288), used: 4831, committed: 8192, committed-free: 3361
[0.182s][trace][metaspace              ] Arena @0x00006000016b2200 (non-class sm): returning 0x00000001710096c0.
[0.182s][trace][metaspace              ] Metaspace::allocate: type 13 return 0x00000001710096c0.
[0.182s][trace][metaspace              ] Arena @0x00006000016b2200 (non-class sm): requested 7 words.
[0.182s][trace][metaspace              ] Arena @0x00006000016b2200 (non-class sm): after allocation: 1 chunk(s), current:@0x00007f8f2d80b248, u, base 0x0000000171000000, level lv02 (524288), used: 4838, committed: 8192, committed-free: 3354
[0.182s][trace][metaspace              ] Arena @0x00006000016b2200 (non-class sm): returning 0x00000001710096f8.
[0.182s][trace][metaspace              ] Metaspace::allocate: type 13 return 0x00000001710096f8.
[0.182s][trace][metaspace              ] Arena @0x00006000016b2200 (non-class sm): requested 7 words.
[0.182s][trace][metaspace              ] Arena @0x00006000016b2200 (non-class sm): after allocation: 1 chunk(s), current:@0x00007f8f2d80b248, u, base 0x0000000171000000, level lv02 (524288), used: 4845, committed: 8192, committed-free: 3347
[0.182s][trace][metaspace              ] Arena @0x00006000016b2200 (non-class sm): returning 0x0000000171009730.
[0.182s][trace][metaspace              ] Metaspace::allocate: type 13 return 0x0000000171009730.
[0.182s][trace][metaspace              ] Arena @0x00006000016b2200 (non-class sm): requested 7 words.
[0.182s][trace][metaspace              ] Arena @0x00006000016b2200 (non-class sm): after allocation: 1 chunk(s), current:@0x00007f8f2d80b248, u, base 0x0000000171000000, level lv02 (524288), used: 4852, committed: 8192, committed-free: 3340
[0.182s][trace][metaspace              ] Arena @0x00006000016b2200 (non-class sm): returning 0x0000000171009768.
[0.182s][trace][metaspace              ] Metaspace::allocate: type 13 return 0x0000000171009768.
[0.182s][trace][metaspace              ] Arena @0x00006000016b2200 (non-class sm): requested 7 words.
[0.182s][trace][metaspace              ] Arena @0x00006000016b2200 (non-class sm): after allocation: 1 chunk(s), current:@0x00007f8f2d80b248, u, base 0x0000000171000000, level lv02 (524288), used: 4859, committed: 8192, committed-free: 3333
[0.182s][trace][metaspace              ] Arena @0x00006000016b2200 (non-class sm): returning 0x00000001710097a0.
[0.182s][trace][metaspace              ] Metaspace::allocate: type 13 return 0x00000001710097a0.
[0.182s][debug][class,resolve          ] java.net.URL java.lang.Character URL.java:1399
[0.182s][trace][metaspace              ] Arena @0x00006000016b2200 (non-class sm): requested 7 words.
[0.182s][trace][metaspace              ] Arena @0x00006000016b2200 (non-class sm): after allocation: 1 chunk(s), current:@0x00007f8f2d80b248, u, base 0x0000000171000000, level lv02 (524288), used: 4866, committed: 8192, committed-free: 3326
[0.182s][trace][metaspace              ] Arena @0x00006000016b2200 (non-class sm): returning 0x00000001710097d8.
[0.182s][trace][metaspace              ] Metaspace::allocate: type 13 return 0x00000001710097d8.
[0.182s][trace][metaspace              ] Arena @0x00006000016b2200 (non-class sm): requested 7 words.
[0.182s][trace][metaspace              ] Arena @0x00006000016b2200 (non-class sm): after allocation: 1 chunk(s), current:@0x00007f8f2d80b248, u, base 0x0000000171000000, level lv02 (524288), used: 4873, committed: 8192, committed-free: 3319
[0.182s][trace][metaspace              ] Arena @0x00006000016b2200 (non-class sm): returning 0x0000000171009810.
[0.182s][trace][metaspace              ] Metaspace::allocate: type 13 return 0x0000000171009810.
[0.182s][trace][metaspace              ] Arena @0x00006000016b2200 (non-class sm): requested 7 words.
[0.183s][trace][metaspace              ] Arena @0x00006000016b2200 (non-class sm): after allocation: 1 chunk(s), current:@0x00007f8f2d80b248, u, base 0x0000000171000000, level lv02 (524288), used: 4880, committed: 8192, committed-free: 3312
[0.183s][trace][metaspace              ] Arena @0x00006000016b2200 (non-class sm): returning 0x0000000171009848.
[0.183s][trace][metaspace              ] Metaspace::allocate: type 13 return 0x0000000171009848.
[0.183s][trace][metaspace              ] Arena @0x00006000016b2200 (non-class sm): requested 7 words.
[0.183s][trace][metaspace              ] Arena @0x00006000016b2200 (non-class sm): after allocation: 1 chunk(s), current:@0x00007f8f2d80b248, u, base 0x0000000171000000, level lv02 (524288), used: 4887, committed: 8192, committed-free: 3305
[0.183s][trace][metaspace              ] Arena @0x00006000016b2200 (non-class sm): returning 0x0000000171009880.
[0.183s][trace][metaspace              ] Metaspace::allocate: type 13 return 0x0000000171009880.
[0.183s][debug][class,resolve          ] java.net.URL java.net.URLStreamHandlerFactory URL.java:1451
[0.183s][trace][metaspace              ] Arena @0x00006000016b2200 (non-class sm): requested 7 words.
[0.183s][trace][metaspace              ] Arena @0x00006000016b2200 (non-class sm): after allocation: 1 chunk(s), current:@0x00007f8f2d80b248, u, base 0x0000000171000000, level lv02 (524288), used: 4894, committed: 8192, committed-free: 3298
[0.183s][trace][metaspace              ] Arena @0x00006000016b2200 (non-class sm): returning 0x00000001710098b8.
[0.183s][trace][metaspace              ] Metaspace::allocate: type 13 return 0x00000001710098b8.
[0.183s][debug][class,resolve          ] java.net.URL$DefaultFactory java.lang.String URL.java:1249
[0.183s][debug][class,load,placeholders] find_and_add LOAD_INSTANCE 'sun/net/www/protocol/file/Handler', loader loader data: 0x00006000032ac000 of 'bootstrap'
[0.183s][debug][class,load,placeholders] loadInstanceThreadQ threads:0x00007f8f4f008800, 
[0.183s][debug][class,load,placeholders] superThreadQ threads:
[0.183s][debug][class,load,placeholders] defineThreadQ threads:
[0.183s][debug][class,load,placeholders] find_and_add LOAD_SUPER 'sun/net/www/protocol/file/Handler', loader loader data: 0x00006000032ac000 of 'bootstrap', supername 'java/net/URLStreamHandler'
[0.183s][debug][class,load,placeholders] loadInstanceThreadQ threads:0x00007f8f4f008800, 
[0.183s][debug][class,load,placeholders] superThreadQ threads:0x00007f8f4f008800, 
[0.183s][debug][class,load,placeholders] defineThreadQ threads:
[0.183s][debug][class,load,placeholders] find_and_add LOAD_INSTANCE 'java/net/URLStreamHandler', loader loader data: 0x00006000032ac000 of 'bootstrap'
[0.183s][debug][class,load,placeholders] loadInstanceThreadQ threads:0x00007f8f4f008800, 
[0.183s][debug][class,load,placeholders] superThreadQ threads:
[0.183s][debug][class,load,placeholders] defineThreadQ threads:
[0.183s][trace][cds,unshareable        ] restore: java.net.URLStreamHandler
[0.183s][trace][class,loader,data      ] Adding k: 0x00000001301af1f8 java.net.URLStreamHandler to loader data: 0x00006000032ac000 of 'bootstrap'
[0.183s][debug][cds,mirror             ] java.net.URLStreamHandler has raw archived mirror
[0.183s][debug][cds,heap               ] Clearing root 639: was 0x00000007ffb11db8
[0.183s][debug][cds,mirror             ] Archived mirror is: 0x00000007ffb11db8
[0.183s][trace][cds,heap,mirror        ] Restored java.net.URLStreamHandler archived mirror 0x00000007ffb11db8
[0.183s][debug][cds,heap               ] Clearing root 640: was 0x00000007ffb11e28
[0.183s][info ][class,load             ] java.net.URLStreamHandler source: shared objects file
[0.183s][debug][class,load             ]  klass: 0x00000001301af1f8 super: 0x0000000130000db8 loader: [loader data: 0x00006000032ac000 of 'bootstrap']
[0.183s][debug][class,load,placeholders] find_and_add DEFINE_CLASS 'java/net/URLStreamHandler', loader loader data: 0x00006000032ac000 of 'bootstrap'
[0.183s][debug][class,load,placeholders] loadInstanceThreadQ threads:0x00007f8f4f008800, 
[0.183s][debug][class,load,placeholders] superThreadQ threads:
[0.183s][debug][class,load,placeholders] defineThreadQ threads:0x00007f8f4f008800, 
[0.183s][debug][class,load,placeholders] find_and_remove DEFINE_CLASS 'java/net/URLStreamHandler', loader loader data: 0x00006000032ac000 of 'bootstrap', InstanceKlass 'java/net/URLStreamHandler'
[0.183s][debug][class,load,placeholders] loadInstanceThreadQ threads:0x00007f8f4f008800, 
[0.183s][debug][class,load,placeholders] superThreadQ threads:
[0.183s][debug][class,load,placeholders] defineThreadQ threads:0x00007f8f4f008800, 
[0.183s][debug][class,load,placeholders] find_and_remove LOAD_INSTANCE 'java/net/URLStreamHandler', loader loader data: 0x00006000032ac000 of 'bootstrap', InstanceKlass 'java/net/URLStreamHandler'
[0.183s][debug][class,load,placeholders] loadInstanceThreadQ threads:0x00007f8f4f008800, 
[0.183s][debug][class,load,placeholders] superThreadQ threads:
[0.183s][debug][class,load,placeholders] defineThreadQ threads:
[0.183s][debug][class,load,placeholders] find_and_remove LOAD_SUPER 'sun/net/www/protocol/file/Handler', loader loader data: 0x00006000032ac000 of 'bootstrap', supername 'java/net/URLStreamHandler'
[0.183s][debug][class,load,placeholders] loadInstanceThreadQ threads:0x00007f8f4f008800, 
[0.183s][debug][class,load,placeholders] superThreadQ threads:0x00007f8f4f008800, 
[0.183s][debug][class,load,placeholders] defineThreadQ threads:
[0.183s][trace][cds,unshareable        ] restore: sun.net.www.protocol.file.Handler
[0.183s][trace][class,loader,data      ] Adding k: 0x00000001301af9e0 sun.net.www.protocol.file.Handler to loader data: 0x00006000032ac000 of 'bootstrap'
[0.183s][debug][cds,mirror             ] sun.net.www.protocol.file.Handler has raw archived mirror
[0.183s][debug][cds,heap               ] Clearing root 1046: was 0x00000007ffb1e4a0
[0.183s][debug][cds,mirror             ] Archived mirror is: 0x00000007ffb1e4a0
[0.183s][trace][cds,heap,mirror        ] Restored sun.net.www.protocol.file.Handler archived mirror 0x00000007ffb1e4a0
[0.183s][debug][cds,heap               ] Clearing root 1047: was 0x00000007ffb1e510
[0.183s][info ][class,load             ] sun.net.www.protocol.file.Handler source: shared objects file
[0.183s][debug][class,load             ]  klass: 0x00000001301af9e0 super: 0x00000001301af1f8 loader: [loader data: 0x00006000032ac000 of 'bootstrap']
[0.183s][debug][class,load,placeholders] find_and_add DEFINE_CLASS 'sun/net/www/protocol/file/Handler', loader loader data: 0x00006000032ac000 of 'bootstrap', supername 'java/net/URLStreamHandler'
[0.183s][debug][class,load,placeholders] loadInstanceThreadQ threads:0x00007f8f4f008800, 
[0.183s][debug][class,load,placeholders] superThreadQ threads:
[0.183s][debug][class,load,placeholders] defineThreadQ threads:0x00007f8f4f008800, 
[0.183s][debug][class,load,placeholders] find_and_remove DEFINE_CLASS 'sun/net/www/protocol/file/Handler', loader loader data: 0x00006000032ac000 of 'bootstrap', supername 'java/net/URLStreamHandler', InstanceKlass 'sun/net/www/protocol/file/Handler'
[0.183s][debug][class,load,placeholders] loadInstanceThreadQ threads:0x00007f8f4f008800, 
[0.183s][debug][class,load,placeholders] superThreadQ threads:
[0.183s][debug][class,load,placeholders] defineThreadQ threads:0x00007f8f4f008800, 
[0.183s][debug][class,load,placeholders] find_and_remove LOAD_INSTANCE 'sun/net/www/protocol/file/Handler', loader loader data: 0x00006000032ac000 of 'bootstrap', supername 'java/net/URLStreamHandler', InstanceKlass 'sun/net/www/protocol/file/Handler'
[0.183s][debug][class,load,placeholders] loadInstanceThreadQ threads:0x00007f8f4f008800, 
[0.183s][debug][class,load,placeholders] superThreadQ threads:
[0.183s][debug][class,load,placeholders] defineThreadQ threads:
[0.183s][debug][class,resolve          ] java.net.URL$DefaultFactory sun.net.www.protocol.file.Handler URL.java:1251
[0.183s][info ][class,init             ] 233 Initializing 'java/net/URLStreamHandler'(no method) (0x00000001301af1f8)
[0.183s][info ][class,init             ] 234 Initializing 'sun/net/www/protocol/file/Handler'(no method) (0x00000001301af9e0)
[0.183s][trace][metaspace              ] Arena @0x00006000016b2200 (non-class sm): requested 7 words.
[0.183s][trace][metaspace              ] Arena @0x00006000016b2200 (non-class sm): after allocation: 1 chunk(s), current:@0x00007f8f2d80b248, u, base 0x0000000171000000, level lv02 (524288), used: 4901, committed: 8192, committed-free: 3291
[0.183s][trace][metaspace              ] Arena @0x00006000016b2200 (non-class sm): returning 0x00000001710098f0.
[0.183s][trace][metaspace              ] Metaspace::allocate: type 13 return 0x00000001710098f0.
[0.183s][debug][class,resolve          ] sun.net.www.protocol.file.Handler java.net.URLStreamHandler Handler.java:43
[0.183s][trace][metaspace              ] Arena @0x00006000016b2200 (non-class sm): requested 7 words.
[0.183s][trace][metaspace              ] Arena @0x00006000016b2200 (non-class sm): after allocation: 1 chunk(s), current:@0x00007f8f2d80b248, u, base 0x0000000171000000, level lv02 (524288), used: 4908, committed: 8192, committed-free: 3284
[0.184s][trace][metaspace              ] Arena @0x00006000016b2200 (non-class sm): returning 0x0000000171009928.
[0.184s][trace][metaspace              ] Metaspace::allocate: type 13 return 0x0000000171009928.
[0.184s][debug][class,resolve          ] java.net.URLStreamHandler java.lang.Object URLStreamHandler.java:57
[0.184s][trace][metaspace              ] Arena @0x00006000016b2200 (non-class sm): requested 7 words.
[0.184s][trace][metaspace              ] Arena @0x00006000016b2200 (non-class sm): after allocation: 1 chunk(s), current:@0x00007f8f2d80b248, u, base 0x0000000171000000, level lv02 (524288), used: 4915, committed: 8192, committed-free: 3277
[0.184s][trace][metaspace              ] Arena @0x00006000016b2200 (non-class sm): returning 0x0000000171009960.
[0.184s][trace][metaspace              ] Metaspace::allocate: type 13 return 0x0000000171009960.
[0.184s][debug][class,resolve          ] java.net.URL java.lang.Class URL.java:1674
[0.184s][trace][oopstorage,ref         ] StringTable Weak: allocated 0x00007f8f4cf05f28
[0.184s][trace][metaspace              ] Arena @0x00006000016b2200 (non-class sm): requested 7 words.
[0.184s][trace][metaspace              ] Arena @0x00006000016b2200 (non-class sm): after allocation: 1 chunk(s), current:@0x00007f8f2d80b248, u, base 0x0000000171000000, level lv02 (524288), used: 4922, committed: 8192, committed-free: 3270
[0.184s][trace][metaspace              ] Arena @0x00006000016b2200 (non-class sm): returning 0x0000000171009998.
[0.184s][trace][metaspace              ] Metaspace::allocate: type 13 return 0x0000000171009998.
[0.184s][debug][class,load,placeholders] find_and_add LOAD_INSTANCE 'sun/net/util/IPAddressUtil', loader loader data: 0x00006000032ac000 of 'bootstrap'
[0.184s][debug][class,load,placeholders] loadInstanceThreadQ threads:0x00007f8f4f008800, 
[0.184s][debug][class,load,placeholders] superThreadQ threads:
[0.184s][debug][class,load,placeholders] defineThreadQ threads:
[0.184s][trace][cds,unshareable        ] restore: sun.net.util.IPAddressUtil
[0.184s][trace][class,loader,data      ] Adding k: 0x000000013007db68 sun.net.util.IPAddressUtil to loader data: 0x00006000032ac000 of 'bootstrap'
[0.184s][debug][cds,mirror             ] sun.net.util.IPAddressUtil has raw archived mirror
[0.184s][debug][cds,heap               ] Clearing root 635: was 0x00000007ffb11b20
[0.184s][debug][cds,mirror             ] Archived mirror is: 0x00000007ffb11b20
[0.184s][trace][cds,heap,mirror        ] Restored sun.net.util.IPAddressUtil archived mirror 0x00000007ffb11b20
[0.184s][debug][cds,heap               ] Clearing root 636: was 0x00000007ffb11c50
[0.184s][info ][class,load             ] sun.net.util.IPAddressUtil source: shared objects file
[0.184s][debug][class,load             ]  klass: 0x000000013007db68 super: 0x0000000130000db8 loader: [loader data: 0x00006000032ac000 of 'bootstrap']
[0.184s][debug][class,load,placeholders] find_and_add DEFINE_CLASS 'sun/net/util/IPAddressUtil', loader loader data: 0x00006000032ac000 of 'bootstrap'
[0.184s][debug][class,load,placeholders] loadInstanceThreadQ threads:0x00007f8f4f008800, 
[0.184s][debug][class,load,placeholders] superThreadQ threads:
[0.184s][debug][class,load,placeholders] defineThreadQ threads:0x00007f8f4f008800, 
[0.184s][debug][class,load,placeholders] find_and_remove DEFINE_CLASS 'sun/net/util/IPAddressUtil', loader loader data: 0x00006000032ac000 of 'bootstrap', InstanceKlass 'sun/net/util/IPAddressUtil'
[0.184s][debug][class,load,placeholders] loadInstanceThreadQ threads:0x00007f8f4f008800, 
[0.184s][debug][class,load,placeholders] superThreadQ threads:
[0.184s][debug][class,load,placeholders] defineThreadQ threads:0x00007f8f4f008800, 
[0.184s][debug][class,load,placeholders] find_and_remove LOAD_INSTANCE 'sun/net/util/IPAddressUtil', loader loader data: 0x00006000032ac000 of 'bootstrap', InstanceKlass 'sun/net/util/IPAddressUtil'
[0.184s][debug][class,load,placeholders] loadInstanceThreadQ threads:0x00007f8f4f008800, 
[0.184s][debug][class,load,placeholders] superThreadQ threads:
[0.184s][debug][class,load,placeholders] defineThreadQ threads:
[0.184s][debug][class,resolve          ] java.net.URL sun.net.util.IPAddressUtil URL.java:484
[0.184s][info ][class,init             ] 235 Initializing 'sun/net/util/IPAddressUtil' (0x000000013007db68)
[0.184s][trace][metaspace              ] Arena @0x00006000016b2200 (non-class sm): requested 7 words.
[0.184s][trace][metaspace              ] Arena @0x00006000016b2200 (non-class sm): after allocation: 1 chunk(s), current:@0x00007f8f2d80b248, u, base 0x0000000171000000, level lv02 (524288), used: 4929, committed: 8192, committed-free: 3263
[0.184s][trace][metaspace              ] Arena @0x00006000016b2200 (non-class sm): returning 0x00000001710099d0.
[0.184s][trace][metaspace              ] Metaspace::allocate: type 13 return 0x00000001710099d0.
[0.184s][debug][class,resolve          ] sun.net.util.IPAddressUtil java.lang.Class IPAddressUtil.java:45
[0.184s][debug][class,resolve          ] sun.net.util.IPAddressUtil java.util.concurrent.ConcurrentHashMap IPAddressUtil.java:335
[0.184s][debug][class,resolve          ] sun.net.util.IPAddressUtil sun.security.action.GetPropertyAction IPAddressUtil.java:819
[0.184s][trace][metaspace              ] Arena @0x00006000016b2200 (non-class sm): requested 7 words.
[0.184s][trace][metaspace              ] Arena @0x00006000016b2200 (non-class sm): after allocation: 1 chunk(s), current:@0x00007f8f2d80b248, u, base 0x0000000171000000, level lv02 (524288), used: 4936, committed: 8192, committed-free: 3256
[0.184s][trace][metaspace              ] Arena @0x00006000016b2200 (non-class sm): returning 0x0000000171009a08.
[0.184s][trace][metaspace              ] Metaspace::allocate: type 13 return 0x0000000171009a08.
[0.184s][trace][metaspace              ] Arena @0x00006000016b2200 (non-class sm): requested 7 words.
[0.184s][trace][metaspace              ] Arena @0x00006000016b2200 (non-class sm): after allocation: 1 chunk(s), current:@0x00007f8f2d80b248, u, base 0x0000000171000000, level lv02 (524288), used: 4943, committed: 8192, committed-free: 3249
[0.184s][trace][metaspace              ] Arena @0x00006000016b2200 (non-class sm): returning 0x0000000171009a40.
[0.184s][trace][metaspace              ] Metaspace::allocate: type 13 return 0x0000000171009a40.
[0.184s][debug][class,resolve          ] sun.net.util.IPAddressUtil java.lang.Boolean IPAddressUtil.java:818
[0.184s][trace][metaspace              ] Arena @0x00006000016b2200 (non-class sm): requested 7 words.
[0.184s][trace][metaspace              ] Arena @0x00006000016b2200 (non-class sm): after allocation: 1 chunk(s), current:@0x00007f8f2d80b248, u, base 0x0000000171000000, level lv02 (524288), used: 4950, committed: 8192, committed-free: 3242
[0.184s][trace][metaspace              ] Arena @0x00006000016b2200 (non-class sm): returning 0x0000000171009a78.
[0.184s][trace][metaspace              ] Metaspace::allocate: type 13 return 0x0000000171009a78.
[0.184s][trace][metaspace              ] Arena @0x00006000016b2200 (non-class sm): requested 7 words.
[0.184s][trace][metaspace              ] Arena @0x00006000016b2200 (non-class sm): after allocation: 1 chunk(s), current:@0x00007f8f2d80b248, u, base 0x0000000171000000, level lv02 (524288), used: 4957, committed: 8192, committed-free: 3235
[0.184s][trace][metaspace              ] Arena @0x00006000016b2200 (non-class sm): returning 0x0000000171009ab0.
[0.184s][trace][metaspace              ] Metaspace::allocate: type 13 return 0x0000000171009ab0.
[0.184s][trace][metaspace              ] Arena @0x00006000016b2200 (non-class sm): requested 7 words.
[0.184s][trace][metaspace              ] Arena @0x00006000016b2200 (non-class sm): after allocation: 1 chunk(s), current:@0x00007f8f2d80b248, u, base 0x0000000171000000, level lv02 (524288), used: 4964, committed: 8192, committed-free: 3228
[0.184s][trace][metaspace              ] Arena @0x00006000016b2200 (non-class sm): returning 0x0000000171009ae8.
[0.184s][trace][metaspace              ] Metaspace::allocate: type 13 return 0x0000000171009ae8.
[0.184s][debug][class,resolve          ] sun.net.util.IPAddressUtil java.net.URL IPAddressUtil.java:554
[0.184s][trace][metaspace              ] Arena @0x00006000016b2200 (non-class sm): requested 7 words.
[0.184s][trace][metaspace              ] Arena @0x00006000016b2200 (non-class sm): after allocation: 1 chunk(s), current:@0x00007f8f2d80b248, u, base 0x0000000171000000, level lv02 (524288), used: 4971, committed: 8192, committed-free: 3221
[0.184s][trace][metaspace              ] Arena @0x00006000016b2200 (non-class sm): returning 0x0000000171009b20.
[0.184s][trace][metaspace              ] Metaspace::allocate: type 13 return 0x0000000171009b20.
[0.184s][trace][metaspace              ] Arena @0x00006000016b2200 (non-class sm): requested 7 words.
[0.184s][trace][metaspace              ] Arena @0x00006000016b2200 (non-class sm): after allocation: 1 chunk(s), current:@0x00007f8f2d80b248, u, base 0x0000000171000000, level lv02 (524288), used: 4978, committed: 8192, committed-free: 3214
[0.184s][trace][metaspace              ] Arena @0x00006000016b2200 (non-class sm): returning 0x0000000171009b58.
[0.184s][trace][metaspace              ] Metaspace::allocate: type 13 return 0x0000000171009b58.
[0.184s][trace][metaspace              ] Arena @0x00006000016b2200 (non-class sm): requested 7 words.
[0.184s][trace][metaspace              ] Arena @0x00006000016b2200 (non-class sm): after allocation: 1 chunk(s), current:@0x00007f8f2d80b248, u, base 0x0000000171000000, level lv02 (524288), used: 4985, committed: 8192, committed-free: 3207
[0.184s][trace][metaspace              ] Arena @0x00006000016b2200 (non-class sm): returning 0x0000000171009b90.
[0.184s][trace][metaspace              ] Metaspace::allocate: type 13 return 0x0000000171009b90.
[0.184s][trace][metaspace              ] Arena @0x00006000016b2200 (non-class sm): requested 7 words.
[0.184s][trace][metaspace              ] Arena @0x00006000016b2200 (non-class sm): after allocation: 1 chunk(s), current:@0x00007f8f2d80b248, u, base 0x0000000171000000, level lv02 (524288), used: 4992, committed: 8192, committed-free: 3200
[0.185s][trace][metaspace              ] Arena @0x00006000016b2200 (non-class sm): returning 0x0000000171009bc8.
[0.185s][trace][metaspace              ] Metaspace::allocate: type 13 return 0x0000000171009bc8.
[0.185s][trace][metaspace              ] Arena @0x00006000016b2200 (non-class sm): requested 7 words.
[0.185s][trace][metaspace              ] Arena @0x00006000016b2200 (non-class sm): after allocation: 1 chunk(s), current:@0x00007f8f2d80b248, u, base 0x0000000171000000, level lv02 (524288), used: 4999, committed: 8192, committed-free: 3193
[0.185s][trace][metaspace              ] Arena @0x00006000016b2200 (non-class sm): returning 0x0000000171009c00.
[0.185s][trace][metaspace              ] Metaspace::allocate: type 13 return 0x0000000171009c00.
[0.185s][debug][class,resolve          ] sun.net.util.IPAddressUtil java.lang.String IPAddressUtil.java:459
[0.185s][trace][metaspace              ] Arena @0x00006000016b2200 (non-class sm): requested 7 words.
[0.185s][trace][metaspace              ] Arena @0x00006000016b2200 (non-class sm): after allocation: 1 chunk(s), current:@0x00007f8f2d80b248, u, base 0x0000000171000000, level lv02 (524288), used: 5006, committed: 8192, committed-free: 3186
[0.185s][trace][metaspace              ] Arena @0x00006000016b2200 (non-class sm): returning 0x0000000171009c38.
[0.185s][trace][metaspace              ] Metaspace::allocate: type 13 return 0x0000000171009c38.
[0.185s][trace][metaspace              ] Arena @0x00006000016b2200 (non-class sm): requested 7 words.
[0.185s][trace][metaspace              ] Arena @0x00006000016b2200 (non-class sm): after allocation: 1 chunk(s), current:@0x00007f8f2d80b248, u, base 0x0000000171000000, level lv02 (524288), used: 5013, committed: 8192, committed-free: 3179
[0.185s][trace][metaspace              ] Arena @0x00006000016b2200 (non-class sm): returning 0x0000000171009c70.
[0.185s][trace][metaspace              ] Metaspace::allocate: type 13 return 0x0000000171009c70.
[0.185s][trace][metaspace              ] Arena @0x00006000016b2200 (non-class sm): requested 7 words.
[0.185s][trace][metaspace              ] Arena @0x00006000016b2200 (non-class sm): after allocation: 1 chunk(s), current:@0x00007f8f2d80b248, u, base 0x0000000171000000, level lv02 (524288), used: 5020, committed: 8192, committed-free: 3172
[0.185s][trace][metaspace              ] Arena @0x00006000016b2200 (non-class sm): returning 0x0000000171009ca8.
[0.185s][trace][metaspace              ] Metaspace::allocate: type 13 return 0x0000000171009ca8.
[0.185s][trace][metaspace              ] Arena @0x00006000016b2200 (non-class sm): requested 7 words.
[0.185s][trace][metaspace              ] Arena @0x00006000016b2200 (non-class sm): after allocation: 1 chunk(s), current:@0x00007f8f2d80b248, u, base 0x0000000171000000, level lv02 (524288), used: 5027, committed: 8192, committed-free: 3165
[0.185s][trace][metaspace              ] Arena @0x00006000016b2200 (non-class sm): returning 0x0000000171009ce0.
[0.185s][trace][metaspace              ] Metaspace::allocate: type 13 return 0x0000000171009ce0.
[0.185s][debug][class,resolve          ] java.util.ArrayList java.lang.Math ArrayList.java:239
[0.185s][trace][metaspace              ] Arena @0x00006000016b2200 (non-class sm): requested 7 words.
[0.185s][trace][metaspace              ] Arena @0x00006000016b2200 (non-class sm): after allocation: 1 chunk(s), current:@0x00007f8f2d80b248, u, base 0x0000000171000000, level lv02 (524288), used: 5034, committed: 8192, committed-free: 3158
[0.185s][trace][metaspace              ] Arena @0x00006000016b2200 (non-class sm): returning 0x0000000171009d18.
[0.185s][trace][metaspace              ] Metaspace::allocate: type 13 return 0x0000000171009d18.
[0.185s][debug][class,resolve          ] jdk.internal.loader.URLClassPath java.util.ArrayDeque URLClassPath.java:209
[0.185s][trace][metaspace              ] Arena @0x00006000016b2200 (non-class sm): requested 7 words.
[0.185s][trace][metaspace              ] Arena @0x00006000016b2200 (non-class sm): after allocation: 1 chunk(s), current:@0x00007f8f2d80b248, u, base 0x0000000171000000, level lv02 (524288), used: 5041, committed: 8192, committed-free: 3151
[0.185s][trace][metaspace              ] Arena @0x00006000016b2200 (non-class sm): returning 0x0000000171009d50.
[0.185s][trace][metaspace              ] Metaspace::allocate: type 13 return 0x0000000171009d50.
[0.185s][debug][class,resolve          ] java.util.ArrayList java.util.Objects ArrayList.java:427
[0.185s][trace][metaspace              ] Arena @0x00006000016b2200 (non-class sm): requested 7 words.
[0.185s][trace][metaspace              ] Arena @0x00006000016b2200 (non-class sm): after allocation: 1 chunk(s), current:@0x00007f8f2d80b248, u, base 0x0000000171000000, level lv02 (524288), used: 5048, committed: 8192, committed-free: 3144
[0.185s][trace][metaspace              ] Arena @0x00006000016b2200 (non-class sm): returning 0x0000000171009d88.
[0.185s][trace][metaspace              ] Metaspace::allocate: type 13 return 0x0000000171009d88.
[0.185s][debug][class,load,placeholders] find_and_add LOAD_INSTANCE 'jdk/internal/util/Preconditions', loader loader data: 0x00006000032ac000 of 'bootstrap'
[0.185s][debug][class,load,placeholders] loadInstanceThreadQ threads:0x00007f8f4f008800, 
[0.185s][debug][class,load,placeholders] superThreadQ threads:
[0.185s][debug][class,load,placeholders] defineThreadQ threads:
[0.185s][trace][cds,unshareable        ] restore: jdk.internal.util.Preconditions
[0.185s][trace][class,loader,data      ] Adding k: 0x000000013007d930 jdk.internal.util.Preconditions to loader data: 0x00006000032ac000 of 'bootstrap'
[0.185s][debug][cds,mirror             ] jdk.internal.util.Preconditions has raw archived mirror
[0.185s][debug][cds,heap               ] Clearing root 132: was 0x00000007ffb03810
[0.185s][debug][cds,mirror             ] Archived mirror is: 0x00000007ffb03810
[0.185s][trace][cds,heap,mirror        ] Restored jdk.internal.util.Preconditions archived mirror 0x00000007ffb03810
[0.185s][debug][cds,heap               ] Clearing root 133: was 0x00000007ffb03880
[0.185s][info ][class,load             ] jdk.internal.util.Preconditions source: shared objects file
[0.185s][debug][class,load             ]  klass: 0x000000013007d930 super: 0x0000000130000db8 loader: [loader data: 0x00006000032ac000 of 'bootstrap']
[0.185s][debug][class,load,placeholders] find_and_add DEFINE_CLASS 'jdk/internal/util/Preconditions', loader loader data: 0x00006000032ac000 of 'bootstrap'
[0.185s][debug][class,load,placeholders] loadInstanceThreadQ threads:0x00007f8f4f008800, 
[0.185s][debug][class,load,placeholders] superThreadQ threads:
[0.185s][debug][class,load,placeholders] defineThreadQ threads:0x00007f8f4f008800, 
[0.185s][debug][class,load,placeholders] find_and_remove DEFINE_CLASS 'jdk/internal/util/Preconditions', loader loader data: 0x00006000032ac000 of 'bootstrap', InstanceKlass 'jdk/internal/util/Preconditions'
[0.185s][debug][class,load,placeholders] loadInstanceThreadQ threads:0x00007f8f4f008800, 
[0.185s][debug][class,load,placeholders] superThreadQ threads:
[0.185s][debug][class,load,placeholders] defineThreadQ threads:0x00007f8f4f008800, 
[0.185s][debug][class,load,placeholders] find_and_remove LOAD_INSTANCE 'jdk/internal/util/Preconditions', loader loader data: 0x00006000032ac000 of 'bootstrap', InstanceKlass 'jdk/internal/util/Preconditions'
[0.185s][debug][class,load,placeholders] loadInstanceThreadQ threads:0x00007f8f4f008800, 
[0.185s][debug][class,load,placeholders] superThreadQ threads:
[0.185s][debug][class,load,placeholders] defineThreadQ threads:
[0.185s][debug][class,resolve          ] java.util.Objects jdk.internal.util.Preconditions Objects.java:361
[0.185s][info ][class,init             ] 236 Initializing 'jdk/internal/util/Preconditions'(no method) (0x000000013007d930)
[0.185s][trace][metaspace              ] Arena @0x00006000016b2200 (non-class sm): requested 7 words.
[0.185s][trace][metaspace              ] Arena @0x00006000016b2200 (non-class sm): after allocation: 1 chunk(s), current:@0x00007f8f2d80b248, u, base 0x0000000171000000, level lv02 (524288), used: 5055, committed: 8192, committed-free: 3137
[0.185s][trace][metaspace              ] Arena @0x00006000016b2200 (non-class sm): returning 0x0000000171009dc0.
[0.185s][trace][metaspace              ] Metaspace::allocate: type 13 return 0x0000000171009dc0.
[0.185s][trace][metaspace              ] Arena @0x00006000016b2200 (non-class sm): requested 7 words.
[0.185s][trace][metaspace              ] Arena @0x00006000016b2200 (non-class sm): after allocation: 1 chunk(s), current:@0x00007f8f2d80b248, u, base 0x0000000171000000, level lv02 (524288), used: 5062, committed: 8192, committed-free: 3130
[0.185s][trace][metaspace              ] Arena @0x00006000016b2200 (non-class sm): returning 0x0000000171009df8.
[0.185s][trace][metaspace              ] Metaspace::allocate: type 13 return 0x0000000171009df8.
[0.185s][debug][class,resolve          ] jdk.internal.loader.URLClassPath java.net.URL URLClassPath.java:211
[0.185s][trace][metaspace              ] Arena @0x00006000016b2200 (non-class sm): requested 7 words.
[0.185s][trace][metaspace              ] Arena @0x00006000016b2200 (non-class sm): after allocation: 1 chunk(s), current:@0x00007f8f2d80b248, u, base 0x0000000171000000, level lv02 (524288), used: 5069, committed: 8192, committed-free: 3123
[0.185s][trace][metaspace              ] Arena @0x00006000016b2200 (non-class sm): returning 0x0000000171009e30.
[0.185s][trace][metaspace              ] Metaspace::allocate: type 13 return 0x0000000171009e30.
[0.185s][trace][metaspace              ] Arena @0x00006000016b2200 (non-class sm): requested 7 words.
[0.185s][trace][metaspace              ] Arena @0x00006000016b2200 (non-class sm): after allocation: 1 chunk(s), current:@0x00007f8f2d80b248, u, base 0x0000000171000000, level lv02 (524288), used: 5076, committed: 8192, committed-free: 3116
[0.185s][trace][metaspace              ] Arena @0x00006000016b2200 (non-class sm): returning 0x0000000171009e68.
[0.185s][trace][metaspace              ] Metaspace::allocate: type 13 return 0x0000000171009e68.
[0.185s][trace][metaspace              ] Arena @0x00006000016b2200 (non-class sm): requested 7 words.
[0.185s][trace][metaspace              ] Arena @0x00006000016b2200 (non-class sm): after allocation: 1 chunk(s), current:@0x00007f8f2d80b248, u, base 0x0000000171000000, level lv02 (524288), used: 5083, committed: 8192, committed-free: 3109
[0.185s][trace][metaspace              ] Arena @0x00006000016b2200 (non-class sm): returning 0x0000000171009ea0.
[0.185s][trace][metaspace              ] Metaspace::allocate: type 13 return 0x0000000171009ea0.
[0.185s][trace][metaspace              ] Arena @0x00006000016b2200 (non-class sm): requested 7 words.
[0.185s][trace][metaspace              ] Arena @0x00006000016b2200 (non-class sm): after allocation: 1 chunk(s), current:@0x00007f8f2d80b248, u, base 0x0000000171000000, level lv02 (524288), used: 5090, committed: 8192, committed-free: 3102
[0.185s][trace][metaspace              ] Arena @0x00006000016b2200 (non-class sm): returning 0x0000000171009ed8.
[0.186s][trace][metaspace              ] Metaspace::allocate: type 13 return 0x0000000171009ed8.
[0.186s][debug][class,resolve          ] jdk.internal.loader.ClassLoaders jdk.internal.loader.ClassLoaders$AppClassLoader ClassLoaders.java:94
[0.186s][trace][metaspace              ] Arena @0x00006000016b2200 (non-class sm): requested 7 words.
[0.186s][trace][metaspace              ] Arena @0x00006000016b2200 (non-class sm): after allocation: 1 chunk(s), current:@0x00007f8f2d80b248, u, base 0x0000000171000000, level lv02 (524288), used: 5097, committed: 8192, committed-free: 3095
[0.186s][trace][metaspace              ] Arena @0x00006000016b2200 (non-class sm): returning 0x0000000171009f10.
[0.186s][trace][metaspace              ] Metaspace::allocate: type 13 return 0x0000000171009f10.
[0.186s][trace][metaspace              ] Arena @0x00006000016b2200 (non-class sm): requested 7 words.
[0.186s][trace][metaspace              ] Arena @0x00006000016b2200 (non-class sm): after allocation: 1 chunk(s), current:@0x00007f8f2d80b248, u, base 0x0000000171000000, level lv02 (524288), used: 5104, committed: 8192, committed-free: 3088
[0.186s][trace][metaspace              ] Arena @0x00006000016b2200 (non-class sm): returning 0x0000000171009f48.
[0.186s][trace][metaspace              ] Metaspace::allocate: type 13 return 0x0000000171009f48.
[0.186s][trace][metaspace              ] Arena @0x00006000016b2200 (non-class sm): requested 7 words.
[0.186s][trace][metaspace              ] Arena @0x00006000016b2200 (non-class sm): after allocation: 1 chunk(s), current:@0x00007f8f2d80b248, u, base 0x0000000171000000, level lv02 (524288), used: 5111, committed: 8192, committed-free: 3081
[0.186s][trace][metaspace              ] Arena @0x00006000016b2200 (non-class sm): returning 0x0000000171009f80.
[0.186s][trace][metaspace              ] Metaspace::allocate: type 13 return 0x0000000171009f80.
[0.186s][debug][class,resolve          ] jdk.internal.module.ModuleBootstrap jdk.internal.misc.CDS ModuleBootstrap.java:169
[0.186s][trace][metaspace              ] Arena @0x00006000016b2200 (non-class sm): requested 7 words.
[0.186s][trace][metaspace              ] Arena @0x00006000016b2200 (non-class sm): after allocation: 1 chunk(s), current:@0x00007f8f2d80b248, u, base 0x0000000171000000, level lv02 (524288), used: 5118, committed: 8192, committed-free: 3074
[0.186s][trace][metaspace              ] Arena @0x00006000016b2200 (non-class sm): returning 0x0000000171009fb8.
[0.186s][trace][metaspace              ] Metaspace::allocate: type 13 return 0x0000000171009fb8.
[0.186s][debug][jni,resolve            ] [Dynamic-linking native method jdk.internal.misc.CDS.defineArchivedModules ... JNI]
[0.186s][debug][cds,heap               ] Clearing root 2084: was 0x00000007ffb54ff8
[0.186s][debug][cds,heap               ] Clearing root 2085: was 0x00000007ffb5b250
[0.186s][debug][cds,heap               ] Clearing root 2086: was 0x00000007ffb54c38
[0.186s][debug][cds,heap               ] Clearing root 2087: was 0x00000007ffb58ed0
[0.186s][debug][cds,heap               ] Clearing root 2088: was 0x00000007ffb5ad88
[0.186s][debug][cds,heap               ] Clearing root 2089: was 0x00000007ffb5b148
[0.186s][debug][cds,heap               ] Clearing root 2090: was 0x00000007ffb5a9a8
[0.186s][debug][cds,heap               ] Clearing root 2091: was 0x00000007ffb60468
[0.186s][debug][cds,heap               ] Clearing root 2092: was 0x00000007ffb61f78
[0.186s][debug][cds,heap               ] Clearing root 2093: was 0x00000007ffb60dc0
[0.186s][debug][cds,heap               ] Clearing root 2094: was 0x00000007ffb64cf0
[0.186s][debug][cds,heap               ] Clearing root 2095: was 0x00000007ffb64f78
[0.186s][debug][cds,heap               ] Clearing root 2096: was 0x00000007ffb5b000
[0.186s][debug][cds,heap               ] Clearing root 2097: was 0x00000007ffb5cbb0
[0.186s][debug][cds,heap               ] Clearing root 2098: was 0x00000007ffb5cf78
[0.186s][debug][cds,heap               ] Clearing root 2099: was 0x00000007ffb62dc0
[0.186s][debug][cds,heap               ] Clearing root 2100: was 0x00000007ffb5d730
[0.186s][debug][cds,heap               ] Clearing root 2101: was 0x00000007ffb5e7f0
[0.186s][debug][cds,heap               ] Clearing root 2102: was 0x00000007ffb58a30
[0.186s][debug][cds,heap               ] Clearing root 2103: was 0x00000007ffb54f10
[0.186s][debug][cds,heap               ] Clearing root 2104: was 0x00000007ffb5c280
[0.186s][debug][oopstorage,blocks      ] VM Weak: new block 0x00007f8f4e00c000
[0.186s][trace][oopstorage,blocks      ] VM Weak: block not empty 0x00007f8f4e00c000
[0.186s][trace][oopstorage,ref         ] VM Weak: allocated 0x00007f8f4e00c000
[0.186s][trace][class,loader,data      ] create loader data: 0x00006000032a43c0 for instance a 'jdk/internal/loader/ClassLoaders$PlatformClassLoader'{0x00000007ffb55710}
[0.186s][debug][cds,heap               ] Clearing root 2105: was 0x00000007ffb607b0
[0.186s][debug][cds,heap               ] Clearing root 2106: was 0x00000007ffb62920
[0.186s][debug][cds,heap               ] Clearing root 2107: was 0x00000007ffb58570
[0.186s][debug][cds,heap               ] Clearing root 2108: was 0x00000007ffb62bf8
[0.186s][debug][cds,heap               ] Clearing root 2109: was 0x00000007ffb5b610
[0.186s][debug][cds,heap               ] Clearing root 2110: was 0x00000007ffb63220
[0.186s][debug][cds,heap               ] Clearing root 2111: was 0x00000007ffb630b8
[0.186s][debug][cds,heap               ] Clearing root 2112: was 0x00000007ffb65c10
[0.186s][debug][cds,heap               ] Clearing root 2113: was 0x00000007ffb5c5e8
[0.186s][debug][cds,heap               ] Clearing root 2114: was 0x00000007ffb608b8
[0.186s][debug][cds,heap               ] Clearing root 2115: was 0x00000007ffb61948
[0.186s][debug][cds,heap               ] Clearing root 2116: was 0x00000007ffb5b9b8
[0.186s][debug][cds,heap               ] Clearing root 2117: was 0x00000007ffb58da8
[0.186s][debug][cds,heap               ] Clearing root 2118: was 0x00000007ffb5b4c8
[0.186s][debug][cds,heap               ] Clearing root 2119: was 0x00000007ffb61dc0
[0.186s][debug][cds,heap               ] Clearing root 2120: was 0x00000007ffb66b80
[0.186s][debug][cds,heap               ] Clearing root 2121: was 0x00000007ffb670a8
[0.186s][debug][cds,heap               ] Clearing root 2122: was 0x00000007ffb63368
[0.186s][debug][cds,heap               ] Clearing root 2123: was 0x00000007ffb662e0
[0.186s][debug][cds,heap               ] Clearing root 2124: was 0x00000007ffb666f0
[0.186s][debug][cds,heap               ] Clearing root 2125: was 0x00000007ffb66078
[0.186s][debug][cds,heap               ] Clearing root 2126: was 0x00000007ffb664e8
[0.186s][trace][oopstorage,ref         ] VM Weak: allocated 0x00007f8f4e00c008
[0.186s][trace][class,loader,data      ] create loader data: 0x00006000032a4460 for instance a 'jdk/internal/loader/ClassLoaders$AppClassLoader'{0x00000007ffb556a8}
[0.186s][debug][cds,heap               ] Clearing root 2127: was 0x00000007ffb5fe80
[0.186s][debug][cds,heap               ] Clearing root 2128: was 0x00000007ffb5ebf0
[0.186s][debug][cds,heap               ] Clearing root 2129: was 0x00000007ffb55670
[0.186s][debug][cds,heap               ] Clearing root 2130: was 0x00000007ffb59a18
[0.186s][debug][cds,heap               ] Clearing root 2131: was 0x00000007ffb5a560
[0.186s][debug][cds,heap               ] Clearing root 2132: was 0x00000007ffb61630
[0.186s][debug][cds,heap               ] Clearing root 2133: was 0x00000007ffb5a668
[0.186s][debug][cds,heap               ] Clearing root 2134: was 0x00000007ffb61308
[0.186s][debug][cds,heap               ] Clearing root 2135: was 0x00000007ffb5ac20
[0.186s][debug][cds,heap               ] Clearing root 2136: was 0x00000007ffb66978
[0.186s][debug][cds,heap               ] Clearing root 2137: was 0x00000007ffb5a8a0
[0.186s][debug][cds,heap               ] Clearing root 2138: was 0x00000007ffb58928
[0.186s][debug][cds,heap               ] Clearing root 2139: was 0x00000007ffb5ecf8
[0.186s][debug][cds,heap               ] Clearing root 2140: was 0x00000007ffb5e340
[0.186s][debug][cds,heap               ] Clearing root 2141: was 0x00000007ffb5e578
[0.186s][debug][cds,heap               ] Clearing root 2142: was 0x00000007ffb59b20
[0.186s][debug][cds,heap               ] Clearing root 2143: was 0x00000007ffb5e9b8
[0.186s][debug][cds,heap               ] Clearing root 2144: was 0x00000007ffb5e118
[0.186s][debug][cds,heap               ] Clearing root 2145: was 0x00000007ffb5a458
[0.187s][debug][class,resolve          ] jdk.internal.module.ModuleBootstrap jdk.internal.access.JavaLangAccess ModuleBootstrap.java:173
[0.187s][trace][metaspace              ] Arena @0x00006000016b2200 (non-class sm): requested 7 words.
[0.187s][trace][metaspace              ] Arena @0x00006000016b2200 (non-class sm): after allocation: 1 chunk(s), current:@0x00007f8f2d80b248, u, base 0x0000000171000000, level lv02 (524288), used: 5125, committed: 8192, committed-free: 3067
[0.187s][trace][metaspace              ] Arena @0x00006000016b2200 (non-class sm): returning 0x0000000171009ff0.
[0.187s][trace][metaspace              ] Metaspace::allocate: type 13 return 0x0000000171009ff0.
[0.187s][debug][class,resolve          ] java.lang.System$2 java.lang.ModuleLayer System.java:2384
[0.187s][trace][metaspace              ] Arena @0x00006000016b2200 (non-class sm): requested 7 words.
[0.187s][trace][metaspace              ] Arena @0x00006000016b2200 (non-class sm): after allocation: 1 chunk(s), current:@0x00007f8f2d80b248, u, base 0x0000000171000000, level lv02 (524288), used: 5132, committed: 8192, committed-free: 3060
[0.187s][trace][metaspace              ] Arena @0x00006000016b2200 (non-class sm): returning 0x000000017100a028.
[0.187s][trace][metaspace              ] Metaspace::allocate: type 13 return 0x000000017100a028.
[0.187s][trace][metaspace              ] Arena @0x00006000016b2200 (non-class sm): requested 7 words.
[0.187s][trace][metaspace              ] Arena @0x00006000016b2200 (non-class sm): after allocation: 1 chunk(s), current:@0x00007f8f2d80b248, u, base 0x0000000171000000, level lv02 (524288), used: 5139, committed: 8192, committed-free: 3053
[0.187s][trace][metaspace              ] Arena @0x00006000016b2200 (non-class sm): returning 0x000000017100a060.
[0.187s][trace][metaspace              ] Metaspace::allocate: type 13 return 0x000000017100a060.
[0.187s][debug][class,resolve          ] java.lang.ModuleLayer java.util.concurrent.CopyOnWriteArrayList ModuleLayer.java:965
[0.187s][trace][metaspace              ] Arena @0x00006000016b2200 (non-class sm): requested 7 words.
[0.187s][trace][metaspace              ] Arena @0x00006000016b2200 (non-class sm): after allocation: 1 chunk(s), current:@0x00007f8f2d80b248, u, base 0x0000000171000000, level lv02 (524288), used: 5146, committed: 8192, committed-free: 3046
[0.187s][trace][metaspace              ] Arena @0x00006000016b2200 (non-class sm): returning 0x000000017100a098.
[0.187s][trace][metaspace              ] Metaspace::allocate: type 13 return 0x000000017100a098.
[0.187s][debug][class,resolve          ] java.util.concurrent.CopyOnWriteArrayList java.lang.Object CopyOnWriteArrayList.java:125
[0.187s][trace][metaspace              ] Arena @0x00006000016b2200 (non-class sm): requested 7 words.
[0.187s][trace][metaspace              ] Arena @0x00006000016b2200 (non-class sm): after allocation: 1 chunk(s), current:@0x00007f8f2d80b248, u, base 0x0000000171000000, level lv02 (524288), used: 5153, committed: 8192, committed-free: 3039
[0.187s][trace][metaspace              ] Arena @0x00006000016b2200 (non-class sm): returning 0x000000017100a0d0.
[0.187s][trace][metaspace              ] Metaspace::allocate: type 13 return 0x000000017100a0d0.
[0.187s][debug][class,resolve          ] java.lang.ModuleLayer java.util.List ModuleLayer.java:969
[0.187s][trace][metaspace              ] Arena @0x00006000016b2200 (non-class sm): requested 7 words.
[0.187s][trace][metaspace              ] Arena @0x00006000016b2200 (non-class sm): after allocation: 1 chunk(s), current:@0x00007f8f2d80b248, u, base 0x0000000171000000, level lv02 (524288), used: 5160, committed: 8192, committed-free: 3032
[0.187s][trace][metaspace              ] Arena @0x00006000016b2200 (non-class sm): returning 0x000000017100a108.
[0.187s][trace][metaspace              ] Metaspace::allocate: type 13 return 0x000000017100a108.
[0.187s][trace][metaspace              ] Arena @0x00006000016b2200 (non-class sm): requested 7 words.
[0.187s][trace][metaspace              ] Arena @0x00006000016b2200 (non-class sm): after allocation: 1 chunk(s), current:@0x00007f8f2d80b248, u, base 0x0000000171000000, level lv02 (524288), used: 5167, committed: 8192, committed-free: 3025
[0.187s][trace][metaspace              ] Arena @0x00006000016b2200 (non-class sm): returning 0x000000017100a140.
[0.187s][trace][metaspace              ] Metaspace::allocate: type 13 return 0x000000017100a140.
[0.187s][debug][class,resolve          ] java.util.concurrent.CopyOnWriteArrayList java.util.Arrays CopyOnWriteArrayList.java:432
[0.187s][trace][metaspace              ] Arena @0x00006000016b2200 (non-class sm): requested 7 words.
[0.187s][trace][metaspace              ] Arena @0x00006000016b2200 (non-class sm): after allocation: 1 chunk(s), current:@0x00007f8f2d80b248, u, base 0x0000000171000000, level lv02 (524288), used: 5174, committed: 8192, committed-free: 3018
[0.187s][trace][metaspace              ] Arena @0x00006000016b2200 (non-class sm): returning 0x000000017100a178.
[0.187s][trace][metaspace              ] Metaspace::allocate: type 13 return 0x000000017100a178.
[0.187s][debug][class,resolve          ] java.util.Arrays java.lang.Object Arrays.java:3481
[0.187s][trace][metaspace              ] Arena @0x00006000016b2200 (non-class sm): requested 7 words.
[0.187s][trace][metaspace              ] Arena @0x00006000016b2200 (non-class sm): after allocation: 1 chunk(s), current:@0x00007f8f2d80b248, u, base 0x0000000171000000, level lv02 (524288), used: 5181, committed: 8192, committed-free: 3011
[0.187s][trace][metaspace              ] Arena @0x00006000016b2200 (non-class sm): returning 0x000000017100a1b0.
[0.187s][trace][metaspace              ] Metaspace::allocate: type 13 return 0x000000017100a1b0.
[0.187s][debug][class,resolve          ] java.util.Arrays [Ljava.lang.Object; Arrays.java:3511
[0.187s][trace][metaspace              ] Arena @0x00006000016b2200 (non-class sm): requested 7 words.
[0.187s][trace][metaspace              ] Arena @0x00006000016b2200 (non-class sm): after allocation: 1 chunk(s), current:@0x00007f8f2d80b248, u, base 0x0000000171000000, level lv02 (524288), used: 5188, committed: 8192, committed-free: 3004
[0.187s][trace][metaspace              ] Arena @0x00006000016b2200 (non-class sm): returning 0x000000017100a1e8.
[0.187s][trace][metaspace              ] Metaspace::allocate: type 13 return 0x000000017100a1e8.
[0.187s][trace][monitorinflation,owner ] try_set_owner_from(): mid=0x00006000038b0340, prev=0x0000000000000000, new=0x00007f8f4f008800
[0.187s][trace][monitorinflation,owner ] release_clear_owner(): mid=0x00006000038b0340, old_value=0x00007f8f4f008800
[0.187s][info ][startuptime            ] Initialize module system, 0.0296181 secs
[0.187s][trace][arguments              ] Memory size (original) 10485760 B (user defined: false)
[0.187s][trace][arguments              ] Memory size (adjusted) 10485760 B (modified: false)
[0.187s][trace][arguments              ] Memory size (adjustment) +0 B
[0.187s][trace][arguments              ] Global buffer size (original) 524288 B (user defined: false)
[0.187s][trace][arguments              ] Global buffer size (adjusted) 524288 B (modified: false)
[0.187s][trace][arguments              ] Global buffer size (adjustment) +0 B
[0.187s][trace][arguments              ] Thread local buffer size (original) 8192 B (user defined: false)
[0.187s][trace][arguments              ] Thread local buffer size (adjusted) 8192 B (modified: false)
[0.187s][trace][arguments              ] Thread local buffer size (adjustment) +0 B
[0.187s][trace][arguments              ] Number of global buffers (original) 20 (user defined: false)
[0.187s][trace][arguments              ] Number of global buffers (adjusted) 20 (modified: false)
[0.187s][trace][arguments              ] Number of global buffers (adjustment) +0
[0.187s][trace][metaspace              ] Arena @0x00006000016b2200 (non-class sm): requested 7 words.
[0.187s][trace][metaspace              ] Arena @0x00006000016b2200 (non-class sm): after allocation: 1 chunk(s), current:@0x00007f8f2d80b248, u, base 0x0000000171000000, level lv02 (524288), used: 5195, committed: 8192, committed-free: 2997
[0.187s][trace][metaspace              ] Arena @0x00006000016b2200 (non-class sm): returning 0x000000017100a220.
[0.187s][trace][metaspace              ] Metaspace::allocate: type 13 return 0x000000017100a220.
[0.187s][debug][class,resolve          ] java.lang.System jdk.internal.misc.Unsafe System.java:2193
[0.187s][debug][class,load,placeholders] find_and_add LOAD_INSTANCE 'java/lang/invoke/StringConcatFactory', loader loader data: 0x00006000032ac000 of 'bootstrap'
[0.187s][debug][class,load,placeholders] loadInstanceThreadQ threads:0x00007f8f4f008800, 
[0.187s][debug][class,load,placeholders] superThreadQ threads:
[0.187s][debug][class,load,placeholders] defineThreadQ threads:
[0.187s][trace][cds,unshareable        ] restore: java.lang.invoke.StringConcatFactory
[0.187s][trace][class,loader,data      ] Adding k: 0x00000001300200d0 java.lang.invoke.StringConcatFactory to loader data: 0x00006000032ac000 of 'bootstrap'
[0.187s][debug][cds,mirror             ] java.lang.invoke.StringConcatFactory has raw archived mirror
[0.187s][debug][cds,heap               ] Clearing root 432: was 0x00000007ffb0c150
[0.187s][debug][cds,mirror             ] Archived mirror is: 0x00000007ffb0c150
[0.187s][trace][cds,heap,mirror        ] Restored java.lang.invoke.StringConcatFactory archived mirror 0x00000007ffb0c150
[0.187s][debug][cds,heap               ] Clearing root 433: was 0x00000007ffb0c228
[0.187s][info ][class,load             ] java.lang.invoke.StringConcatFactory source: shared objects file
[0.187s][debug][class,load             ]  klass: 0x00000001300200d0 super: 0x0000000130000db8 loader: [loader data: 0x00006000032ac000 of 'bootstrap']
[0.187s][debug][class,load,placeholders] find_and_add DEFINE_CLASS 'java/lang/invoke/StringConcatFactory', loader loader data: 0x00006000032ac000 of 'bootstrap'
[0.187s][debug][class,load,placeholders] loadInstanceThreadQ threads:0x00007f8f4f008800, 
[0.187s][debug][class,load,placeholders] superThreadQ threads:
[0.187s][debug][class,load,placeholders] defineThreadQ threads:0x00007f8f4f008800, 
[0.187s][debug][class,load,placeholders] find_and_remove DEFINE_CLASS 'java/lang/invoke/StringConcatFactory', loader loader data: 0x00006000032ac000 of 'bootstrap', InstanceKlass 'java/lang/invoke/StringConcatFactory'
[0.187s][debug][class,load,placeholders] loadInstanceThreadQ threads:0x00007f8f4f008800, 
[0.187s][debug][class,load,placeholders] superThreadQ threads:
[0.187s][debug][class,load,placeholders] defineThreadQ threads:0x00007f8f4f008800, 
[0.188s][debug][class,load,placeholders] find_and_remove LOAD_INSTANCE 'java/lang/invoke/StringConcatFactory', loader loader data: 0x00006000032ac000 of 'bootstrap', InstanceKlass 'java/lang/invoke/StringConcatFactory'
[0.188s][debug][class,load,placeholders] loadInstanceThreadQ threads:0x00007f8f4f008800, 
[0.188s][debug][class,load,placeholders] superThreadQ threads:
[0.188s][debug][class,load,placeholders] defineThreadQ threads:
[0.188s][debug][class,resolve          ] java.lang.System java.lang.invoke.StringConcatFactory System.java:2193
[0.188s][info ][class,init             ] 237 Initializing 'java/lang/invoke/StringConcatFactory' (0x00000001300200d0)
[0.188s][trace][metaspace              ] Arena @0x00006000016b2200 (non-class sm): requested 7 words.
[0.188s][trace][metaspace              ] Arena @0x00006000016b2200 (non-class sm): after allocation: 1 chunk(s), current:@0x00007f8f2d80b248, u, base 0x0000000171000000, level lv02 (524288), used: 5202, committed: 8192, committed-free: 2990
[0.188s][trace][metaspace              ] Arena @0x00006000016b2200 (non-class sm): returning 0x000000017100a258.
[0.188s][trace][metaspace              ] Metaspace::allocate: type 13 return 0x000000017100a258.
[0.188s][debug][class,resolve          ] java.lang.invoke.StringConcatFactory java.lang.Class StringConcatFactory.java:100
[0.188s][debug][class,resolve          ] java.lang.invoke.StringConcatFactory jdk.internal.access.SharedSecrets StringConcatFactory.java:121
[0.188s][debug][class,load,placeholders] find_and_add LOAD_INSTANCE 'java/lang/invoke/StringConcatFactory$1', loader loader data: 0x00006000032ac000 of 'bootstrap'
[0.188s][debug][class,load,placeholders] loadInstanceThreadQ threads:0x00007f8f4f008800, 
[0.188s][debug][class,load,placeholders] superThreadQ threads:
[0.188s][debug][class,load,placeholders] defineThreadQ threads:
[0.188s][trace][cds,unshareable        ] restore: java.lang.invoke.StringConcatFactory$1
[0.188s][trace][class,loader,data      ] Adding k: 0x0000000130227db0 java.lang.invoke.StringConcatFactory$1 to loader data: 0x00006000032ac000 of 'bootstrap'
[0.188s][debug][cds,mirror             ] java.lang.invoke.StringConcatFactory$1 has raw archived mirror
[0.188s][debug][cds,heap               ] Clearing root 1069: was 0x00000007ffb1ef38
[0.188s][debug][cds,mirror             ] Archived mirror is: 0x00000007ffb1ef38
[0.188s][trace][cds,heap,mirror        ] Restored java.lang.invoke.StringConcatFactory$1 archived mirror 0x00000007ffb1ef38
[0.188s][debug][cds,heap               ] Clearing root 1070: was 0x00000007ffb1efa8
[0.188s][info ][class,load             ] java.lang.invoke.StringConcatFactory$1 source: shared objects file
[0.188s][debug][class,load             ]  klass: 0x0000000130227db0 super: 0x0000000130000db8 interfaces: 0x00000001300614e0 loader: [loader data: 0x00006000032ac000 of 'bootstrap']
[0.188s][debug][class,load,placeholders] find_and_add DEFINE_CLASS 'java/lang/invoke/StringConcatFactory$1', loader loader data: 0x00006000032ac000 of 'bootstrap'
[0.188s][debug][class,load,placeholders] loadInstanceThreadQ threads:0x00007f8f4f008800, 
[0.188s][debug][class,load,placeholders] superThreadQ threads:
[0.188s][debug][class,load,placeholders] defineThreadQ threads:0x00007f8f4f008800, 
[0.188s][debug][class,load,placeholders] find_and_remove DEFINE_CLASS 'java/lang/invoke/StringConcatFactory$1', loader loader data: 0x00006000032ac000 of 'bootstrap', InstanceKlass 'java/lang/invoke/StringConcatFactory$1'
[0.188s][debug][class,load,placeholders] loadInstanceThreadQ threads:0x00007f8f4f008800, 
[0.188s][debug][class,load,placeholders] superThreadQ threads:
[0.188s][debug][class,load,placeholders] defineThreadQ threads:0x00007f8f4f008800, 
[0.188s][debug][class,load,placeholders] find_and_remove LOAD_INSTANCE 'java/lang/invoke/StringConcatFactory$1', loader loader data: 0x00006000032ac000 of 'bootstrap', InstanceKlass 'java/lang/invoke/StringConcatFactory$1'
[0.188s][debug][class,load,placeholders] loadInstanceThreadQ threads:0x00007f8f4f008800, 
[0.188s][debug][class,load,placeholders] superThreadQ threads:
[0.188s][debug][class,load,placeholders] defineThreadQ threads:
[0.188s][debug][class,resolve          ] java.lang.invoke.StringConcatFactory java.lang.invoke.StringConcatFactory$1 StringConcatFactory.java:643
[0.188s][info ][class,init             ] 238 Initializing 'java/util/function/Function'(no method) (0x00000001300614e0)
[0.188s][info ][class,init             ] 239 Initializing 'java/lang/invoke/StringConcatFactory$1'(no method) (0x0000000130227db0)
[0.188s][trace][metaspace              ] Arena @0x00006000016b2200 (non-class sm): requested 7 words.
[0.188s][trace][metaspace              ] Arena @0x00006000016b2200 (non-class sm): after allocation: 1 chunk(s), current:@0x00007f8f2d80b248, u, base 0x0000000171000000, level lv02 (524288), used: 5209, committed: 8192, committed-free: 2983
[0.188s][trace][metaspace              ] Arena @0x00006000016b2200 (non-class sm): returning 0x000000017100a290.
[0.188s][trace][metaspace              ] Metaspace::allocate: type 13 return 0x000000017100a290.
[0.188s][debug][class,resolve          ] java.lang.invoke.StringConcatFactory$1 java.lang.Object StringConcatFactory.java:643
[0.188s][debug][class,load,placeholders] find_and_add LOAD_INSTANCE 'java/lang/invoke/StringConcatFactory$2', loader loader data: 0x00006000032ac000 of 'bootstrap'
[0.188s][debug][class,load,placeholders] loadInstanceThreadQ threads:0x00007f8f4f008800, 
[0.188s][debug][class,load,placeholders] superThreadQ threads:
[0.188s][debug][class,load,placeholders] defineThreadQ threads:
[0.188s][trace][cds,unshareable        ] restore: java.lang.invoke.StringConcatFactory$2
[0.188s][trace][class,loader,data      ] Adding k: 0x0000000130228358 java.lang.invoke.StringConcatFactory$2 to loader data: 0x00006000032ac000 of 'bootstrap'
[0.188s][debug][cds,mirror             ] java.lang.invoke.StringConcatFactory$2 has raw archived mirror
[0.188s][debug][cds,heap               ] Clearing root 1071: was 0x00000007ffb1efc0
[0.188s][debug][cds,mirror             ] Archived mirror is: 0x00000007ffb1efc0
[0.188s][trace][cds,heap,mirror        ] Restored java.lang.invoke.StringConcatFactory$2 archived mirror 0x00000007ffb1efc0
[0.188s][info ][class,load             ] java.lang.invoke.StringConcatFactory$2 source: shared objects file
[0.188s][debug][class,load             ]  klass: 0x0000000130228358 super: 0x0000000130000db8 interfaces: 0x00000001300614e0 loader: [loader data: 0x00006000032ac000 of 'bootstrap']
[0.188s][debug][class,load,placeholders] find_and_add DEFINE_CLASS 'java/lang/invoke/StringConcatFactory$2', loader loader data: 0x00006000032ac000 of 'bootstrap'
[0.188s][debug][class,load,placeholders] loadInstanceThreadQ threads:0x00007f8f4f008800, 
[0.188s][debug][class,load,placeholders] superThreadQ threads:
[0.188s][debug][class,load,placeholders] defineThreadQ threads:0x00007f8f4f008800, 
[0.188s][debug][class,load,placeholders] find_and_remove DEFINE_CLASS 'java/lang/invoke/StringConcatFactory$2', loader loader data: 0x00006000032ac000 of 'bootstrap', InstanceKlass 'java/lang/invoke/StringConcatFactory$2'
[0.188s][debug][class,load,placeholders] loadInstanceThreadQ threads:0x00007f8f4f008800, 
[0.188s][debug][class,load,placeholders] superThreadQ threads:
[0.188s][debug][class,load,placeholders] defineThreadQ threads:0x00007f8f4f008800, 
[0.188s][debug][class,load,placeholders] find_and_remove LOAD_INSTANCE 'java/lang/invoke/StringConcatFactory$2', loader loader data: 0x00006000032ac000 of 'bootstrap', InstanceKlass 'java/lang/invoke/StringConcatFactory$2'
[0.188s][debug][class,load,placeholders] loadInstanceThreadQ threads:0x00007f8f4f008800, 
[0.188s][debug][class,load,placeholders] superThreadQ threads:
[0.188s][debug][class,load,placeholders] defineThreadQ threads:
[0.188s][debug][class,resolve          ] java.lang.invoke.StringConcatFactory java.lang.invoke.StringConcatFactory$2 StringConcatFactory.java:653
[0.188s][info ][class,init             ] 240 Initializing 'java/lang/invoke/StringConcatFactory$2'(no method) (0x0000000130228358)
[0.188s][trace][metaspace              ] Arena @0x00006000016b2200 (non-class sm): requested 7 words.
[0.188s][trace][metaspace              ] Arena @0x00006000016b2200 (non-class sm): after allocation: 1 chunk(s), current:@0x00007f8f2d80b248, u, base 0x0000000171000000, level lv02 (524288), used: 5216, committed: 8192, committed-free: 2976
[0.188s][trace][metaspace              ] Arena @0x00006000016b2200 (non-class sm): returning 0x000000017100a2c8.
[0.188s][trace][metaspace              ] Metaspace::allocate: type 13 return 0x000000017100a2c8.
[0.188s][debug][class,resolve          ] java.lang.invoke.StringConcatFactory$2 java.lang.Object StringConcatFactory.java:653
[0.188s][debug][class,load,placeholders] find_and_add LOAD_INSTANCE 'java/lang/invoke/StringConcatFactory$3', loader loader data: 0x00006000032ac000 of 'bootstrap'
[0.188s][debug][class,load,placeholders] loadInstanceThreadQ threads:0x00007f8f4f008800, 
[0.188s][debug][class,load,placeholders] superThreadQ threads:
[0.188s][debug][class,load,placeholders] defineThreadQ threads:
[0.188s][trace][cds,unshareable        ] restore: java.lang.invoke.StringConcatFactory$3
[0.188s][trace][class,loader,data      ] Adding k: 0x00000001301c2420 java.lang.invoke.StringConcatFactory$3 to loader data: 0x00006000032ac000 of 'bootstrap'
[0.188s][debug][cds,mirror             ] java.lang.invoke.StringConcatFactory$3 has raw archived mirror
[0.188s][debug][cds,heap               ] Clearing root 1072: was 0x00000007ffb1f030
[0.188s][debug][cds,mirror             ] Archived mirror is: 0x00000007ffb1f030
[0.188s][trace][cds,heap,mirror        ] Restored java.lang.invoke.StringConcatFactory$3 archived mirror 0x00000007ffb1f030
[0.188s][debug][cds,heap               ] Clearing root 1073: was 0x00000007ffb1f0a0
[0.189s][info ][class,load             ] java.lang.invoke.StringConcatFactory$3 source: shared objects file
[0.189s][debug][class,load             ]  klass: 0x00000001301c2420 super: 0x0000000130000db8 interfaces: 0x00000001300614e0 loader: [loader data: 0x00006000032ac000 of 'bootstrap']
[0.189s][debug][class,load,placeholders] find_and_add DEFINE_CLASS 'java/lang/invoke/StringConcatFactory$3', loader loader data: 0x00006000032ac000 of 'bootstrap'
[0.189s][debug][class,load,placeholders] loadInstanceThreadQ threads:0x00007f8f4f008800, 
[0.189s][debug][class,load,placeholders] superThreadQ threads:
[0.189s][debug][class,load,placeholders] defineThreadQ threads:0x00007f8f4f008800, 
[0.189s][debug][class,load,placeholders] find_and_remove DEFINE_CLASS 'java/lang/invoke/StringConcatFactory$3', loader loader data: 0x00006000032ac000 of 'bootstrap', InstanceKlass 'java/lang/invoke/StringConcatFactory$3'
[0.189s][debug][class,load,placeholders] loadInstanceThreadQ threads:0x00007f8f4f008800, 
[0.189s][debug][class,load,placeholders] superThreadQ threads:
[0.189s][debug][class,load,placeholders] defineThreadQ threads:0x00007f8f4f008800, 
[0.189s][debug][class,load,placeholders] find_and_remove LOAD_INSTANCE 'java/lang/invoke/StringConcatFactory$3', loader loader data: 0x00006000032ac000 of 'bootstrap', InstanceKlass 'java/lang/invoke/StringConcatFactory$3'
[0.189s][debug][class,load,placeholders] loadInstanceThreadQ threads:0x00007f8f4f008800, 
[0.189s][debug][class,load,placeholders] superThreadQ threads:
[0.189s][debug][class,load,placeholders] defineThreadQ threads:
[0.189s][debug][class,resolve          ] java.lang.invoke.StringConcatFactory java.lang.invoke.StringConcatFactory$3 StringConcatFactory.java:661
[0.189s][info ][class,init             ] 241 Initializing 'java/lang/invoke/StringConcatFactory$3'(no method) (0x00000001301c2420)
[0.189s][trace][metaspace              ] Arena @0x00006000016b2200 (non-class sm): requested 7 words.
[0.189s][trace][metaspace              ] Arena @0x00006000016b2200 (non-class sm): after allocation: 1 chunk(s), current:@0x00007f8f2d80b248, u, base 0x0000000171000000, level lv02 (524288), used: 5223, committed: 8192, committed-free: 2969
[0.189s][trace][metaspace              ] Arena @0x00006000016b2200 (non-class sm): returning 0x000000017100a300.
[0.189s][trace][metaspace              ] Metaspace::allocate: type 13 return 0x000000017100a300.
[0.189s][debug][class,resolve          ] java.lang.invoke.StringConcatFactory$3 java.lang.Object StringConcatFactory.java:661
[0.189s][debug][class,resolve          ] java.lang.invoke.StringConcatFactory jdk.internal.access.JavaLangAccess StringConcatFactory.java:822
[0.189s][trace][metaspace              ] Arena @0x00006000016b2200 (non-class sm): requested 7 words.
[0.189s][trace][metaspace              ] Arena @0x00006000016b2200 (non-class sm): after allocation: 1 chunk(s), current:@0x00007f8f2d80b248, u, base 0x0000000171000000, level lv02 (524288), used: 5230, committed: 8192, committed-free: 2962
[0.189s][trace][metaspace              ] Arena @0x00006000016b2200 (non-class sm): returning 0x000000017100a338.
[0.189s][trace][metaspace              ] Metaspace::allocate: type 13 return 0x000000017100a338.
[0.189s][debug][class,resolve          ] java.lang.System$2 java.lang.StringConcatHelper System.java:2434
[0.189s][debug][class,resolve          ] java.lang.invoke.StringConcatFactory java.util.concurrent.ConcurrentHashMap StringConcatFactory.java:823
[0.189s][trace][monitorinflation,owner ] try_set_owner_from(): mid=0x00006000038b0340, prev=0x0000000000000000, new=0x00007f8f4f008800
[0.189s][trace][monitorinflation,owner ] release_clear_owner(): mid=0x00006000038b0340, old_value=0x00007f8f4f008800
[0.189s][debug][class,resolve          ] java.lang.System java.lang.ClassLoader System.java:2250
[0.189s][trace][metaspace              ] Arena @0x00006000016b2200 (non-class sm): requested 7 words.
[0.189s][trace][metaspace              ] Arena @0x00006000016b2200 (non-class sm): after allocation: 1 chunk(s), current:@0x00007f8f2d80b248, u, base 0x0000000171000000, level lv02 (524288), used: 5237, committed: 8192, committed-free: 2955
[0.189s][trace][metaspace              ] Arena @0x00006000016b2200 (non-class sm): returning 0x000000017100a370.
[0.189s][trace][metaspace              ] Metaspace::allocate: type 13 return 0x000000017100a370.
[0.189s][debug][class,resolve          ] java.lang.ClassLoader jdk.internal.misc.VM ClassLoader.java:1969
[0.189s][trace][metaspace              ] Arena @0x00006000016b2200 (non-class sm): requested 7 words.
[0.189s][trace][metaspace              ] Arena @0x00006000016b2200 (non-class sm): after allocation: 1 chunk(s), current:@0x00007f8f2d80b248, u, base 0x0000000171000000, level lv02 (524288), used: 5244, committed: 8192, committed-free: 2948
[0.189s][trace][metaspace              ] Arena @0x00006000016b2200 (non-class sm): returning 0x000000017100a3a8.
[0.189s][trace][metaspace              ] Metaspace::allocate: type 13 return 0x000000017100a3a8.
[0.189s][debug][class,resolve          ] java.lang.ClassLoader jdk.internal.loader.ClassLoaders ClassLoader.java:1959
[0.189s][debug][class,resolve          ] java.lang.ClassLoader java.lang.System ClassLoader.java:1982
[0.189s][trace][metaspace              ] Arena @0x00006000016b2200 (non-class sm): requested 7 words.
[0.189s][trace][metaspace              ] Arena @0x00006000016b2200 (non-class sm): after allocation: 1 chunk(s), current:@0x00007f8f2d80b248, u, base 0x0000000171000000, level lv02 (524288), used: 5251, committed: 8192, committed-free: 2941
[0.189s][trace][metaspace              ] Arena @0x00006000016b2200 (non-class sm): returning 0x000000017100a3e0.
[0.189s][trace][metaspace              ] Metaspace::allocate: type 13 return 0x000000017100a3e0.
[0.189s][trace][monitorinflation,owner ] try_set_owner_from(): mid=0x00006000038b0340, prev=0x0000000000000000, new=0x00007f8f4f008800
[0.189s][trace][monitorinflation,owner ] release_clear_owner(): mid=0x00006000038b0340, old_value=0x00007f8f4f008800
[0.189s][trace][metaspace              ] Arena @0x00006000016b2200 (non-class sm): requested 7 words.
[0.189s][trace][metaspace              ] Arena @0x00006000016b2200 (non-class sm): after allocation: 1 chunk(s), current:@0x00007f8f2d80b248, u, base 0x0000000171000000, level lv02 (524288), used: 5258, committed: 8192, committed-free: 2934
[0.189s][trace][metaspace              ] Arena @0x00006000016b2200 (non-class sm): returning 0x000000017100a418.
[0.189s][trace][metaspace              ] Metaspace::allocate: type 13 return 0x000000017100a418.
[0.189s][trace][oopstorage,ref         ] VM Global: allocated 0x00007f8f3cf04cd0
[0.189s][trace][metaspace              ] Arena @0x00006000016b2200 (non-class sm): requested 7 words.
[0.189s][trace][metaspace              ] Arena @0x00006000016b2200 (non-class sm): after allocation: 1 chunk(s), current:@0x00007f8f2d80b248, u, base 0x0000000171000000, level lv02 (524288), used: 5265, committed: 8192, committed-free: 2927
[0.189s][trace][metaspace              ] Arena @0x00006000016b2200 (non-class sm): returning 0x000000017100a450.
[0.189s][trace][metaspace              ] Metaspace::allocate: type 13 return 0x000000017100a450.
[0.189s][trace][metaspace              ] Arena @0x00006000016b2200 (non-class sm): requested 7 words.
[0.189s][trace][metaspace              ] Arena @0x00006000016b2200 (non-class sm): after allocation: 1 chunk(s), current:@0x00007f8f2d80b248, u, base 0x0000000171000000, level lv02 (524288), used: 5272, committed: 8192, committed-free: 2920
[0.189s][trace][metaspace              ] Arena @0x00006000016b2200 (non-class sm): returning 0x000000017100a488.
[0.189s][trace][metaspace              ] Metaspace::allocate: type 13 return 0x000000017100a488.
[0.189s][trace][oopstorage,ref         ] VM Global: allocated 0x00007f8f3cf04cd8
[0.189s][info ][os,thread              ] Thread "Unknown thread" started (pthread id: 123145559654400, attributes: stacksize: 1024k, guardsize: 4k, detached). 
[0.189s][trace][oopstorage,ref         ] Thread OopStorage: allocated 0x00007f8f4e205908
[0.189s][debug][thread,smr             ] tid=10243: Threads::add: new ThreadsList=0x00006000003b8780
[0.189s][debug][thread,smr             ] tid=10243: ThreadsSMRSupport::free_list: threads=0x00006000003b8420 is freed.
[0.189s][debug][perf,datacreation      ] name = sun.os.hrt.frequency, dtype = 11, variability = 1, units = 6, dsize = 8, vlen = 0, pad_length = 7, size = 56, on_c_heap = FALSE, address = 0x0000000106f9ca30, data address = 0x0000000106f9ca60
[0.189s][debug][perf,datacreation      ] name = java.property.java.vm.specification.name, dtype = 8, variability = 1, units = 5, dsize = 1, vlen = 35, pad_length = 0, size = 96, on_c_heap = FALSE, address = 0x0000000106f9ca68, data address = 0x0000000106f9caa5
[0.189s][debug][perf,datacreation      ] name = java.property.java.version, dtype = 8, variability = 1, units = 5, dsize = 1, vlen = 8, pad_length = 0, size = 56, on_c_heap = FALSE, address = 0x0000000106f9cac8, data address = 0x0000000106f9caf7
[0.189s][debug][perf,datacreation      ] name = java.property.java.vm.version, dtype = 8, variability = 1, units = 5, dsize = 1, vlen = 18, pad_length = 0, size = 72, on_c_heap = FALSE, address = 0x0000000106f9cb00, data address = 0x0000000106f9cb32
[0.189s][info ][os,thread              ] Thread is alive (tid: 25347, pthread id: 123145559654400).
[0.189s][debug][perf,datacreation      ] name = java.property.java.vm.name, dtype = 8, variability = 1, units = 5, dsize = 1, vlen = 25, pad_length = 0, size = 72, on_c_heap = FALSE, address = 0x0000000106f9cb48, data address = 0x0000000106f9cb77
[0.189s][debug][os,thread              ] Thread 25347 stack dimensions: 0x000070000f46c000-0x000070000f56c000 (1024k).
[0.190s][debug][perf,datacreation      ] name = java.property.java.vm.vendor, dtype = 8, variability = 1, units = 5, dsize = 1, vlen = 17, pad_length = 0, size = 72, on_c_heap = FALSE, address = 0x0000000106f9cb90, data address = 0x0000000106f9cbc1
[0.190s][debug][os,thread              ] Thread 25347 stack guard pages activated: 0x000070000f46c000-0x000070000f470000.
[0.190s][debug][perf,datacreation      ] name = java.property.jdk.debug, dtype = 8, variability = 1, units = 5, dsize = 1, vlen = 8, pad_length = 0, size = 56, on_c_heap = FALSE, address = 0x0000000106f9cbd8, data address = 0x0000000106f9cc04
[0.190s][debug][perf,datacreation      ] name = sun.property.sun.boot.library.path, dtype = 8, variability = 1, units = 5, dsize = 1, vlen = 81, pad_length = 0, size = 136, on_c_heap = FALSE, address = 0x0000000106f9cc10, data address = 0x0000000106f9cc47
[0.190s][debug][perf,datacreation      ] name = java.property.java.vm.specification.version, dtype = 8, variability = 1, units = 5, dsize = 1, vlen = 3, pad_length = 0, size = 72, on_c_heap = FALSE, address = 0x0000000106f9cc98, data address = 0x0000000106f9ccd8
[0.190s][debug][perf,datacreation      ] name = java.property.java.vm.specification.vendor, dtype = 8, variability = 1, units = 5, dsize = 1, vlen = 19, pad_length = 0, size = 88, on_c_heap = FALSE, address = 0x0000000106f9cce0, data address = 0x0000000106f9cd1f
[0.190s][debug][perf,datacreation      ] name = java.property.java.vm.info, dtype = 8, variability = 1, units = 5, dsize = 1, vlen = 20, pad_length = 0, size = 72, on_c_heap = FALSE, address = 0x0000000106f9cd38, data address = 0x0000000106f9cd67
[0.190s][debug][perf,datacreation      ] name = java.property.java.library.path, dtype = 8, variability = 1, units = 5, dsize = 1, vlen = 148, pad_length = 0, size = 200, on_c_heap = FALSE, address = 0x0000000106f9cd80, data address = 0x0000000106f9cdb4
[0.190s][debug][perf,datacreation      ] name = java.property.java.class.path, dtype = 8, variability = 1, units = 5, dsize = 1, vlen = 6, pad_length = 0, size = 56, on_c_heap = FALSE, address = 0x0000000106f9ce48, data address = 0x0000000106f9ce7a
[0.190s][debug][perf,datacreation      ] name = java.property.java.home, dtype = 8, variability = 1, units = 5, dsize = 1, vlen = 77, pad_length = 0, size = 128, on_c_heap = FALSE, address = 0x0000000106f9ce80, data address = 0x0000000106f9ceac
[0.190s][debug][perf,datacreation      ] name = java.rt.vmFlags, dtype = 8, variability = 1, units = 5, dsize = 1, vlen = 1, pad_length = 0, size = 40, on_c_heap = FALSE, address = 0x0000000106f9cf00, data address = 0x0000000106f9cf24
[0.190s][debug][perf,datacreation      ] name = java.rt.vmArgs, dtype = 8, variability = 1, units = 5, dsize = 1, vlen = 39, pad_length = 0, size = 80, on_c_heap = FALSE, address = 0x0000000106f9cf28, data address = 0x0000000106f9cf4b
[0.190s][debug][perf,datacreation      ] name = sun.rt.javaCommand, dtype = 8, variability = 1, units = 5, dsize = 1, vlen = 5, pad_length = 0, size = 48, on_c_heap = FALSE, address = 0x0000000106f9cf78, data address = 0x0000000106f9cf9f
[0.190s][debug][perf,datacreation      ] name = sun.rt.internalVersion, dtype = 8, variability = 1, units = 5, dsize = 1, vlen = 168, pad_length = 0, size = 216, on_c_heap = FALSE, address = 0x0000000106f9cfa8, data address = 0x0000000106f9cfd3
[0.190s][debug][perf,datacreation      ] name = sun.os.hrt.ticks, dtype = 11, variability = 2, units = 3, dsize = 8, vlen = 0, pad_length = 3, size = 48, on_c_heap = FALSE, address = 0x0000000106f9d080, data address = 0x0000000106f9d0a8
[0.190s][debug][class,load,placeholders] find_and_add LOAD_INSTANCE 'jdk/internal/vm/PostVMInitHook', loader loader data: 0x00006000032ac000 of 'bootstrap'
[0.190s][debug][class,load,placeholders] loadInstanceThreadQ threads:0x00007f8f4f008800, 
[0.190s][debug][class,load,placeholders] superThreadQ threads:
[0.190s][debug][class,load,placeholders] defineThreadQ threads:
[0.190s][debug][class,load,placeholders] find_and_remove LOAD_INSTANCE 'jdk/internal/vm/PostVMInitHook', loader loader data: 0x00006000032ac000 of 'bootstrap'
[0.190s][debug][class,load,placeholders] loadInstanceThreadQ threads:0x00007f8f4f008800, 
[0.190s][debug][class,load,placeholders] superThreadQ threads:
[0.190s][debug][class,load,placeholders] defineThreadQ threads:
[0.190s][info ][os,thread              ] Thread "VM Periodic Task Thread" started (pthread id: 123145560715264, attributes: stacksize: 1024k, guardsize: 4k, detached). 
[0.190s][info ][startuptime            ] Create VM, 0.1850466 secs
[0.190s][info ][os,thread              ] Thread is alive (tid: 29699, pthread id: 123145560715264).
[0.190s][debug][os,thread              ] Thread 29699 stack dimensions: 0x000070000f56f000-0x000070000f66f000 (1024k).
[0.190s][debug][class,load,placeholders] find_and_add LOAD_INSTANCE 'sun/launcher/LauncherHelper', loader loader data: 0x00006000032ac000 of 'bootstrap'
[0.190s][debug][class,load,placeholders] loadInstanceThreadQ threads:0x00007f8f4f008800, 
[0.190s][debug][class,load,placeholders] superThreadQ threads:
[0.190s][debug][class,load,placeholders] defineThreadQ threads:
[0.190s][trace][cds,unshareable        ] restore: sun.launcher.LauncherHelper
[0.190s][trace][class,loader,data      ] Adding k: 0x00000001301b0198 sun.launcher.LauncherHelper to loader data: 0x00006000032ac000 of 'bootstrap'
[0.190s][debug][cds,mirror             ] sun.launcher.LauncherHelper has raw archived mirror
[0.190s][debug][cds,heap               ] Clearing root 1914: was 0x00000007ffb33b48
[0.190s][debug][cds,mirror             ] Archived mirror is: 0x00000007ffb33b48
[0.190s][trace][cds,heap,mirror        ] Restored sun.launcher.LauncherHelper archived mirror 0x00000007ffb33b48
[0.190s][debug][cds,heap               ] Clearing root 1915: was 0x00000007ffb33c18
[0.190s][info ][class,load             ] sun.launcher.LauncherHelper source: shared objects file
[0.190s][debug][class,load             ]  klass: 0x00000001301b0198 super: 0x0000000130000db8 loader: [loader data: 0x00006000032ac000 of 'bootstrap']
[0.190s][debug][class,load,placeholders] find_and_add DEFINE_CLASS 'sun/launcher/LauncherHelper', loader loader data: 0x00006000032ac000 of 'bootstrap'
[0.190s][debug][class,load,placeholders] loadInstanceThreadQ threads:0x00007f8f4f008800, 
[0.190s][debug][class,load,placeholders] superThreadQ threads:
[0.190s][debug][class,load,placeholders] defineThreadQ threads:0x00007f8f4f008800, 
[0.190s][debug][class,load,placeholders] find_and_remove DEFINE_CLASS 'sun/launcher/LauncherHelper', loader loader data: 0x00006000032ac000 of 'bootstrap', InstanceKlass 'sun/launcher/LauncherHelper'
[0.190s][debug][class,load,placeholders] loadInstanceThreadQ threads:0x00007f8f4f008800, 
[0.190s][debug][class,load,placeholders] superThreadQ threads:
[0.190s][debug][class,load,placeholders] defineThreadQ threads:0x00007f8f4f008800, 
[0.190s][debug][class,load,placeholders] find_and_remove LOAD_INSTANCE 'sun/launcher/LauncherHelper', loader loader data: 0x00006000032ac000 of 'bootstrap', InstanceKlass 'sun/launcher/LauncherHelper'
[0.190s][debug][class,load,placeholders] loadInstanceThreadQ threads:0x00007f8f4f008800, 
[0.190s][debug][class,load,placeholders] superThreadQ threads:
[0.190s][debug][class,load,placeholders] defineThreadQ threads:
[0.190s][info ][class,init             ] 242 Initializing 'sun/launcher/LauncherHelper' (0x00000001301b0198)
[0.191s][trace][metaspace              ] Arena @0x00006000016b2200 (non-class sm): requested 7 words.
[0.191s][trace][metaspace              ] Arena @0x00006000016b2200 (non-class sm): after allocation: 1 chunk(s), current:@0x00007f8f2d80b248, u, base 0x0000000171000000, level lv02 (524288), used: 5279, committed: 8192, committed-free: 2913
[0.191s][trace][metaspace              ] Arena @0x00006000016b2200 (non-class sm): returning 0x000000017100a4c0.
[0.191s][trace][metaspace              ] Metaspace::allocate: type 13 return 0x000000017100a4c0.
[0.191s][debug][class,resolve          ] sun.launcher.LauncherHelper java.lang.StringBuilder LauncherHelper.java:110
[0.191s][debug][class,resolve          ] sun.launcher.LauncherHelper jdk.internal.misc.VM LauncherHelper.java:119
[0.191s][trace][metaspace              ] Arena @0x00006000016b2200 (non-class sm): requested 7 words.
[0.191s][trace][metaspace              ] Arena @0x00006000016b2200 (non-class sm): after allocation: 1 chunk(s), current:@0x00007f8f2d80b248, u, base 0x0000000171000000, level lv02 (524288), used: 5286, committed: 8192, committed-free: 2906
[0.191s][trace][metaspace              ] Arena @0x00006000016b2200 (non-class sm): returning 0x000000017100a4f8.
[0.191s][trace][metaspace              ] Metaspace::allocate: type 13 return 0x000000017100a4f8.
[0.191s][trace][metaspace              ] Arena @0x00006000016b2200 (non-class sm): requested 7 words.
[0.191s][trace][metaspace              ] Arena @0x00006000016b2200 (non-class sm): after allocation: 1 chunk(s), current:@0x00007f8f2d80b248, u, base 0x0000000171000000, level lv02 (524288), used: 5293, committed: 8192, committed-free: 2899
[0.191s][trace][metaspace              ] Arena @0x00006000016b2200 (non-class sm): returning 0x000000017100a530.
[0.191s][trace][metaspace              ] Metaspace::allocate: type 13 return 0x000000017100a530.
[0.191s][debug][class,resolve          ] sun.launcher.LauncherHelper java.lang.System LauncherHelper.java:546
[0.191s][debug][class,resolve          ] sun.launcher.LauncherHelper java.nio.charset.Charset LauncherHelper.java:894
[0.191s][trace][metaspace              ] Arena @0x00006000016b2200 (non-class sm): requested 7 words.
[0.191s][trace][metaspace              ] Arena @0x00006000016b2200 (non-class sm): after allocation: 1 chunk(s), current:@0x00007f8f2d80b248, u, base 0x0000000171000000, level lv02 (524288), used: 5300, committed: 8192, committed-free: 2892
[0.191s][trace][metaspace              ] Arena @0x00006000016b2200 (non-class sm): returning 0x000000017100a568.
[0.191s][trace][metaspace              ] Metaspace::allocate: type 13 return 0x000000017100a568.
[0.191s][debug][class,resolve          ] sun.launcher.LauncherHelper java.lang.String LauncherHelper.java:898
[0.191s][trace][metaspace              ] Arena @0x00006000016b2200 (non-class sm): requested 7 words.
[0.191s][trace][metaspace              ] Arena @0x00006000016b2200 (non-class sm): after allocation: 1 chunk(s), current:@0x00007f8f2d80b248, u, base 0x0000000171000000, level lv02 (524288), used: 5307, committed: 8192, committed-free: 2885
[0.191s][trace][metaspace              ] Arena @0x00006000016b2200 (non-class sm): returning 0x000000017100a5a0.
[0.191s][trace][metaspace              ] Metaspace::allocate: type 13 return 0x000000017100a5a0.
[0.191s][trace][metaspace              ] Arena @0x00006000016b2200 (non-class sm): requested 7 words.
[0.191s][trace][metaspace              ] Arena @0x00006000016b2200 (non-class sm): after allocation: 1 chunk(s), current:@0x00007f8f2d80b248, u, base 0x0000000171000000, level lv02 (524288), used: 5314, committed: 8192, committed-free: 2878
[0.191s][trace][metaspace              ] Arena @0x00006000016b2200 (non-class sm): returning 0x000000017100a5d8.
[0.191s][trace][metaspace              ] Metaspace::allocate: type 13 return 0x000000017100a5d8.
[0.191s][trace][metaspace              ] Arena @0x00006000016b2200 (non-class sm): requested 7 words.
[0.191s][trace][metaspace              ] Arena @0x00006000016b2200 (non-class sm): after allocation: 1 chunk(s), current:@0x00007f8f2d80b248, u, base 0x0000000171000000, level lv02 (524288), used: 5321, committed: 8192, committed-free: 2871
[0.191s][trace][metaspace              ] Arena @0x00006000016b2200 (non-class sm): returning 0x000000017100a610.
[0.191s][trace][metaspace              ] Metaspace::allocate: type 13 return 0x000000017100a610.
[0.191s][debug][class,resolve          ] java.lang.String java.util.Objects String.java:825
[0.191s][debug][class,resolve          ] java.lang.String java.nio.charset.Charset String.java:827
[0.191s][trace][metaspace              ] Arena @0x00006000016b2200 (non-class sm): requested 7 words.
[0.191s][trace][metaspace              ] Arena @0x00006000016b2200 (non-class sm): after allocation: 1 chunk(s), current:@0x00007f8f2d80b248, u, base 0x0000000171000000, level lv02 (524288), used: 5328, committed: 8192, committed-free: 2864
[0.191s][trace][metaspace              ] Arena @0x00006000016b2200 (non-class sm): returning 0x000000017100a648.
[0.191s][trace][metaspace              ] Metaspace::allocate: type 13 return 0x000000017100a648.
[0.191s][trace][metaspace              ] Arena @0x00006000016b2200 (non-class sm): requested 7 words.
[0.191s][trace][metaspace              ] Arena @0x00006000016b2200 (non-class sm): after allocation: 1 chunk(s), current:@0x00007f8f2d80b248, u, base 0x0000000171000000, level lv02 (524288), used: 5335, committed: 8192, committed-free: 2857
[0.191s][trace][metaspace              ] Arena @0x00006000016b2200 (non-class sm): returning 0x000000017100a680.
[0.191s][trace][metaspace              ] Metaspace::allocate: type 13 return 0x000000017100a680.
[0.191s][debug][class,resolve          ] java.lang.String sun.nio.cs.UTF_8 String.java:527
[0.191s][debug][class,load,placeholders] find_and_add LOAD_INSTANCE 'java/lang/StringCoding', loader loader data: 0x00006000032ac000 of 'bootstrap'
[0.191s][debug][class,load,placeholders] loadInstanceThreadQ threads:0x00007f8f4f008800, 
[0.191s][debug][class,load,placeholders] superThreadQ threads:
[0.191s][debug][class,load,placeholders] defineThreadQ threads:
[0.191s][trace][cds,unshareable        ] restore: java.lang.StringCoding
[0.191s][trace][class,loader,data      ] Adding k: 0x000000013002edb8 java.lang.StringCoding to loader data: 0x00006000032ac000 of 'bootstrap'
[0.191s][debug][cds,mirror             ] java.lang.StringCoding has raw archived mirror
[0.191s][debug][cds,heap               ] Clearing root 179: was 0x00000007ffb04cf0
[0.191s][debug][cds,mirror             ] Archived mirror is: 0x00000007ffb04cf0
[0.191s][trace][cds,heap,mirror        ] Restored java.lang.StringCoding archived mirror 0x00000007ffb04cf0
[0.191s][info ][class,load             ] java.lang.StringCoding source: shared objects file
[0.191s][debug][class,load             ]  klass: 0x000000013002edb8 super: 0x0000000130000db8 loader: [loader data: 0x00006000032ac000 of 'bootstrap']
[0.191s][debug][class,load,placeholders] find_and_add DEFINE_CLASS 'java/lang/StringCoding', loader loader data: 0x00006000032ac000 of 'bootstrap'
[0.191s][debug][class,load,placeholders] loadInstanceThreadQ threads:0x00007f8f4f008800, 
[0.191s][debug][class,load,placeholders] superThreadQ threads:
[0.191s][debug][class,load,placeholders] defineThreadQ threads:0x00007f8f4f008800, 
[0.191s][debug][class,load,placeholders] find_and_remove DEFINE_CLASS 'java/lang/StringCoding', loader loader data: 0x00006000032ac000 of 'bootstrap', InstanceKlass 'java/lang/StringCoding'
[0.191s][debug][class,load,placeholders] loadInstanceThreadQ threads:0x00007f8f4f008800, 
[0.191s][debug][class,load,placeholders] superThreadQ threads:
[0.191s][debug][class,load,placeholders] defineThreadQ threads:0x00007f8f4f008800, 
[0.191s][debug][class,load,placeholders] find_and_remove LOAD_INSTANCE 'java/lang/StringCoding', loader loader data: 0x00006000032ac000 of 'bootstrap', InstanceKlass 'java/lang/StringCoding'
[0.191s][debug][class,load,placeholders] loadInstanceThreadQ threads:0x00007f8f4f008800, 
[0.191s][debug][class,load,placeholders] superThreadQ threads:
[0.191s][debug][class,load,placeholders] defineThreadQ threads:
[0.191s][debug][class,resolve          ] java.lang.String java.lang.StringCoding String.java:528
[0.191s][info ][class,init             ] 243 Initializing 'java/lang/StringCoding'(no method) (0x000000013002edb8)
[0.191s][trace][metaspace              ] Arena @0x00006000016b2200 (non-class sm): requested 7 words.
[0.191s][trace][metaspace              ] Arena @0x00006000016b2200 (non-class sm): after allocation: 1 chunk(s), current:@0x00007f8f2d80b248, u, base 0x0000000171000000, level lv02 (524288), used: 5342, committed: 8192, committed-free: 2850
[0.191s][trace][metaspace              ] Arena @0x00006000016b2200 (non-class sm): returning 0x000000017100a6b8.
[0.191s][trace][metaspace              ] Metaspace::allocate: type 13 return 0x000000017100a6b8.
[0.191s][debug][class,resolve          ] java.lang.String java.util.Arrays String.java:529
[0.191s][trace][metaspace              ] Arena @0x00006000016b2200 (non-class sm): requested 7 words.
[0.191s][trace][metaspace              ] Arena @0x00006000016b2200 (non-class sm): after allocation: 1 chunk(s), current:@0x00007f8f2d80b248, u, base 0x0000000171000000, level lv02 (524288), used: 5349, committed: 8192, committed-free: 2843
[0.191s][trace][metaspace              ] Arena @0x00006000016b2200 (non-class sm): returning 0x000000017100a6f0.
[0.192s][trace][metaspace              ] Metaspace::allocate: type 13 return 0x000000017100a6f0.
[0.192s][trace][metaspace              ] Arena @0x00006000016b2200 (non-class sm): requested 7 words.
[0.192s][trace][metaspace              ] Arena @0x00006000016b2200 (non-class sm): after allocation: 1 chunk(s), current:@0x00007f8f2d80b248, u, base 0x0000000171000000, level lv02 (524288), used: 5356, committed: 8192, committed-free: 2836
[0.192s][trace][metaspace              ] Arena @0x00006000016b2200 (non-class sm): returning 0x000000017100a728.
[0.192s][trace][metaspace              ] Metaspace::allocate: type 13 return 0x000000017100a728.
[0.192s][trace][metaspace              ] Arena @0x00006000016b2200 (non-class sm): requested 7 words.
[0.192s][trace][metaspace              ] Arena @0x00006000016b2200 (non-class sm): after allocation: 1 chunk(s), current:@0x00007f8f2d80b248, u, base 0x0000000171000000, level lv02 (524288), used: 5363, committed: 8192, committed-free: 2829
[0.192s][trace][metaspace              ] Arena @0x00006000016b2200 (non-class sm): returning 0x000000017100a760.
[0.192s][trace][metaspace              ] Metaspace::allocate: type 13 return 0x000000017100a760.
[0.192s][trace][metaspace              ] Arena @0x00006000016b2200 (non-class sm): requested 7 words.
[0.192s][trace][metaspace              ] Arena @0x00006000016b2200 (non-class sm): after allocation: 1 chunk(s), current:@0x00007f8f2d80b248, u, base 0x0000000171000000, level lv02 (524288), used: 5370, committed: 8192, committed-free: 2822
[0.192s][trace][metaspace              ] Arena @0x00006000016b2200 (non-class sm): returning 0x000000017100a798.
[0.192s][trace][metaspace              ] Metaspace::allocate: type 13 return 0x000000017100a798.
[0.192s][debug][class,resolve          ] sun.launcher.LauncherHelper java.lang.ClassLoader LauncherHelper.java:791
[0.192s][debug][class,resolve          ] sun.launcher.LauncherHelper java.lang.Class LauncherHelper.java:794
[0.192s][trace][metaspace              ] Arena @0x00006000016b2200 (non-class sm): requested 7 words.
[0.192s][trace][metaspace              ] Arena @0x00006000016b2200 (non-class sm): after allocation: 1 chunk(s), current:@0x00007f8f2d80b248, u, base 0x0000000171000000, level lv02 (524288), used: 5377, committed: 8192, committed-free: 2815
[0.192s][trace][metaspace              ] Arena @0x00006000016b2200 (non-class sm): returning 0x000000017100a7d0.
[0.192s][trace][metaspace              ] Metaspace::allocate: type 13 return 0x000000017100a7d0.
[0.192s][trace][metaspace              ] Arena @0x00006000016b2200 (non-class sm): requested 7 words.
[0.192s][trace][metaspace              ] Arena @0x00006000016b2200 (non-class sm): after allocation: 1 chunk(s), current:@0x00007f8f2d80b248, u, base 0x0000000171000000, level lv02 (524288), used: 5384, committed: 8192, committed-free: 2808
[0.192s][trace][metaspace              ] Arena @0x00006000016b2200 (non-class sm): returning 0x000000017100a808.
[0.192s][trace][metaspace              ] Metaspace::allocate: type 13 return 0x000000017100a808.
[0.192s][debug][class,resolve          ] jdk.internal.loader.ClassLoaders$AppClassLoader java.lang.System ClassLoaders.java:180
[0.192s][debug][class,resolve          ] jdk.internal.loader.ClassLoaders$AppClassLoader jdk.internal.loader.BuiltinClassLoader ClassLoaders.java:188
[0.192s][trace][metaspace              ] Arena @0x00006000016b2200 (non-class sm): requested 7 words.
[0.192s][trace][metaspace              ] Arena @0x00006000016b2200 (non-class sm): after allocation: 1 chunk(s), current:@0x00007f8f2d80b248, u, base 0x0000000171000000, level lv02 (524288), used: 5391, committed: 8192, committed-free: 2801
[0.192s][trace][metaspace              ] Arena @0x00006000016b2200 (non-class sm): returning 0x000000017100a840.
[0.192s][trace][metaspace              ] Metaspace::allocate: type 13 return 0x000000017100a840.
[0.192s][trace][metaspace              ] Arena @0x00006000016b2200 (non-class sm): requested 7 words.
[0.192s][trace][metaspace              ] Arena @0x00006000016b2200 (non-class sm): after allocation: 1 chunk(s), current:@0x00007f8f2d80b248, u, base 0x0000000171000000, level lv02 (524288), used: 5398, committed: 8192, committed-free: 2794
[0.192s][trace][metaspace              ] Arena @0x00006000016b2200 (non-class sm): returning 0x000000017100a878.
[0.192s][trace][metaspace              ] Metaspace::allocate: type 13 return 0x000000017100a878.
[0.192s][trace][metaspace              ] Arena @0x00006000016b2200 (non-class sm): requested 7 words.
[0.192s][trace][metaspace              ] Arena @0x00006000016b2200 (non-class sm): after allocation: 1 chunk(s), current:@0x00007f8f2d80b248, u, base 0x0000000171000000, level lv02 (524288), used: 5405, committed: 8192, committed-free: 2787
[0.192s][trace][metaspace              ] Arena @0x00006000016b2200 (non-class sm): returning 0x000000017100a8b0.
[0.192s][trace][metaspace              ] Metaspace::allocate: type 13 return 0x000000017100a8b0.
[0.192s][debug][class,resolve          ] java.lang.ClassLoader java.lang.Object ClassLoader.java:670
[0.192s][trace][metaspace              ] Arena @0x00006000016b2200 (non-class sm): requested 7 words.
[0.192s][trace][metaspace              ] Arena @0x00006000016b2200 (non-class sm): after allocation: 1 chunk(s), current:@0x00007f8f2d80b248, u, base 0x0000000171000000, level lv02 (524288), used: 5412, committed: 8192, committed-free: 2780
[0.192s][trace][metaspace              ] Arena @0x00006000016b2200 (non-class sm): returning 0x000000017100a8e8.
[0.192s][trace][metaspace              ] Metaspace::allocate: type 13 return 0x000000017100a8e8.
[0.192s][trace][metaspace              ] Arena @0x00006000016b2200 (non-class sm): requested 7 words.
[0.192s][trace][metaspace              ] Arena @0x00006000016b2200 (non-class sm): after allocation: 1 chunk(s), current:@0x00007f8f2d80b248, u, base 0x0000000171000000, level lv02 (524288), used: 5419, committed: 8192, committed-free: 2773
[0.192s][trace][metaspace              ] Arena @0x00006000016b2200 (non-class sm): returning 0x000000017100a920.
[0.192s][trace][metaspace              ] Metaspace::allocate: type 13 return 0x000000017100a920.
[0.192s][debug][class,resolve          ] java.lang.ClassLoader java.lang.String ClassLoader.java:1145
[0.192s][trace][metaspace              ] Arena @0x00006000016b2200 (non-class sm): requested 7 words.
[0.192s][trace][metaspace              ] Arena @0x00006000016b2200 (non-class sm): after allocation: 1 chunk(s), current:@0x00007f8f2d80b248, u, base 0x0000000171000000, level lv02 (524288), used: 5426, committed: 8192, committed-free: 2766
[0.192s][trace][metaspace              ] Arena @0x00006000016b2200 (non-class sm): returning 0x000000017100a958.
[0.192s][trace][metaspace              ] Metaspace::allocate: type 13 return 0x000000017100a958.
[0.192s][debug][jni,resolve            ] [Dynamic-linking native method java.lang.ClassLoader.findLoadedClass0 ... JNI]
[0.192s][trace][metaspace              ] Arena @0x00006000016b2200 (non-class sm): requested 7 words.
[0.192s][trace][metaspace              ] Arena @0x00006000016b2200 (non-class sm): after allocation: 1 chunk(s), current:@0x00007f8f2d80b248, u, base 0x0000000171000000, level lv02 (524288), used: 5433, committed: 8192, committed-free: 2759
[0.192s][trace][metaspace              ] Arena @0x00006000016b2200 (non-class sm): returning 0x000000017100a990.
[0.192s][trace][metaspace              ] Metaspace::allocate: type 13 return 0x000000017100a990.
[0.192s][debug][class,resolve          ] jdk.internal.loader.BuiltinClassLoader java.lang.String BuiltinClassLoader.java:709
[0.192s][trace][metaspace              ] Arena @0x00006000016b2200 (non-class sm): requested 7 words.
[0.192s][trace][metaspace              ] Arena @0x00006000016b2200 (non-class sm): after allocation: 1 chunk(s), current:@0x00007f8f2d80b248, u, base 0x0000000171000000, level lv02 (524288), used: 5440, committed: 8192, committed-free: 2752
[0.192s][trace][metaspace              ] Arena @0x00006000016b2200 (non-class sm): returning 0x000000017100a9c8.
[0.192s][trace][metaspace              ] Metaspace::allocate: type 13 return 0x000000017100a9c8.
[0.192s][trace][metaspace              ] Arena @0x00006000016b2200 (non-class sm): requested 7 words.
[0.192s][trace][metaspace              ] Arena @0x00006000016b2200 (non-class sm): after allocation: 1 chunk(s), current:@0x00007f8f2d80b248, u, base 0x0000000171000000, level lv02 (524288), used: 5447, committed: 8192, committed-free: 2745
[0.192s][trace][metaspace              ] Arena @0x00006000016b2200 (non-class sm): returning 0x000000017100aa00.
[0.192s][trace][metaspace              ] Metaspace::allocate: type 13 return 0x000000017100aa00.
[0.192s][debug][class,resolve          ] jdk.internal.loader.ClassLoaders$BootClassLoader jdk.internal.loader.ClassLoaders ClassLoaders.java:140
[0.192s][trace][class,nestmates        ] Resolving nest-host of jdk.internal.loader.ClassLoaders$BootClassLoader using cp entry for jdk/internal/loader/ClassLoaders
[0.192s][trace][class,nestmates        ] Checking nest membership of jdk.internal.loader.ClassLoaders$BootClassLoader in jdk.internal.loader.ClassLoaders
[0.192s][trace][class,nestmates        ] - named class found at nest_members[2] => cp[85]
[0.192s][trace][class,nestmates        ] Resolved nest-host of jdk.internal.loader.ClassLoaders$BootClassLoader to jdk.internal.loader.ClassLoaders
[0.192s][trace][class,nestmates        ] Type jdk.internal.loader.ClassLoaders is not part of a nest: setting nest-host to self
[0.192s][trace][class,nestmates        ] Class jdk.internal.loader.ClassLoaders$BootClassLoader does have nestmate access to jdk.internal.loader.ClassLoaders
[0.192s][debug][class,resolve          ] jdk.internal.loader.ClassLoaders$BootClassLoader jdk.internal.access.JavaLangAccess ClassLoaders.java:140
[0.192s][trace][metaspace              ] Arena @0x00006000016b2200 (non-class sm): requested 7 words.
[0.192s][trace][metaspace              ] Arena @0x00006000016b2200 (non-class sm): after allocation: 1 chunk(s), current:@0x00007f8f2d80b248, u, base 0x0000000171000000, level lv02 (524288), used: 5454, committed: 8192, committed-free: 2738
[0.192s][trace][metaspace              ] Arena @0x00006000016b2200 (non-class sm): returning 0x000000017100aa38.
[0.192s][trace][metaspace              ] Metaspace::allocate: type 13 return 0x000000017100aa38.
[0.192s][trace][metaspace              ] Arena @0x00006000016b2200 (non-class sm): requested 7 words.
[0.192s][trace][metaspace              ] Arena @0x00006000016b2200 (non-class sm): after allocation: 1 chunk(s), current:@0x00007f8f2d80b248, u, base 0x0000000171000000, level lv02 (524288), used: 5461, committed: 8192, committed-free: 2731
[0.192s][trace][metaspace              ] Arena @0x00006000016b2200 (non-class sm): returning 0x000000017100aa70.
[0.192s][trace][metaspace              ] Metaspace::allocate: type 13 return 0x000000017100aa70.
[0.192s][trace][metaspace              ] Arena @0x00006000016b2200 (non-class sm): requested 7 words.
[0.192s][trace][metaspace              ] Arena @0x00006000016b2200 (non-class sm): after allocation: 1 chunk(s), current:@0x00007f8f2d80b248, u, base 0x0000000171000000, level lv02 (524288), used: 5468, committed: 8192, committed-free: 2724
[0.192s][trace][metaspace              ] Arena @0x00006000016b2200 (non-class sm): returning 0x000000017100aaa8.
[0.192s][trace][metaspace              ] Metaspace::allocate: type 13 return 0x000000017100aaa8.
[0.192s][debug][jni,resolve            ] [Dynamic-linking native method java.lang.ClassLoader.findBootstrapClass ... JNI]
[0.193s][debug][class,load,placeholders] find_and_add LOAD_INSTANCE 'high.skill.girl.learns.jvm.main.Main', loader loader data: 0x00006000032ac000 of 'bootstrap'
[0.193s][debug][class,load,placeholders] loadInstanceThreadQ threads:0x00007f8f4f008800, 
[0.193s][debug][class,load,placeholders] superThreadQ threads:
[0.193s][debug][class,load,placeholders] defineThreadQ threads:
[0.193s][debug][class,load,placeholders] find_and_remove LOAD_INSTANCE 'high.skill.girl.learns.jvm.main.Main', loader loader data: 0x00006000032ac000 of 'bootstrap'
[0.193s][debug][class,load,placeholders] loadInstanceThreadQ threads:0x00007f8f4f008800, 
[0.193s][debug][class,load,placeholders] superThreadQ threads:
[0.193s][debug][class,load,placeholders] defineThreadQ threads:
[0.193s][trace][metaspace              ] Arena @0x00006000016b2200 (non-class sm): requested 7 words.
[0.193s][trace][metaspace              ] Arena @0x00006000016b2200 (non-class sm): after allocation: 1 chunk(s), current:@0x00007f8f2d80b248, u, base 0x0000000171000000, level lv02 (524288), used: 5475, committed: 8192, committed-free: 2717
[0.193s][trace][metaspace              ] Arena @0x00006000016b2200 (non-class sm): returning 0x000000017100aae0.
[0.193s][trace][metaspace              ] Metaspace::allocate: type 13 return 0x000000017100aae0.
[0.193s][debug][class,resolve          ] jdk.internal.loader.BuiltinClassLoader jdk.internal.misc.VM BuiltinClassLoader.java:680
[0.193s][trace][metaspace              ] Arena @0x00006000016b2200 (non-class sm): requested 7 words.
[0.193s][trace][metaspace              ] Arena @0x00006000016b2200 (non-class sm): after allocation: 1 chunk(s), current:@0x00007f8f2d80b248, u, base 0x0000000171000000, level lv02 (524288), used: 5482, committed: 8192, committed-free: 2710
[0.193s][trace][metaspace              ] Arena @0x00006000016b2200 (non-class sm): returning 0x000000017100ab18.
[0.193s][trace][metaspace              ] Metaspace::allocate: type 13 return 0x000000017100ab18.
[0.193s][trace][metaspace              ] Arena @0x00006000016b2200 (non-class sm): requested 7 words.
[0.193s][trace][metaspace              ] Arena @0x00006000016b2200 (non-class sm): after allocation: 1 chunk(s), current:@0x00007f8f2d80b248, u, base 0x0000000171000000, level lv02 (524288), used: 5489, committed: 8192, committed-free: 2703
[0.193s][trace][metaspace              ] Arena @0x00006000016b2200 (non-class sm): returning 0x000000017100ab50.
[0.193s][trace][metaspace              ] Metaspace::allocate: type 13 return 0x000000017100ab50.
[0.193s][debug][class,resolve          ] jdk.internal.loader.BuiltinClassLoader java.lang.System BuiltinClassLoader.java:756
[0.193s][debug][class,resolve          ] jdk.internal.loader.BuiltinClassLoader jdk.internal.loader.URLClassPath BuiltinClassLoader.java:757
[0.193s][trace][metaspace              ] Arena @0x00006000016b2200 (non-class sm): requested 7 words.
[0.193s][trace][metaspace              ] Arena @0x00006000016b2200 (non-class sm): after allocation: 1 chunk(s), current:@0x00007f8f2d80b248, u, base 0x0000000171000000, level lv02 (524288), used: 5496, committed: 8192, committed-free: 2696
[0.193s][trace][metaspace              ] Arena @0x00006000016b2200 (non-class sm): returning 0x000000017100ab88.
[0.193s][trace][metaspace              ] Metaspace::allocate: type 13 return 0x000000017100ab88.
[0.193s][trace][metaspace              ] Arena @0x00006000016b2200 (non-class sm): requested 7 words.
[0.193s][trace][metaspace              ] Arena @0x00006000016b2200 (non-class sm): after allocation: 1 chunk(s), current:@0x00007f8f2d80b248, u, base 0x0000000171000000, level lv02 (524288), used: 5503, committed: 8192, committed-free: 2689
[0.193s][trace][metaspace              ] Arena @0x00006000016b2200 (non-class sm): returning 0x000000017100abc0.
[0.193s][trace][metaspace              ] Metaspace::allocate: type 13 return 0x000000017100abc0.
[0.193s][trace][metaspace              ] Arena @0x00006000016b2200 (non-class sm): requested 7 words.
[0.193s][trace][metaspace              ] Arena @0x00006000016b2200 (non-class sm): after allocation: 1 chunk(s), current:@0x00007f8f2d80b248, u, base 0x0000000171000000, level lv02 (524288), used: 5510, committed: 8192, committed-free: 2682
[0.193s][trace][metaspace              ] Arena @0x00006000016b2200 (non-class sm): returning 0x000000017100abf8.
[0.193s][trace][metaspace              ] Metaspace::allocate: type 13 return 0x000000017100abf8.
[0.193s][trace][metaspace              ] Arena @0x00006000016b2200 (non-class sm): requested 7 words.
[0.193s][trace][metaspace              ] Arena @0x00006000016b2200 (non-class sm): after allocation: 1 chunk(s), current:@0x00007f8f2d80b248, u, base 0x0000000171000000, level lv02 (524288), used: 5517, committed: 8192, committed-free: 2675
[0.193s][trace][metaspace              ] Arena @0x00006000016b2200 (non-class sm): returning 0x000000017100ac30.
[0.193s][trace][metaspace              ] Metaspace::allocate: type 13 return 0x000000017100ac30.
[0.193s][debug][class,load,placeholders] find_and_add LOAD_INSTANCE 'sun/net/util/URLUtil', loader loader data: 0x00006000032ac000 of 'bootstrap'
[0.193s][debug][class,load,placeholders] loadInstanceThreadQ threads:0x00007f8f4f008800, 
[0.193s][debug][class,load,placeholders] superThreadQ threads:
[0.193s][debug][class,load,placeholders] defineThreadQ threads:
[0.193s][trace][cds,unshareable        ] restore: sun.net.util.URLUtil
[0.193s][trace][class,loader,data      ] Adding k: 0x00000001301aff60 sun.net.util.URLUtil to loader data: 0x00006000032ac000 of 'bootstrap'
[0.193s][debug][cds,mirror             ] sun.net.util.URLUtil has raw archived mirror
[0.193s][debug][cds,heap               ] Clearing root 673: was 0x00000007ffb12b60
[0.193s][debug][cds,mirror             ] Archived mirror is: 0x00000007ffb12b60
[0.193s][trace][cds,heap,mirror        ] Restored sun.net.util.URLUtil archived mirror 0x00000007ffb12b60
[0.193s][debug][cds,heap               ] Clearing root 674: was 0x00000007ffb12bd0
[0.193s][info ][class,load             ] sun.net.util.URLUtil source: shared objects file
[0.193s][debug][class,load             ]  klass: 0x00000001301aff60 super: 0x0000000130000db8 loader: [loader data: 0x00006000032ac000 of 'bootstrap']
[0.193s][debug][class,load,placeholders] find_and_add DEFINE_CLASS 'sun/net/util/URLUtil', loader loader data: 0x00006000032ac000 of 'bootstrap'
[0.193s][debug][class,load,placeholders] loadInstanceThreadQ threads:0x00007f8f4f008800, 
[0.193s][debug][class,load,placeholders] superThreadQ threads:
[0.193s][debug][class,load,placeholders] defineThreadQ threads:0x00007f8f4f008800, 
[0.193s][debug][class,load,placeholders] find_and_remove DEFINE_CLASS 'sun/net/util/URLUtil', loader loader data: 0x00006000032ac000 of 'bootstrap', InstanceKlass 'sun/net/util/URLUtil'
[0.193s][debug][class,load,placeholders] loadInstanceThreadQ threads:0x00007f8f4f008800, 
[0.193s][debug][class,load,placeholders] superThreadQ threads:
[0.193s][debug][class,load,placeholders] defineThreadQ threads:0x00007f8f4f008800, 
[0.193s][debug][class,load,placeholders] find_and_remove LOAD_INSTANCE 'sun/net/util/URLUtil', loader loader data: 0x00006000032ac000 of 'bootstrap', InstanceKlass 'sun/net/util/URLUtil'
[0.193s][debug][class,load,placeholders] loadInstanceThreadQ threads:0x00007f8f4f008800, 
[0.193s][debug][class,load,placeholders] superThreadQ threads:
[0.193s][debug][class,load,placeholders] defineThreadQ threads:
[0.193s][debug][class,resolve          ] jdk.internal.loader.URLClassPath sun.net.util.URLUtil URLClassPath.java:442
[0.193s][info ][class,init             ] 244 Initializing 'sun/net/util/URLUtil'(no method) (0x00000001301aff60)
[0.193s][trace][metaspace              ] Arena @0x00006000016b2200 (non-class sm): requested 7 words.
[0.193s][trace][metaspace              ] Arena @0x00006000016b2200 (non-class sm): after allocation: 1 chunk(s), current:@0x00007f8f2d80b248, u, base 0x0000000171000000, level lv02 (524288), used: 5524, committed: 8192, committed-free: 2668
[0.193s][trace][metaspace              ] Arena @0x00006000016b2200 (non-class sm): returning 0x000000017100ac68.
[0.193s][trace][metaspace              ] Metaspace::allocate: type 13 return 0x000000017100ac68.
[0.193s][debug][class,resolve          ] sun.net.util.URLUtil java.lang.StringBuilder URLUtil.java:48
[0.193s][debug][class,resolve          ] sun.net.util.URLUtil java.net.URL URLUtil.java:50
[0.193s][trace][metaspace              ] Arena @0x00006000016b2200 (non-class sm): requested 7 words.
[0.193s][trace][metaspace              ] Arena @0x00006000016b2200 (non-class sm): after allocation: 1 chunk(s), current:@0x00007f8f2d80b248, u, base 0x0000000171000000, level lv02 (524288), used: 5531, committed: 8192, committed-free: 2661
[0.193s][trace][metaspace              ] Arena @0x00006000016b2200 (non-class sm): returning 0x000000017100aca0.
[0.193s][trace][metaspace              ] Metaspace::allocate: type 13 return 0x000000017100aca0.
[0.193s][debug][class,resolve          ] sun.net.util.URLUtil java.lang.String URLUtil.java:53
[0.193s][trace][metaspace              ] Arena @0x00006000016b2200 (non-class sm): requested 7 words.
[0.193s][trace][metaspace              ] Arena @0x00006000016b2200 (non-class sm): after allocation: 1 chunk(s), current:@0x00007f8f2d80b248, u, base 0x0000000171000000, level lv02 (524288), used: 5538, committed: 8192, committed-free: 2654
[0.193s][trace][metaspace              ] Arena @0x00006000016b2200 (non-class sm): returning 0x000000017100acd8.
[0.193s][trace][metaspace              ] Metaspace::allocate: type 13 return 0x000000017100acd8.
[0.193s][debug][class,load,placeholders] find_and_add LOAD_INSTANCE 'java/util/Locale', loader loader data: 0x00006000032ac000 of 'bootstrap'
[0.193s][debug][class,load,placeholders] loadInstanceThreadQ threads:0x00007f8f4f008800, 
[0.193s][debug][class,load,placeholders] superThreadQ threads:
[0.193s][debug][class,load,placeholders] defineThreadQ threads:
[0.193s][trace][cds,unshareable        ] restore: java.util.Locale
[0.193s][trace][class,loader,data      ] Adding k: 0x00000001300fec60 java.util.Locale to loader data: 0x00006000032ac000 of 'bootstrap'
[0.193s][debug][cds,mirror             ] java.util.Locale has raw archived mirror
[0.194s][debug][cds,heap               ] Clearing root 294: was 0x00000007ffb08100
[0.194s][debug][cds,mirror             ] Archived mirror is: 0x00000007ffb08100
[0.194s][trace][cds,heap,mirror        ] Restored java.util.Locale archived mirror 0x00000007ffb08100
[0.194s][debug][cds,heap               ] Clearing root 295: was 0x00000007ffb08210
[0.194s][info ][class,load             ] java.util.Locale source: shared objects file
[0.194s][debug][class,load             ]  klass: 0x00000001300fec60 super: 0x0000000130000db8 interfaces: 0x0000000130000b88 0x00000001300037c0 loader: [loader data: 0x00006000032ac000 of 'bootstrap']
[0.194s][debug][class,load,placeholders] find_and_add DEFINE_CLASS 'java/util/Locale', loader loader data: 0x00006000032ac000 of 'bootstrap'
[0.194s][debug][class,load,placeholders] loadInstanceThreadQ threads:0x00007f8f4f008800, 
[0.194s][debug][class,load,placeholders] superThreadQ threads:
[0.194s][debug][class,load,placeholders] defineThreadQ threads:0x00007f8f4f008800, 
[0.194s][debug][class,load,placeholders] find_and_remove DEFINE_CLASS 'java/util/Locale', loader loader data: 0x00006000032ac000 of 'bootstrap', InstanceKlass 'java/util/Locale'
[0.194s][debug][class,load,placeholders] loadInstanceThreadQ threads:0x00007f8f4f008800, 
[0.194s][debug][class,load,placeholders] superThreadQ threads:
[0.194s][debug][class,load,placeholders] defineThreadQ threads:0x00007f8f4f008800, 
[0.194s][debug][class,load,placeholders] find_and_remove LOAD_INSTANCE 'java/util/Locale', loader loader data: 0x00006000032ac000 of 'bootstrap', InstanceKlass 'java/util/Locale'
[0.194s][debug][class,load,placeholders] loadInstanceThreadQ threads:0x00007f8f4f008800, 
[0.194s][debug][class,load,placeholders] superThreadQ threads:
[0.194s][debug][class,load,placeholders] defineThreadQ threads:
[0.194s][debug][class,resolve          ] java.lang.String java.util.Locale String.java:3417
[0.194s][info ][class,init             ] 245 Initializing 'java/util/Locale' (0x00000001300fec60)
[0.194s][trace][metaspace              ] Arena @0x00006000016b2200 (non-class sm): requested 7 words.
[0.194s][trace][metaspace              ] Arena @0x00006000016b2200 (non-class sm): after allocation: 1 chunk(s), current:@0x00007f8f2d80b248, u, base 0x0000000171000000, level lv02 (524288), used: 5545, committed: 8192, committed-free: 2647
[0.194s][trace][metaspace              ] Arena @0x00006000016b2200 (non-class sm): returning 0x000000017100ad10.
[0.194s][trace][metaspace              ] Metaspace::allocate: type 13 return 0x000000017100ad10.
[0.194s][debug][class,resolve          ] java.util.Locale java.lang.Class Locale.java:495
[0.194s][debug][class,resolve          ] java.util.Locale java.util.HashMap Locale.java:579
[0.194s][trace][metaspace              ] Arena @0x00006000016b2200 (non-class sm): requested 7 words.
[0.194s][trace][metaspace              ] Arena @0x00006000016b2200 (non-class sm): after allocation: 1 chunk(s), current:@0x00007f8f2d80b248, u, base 0x0000000171000000, level lv02 (524288), used: 5552, committed: 8192, committed-free: 2640
[0.194s][trace][metaspace              ] Arena @0x00006000016b2200 (non-class sm): returning 0x000000017100ad48.
[0.194s][trace][metaspace              ] Metaspace::allocate: type 13 return 0x000000017100ad48.
[0.194s][debug][class,resolve          ] java.util.Locale sun.util.locale.BaseLocale Locale.java:620
[0.194s][info ][class,init             ] 246 Initializing 'sun/util/locale/BaseLocale' (0x00000001302a6000)
[0.194s][trace][metaspace              ] Arena @0x00006000016b2200 (non-class sm): requested 7 words.
[0.194s][trace][metaspace              ] Arena @0x00006000016b2200 (non-class sm): after allocation: 1 chunk(s), current:@0x00007f8f2d80b248, u, base 0x0000000171000000, level lv02 (524288), used: 5559, committed: 8192, committed-free: 2633
[0.194s][trace][metaspace              ] Arena @0x00006000016b2200 (non-class sm): returning 0x000000017100ad80.
[0.194s][trace][metaspace              ] Metaspace::allocate: type 13 return 0x000000017100ad80.
[0.194s][debug][class,resolve          ] sun.util.locale.BaseLocale jdk.internal.misc.CDS BaseLocale.java:66
[0.194s][debug][cds,heap               ] Clearing root 6: was 0x00000007ffc72e50
[0.194s][debug][cds,heap               ]   0x00000001302a6000 init field @ 112 = 0x00000007ffc72e50
[0.194s][info ][cds,heap               ] initialize_from_archived_subgraph sun.util.locale.BaseLocale 0x00000001302a6000
[0.194s][debug][class,resolve          ] sun.util.locale.BaseLocale sun.security.action.GetPropertyAction BaseLocale.java:105
[0.194s][debug][class,resolve          ] sun.util.locale.BaseLocale java.util.Properties BaseLocale.java:106
[0.194s][debug][class,resolve          ] sun.util.locale.BaseLocale java.lang.String BaseLocale.java:107
[0.194s][trace][metaspace              ] Arena @0x00006000016b2200 (non-class sm): requested 7 words.
[0.194s][trace][metaspace              ] Arena @0x00006000016b2200 (non-class sm): after allocation: 1 chunk(s), current:@0x00007f8f2d80b248, u, base 0x0000000171000000, level lv02 (524288), used: 5566, committed: 8192, committed-free: 2626
[0.194s][trace][metaspace              ] Arena @0x00006000016b2200 (non-class sm): returning 0x000000017100adb8.
[0.194s][trace][metaspace              ] Metaspace::allocate: type 13 return 0x000000017100adb8.
[0.194s][debug][class,resolve          ] java.util.Locale java.lang.Object Locale.java:724
[0.194s][debug][class,resolve          ] java.util.Locale java.util.Map Locale.java:622
[0.194s][trace][metaspace              ] Arena @0x00006000016b2200 (non-class sm): requested 7 words.
[0.194s][trace][metaspace              ] Arena @0x00006000016b2200 (non-class sm): after allocation: 1 chunk(s), current:@0x00007f8f2d80b248, u, base 0x0000000171000000, level lv02 (524288), used: 5573, committed: 8192, committed-free: 2619
[0.194s][trace][metaspace              ] Arena @0x00006000016b2200 (non-class sm): returning 0x000000017100adf0.
[0.194s][trace][metaspace              ] Metaspace::allocate: type 13 return 0x000000017100adf0.
[0.194s][trace][metaspace              ] Arena @0x00006000016b2200 (non-class sm): requested 7 words.
[0.194s][debug][jit,compilation        ]    1       3       java.lang.Object::<init> (1 bytes)
[0.194s][trace][metaspace              ] Arena @0x00006000016b2200 (non-class sm): after allocation: 1 chunk(s), current:@0x00007f8f2d80b248, u, base 0x0000000171000000, level lv02 (524288), used: 5580, committed: 8192, committed-free: 2612
[0.194s][trace][metaspace              ] Arena @0x00006000016b2200 (non-class sm): returning 0x000000017100ae28.
[0.194s][trace][metaspace              ] Metaspace::allocate: type 13 return 0x000000017100ae28.
[0.194s][trace][metaspace              ] Arena @0x00006000016b2200 (non-class sm): requested 33 words.
[0.194s][debug][class,resolve          ] java.util.Locale sun.security.action.GetPropertyAction Locale.java:981
[0.194s][trace][metaspace              ] Arena @0x00006000016b2200 (non-class sm): after allocation: 1 chunk(s), current:@0x00007f8f2d80b248, u, base 0x0000000171000000, level lv02 (524288), used: 5613, committed: 8192, committed-free: 2579
[0.194s][debug][class,resolve          ] java.util.Locale java.util.Properties Locale.java:982
[0.194s][trace][metaspace              ] Arena @0x00006000016b2200 (non-class sm): returning 0x000000017100ae60.
[0.195s][trace][metaspace              ] Metaspace::allocate: type 9 return 0x000000017100ae60.
[0.195s][trace][metaspace              ] Arena @0x00006000016b2200 (non-class sm): requested 7 words.
[0.195s][trace][metaspace              ] Arena @0x00006000016b2200 (non-class sm): after allocation: 1 chunk(s), current:@0x00007f8f2d80b248, u, base 0x0000000171000000, level lv02 (524288), used: 5620, committed: 8192, committed-free: 2572
[0.195s][trace][metaspace              ] Arena @0x00006000016b2200 (non-class sm): returning 0x000000017100af68.
[0.195s][trace][metaspace              ] Metaspace::allocate: type 13 return 0x000000017100af68.
[0.195s][debug][class,load,placeholders] find_and_add LOAD_INSTANCE 'sun/util/locale/LocaleUtils', loader loader data: 0x00006000032ac000 of 'bootstrap'
[0.195s][debug][class,load,placeholders] loadInstanceThreadQ threads:0x00007f8f4f008800, 
[0.195s][debug][class,load,placeholders] superThreadQ threads:
[0.195s][debug][class,load,placeholders] defineThreadQ threads:
[0.195s][trace][cds,unshareable        ] restore: sun.util.locale.LocaleUtils
[0.195s][trace][class,loader,data      ] Adding k: 0x0000000130271460 sun.util.locale.LocaleUtils to loader data: 0x00006000032ac000 of 'bootstrap'
[0.195s][debug][cds,mirror             ] sun.util.locale.LocaleUtils has raw archived mirror
[0.195s][debug][cds,heap               ] Clearing root 1535: was 0x00000007ffb2a4b8
[0.195s][debug][cds,mirror             ] Archived mirror is: 0x00000007ffb2a4b8
[0.195s][trace][cds,heap,mirror        ] Restored sun.util.locale.LocaleUtils archived mirror 0x00000007ffb2a4b8
[0.195s][info ][class,load             ] sun.util.locale.LocaleUtils source: shared objects file
[0.195s][debug][class,load             ]  klass: 0x0000000130271460 super: 0x0000000130000db8 loader: [loader data: 0x00006000032ac000 of 'bootstrap']
[0.195s][debug][class,load,placeholders] find_and_add DEFINE_CLASS 'sun/util/locale/LocaleUtils', loader loader data: 0x00006000032ac000 of 'bootstrap'
[0.195s][debug][class,load,placeholders] loadInstanceThreadQ threads:0x00007f8f4f008800, 
[0.195s][debug][class,load,placeholders] superThreadQ threads:
[0.195s][debug][class,load,placeholders] defineThreadQ threads:0x00007f8f4f008800, 
[0.195s][debug][class,load,placeholders] find_and_remove DEFINE_CLASS 'sun/util/locale/LocaleUtils', loader loader data: 0x00006000032ac000 of 'bootstrap', InstanceKlass 'sun/util/locale/LocaleUtils'
[0.195s][debug][class,load,placeholders] loadInstanceThreadQ threads:0x00007f8f4f008800, 
[0.195s][debug][class,load,placeholders] superThreadQ threads:
[0.195s][debug][class,load,placeholders] defineThreadQ threads:0x00007f8f4f008800, 
[0.195s][debug][class,load,placeholders] find_and_remove LOAD_INSTANCE 'sun/util/locale/LocaleUtils', loader loader data: 0x00006000032ac000 of 'bootstrap', InstanceKlass 'sun/util/locale/LocaleUtils'
[0.195s][debug][class,load,placeholders] loadInstanceThreadQ threads:0x00007f8f4f008800, 
[0.195s][debug][class,load,placeholders] superThreadQ threads:
[0.195s][debug][class,load,placeholders] defineThreadQ threads:
[0.195s][info ][nmethod,install        ] Installing method (3) java.lang.Object.<init>()V 
[0.195s][debug][class,resolve          ] java.util.Locale sun.util.locale.LocaleUtils Locale.java:1024
[0.195s][debug][compilation,codecache  ] CodeHeap 'non-profiled nmethods': size=119168Kb used=0Kb max_used=0Kb free=119168Kb
[0.195s][info ][class,init             ] 247 Initializing 'sun/util/locale/LocaleUtils'(no method) (0x0000000130271460)
[0.195s][debug][compilation,codecache  ] CodeHeap 'profiled nmethods': size=119164Kb used=0Kb max_used=0Kb free=119163Kb
[0.195s][trace][metaspace              ] Arena @0x00006000016b2200 (non-class sm): requested 7 words.
[0.195s][debug][compilation,codecache  ] CodeHeap 'non-nmethods': size=7428Kb used=1022Kb max_used=1022Kb free=6405Kb
[0.195s][trace][metaspace              ] Arena @0x00006000016b2200 (non-class sm): after allocation: 1 chunk(s), current:@0x00007f8f2d80b248, u, base 0x0000000171000000, level lv02 (524288), used: 5627, committed: 8192, committed-free: 2565
[0.195s][debug][jit,compilation        ]    2       3       java.lang.String::hashCode (60 bytes)
[0.195s][trace][metaspace              ] Arena @0x00006000016b2200 (non-class sm): returning 0x000000017100afa0.
[0.195s][trace][metaspace              ] Metaspace::allocate: type 13 return 0x000000017100afa0.
[0.195s][debug][class,resolve          ] sun.util.locale.LocaleUtils java.lang.String LocaleUtils.java:210
[0.195s][trace][metaspace              ] Arena @0x00006000016b2200 (non-class sm): requested 71 words.
[0.195s][debug][class,load,placeholders] find_and_add LOAD_INSTANCE 'java/util/Optional', loader loader data: 0x00006000032ac000 of 'bootstrap'
[0.195s][trace][metaspace              ] Arena @0x00006000016b2200 (non-class sm): after allocation: 1 chunk(s), current:@0x00007f8f2d80b248, u, base 0x0000000171000000, level lv02 (524288), used: 5698, committed: 8192, committed-free: 2494
[0.195s][debug][class,load,placeholders] loadInstanceThreadQ threads:0x00007f8f4f008800, 
[0.195s][trace][metaspace              ] Arena @0x00006000016b2200 (non-class sm): returning 0x000000017100afd8.
[0.195s][debug][class,load,placeholders] superThreadQ threads:
[0.195s][trace][metaspace              ] Metaspace::allocate: type 9 return 0x000000017100afd8.
[0.195s][debug][class,load,placeholders] defineThreadQ threads:
[0.195s][trace][cds,unshareable        ] restore: java.util.Optional
[0.195s][trace][class,loader,data      ] Adding k: 0x0000000130122548 java.util.Optional to loader data: 0x00006000032ac000 of 'bootstrap'
[0.195s][trace][metaspace              ] Arena @0x00006000016b2200 (non-class sm): requested 47 words.
[0.195s][debug][cds,mirror             ] java.util.Optional has raw archived mirror
[0.196s][trace][metaspace              ] Arena @0x00006000016b2200 (non-class sm): after allocation: 1 chunk(s), current:@0x00007f8f2d80b248, u, base 0x0000000171000000, level lv02 (524288), used: 5745, committed: 8192, committed-free: 2447
[0.196s][debug][cds,heap               ] Clearing root 308: was 0x00000007ffb08c60
[0.196s][trace][metaspace              ] Arena @0x00006000016b2200 (non-class sm): returning 0x000000017100b210.
[0.196s][debug][cds,mirror             ] Archived mirror is: 0x00000007ffb08c60
[0.196s][trace][metaspace              ] Metaspace::allocate: type 9 return 0x000000017100b210.
[0.196s][trace][cds,heap,mirror        ] Restored java.util.Optional archived mirror 0x00000007ffb08c60
[0.196s][debug][jit,inlining           ]                               @ 17   java.lang.String::isLatin1 (19 bytes)   inline
[0.196s][debug][cds,heap               ] Clearing root 309: was 0x00000007ffb08cd8
[0.196s][info ][class,load             ] java.util.Optional source: shared objects file
[0.196s][debug][class,load             ]  klass: 0x0000000130122548 super: 0x0000000130000db8 loader: [loader data: 0x00006000032ac000 of 'bootstrap']
[0.196s][trace][metaspace              ] Arena @0x00006000016b2200 (non-class sm): requested 43 words.
[0.196s][debug][class,load,placeholders] find_and_add DEFINE_CLASS 'java/util/Optional', loader loader data: 0x00006000032ac000 of 'bootstrap'
[0.196s][trace][metaspace              ] Arena @0x00006000016b2200 (non-class sm): after allocation: 1 chunk(s), current:@0x00007f8f2d80b248, u, base 0x0000000171000000, level lv02 (524288), used: 5788, committed: 8192, committed-free: 2404
[0.196s][debug][class,load,placeholders] loadInstanceThreadQ threads:0x00007f8f4f008800, 
[0.196s][trace][metaspace              ] Arena @0x00006000016b2200 (non-class sm): returning 0x000000017100b388.
[0.196s][debug][class,load,placeholders] superThreadQ threads:
[0.196s][trace][metaspace              ] Metaspace::allocate: type 9 return 0x000000017100b388.
[0.196s][debug][class,load,placeholders] defineThreadQ threads:0x00007f8f4f008800, 
[0.196s][debug][jit,inlining           ]                               @ 27   java.lang.StringLatin1::hashCode (42 bytes)   callee is too large
[0.196s][debug][class,load,placeholders] find_and_remove DEFINE_CLASS 'java/util/Optional', loader loader data: 0x00006000032ac000 of 'bootstrap', InstanceKlass 'java/util/Optional'
[0.196s][debug][class,load,placeholders] loadInstanceThreadQ threads:0x00007f8f4f008800, 
[0.196s][debug][class,load,placeholders] superThreadQ threads:
[0.196s][debug][class,load,placeholders] defineThreadQ threads:0x00007f8f4f008800, 
[0.196s][debug][class,load,placeholders] find_and_remove LOAD_INSTANCE 'java/util/Optional', loader loader data: 0x00006000032ac000 of 'bootstrap', InstanceKlass 'java/util/Optional'
[0.196s][debug][class,load,placeholders] loadInstanceThreadQ threads:0x00007f8f4f008800, 
[0.196s][debug][class,load,placeholders] superThreadQ threads:
[0.196s][debug][class,load,placeholders] defineThreadQ threads:
[0.196s][debug][class,resolve          ] java.util.Locale java.util.Optional Locale.java:1025
[0.196s][info ][class,init             ] 248 Initializing 'java/util/Optional' (0x0000000130122548)
[0.196s][debug][jit,inlining           ]                               @ 37  java/lang/StringUTF16::hashCode (not loaded)   not inlineable
[0.196s][trace][metaspace              ] Arena @0x00006000016b2200 (non-class sm): requested 7 words.
[0.196s][trace][metaspace              ] Arena @0x00006000016b2200 (non-class sm): after allocation: 1 chunk(s), current:@0x00007f8f2d80b248, u, base 0x0000000171000000, level lv02 (524288), used: 5795, committed: 8192, committed-free: 2397
[0.196s][trace][metaspace              ] Arena @0x00006000016b2200 (non-class sm): returning 0x000000017100b4e0.
[0.196s][trace][metaspace              ] Metaspace::allocate: type 13 return 0x000000017100b4e0.
[0.196s][trace][metaspace              ] Arena @0x00006000016b2200 (non-class sm): requested 7 words.
[0.196s][trace][metaspace              ] Arena @0x00006000016b2200 (non-class sm): after allocation: 1 chunk(s), current:@0x00007f8f2d80b248, u, base 0x0000000171000000, level lv02 (524288), used: 5802, committed: 8192, committed-free: 2390
[0.196s][trace][metaspace              ] Arena @0x00006000016b2200 (non-class sm): returning 0x000000017100b518.
[0.196s][trace][metaspace              ] Metaspace::allocate: type 13 return 0x000000017100b518.
[0.196s][debug][class,resolve          ] java.util.Optional java.lang.Object Optional.java:99
[0.196s][trace][metaspace              ] Arena @0x00006000016b2200 (non-class sm): requested 7 words.
[0.196s][trace][metaspace              ] Arena @0x00006000016b2200 (non-class sm): after allocation: 1 chunk(s), current:@0x00007f8f2d80b248, u, base 0x0000000171000000, level lv02 (524288), used: 5809, committed: 8192, committed-free: 2383
[0.196s][trace][metaspace              ] Arena @0x00006000016b2200 (non-class sm): returning 0x000000017100b550.
[0.196s][trace][metaspace              ] Metaspace::allocate: type 13 return 0x000000017100b550.
[0.196s][trace][metaspace              ] Arena @0x00006000016b2200 (non-class sm): requested 7 words.
[0.196s][trace][metaspace              ] Arena @0x00006000016b2200 (non-class sm): after allocation: 1 chunk(s), current:@0x00007f8f2d80b248, u, base 0x0000000171000000, level lv02 (524288), used: 5816, committed: 8192, committed-free: 2376
[0.196s][trace][metaspace              ] Arena @0x00006000016b2200 (non-class sm): returning 0x000000017100b588.
[0.196s][trace][metaspace              ] Metaspace::allocate: type 13 return 0x000000017100b588.
[0.197s][trace][metaspace              ] Arena @0x00006000016b2200 (non-class sm): requested 7 words.
[0.197s][info ][nmethod,install        ] Installing method (3) java.lang.String.hashCode()I 
[0.197s][trace][metaspace              ] Arena @0x00006000016b2200 (non-class sm): after allocation: 1 chunk(s), current:@0x00007f8f2d80b248, u, base 0x0000000171000000, level lv02 (524288), used: 5823, committed: 8192, committed-free: 2369
[0.197s][debug][compilation,codecache  ] CodeHeap 'non-profiled nmethods': size=119168Kb used=0Kb max_used=0Kb free=119168Kb
[0.197s][trace][metaspace              ] Arena @0x00006000016b2200 (non-class sm): returning 0x000000017100b5c0.
[0.197s][debug][compilation,codecache  ] CodeHeap 'profiled nmethods': size=119164Kb used=2Kb max_used=2Kb free=119161Kb
[0.197s][trace][metaspace              ] Metaspace::allocate: type 13 return 0x000000017100b5c0.
[0.197s][debug][compilation,codecache  ] CodeHeap 'non-nmethods': size=7428Kb used=1022Kb max_used=1022Kb free=6405Kb
[0.197s][trace][metaspace              ] Arena @0x00006000016b2200 (non-class sm): requested 7 words.
[0.197s][trace][metaspace              ] Arena @0x00006000016b2200 (non-class sm): after allocation: 1 chunk(s), current:@0x00007f8f2d80b248, u, base 0x0000000171000000, level lv02 (524288), used: 5830, committed: 8192, committed-free: 2362
[0.197s][trace][metaspace              ] Arena @0x00006000016b2200 (non-class sm): returning 0x000000017100b5f8.
[0.197s][trace][metaspace              ] Metaspace::allocate: type 13 return 0x000000017100b5f8.
[0.197s][trace][metaspace              ] Arena @0x00006000016b2200 (non-class sm): requested 7 words.
[0.197s][trace][metaspace              ] Arena @0x00006000016b2200 (non-class sm): after allocation: 1 chunk(s), current:@0x00007f8f2d80b248, u, base 0x0000000171000000, level lv02 (524288), used: 5837, committed: 8192, committed-free: 2355
[0.197s][trace][metaspace              ] Arena @0x00006000016b2200 (non-class sm): returning 0x000000017100b630.
[0.197s][trace][metaspace              ] Metaspace::allocate: type 13 return 0x000000017100b630.
[0.197s][trace][metaspace              ] Arena @0x00006000016b2200 (non-class sm): requested 7 words.
[0.197s][trace][metaspace              ] Arena @0x00006000016b2200 (non-class sm): after allocation: 1 chunk(s), current:@0x00007f8f2d80b248, u, base 0x0000000171000000, level lv02 (524288), used: 5844, committed: 8192, committed-free: 2348
[0.197s][trace][metaspace              ] Arena @0x00006000016b2200 (non-class sm): returning 0x000000017100b668.
[0.197s][trace][metaspace              ] Metaspace::allocate: type 13 return 0x000000017100b668.
[0.197s][trace][metaspace              ] Arena @0x00006000016b2200 (non-class sm): requested 7 words.
[0.197s][trace][metaspace              ] Arena @0x00006000016b2200 (non-class sm): after allocation: 1 chunk(s), current:@0x00007f8f2d80b248, u, base 0x0000000171000000, level lv02 (524288), used: 5851, committed: 8192, committed-free: 2341
[0.197s][trace][metaspace              ] Arena @0x00006000016b2200 (non-class sm): returning 0x000000017100b6a0.
[0.197s][trace][metaspace              ] Metaspace::allocate: type 13 return 0x000000017100b6a0.
[0.197s][trace][metaspace              ] Arena @0x00006000016b2200 (non-class sm): requested 7 words.
[0.197s][trace][metaspace              ] Arena @0x00006000016b2200 (non-class sm): after allocation: 1 chunk(s), current:@0x00007f8f2d80b248, u, base 0x0000000171000000, level lv02 (524288), used: 5858, committed: 8192, committed-free: 2334
[0.197s][trace][metaspace              ] Arena @0x00006000016b2200 (non-class sm): returning 0x000000017100b6d8.
[0.197s][trace][metaspace              ] Metaspace::allocate: type 13 return 0x000000017100b6d8.
[0.197s][trace][metaspace              ] Arena @0x00006000016b2200 (non-class sm): requested 7 words.
[0.197s][trace][metaspace              ] Arena @0x00006000016b2200 (non-class sm): after allocation: 1 chunk(s), current:@0x00007f8f2d80b248, u, base 0x0000000171000000, level lv02 (524288), used: 5865, committed: 8192, committed-free: 2327
[0.197s][trace][metaspace              ] Arena @0x00006000016b2200 (non-class sm): returning 0x000000017100b710.
[0.197s][trace][metaspace              ] Metaspace::allocate: type 13 return 0x000000017100b710.
[0.197s][debug][class,resolve          ] java.util.Locale java.lang.String Locale.java:2396
[0.197s][trace][oopstorage,ref         ] StringTable Weak: allocated 0x00007f8f4cf05f30
[0.197s][trace][metaspace              ] Arena @0x00006000016b2200 (non-class sm): requested 7 words.
[0.197s][trace][metaspace              ] Arena @0x00006000016b2200 (non-class sm): after allocation: 1 chunk(s), current:@0x00007f8f2d80b248, u, base 0x0000000171000000, level lv02 (524288), used: 5872, committed: 8192, committed-free: 2320
[0.197s][trace][metaspace              ] Arena @0x00006000016b2200 (non-class sm): returning 0x000000017100b748.
[0.197s][trace][metaspace              ] Metaspace::allocate: type 13 return 0x000000017100b748.
[0.197s][trace][metaspace              ] Arena @0x00006000016b2200 (non-class sm): requested 7 words.
[0.197s][trace][metaspace              ] Arena @0x00006000016b2200 (non-class sm): after allocation: 1 chunk(s), current:@0x00007f8f2d80b248, u, base 0x0000000171000000, level lv02 (524288), used: 5879, committed: 8192, committed-free: 2313
[0.197s][trace][metaspace              ] Arena @0x00006000016b2200 (non-class sm): returning 0x000000017100b780.
[0.197s][trace][metaspace              ] Metaspace::allocate: type 13 return 0x000000017100b780.
[0.197s][debug][class,resolve          ] sun.util.locale.BaseLocale sun.util.locale.LocaleUtils BaseLocale.java:149
[0.197s][trace][metaspace              ] Arena @0x00006000016b2200 (non-class sm): requested 7 words.
[0.197s][trace][metaspace              ] Arena @0x00006000016b2200 (non-class sm): after allocation: 1 chunk(s), current:@0x00007f8f2d80b248, u, base 0x0000000171000000, level lv02 (524288), used: 5886, committed: 8192, committed-free: 2306
[0.197s][trace][metaspace              ] Arena @0x00006000016b2200 (non-class sm): returning 0x000000017100b7b8.
[0.197s][trace][metaspace              ] Metaspace::allocate: type 13 return 0x000000017100b7b8.
[0.197s][trace][metaspace              ] Arena @0x00006000016b2200 (non-class sm): requested 7 words.
[0.197s][trace][metaspace              ] Arena @0x00006000016b2200 (non-class sm): after allocation: 1 chunk(s), current:@0x00007f8f2d80b248, u, base 0x0000000171000000, level lv02 (524288), used: 5893, committed: 8192, committed-free: 2299
[0.197s][trace][metaspace              ] Arena @0x00006000016b2200 (non-class sm): returning 0x000000017100b7f0.
[0.197s][trace][metaspace              ] Metaspace::allocate: type 13 return 0x000000017100b7f0.
[0.197s][trace][metaspace              ] Arena @0x00006000016b2200 (non-class sm): requested 7 words.
[0.197s][trace][metaspace              ] Arena @0x00006000016b2200 (non-class sm): after allocation: 1 chunk(s), current:@0x00007f8f2d80b248, u, base 0x0000000171000000, level lv02 (524288), used: 5900, committed: 8192, committed-free: 2292
[0.197s][trace][metaspace              ] Arena @0x00006000016b2200 (non-class sm): returning 0x000000017100b828.
[0.197s][trace][metaspace              ] Metaspace::allocate: type 13 return 0x000000017100b828.
[0.197s][debug][class,load,placeholders] find_and_add LOAD_INSTANCE 'sun/util/locale/BaseLocale$Key', loader loader data: 0x00006000032ac000 of 'bootstrap'
[0.197s][debug][class,load,placeholders] loadInstanceThreadQ threads:0x00007f8f4f008800, 
[0.197s][debug][class,load,placeholders] superThreadQ threads:
[0.197s][debug][class,load,placeholders] defineThreadQ threads:
[0.197s][trace][cds,unshareable        ] restore: sun.util.locale.BaseLocale$Key
[0.197s][trace][class,loader,data      ] Adding k: 0x00000001302a72a8 sun.util.locale.BaseLocale$Key to loader data: 0x00006000032ac000 of 'bootstrap'
[0.197s][debug][cds,mirror             ] sun.util.locale.BaseLocale$Key has raw archived mirror
[0.197s][debug][cds,heap               ] Clearing root 1982: was 0x00000007ffb367b8
[0.197s][debug][cds,mirror             ] Archived mirror is: 0x00000007ffb367b8
[0.197s][trace][cds,heap,mirror        ] Restored sun.util.locale.BaseLocale$Key archived mirror 0x00000007ffb367b8
[0.197s][info ][class,load             ] sun.util.locale.BaseLocale$Key source: shared objects file
[0.197s][debug][class,load             ]  klass: 0x00000001302a72a8 super: 0x0000000130000db8 loader: [loader data: 0x00006000032ac000 of 'bootstrap']
[0.197s][debug][class,load,placeholders] find_and_add DEFINE_CLASS 'sun/util/locale/BaseLocale$Key', loader loader data: 0x00006000032ac000 of 'bootstrap'
[0.197s][debug][class,load,placeholders] loadInstanceThreadQ threads:0x00007f8f4f008800, 
[0.197s][debug][class,load,placeholders] superThreadQ threads:
[0.197s][debug][class,load,placeholders] defineThreadQ threads:0x00007f8f4f008800, 
[0.197s][debug][class,load,placeholders] find_and_remove DEFINE_CLASS 'sun/util/locale/BaseLocale$Key', loader loader data: 0x00006000032ac000 of 'bootstrap', InstanceKlass 'sun/util/locale/BaseLocale$Key'
[0.197s][debug][class,load,placeholders] loadInstanceThreadQ threads:0x00007f8f4f008800, 
[0.197s][debug][class,load,placeholders] superThreadQ threads:
[0.197s][debug][class,load,placeholders] defineThreadQ threads:0x00007f8f4f008800, 
[0.198s][debug][class,load,placeholders] find_and_remove LOAD_INSTANCE 'sun/util/locale/BaseLocale$Key', loader loader data: 0x00006000032ac000 of 'bootstrap', InstanceKlass 'sun/util/locale/BaseLocale$Key'
[0.198s][debug][class,load,placeholders] loadInstanceThreadQ threads:0x00007f8f4f008800, 
[0.198s][debug][class,load,placeholders] superThreadQ threads:
[0.198s][debug][class,load,placeholders] defineThreadQ threads:
[0.198s][debug][class,resolve          ] sun.util.locale.BaseLocale sun.util.locale.BaseLocale$Key BaseLocale.java:167
[0.198s][info ][class,init             ] 249 Initializing 'sun/util/locale/BaseLocale$Key' (0x00000001302a72a8)
[0.198s][trace][metaspace              ] Arena @0x00006000016b2200 (non-class sm): requested 7 words.
[0.198s][trace][metaspace              ] Arena @0x00006000016b2200 (non-class sm): after allocation: 1 chunk(s), current:@0x00007f8f2d80b248, u, base 0x0000000171000000, level lv02 (524288), used: 5907, committed: 8192, committed-free: 2285
[0.198s][trace][metaspace              ] Arena @0x00006000016b2200 (non-class sm): returning 0x000000017100b860.
[0.198s][trace][metaspace              ] Metaspace::allocate: type 13 return 0x000000017100b860.
[0.198s][debug][class,resolve          ] sun.util.locale.BaseLocale$Key sun.util.locale.BaseLocale BaseLocale.java:245
[0.198s][debug][class,resolve          ] sun.util.locale.BaseLocale$Key java.lang.Class BaseLocale.java:245
[0.198s][trace][class,nestmates        ] Type sun.util.locale.BaseLocale is not part of a nest: setting nest-host to self
[0.198s][trace][class,nestmates        ] Resolving nest-host of sun.util.locale.BaseLocale$Key using cp entry for sun/util/locale/BaseLocale
[0.198s][trace][class,nestmates        ] Checking nest membership of sun.util.locale.BaseLocale$Key in sun.util.locale.BaseLocale
[0.198s][trace][class,nestmates        ] - named class found at nest_members[1] => cp[66]
[0.198s][trace][class,nestmates        ] Resolved nest-host of sun.util.locale.BaseLocale$Key to sun.util.locale.BaseLocale
[0.198s][trace][class,nestmates        ] Class sun.util.locale.BaseLocale does have nestmate access to sun.util.locale.BaseLocale$Key
[0.198s][trace][metaspace              ] Arena @0x00006000016b2200 (non-class sm): requested 7 words.
[0.198s][trace][metaspace              ] Arena @0x00006000016b2200 (non-class sm): after allocation: 1 chunk(s), current:@0x00007f8f2d80b248, u, base 0x0000000171000000, level lv02 (524288), used: 5914, committed: 8192, committed-free: 2278
[0.198s][trace][metaspace              ] Arena @0x00006000016b2200 (non-class sm): returning 0x000000017100b898.
[0.198s][trace][metaspace              ] Metaspace::allocate: type 13 return 0x000000017100b898.
[0.198s][debug][class,resolve          ] sun.util.locale.BaseLocale$Key java.lang.Object BaseLocale.java:261
[0.198s][trace][class,nestmates        ] Class sun.util.locale.BaseLocale$Key does have nestmate access to sun.util.locale.BaseLocale
[0.198s][trace][metaspace              ] Arena @0x00006000016b2200 (non-class sm): requested 7 words.
[0.198s][trace][metaspace              ] Arena @0x00006000016b2200 (non-class sm): after allocation: 1 chunk(s), current:@0x00007f8f2d80b248, u, base 0x0000000171000000, level lv02 (524288), used: 5921, committed: 8192, committed-free: 2271
[0.198s][trace][metaspace              ] Arena @0x00006000016b2200 (non-class sm): returning 0x000000017100b8d0.
[0.198s][trace][metaspace              ] Metaspace::allocate: type 13 return 0x000000017100b8d0.
[0.198s][debug][class,resolve          ] sun.util.locale.BaseLocale java.lang.Object BaseLocale.java:112
[0.198s][trace][metaspace              ] Arena @0x00006000016b2200 (non-class sm): requested 7 words.
[0.198s][trace][metaspace              ] Arena @0x00006000016b2200 (non-class sm): after allocation: 1 chunk(s), current:@0x00007f8f2d80b248, u, base 0x0000000171000000, level lv02 (524288), used: 5928, committed: 8192, committed-free: 2264
[0.198s][trace][metaspace              ] Arena @0x00006000016b2200 (non-class sm): returning 0x000000017100b908.
[0.198s][trace][metaspace              ] Metaspace::allocate: type 13 return 0x000000017100b908.
[0.198s][debug][class,resolve          ] sun.util.locale.BaseLocale$Key java.lang.String BaseLocale.java:281
[0.198s][debug][class,resolve          ] sun.util.locale.BaseLocale$Key sun.util.locale.LocaleUtils BaseLocale.java:283
[0.198s][trace][metaspace              ] Arena @0x00006000016b2200 (non-class sm): requested 7 words.
[0.198s][trace][metaspace              ] Arena @0x00006000016b2200 (non-class sm): after allocation: 1 chunk(s), current:@0x00007f8f2d80b248, u, base 0x0000000171000000, level lv02 (524288), used: 5935, committed: 8192, committed-free: 2257
[0.198s][trace][metaspace              ] Arena @0x00006000016b2200 (non-class sm): returning 0x000000017100b940.
[0.198s][trace][metaspace              ] Metaspace::allocate: type 13 return 0x000000017100b940.
[0.198s][trace][metaspace              ] Arena @0x00006000016b2200 (non-class sm): requested 7 words.
[0.198s][trace][metaspace              ] Arena @0x00006000016b2200 (non-class sm): after allocation: 1 chunk(s), current:@0x00007f8f2d80b248, u, base 0x0000000171000000, level lv02 (524288), used: 5942, committed: 8192, committed-free: 2250
[0.198s][trace][metaspace              ] Arena @0x00006000016b2200 (non-class sm): returning 0x000000017100b978.
[0.198s][trace][metaspace              ] Metaspace::allocate: type 13 return 0x000000017100b978.
[0.198s][trace][metaspace              ] Arena @0x00006000016b2200 (non-class sm): requested 7 words.
[0.198s][trace][metaspace              ] Arena @0x00006000016b2200 (non-class sm): after allocation: 1 chunk(s), current:@0x00007f8f2d80b248, u, base 0x0000000171000000, level lv02 (524288), used: 5949, committed: 8192, committed-free: 2243
[0.198s][trace][metaspace              ] Arena @0x00006000016b2200 (non-class sm): returning 0x000000017100b9b0.
[0.198s][trace][metaspace              ] Metaspace::allocate: type 13 return 0x000000017100b9b0.
[0.198s][debug][class,load,placeholders] find_and_add LOAD_INSTANCE 'sun/util/locale/BaseLocale$Cache', loader loader data: 0x00006000032ac000 of 'bootstrap'
[0.198s][debug][class,load,placeholders] loadInstanceThreadQ threads:0x00007f8f4f008800, 
[0.198s][debug][class,load,placeholders] superThreadQ threads:
[0.198s][debug][class,load,placeholders] defineThreadQ threads:
[0.198s][debug][class,load,placeholders] find_and_add LOAD_SUPER 'sun/util/locale/BaseLocale$Cache', loader loader data: 0x00006000032ac000 of 'bootstrap', supername 'sun/util/locale/LocaleObjectCache'
[0.198s][debug][class,load,placeholders] loadInstanceThreadQ threads:0x00007f8f4f008800, 
[0.198s][debug][class,load,placeholders] superThreadQ threads:0x00007f8f4f008800, 
[0.198s][debug][class,load,placeholders] defineThreadQ threads:
[0.198s][debug][class,load,placeholders] find_and_add LOAD_INSTANCE 'sun/util/locale/LocaleObjectCache', loader loader data: 0x00006000032ac000 of 'bootstrap'
[0.198s][debug][class,load,placeholders] loadInstanceThreadQ threads:0x00007f8f4f008800, 
[0.198s][debug][class,load,placeholders] superThreadQ threads:
[0.198s][debug][class,load,placeholders] defineThreadQ threads:
[0.198s][trace][cds,unshareable        ] restore: sun.util.locale.LocaleObjectCache
[0.198s][trace][class,loader,data      ] Adding k: 0x0000000130175bf8 sun.util.locale.LocaleObjectCache to loader data: 0x00006000032ac000 of 'bootstrap'
[0.198s][debug][cds,mirror             ] sun.util.locale.LocaleObjectCache has raw archived mirror
[0.198s][debug][cds,heap               ] Clearing root 1544: was 0x00000007ffb2a9a8
[0.198s][debug][cds,mirror             ] Archived mirror is: 0x00000007ffb2a9a8
[0.198s][trace][cds,heap,mirror        ] Restored sun.util.locale.LocaleObjectCache archived mirror 0x00000007ffb2a9a8
[0.198s][info ][class,load             ] sun.util.locale.LocaleObjectCache source: shared objects file
[0.198s][debug][class,load             ]  klass: 0x0000000130175bf8 super: 0x0000000130000db8 loader: [loader data: 0x00006000032ac000 of 'bootstrap']
[0.198s][debug][class,load,placeholders] find_and_add DEFINE_CLASS 'sun/util/locale/LocaleObjectCache', loader loader data: 0x00006000032ac000 of 'bootstrap'
[0.198s][debug][class,load,placeholders] loadInstanceThreadQ threads:0x00007f8f4f008800, 
[0.198s][debug][class,load,placeholders] superThreadQ threads:
[0.198s][debug][class,load,placeholders] defineThreadQ threads:0x00007f8f4f008800, 
[0.198s][debug][class,load,placeholders] find_and_remove DEFINE_CLASS 'sun/util/locale/LocaleObjectCache', loader loader data: 0x00006000032ac000 of 'bootstrap', InstanceKlass 'sun/util/locale/LocaleObjectCache'
[0.198s][debug][class,load,placeholders] loadInstanceThreadQ threads:0x00007f8f4f008800, 
[0.198s][debug][class,load,placeholders] superThreadQ threads:
[0.198s][debug][class,load,placeholders] defineThreadQ threads:0x00007f8f4f008800, 
[0.198s][debug][class,load,placeholders] find_and_remove LOAD_INSTANCE 'sun/util/locale/LocaleObjectCache', loader loader data: 0x00006000032ac000 of 'bootstrap', InstanceKlass 'sun/util/locale/LocaleObjectCache'
[0.198s][debug][class,load,placeholders] loadInstanceThreadQ threads:0x00007f8f4f008800, 
[0.198s][debug][class,load,placeholders] superThreadQ threads:
[0.198s][debug][class,load,placeholders] defineThreadQ threads:
[0.198s][debug][class,load,placeholders] find_and_remove LOAD_SUPER 'sun/util/locale/BaseLocale$Cache', loader loader data: 0x00006000032ac000 of 'bootstrap', supername 'sun/util/locale/LocaleObjectCache'
[0.198s][debug][class,load,placeholders] loadInstanceThreadQ threads:0x00007f8f4f008800, 
[0.198s][debug][class,load,placeholders] superThreadQ threads:0x00007f8f4f008800, 
[0.198s][debug][class,load,placeholders] defineThreadQ threads:
[0.198s][trace][cds,unshareable        ] restore: sun.util.locale.BaseLocale$Cache
[0.198s][trace][class,loader,data      ] Adding k: 0x0000000130175e58 sun.util.locale.BaseLocale$Cache to loader data: 0x00006000032ac000 of 'bootstrap'
[0.198s][debug][cds,mirror             ] sun.util.locale.BaseLocale$Cache has raw archived mirror
[0.198s][debug][cds,heap               ] Clearing root 1983: was 0x00000007ffb36830
[0.198s][debug][cds,mirror             ] Archived mirror is: 0x00000007ffb36830
[0.198s][trace][cds,heap,mirror        ] Restored sun.util.locale.BaseLocale$Cache archived mirror 0x00000007ffb36830
[0.198s][info ][class,load             ] sun.util.locale.BaseLocale$Cache source: shared objects file
[0.198s][debug][class,load             ]  klass: 0x0000000130175e58 super: 0x0000000130175bf8 loader: [loader data: 0x00006000032ac000 of 'bootstrap']
[0.199s][debug][class,load,placeholders] find_and_add DEFINE_CLASS 'sun/util/locale/BaseLocale$Cache', loader loader data: 0x00006000032ac000 of 'bootstrap', supername 'sun/util/locale/LocaleObjectCache'
[0.199s][debug][class,load,placeholders] loadInstanceThreadQ threads:0x00007f8f4f008800, 
[0.199s][debug][class,load,placeholders] superThreadQ threads:
[0.199s][debug][class,load,placeholders] defineThreadQ threads:0x00007f8f4f008800, 
[0.199s][debug][class,load,placeholders] find_and_remove DEFINE_CLASS 'sun/util/locale/BaseLocale$Cache', loader loader data: 0x00006000032ac000 of 'bootstrap', supername 'sun/util/locale/LocaleObjectCache', InstanceKlass 'sun/util/locale/BaseLocale$Cache'
[0.199s][debug][class,load,placeholders] loadInstanceThreadQ threads:0x00007f8f4f008800, 
[0.199s][debug][class,load,placeholders] superThreadQ threads:
[0.199s][debug][class,load,placeholders] defineThreadQ threads:0x00007f8f4f008800, 
[0.199s][debug][class,load,placeholders] find_and_remove LOAD_INSTANCE 'sun/util/locale/BaseLocale$Cache', loader loader data: 0x00006000032ac000 of 'bootstrap', supername 'sun/util/locale/LocaleObjectCache', InstanceKlass 'sun/util/locale/BaseLocale$Cache'
[0.199s][debug][class,load,placeholders] loadInstanceThreadQ threads:0x00007f8f4f008800, 
[0.199s][debug][class,load,placeholders] superThreadQ threads:
[0.199s][debug][class,load,placeholders] defineThreadQ threads:
[0.199s][debug][class,resolve          ] sun.util.locale.BaseLocale sun.util.locale.BaseLocale$Cache BaseLocale.java:168
[0.199s][trace][class,nestmates        ] Resolving nest-host of sun.util.locale.BaseLocale$Cache using cp entry for sun/util/locale/BaseLocale
[0.199s][debug][class,resolve          ] sun.util.locale.BaseLocale$Cache sun.util.locale.BaseLocale BaseLocale.java:168
[0.199s][trace][class,nestmates        ] Checking nest membership of sun.util.locale.BaseLocale$Cache in sun.util.locale.BaseLocale
[0.199s][trace][class,nestmates        ] - named class found at nest_members[0] => cp[70]
[0.199s][trace][class,nestmates        ] Resolved nest-host of sun.util.locale.BaseLocale$Cache to sun.util.locale.BaseLocale
[0.199s][trace][class,nestmates        ] Class sun.util.locale.BaseLocale does have nestmate access to sun.util.locale.BaseLocale$Cache
[0.199s][info ][class,init             ] 250 Initializing 'sun/util/locale/LocaleObjectCache'(no method) (0x0000000130175bf8)
[0.199s][info ][class,init             ] 251 Initializing 'sun/util/locale/BaseLocale$Cache' (0x0000000130175e58)
[0.199s][trace][metaspace              ] Arena @0x00006000016b2200 (non-class sm): requested 7 words.
[0.199s][trace][metaspace              ] Arena @0x00006000016b2200 (non-class sm): after allocation: 1 chunk(s), current:@0x00007f8f2d80b248, u, base 0x0000000171000000, level lv02 (524288), used: 5956, committed: 8192, committed-free: 2236
[0.199s][trace][metaspace              ] Arena @0x00006000016b2200 (non-class sm): returning 0x000000017100b9e8.
[0.199s][trace][metaspace              ] Metaspace::allocate: type 13 return 0x000000017100b9e8.
[0.199s][trace][metaspace              ] Arena @0x00006000016b2200 (non-class sm): requested 7 words.
[0.199s][trace][metaspace              ] Arena @0x00006000016b2200 (non-class sm): after allocation: 1 chunk(s), current:@0x00007f8f2d80b248, u, base 0x0000000171000000, level lv02 (524288), used: 5963, committed: 8192, committed-free: 2229
[0.199s][trace][metaspace              ] Arena @0x00006000016b2200 (non-class sm): returning 0x000000017100ba20.
[0.199s][trace][metaspace              ] Metaspace::allocate: type 13 return 0x000000017100ba20.
[0.199s][debug][class,resolve          ] sun.util.locale.BaseLocale$Cache sun.util.locale.LocaleObjectCache BaseLocale.java:344
[0.199s][trace][metaspace              ] Arena @0x00006000016b2200 (non-class sm): requested 7 words.
[0.199s][trace][metaspace              ] Arena @0x00006000016b2200 (non-class sm): after allocation: 1 chunk(s), current:@0x00007f8f2d80b248, u, base 0x0000000171000000, level lv02 (524288), used: 5970, committed: 8192, committed-free: 2222
[0.199s][trace][metaspace              ] Arena @0x00006000016b2200 (non-class sm): returning 0x000000017100ba58.
[0.199s][trace][metaspace              ] Metaspace::allocate: type 13 return 0x000000017100ba58.
[0.199s][trace][metaspace              ] Arena @0x00006000016b2200 (non-class sm): requested 7 words.
[0.199s][trace][metaspace              ] Arena @0x00006000016b2200 (non-class sm): after allocation: 1 chunk(s), current:@0x00007f8f2d80b248, u, base 0x0000000171000000, level lv02 (524288), used: 5977, committed: 8192, committed-free: 2215
[0.199s][trace][metaspace              ] Arena @0x00006000016b2200 (non-class sm): returning 0x000000017100ba90.
[0.199s][trace][metaspace              ] Metaspace::allocate: type 13 return 0x000000017100ba90.
[0.199s][debug][class,resolve          ] sun.util.locale.LocaleObjectCache java.lang.Object LocaleObjectCache.java:47
[0.199s][debug][class,resolve          ] sun.util.locale.LocaleObjectCache java.lang.ref.ReferenceQueue LocaleObjectCache.java:41
[0.199s][debug][class,resolve          ] sun.util.locale.LocaleObjectCache java.util.concurrent.ConcurrentHashMap LocaleObjectCache.java:48
[0.199s][trace][metaspace              ] Arena @0x00006000016b2200 (non-class sm): requested 7 words.
[0.199s][trace][metaspace              ] Arena @0x00006000016b2200 (non-class sm): after allocation: 1 chunk(s), current:@0x00007f8f2d80b248, u, base 0x0000000171000000, level lv02 (524288), used: 5984, committed: 8192, committed-free: 2208
[0.199s][trace][metaspace              ] Arena @0x00006000016b2200 (non-class sm): returning 0x000000017100bac8.
[0.199s][trace][metaspace              ] Metaspace::allocate: type 13 return 0x000000017100bac8.
[0.199s][trace][metaspace              ] Arena @0x00006000016b2200 (non-class sm): requested 7 words.
[0.199s][trace][metaspace              ] Arena @0x00006000016b2200 (non-class sm): after allocation: 1 chunk(s), current:@0x00007f8f2d80b248, u, base 0x0000000171000000, level lv02 (524288), used: 5991, committed: 8192, committed-free: 2201
[0.199s][trace][metaspace              ] Arena @0x00006000016b2200 (non-class sm): returning 0x000000017100bb00.
[0.199s][trace][metaspace              ] Metaspace::allocate: type 13 return 0x000000017100bb00.
[0.199s][debug][class,resolve          ] sun.util.locale.LocaleObjectCache java.util.concurrent.ConcurrentMap LocaleObjectCache.java:55
[0.199s][trace][metaspace              ] Arena @0x00006000016b2200 (non-class sm): requested 7 words.
[0.199s][trace][metaspace              ] Arena @0x00006000016b2200 (non-class sm): after allocation: 1 chunk(s), current:@0x00007f8f2d80b248, u, base 0x0000000171000000, level lv02 (524288), used: 5998, committed: 8192, committed-free: 2194
[0.199s][trace][metaspace              ] Arena @0x00006000016b2200 (non-class sm): returning 0x000000017100bb38.
[0.199s][trace][metaspace              ] Metaspace::allocate: type 13 return 0x000000017100bb38.
[0.199s][trace][metaspace              ] Arena @0x00006000016b2200 (non-class sm): requested 7 words.
[0.199s][trace][metaspace              ] Arena @0x00006000016b2200 (non-class sm): after allocation: 1 chunk(s), current:@0x00007f8f2d80b248, u, base 0x0000000171000000, level lv02 (524288), used: 6005, committed: 8192, committed-free: 2187
[0.199s][trace][metaspace              ] Arena @0x00006000016b2200 (non-class sm): returning 0x000000017100bb70.
[0.199s][trace][metaspace              ] Metaspace::allocate: type 13 return 0x000000017100bb70.
[0.199s][debug][class,resolve          ] sun.util.locale.BaseLocale$Cache sun.util.locale.BaseLocale$Key BaseLocale.java:340
[0.199s][trace][metaspace              ] Arena @0x00006000016b2200 (non-class sm): requested 7 words.
[0.199s][trace][metaspace              ] Arena @0x00006000016b2200 (non-class sm): after allocation: 1 chunk(s), current:@0x00007f8f2d80b248, u, base 0x0000000171000000, level lv02 (524288), used: 6012, committed: 8192, committed-free: 2180
[0.199s][trace][metaspace              ] Arena @0x00006000016b2200 (non-class sm): returning 0x000000017100bba8.
[0.199s][trace][metaspace              ] Metaspace::allocate: type 13 return 0x000000017100bba8.
[0.199s][trace][metaspace              ] Arena @0x00006000016b2200 (non-class sm): requested 7 words.
[0.199s][trace][metaspace              ] Arena @0x00006000016b2200 (non-class sm): after allocation: 1 chunk(s), current:@0x00007f8f2d80b248, u, base 0x0000000171000000, level lv02 (524288), used: 6019, committed: 8192, committed-free: 2173
[0.199s][trace][metaspace              ] Arena @0x00006000016b2200 (non-class sm): returning 0x000000017100bbe0.
[0.199s][trace][metaspace              ] Metaspace::allocate: type 13 return 0x000000017100bbe0.
[0.199s][trace][metaspace              ] Arena @0x00006000016b2200 (non-class sm): requested 7 words.
[0.199s][trace][metaspace              ] Arena @0x00006000016b2200 (non-class sm): after allocation: 1 chunk(s), current:@0x00007f8f2d80b248, u, base 0x0000000171000000, level lv02 (524288), used: 6026, committed: 8192, committed-free: 2166
[0.199s][trace][metaspace              ] Arena @0x00006000016b2200 (non-class sm): returning 0x000000017100bc18.
[0.199s][trace][metaspace              ] Metaspace::allocate: type 13 return 0x000000017100bc18.
[0.199s][trace][oopstorage,ref         ] StringTable Weak: allocated 0x00007f8f4cf05f38
[0.199s][debug][class,resolve          ] sun.util.locale.BaseLocale$Key java.lang.ref.SoftReference BaseLocale.java:265
[0.199s][info ][class,init             ] 252 Initializing 'java/lang/ref/SoftReference'(no method) (0x000000013004f860)
[0.199s][trace][metaspace              ] Arena @0x00006000016b2200 (non-class sm): requested 7 words.
[0.199s][trace][metaspace              ] Arena @0x00006000016b2200 (non-class sm): after allocation: 1 chunk(s), current:@0x00007f8f2d80b248, u, base 0x0000000171000000, level lv02 (524288), used: 6033, committed: 8192, committed-free: 2159
[0.199s][trace][metaspace              ] Arena @0x00006000016b2200 (non-class sm): returning 0x000000017100bc50.
[0.199s][trace][metaspace              ] Metaspace::allocate: type 13 return 0x000000017100bc50.
[0.199s][debug][class,resolve          ] java.lang.ref.SoftReference java.lang.ref.Reference SoftReference.java:85
[0.199s][trace][metaspace              ] Arena @0x00006000016b2200 (non-class sm): requested 7 words.
[0.199s][trace][metaspace              ] Arena @0x00006000016b2200 (non-class sm): after allocation: 1 chunk(s), current:@0x00007f8f2d80b248, u, base 0x0000000171000000, level lv02 (524288), used: 6040, committed: 8192, committed-free: 2152
[0.199s][trace][metaspace              ] Arena @0x00006000016b2200 (non-class sm): returning 0x000000017100bc88.
[0.199s][trace][metaspace              ] Metaspace::allocate: type 13 return 0x000000017100bc88.
[0.199s][debug][class,resolve          ] java.lang.ref.Reference java.lang.ref.ReferenceQueue Reference.java:501
[0.200s][trace][metaspace              ] Arena @0x00006000016b2200 (non-class sm): requested 7 words.
[0.200s][trace][metaspace              ] Arena @0x00006000016b2200 (non-class sm): after allocation: 1 chunk(s), current:@0x00007f8f2d80b248, u, base 0x0000000171000000, level lv02 (524288), used: 6047, committed: 8192, committed-free: 2145
[0.200s][trace][metaspace              ] Arena @0x00006000016b2200 (non-class sm): returning 0x000000017100bcc0.
[0.200s][trace][metaspace              ] Metaspace::allocate: type 13 return 0x000000017100bcc0.
[0.200s][trace][metaspace              ] Arena @0x00006000016b2200 (non-class sm): requested 7 words.
[0.200s][trace][metaspace              ] Arena @0x00006000016b2200 (non-class sm): after allocation: 1 chunk(s), current:@0x00007f8f2d80b248, u, base 0x0000000171000000, level lv02 (524288), used: 6054, committed: 8192, committed-free: 2138
[0.200s][trace][metaspace              ] Arena @0x00006000016b2200 (non-class sm): returning 0x000000017100bcf8.
[0.200s][trace][metaspace              ] Metaspace::allocate: type 13 return 0x000000017100bcf8.
[0.200s][trace][class,nestmates        ] Class sun.util.locale.BaseLocale$Cache does have nestmate access to sun.util.locale.BaseLocale$Key
[0.200s][trace][metaspace              ] Arena @0x00006000016b2200 (non-class sm): requested 7 words.
[0.200s][trace][metaspace              ] Arena @0x00006000016b2200 (non-class sm): after allocation: 1 chunk(s), current:@0x00007f8f2d80b248, u, base 0x0000000171000000, level lv02 (524288), used: 6061, committed: 8192, committed-free: 2131
[0.200s][trace][metaspace              ] Arena @0x00006000016b2200 (non-class sm): returning 0x000000017100bd30.
[0.200s][trace][metaspace              ] Metaspace::allocate: type 13 return 0x000000017100bd30.
[0.200s][trace][metaspace              ] Arena @0x00006000016b2200 (non-class sm): requested 7 words.
[0.200s][trace][metaspace              ] Arena @0x00006000016b2200 (non-class sm): after allocation: 1 chunk(s), current:@0x00007f8f2d80b248, u, base 0x0000000171000000, level lv02 (524288), used: 6068, committed: 8192, committed-free: 2124
[0.200s][trace][metaspace              ] Arena @0x00006000016b2200 (non-class sm): returning 0x000000017100bd68.
[0.200s][trace][metaspace              ] Metaspace::allocate: type 13 return 0x000000017100bd68.
[0.200s][debug][class,load,placeholders] find_and_add LOAD_INSTANCE 'sun/util/locale/LocaleObjectCache$CacheEntry', loader loader data: 0x00006000032ac000 of 'bootstrap'
[0.200s][debug][class,load,placeholders] loadInstanceThreadQ threads:0x00007f8f4f008800, 
[0.200s][debug][class,load,placeholders] superThreadQ threads:
[0.200s][debug][class,load,placeholders] defineThreadQ threads:
[0.200s][trace][cds,unshareable        ] restore: sun.util.locale.LocaleObjectCache$CacheEntry
[0.200s][trace][class,loader,data      ] Adding k: 0x0000000130271910 sun.util.locale.LocaleObjectCache$CacheEntry to loader data: 0x00006000032ac000 of 'bootstrap'
[0.200s][debug][cds,mirror             ] sun.util.locale.LocaleObjectCache$CacheEntry has raw archived mirror
[0.200s][debug][cds,heap               ] Clearing root 1545: was 0x00000007ffb2aa18
[0.200s][debug][cds,mirror             ] Archived mirror is: 0x00000007ffb2aa18
[0.200s][trace][cds,heap,mirror        ] Restored sun.util.locale.LocaleObjectCache$CacheEntry archived mirror 0x00000007ffb2aa18
[0.200s][info ][class,load             ] sun.util.locale.LocaleObjectCache$CacheEntry source: shared objects file
[0.200s][debug][class,load             ]  klass: 0x0000000130271910 super: 0x000000013004f860 loader: [loader data: 0x00006000032ac000 of 'bootstrap']
[0.200s][debug][class,load,placeholders] find_and_add DEFINE_CLASS 'sun/util/locale/LocaleObjectCache$CacheEntry', loader loader data: 0x00006000032ac000 of 'bootstrap'
[0.200s][debug][class,load,placeholders] loadInstanceThreadQ threads:0x00007f8f4f008800, 
[0.200s][debug][class,load,placeholders] superThreadQ threads:
[0.200s][debug][class,load,placeholders] defineThreadQ threads:0x00007f8f4f008800, 
[0.200s][debug][class,load,placeholders] find_and_remove DEFINE_CLASS 'sun/util/locale/LocaleObjectCache$CacheEntry', loader loader data: 0x00006000032ac000 of 'bootstrap', InstanceKlass 'sun/util/locale/LocaleObjectCache$CacheEntry'
[0.200s][debug][class,load,placeholders] loadInstanceThreadQ threads:0x00007f8f4f008800, 
[0.200s][debug][class,load,placeholders] superThreadQ threads:
[0.200s][debug][class,load,placeholders] defineThreadQ threads:0x00007f8f4f008800, 
[0.200s][debug][class,load,placeholders] find_and_remove LOAD_INSTANCE 'sun/util/locale/LocaleObjectCache$CacheEntry', loader loader data: 0x00006000032ac000 of 'bootstrap', InstanceKlass 'sun/util/locale/LocaleObjectCache$CacheEntry'
[0.200s][debug][class,load,placeholders] loadInstanceThreadQ threads:0x00007f8f4f008800, 
[0.200s][debug][class,load,placeholders] superThreadQ threads:
[0.200s][debug][class,load,placeholders] defineThreadQ threads:
[0.200s][debug][class,resolve          ] sun.util.locale.LocaleObjectCache sun.util.locale.LocaleObjectCache$CacheEntry LocaleObjectCache.java:67
[0.200s][info ][class,init             ] 253 Initializing 'sun/util/locale/LocaleObjectCache$CacheEntry'(no method) (0x0000000130271910)
[0.200s][trace][metaspace              ] Arena @0x00006000016b2200 (non-class sm): requested 7 words.
[0.200s][trace][metaspace              ] Arena @0x00006000016b2200 (non-class sm): after allocation: 1 chunk(s), current:@0x00007f8f2d80b248, u, base 0x0000000171000000, level lv02 (524288), used: 6075, committed: 8192, committed-free: 2117
[0.200s][trace][metaspace              ] Arena @0x00006000016b2200 (non-class sm): returning 0x000000017100bda0.
[0.200s][trace][metaspace              ] Metaspace::allocate: type 13 return 0x000000017100bda0.
[0.200s][debug][class,resolve          ] sun.util.locale.LocaleObjectCache$CacheEntry java.lang.ref.SoftReference LocaleObjectCache.java:106
[0.200s][trace][metaspace              ] Arena @0x00006000016b2200 (non-class sm): requested 7 words.
[0.200s][trace][metaspace              ] Arena @0x00006000016b2200 (non-class sm): after allocation: 1 chunk(s), current:@0x00007f8f2d80b248, u, base 0x0000000171000000, level lv02 (524288), used: 6082, committed: 8192, committed-free: 2110
[0.200s][trace][metaspace              ] Arena @0x00006000016b2200 (non-class sm): returning 0x000000017100bdd8.
[0.200s][trace][metaspace              ] Metaspace::allocate: type 13 return 0x000000017100bdd8.
[0.200s][trace][metaspace              ] Arena @0x00006000016b2200 (non-class sm): requested 7 words.
[0.200s][trace][metaspace              ] Arena @0x00006000016b2200 (non-class sm): after allocation: 1 chunk(s), current:@0x00007f8f2d80b248, u, base 0x0000000171000000, level lv02 (524288), used: 6089, committed: 8192, committed-free: 2103
[0.200s][trace][metaspace              ] Arena @0x00006000016b2200 (non-class sm): returning 0x000000017100be10.
[0.200s][trace][metaspace              ] Metaspace::allocate: type 13 return 0x000000017100be10.
[0.200s][debug][class,load,placeholders] find_and_add LOAD_INSTANCE 'java/util/Locale$Cache', loader loader data: 0x00006000032ac000 of 'bootstrap'
[0.200s][debug][class,load,placeholders] loadInstanceThreadQ threads:0x00007f8f4f008800, 
[0.200s][debug][class,load,placeholders] superThreadQ threads:
[0.200s][debug][class,load,placeholders] defineThreadQ threads:
[0.200s][trace][cds,unshareable        ] restore: java.util.Locale$Cache
[0.200s][trace][class,loader,data      ] Adding k: 0x0000000130175990 java.util.Locale$Cache to loader data: 0x00006000032ac000 of 'bootstrap'
[0.200s][debug][cds,mirror             ] java.util.Locale$Cache has raw archived mirror
[0.200s][debug][cds,heap               ] Clearing root 1534: was 0x00000007ffb2a440
[0.200s][debug][cds,mirror             ] Archived mirror is: 0x00000007ffb2a440
[0.200s][trace][cds,heap,mirror        ] Restored java.util.Locale$Cache archived mirror 0x00000007ffb2a440
[0.200s][info ][class,load             ] java.util.Locale$Cache source: shared objects file
[0.200s][debug][class,load             ]  klass: 0x0000000130175990 super: 0x0000000130175bf8 loader: [loader data: 0x00006000032ac000 of 'bootstrap']
[0.200s][debug][class,load,placeholders] find_and_add DEFINE_CLASS 'java/util/Locale$Cache', loader loader data: 0x00006000032ac000 of 'bootstrap'
[0.200s][debug][class,load,placeholders] loadInstanceThreadQ threads:0x00007f8f4f008800, 
[0.200s][debug][class,load,placeholders] superThreadQ threads:
[0.200s][debug][class,load,placeholders] defineThreadQ threads:0x00007f8f4f008800, 
[0.200s][debug][class,load,placeholders] find_and_remove DEFINE_CLASS 'java/util/Locale$Cache', loader loader data: 0x00006000032ac000 of 'bootstrap', InstanceKlass 'java/util/Locale$Cache'
[0.200s][debug][class,load,placeholders] loadInstanceThreadQ threads:0x00007f8f4f008800, 
[0.200s][debug][class,load,placeholders] superThreadQ threads:
[0.200s][debug][class,load,placeholders] defineThreadQ threads:0x00007f8f4f008800, 
[0.200s][debug][class,load,placeholders] find_and_remove LOAD_INSTANCE 'java/util/Locale$Cache', loader loader data: 0x00006000032ac000 of 'bootstrap', InstanceKlass 'java/util/Locale$Cache'
[0.200s][debug][class,load,placeholders] loadInstanceThreadQ threads:0x00007f8f4f008800, 
[0.200s][debug][class,load,placeholders] superThreadQ threads:
[0.200s][debug][class,load,placeholders] defineThreadQ threads:
[0.200s][debug][class,resolve          ] java.util.Locale java.util.Locale$Cache Locale.java:845
[0.200s][trace][class,nestmates        ] Type java.util.Locale is not part of a nest: setting nest-host to self
[0.200s][trace][class,nestmates        ] Resolving nest-host of java.util.Locale$Cache using cp entry for java/util/Locale
[0.200s][debug][class,resolve          ] java.util.Locale$Cache java.util.Locale Locale.java:845
[0.200s][trace][class,nestmates        ] Checking nest membership of java.util.Locale$Cache in java.util.Locale
[0.200s][trace][class,nestmates        ] - named class found at nest_members[7] => cp[67]
[0.200s][trace][class,nestmates        ] Resolved nest-host of java.util.Locale$Cache to java.util.Locale
[0.201s][trace][class,nestmates        ] Class java.util.Locale does have nestmate access to java.util.Locale$Cache
[0.201s][info ][class,init             ] 254 Initializing 'java/util/Locale$Cache' (0x0000000130175990)
[0.201s][trace][metaspace              ] Arena @0x00006000016b2200 (non-class sm): requested 7 words.
[0.201s][trace][metaspace              ] Arena @0x00006000016b2200 (non-class sm): after allocation: 1 chunk(s), current:@0x00007f8f2d80b248, u, base 0x0000000171000000, level lv02 (524288), used: 6096, committed: 8192, committed-free: 2096
[0.201s][trace][metaspace              ] Arena @0x00006000016b2200 (non-class sm): returning 0x000000017100be48.
[0.201s][trace][metaspace              ] Metaspace::allocate: type 13 return 0x000000017100be48.
[0.201s][trace][metaspace              ] Arena @0x00006000016b2200 (non-class sm): requested 7 words.
[0.201s][trace][metaspace              ] Arena @0x00006000016b2200 (non-class sm): after allocation: 1 chunk(s), current:@0x00007f8f2d80b248, u, base 0x0000000171000000, level lv02 (524288), used: 6103, committed: 8192, committed-free: 2089
[0.201s][trace][metaspace              ] Arena @0x00006000016b2200 (non-class sm): returning 0x000000017100be80.
[0.201s][trace][metaspace              ] Metaspace::allocate: type 13 return 0x000000017100be80.
[0.201s][debug][class,resolve          ] java.util.Locale$Cache sun.util.locale.LocaleObjectCache Locale.java:856
[0.201s][trace][metaspace              ] Arena @0x00006000016b2200 (non-class sm): requested 7 words.
[0.201s][trace][metaspace              ] Arena @0x00006000016b2200 (non-class sm): after allocation: 1 chunk(s), current:@0x00007f8f2d80b248, u, base 0x0000000171000000, level lv02 (524288), used: 6110, committed: 8192, committed-free: 2082
[0.201s][trace][metaspace              ] Arena @0x00006000016b2200 (non-class sm): returning 0x000000017100beb8.
[0.201s][trace][metaspace              ] Metaspace::allocate: type 13 return 0x000000017100beb8.
[0.201s][trace][metaspace              ] Arena @0x00006000016b2200 (non-class sm): requested 7 words.
[0.201s][trace][metaspace              ] Arena @0x00006000016b2200 (non-class sm): after allocation: 1 chunk(s), current:@0x00007f8f2d80b248, u, base 0x0000000171000000, level lv02 (524288), used: 6117, committed: 8192, committed-free: 2075
[0.201s][trace][metaspace              ] Arena @0x00006000016b2200 (non-class sm): returning 0x000000017100bef0.
[0.201s][trace][metaspace              ] Metaspace::allocate: type 13 return 0x000000017100bef0.
[0.201s][trace][metaspace              ] Arena @0x00006000016b2200 (non-class sm): requested 7 words.
[0.201s][trace][metaspace              ] Arena @0x00006000016b2200 (non-class sm): after allocation: 1 chunk(s), current:@0x00007f8f2d80b248, u, base 0x0000000171000000, level lv02 (524288), used: 6124, committed: 8192, committed-free: 2068
[0.201s][trace][metaspace              ] Arena @0x00006000016b2200 (non-class sm): returning 0x000000017100bf28.
[0.201s][trace][metaspace              ] Metaspace::allocate: type 13 return 0x000000017100bf28.
[0.201s][debug][class,resolve          ] java.util.Locale$Cache sun.util.locale.BaseLocale Locale.java:861
[0.201s][trace][class,nestmates        ] Class java.util.Locale$Cache does have nestmate access to java.util.Locale
[0.201s][debug][class,resolve          ] java.util.Locale java.io.ObjectStreamField Locale.java:2310
[0.201s][debug][class,resolve          ] java.util.Locale java.lang.Integer Locale.java:2310
[0.201s][trace][metaspace              ] Arena @0x00006000016b2200 (non-class sm): requested 7 words.
[0.201s][trace][metaspace              ] Arena @0x00006000016b2200 (non-class sm): after allocation: 1 chunk(s), current:@0x00007f8f2d80b248, u, base 0x0000000171000000, level lv02 (524288), used: 6131, committed: 8192, committed-free: 2061
[0.201s][trace][metaspace              ] Arena @0x00006000016b2200 (non-class sm): returning 0x000000017100bf60.
[0.201s][trace][metaspace              ] Metaspace::allocate: type 13 return 0x000000017100bf60.
[0.201s][trace][metaspace              ] Arena @0x00006000016b2200 (non-class sm): requested 7 words.
[0.201s][trace][metaspace              ] Arena @0x00006000016b2200 (non-class sm): after allocation: 1 chunk(s), current:@0x00007f8f2d80b248, u, base 0x0000000171000000, level lv02 (524288), used: 6138, committed: 8192, committed-free: 2054
[0.201s][trace][metaspace              ] Arena @0x00006000016b2200 (non-class sm): returning 0x000000017100bf98.
[0.201s][trace][metaspace              ] Metaspace::allocate: type 13 return 0x000000017100bf98.
[0.201s][trace][metaspace              ] Arena @0x00006000016b2200 (non-class sm): requested 7 words.
[0.201s][trace][metaspace              ] Arena @0x00006000016b2200 (non-class sm): after allocation: 1 chunk(s), current:@0x00007f8f2d80b248, u, base 0x0000000171000000, level lv02 (524288), used: 6145, committed: 8192, committed-free: 2047
[0.201s][trace][metaspace              ] Arena @0x00006000016b2200 (non-class sm): returning 0x000000017100bfd0.
[0.201s][trace][metaspace              ] Metaspace::allocate: type 13 return 0x000000017100bfd0.
[0.201s][debug][class,resolve          ] java.lang.StringLatin1 java.lang.CharacterDataLatin1 StringLatin1.java:443
[0.201s][trace][metaspace              ] Arena @0x00006000016b2200 (non-class sm): requested 7 words.
[0.201s][trace][metaspace              ] Arena @0x00006000016b2200 (non-class sm): after allocation: 1 chunk(s), current:@0x00007f8f2d80b248, u, base 0x0000000171000000, level lv02 (524288), used: 6152, committed: 8192, committed-free: 2040
[0.201s][trace][metaspace              ] Arena @0x00006000016b2200 (non-class sm): returning 0x000000017100c008.
[0.201s][trace][metaspace              ] Metaspace::allocate: type 13 return 0x000000017100c008.
[0.201s][trace][metaspace              ] Arena @0x00006000016b2200 (non-class sm): requested 7 words.
[0.201s][trace][metaspace              ] Arena @0x00006000016b2200 (non-class sm): after allocation: 1 chunk(s), current:@0x00007f8f2d80b248, u, base 0x0000000171000000, level lv02 (524288), used: 6159, committed: 8192, committed-free: 2033
[0.201s][trace][metaspace              ] Arena @0x00006000016b2200 (non-class sm): returning 0x000000017100c040.
[0.201s][trace][metaspace              ] Metaspace::allocate: type 13 return 0x000000017100c040.
[0.201s][debug][class,resolve          ] java.net.URL java.net.URLStreamHandler URL.java:901
[0.201s][trace][metaspace              ] Arena @0x00006000016b2200 (non-class sm): requested 7 words.
[0.201s][trace][metaspace              ] Arena @0x00006000016b2200 (non-class sm): after allocation: 1 chunk(s), current:@0x00007f8f2d80b248, u, base 0x0000000171000000, level lv02 (524288), used: 6166, committed: 8192, committed-free: 2026
[0.201s][trace][metaspace              ] Arena @0x00006000016b2200 (non-class sm): returning 0x000000017100c078.
[0.201s][trace][metaspace              ] Metaspace::allocate: type 13 return 0x000000017100c078.
[0.201s][trace][metaspace              ] Arena @0x00006000016b2200 (non-class sm): requested 7 words.
[0.201s][trace][metaspace              ] Arena @0x00006000016b2200 (non-class sm): after allocation: 1 chunk(s), current:@0x00007f8f2d80b248, u, base 0x0000000171000000, level lv02 (524288), used: 6173, committed: 8192, committed-free: 2019
[0.201s][trace][metaspace              ] Arena @0x00006000016b2200 (non-class sm): returning 0x000000017100c0b0.
[0.201s][trace][metaspace              ] Metaspace::allocate: type 13 return 0x000000017100c0b0.
[0.201s][trace][metaspace              ] Arena @0x00006000016b2200 (non-class sm): requested 7 words.
[0.201s][trace][metaspace              ] Arena @0x00006000016b2200 (non-class sm): after allocation: 1 chunk(s), current:@0x00007f8f2d80b248, u, base 0x0000000171000000, level lv02 (524288), used: 6180, committed: 8192, committed-free: 2012
[0.201s][trace][metaspace              ] Arena @0x00006000016b2200 (non-class sm): returning 0x000000017100c0e8.
[0.201s][trace][metaspace              ] Metaspace::allocate: type 13 return 0x000000017100c0e8.
[0.201s][trace][metaspace              ] Arena @0x00006000016b2200 (non-class sm): requested 7 words.
[0.201s][trace][metaspace              ] Arena @0x00006000016b2200 (non-class sm): after allocation: 1 chunk(s), current:@0x00007f8f2d80b248, u, base 0x0000000171000000, level lv02 (524288), used: 6187, committed: 8192, committed-free: 2005
[0.201s][trace][metaspace              ] Arena @0x00006000016b2200 (non-class sm): returning 0x000000017100c120.
[0.201s][trace][metaspace              ] Metaspace::allocate: type 13 return 0x000000017100c120.
[0.201s][debug][class,load,placeholders] find_and_add LOAD_INSTANCE 'jdk/internal/loader/URLClassPath$3', loader loader data: 0x00006000032ac000 of 'bootstrap'
[0.201s][debug][class,load,placeholders] loadInstanceThreadQ threads:0x00007f8f4f008800, 
[0.201s][debug][class,load,placeholders] superThreadQ threads:
[0.201s][debug][class,load,placeholders] defineThreadQ threads:
[0.201s][debug][class,load,placeholders] find_and_add LOAD_SUPER 'jdk/internal/loader/URLClassPath$3', loader loader data: 0x00006000032ac000 of 'bootstrap', supername 'java/security/PrivilegedExceptionAction'
[0.201s][debug][class,load,placeholders] loadInstanceThreadQ threads:0x00007f8f4f008800, 
[0.201s][debug][class,load,placeholders] superThreadQ threads:0x00007f8f4f008800, 
[0.201s][debug][class,load,placeholders] defineThreadQ threads:
[0.201s][debug][class,load,placeholders] find_and_add LOAD_INSTANCE 'java/security/PrivilegedExceptionAction', loader loader data: 0x00006000032ac000 of 'bootstrap'
[0.201s][debug][class,load,placeholders] loadInstanceThreadQ threads:0x00007f8f4f008800, 
[0.201s][debug][class,load,placeholders] superThreadQ threads:
[0.201s][debug][class,load,placeholders] defineThreadQ threads:
[0.201s][trace][cds,unshareable        ] restore: java.security.PrivilegedExceptionAction
[0.201s][trace][class,loader,data      ] Adding k: 0x000000013016e920 java.security.PrivilegedExceptionAction to loader data: 0x00006000032ac000 of 'bootstrap'
[0.201s][debug][cds,mirror             ] java.security.PrivilegedExceptionAction has raw archived mirror
[0.201s][debug][cds,heap               ] Clearing root 467: was 0x00000007ffb0d000
[0.201s][debug][cds,mirror             ] Archived mirror is: 0x00000007ffb0d000
[0.201s][trace][cds,heap,mirror        ] Restored java.security.PrivilegedExceptionAction archived mirror 0x00000007ffb0d000
[0.201s][info ][class,load             ] java.security.PrivilegedExceptionAction source: shared objects file
[0.201s][debug][class,load             ]  klass: 0x000000013016e920 super: 0x0000000130000db8 loader: [loader data: 0x00006000032ac000 of 'bootstrap']
[0.201s][debug][class,load,placeholders] find_and_add DEFINE_CLASS 'java/security/PrivilegedExceptionAction', loader loader data: 0x00006000032ac000 of 'bootstrap'
[0.201s][debug][class,load,placeholders] loadInstanceThreadQ threads:0x00007f8f4f008800, 
[0.202s][debug][class,load,placeholders] superThreadQ threads:
[0.202s][debug][class,load,placeholders] defineThreadQ threads:0x00007f8f4f008800, 
[0.202s][debug][class,load,placeholders] find_and_remove DEFINE_CLASS 'java/security/PrivilegedExceptionAction', loader loader data: 0x00006000032ac000 of 'bootstrap', InstanceKlass 'java/security/PrivilegedExceptionAction'
[0.202s][debug][class,load,placeholders] loadInstanceThreadQ threads:0x00007f8f4f008800, 
[0.202s][debug][class,load,placeholders] superThreadQ threads:
[0.202s][debug][class,load,placeholders] defineThreadQ threads:0x00007f8f4f008800, 
[0.202s][debug][class,load,placeholders] find_and_remove LOAD_INSTANCE 'java/security/PrivilegedExceptionAction', loader loader data: 0x00006000032ac000 of 'bootstrap', InstanceKlass 'java/security/PrivilegedExceptionAction'
[0.202s][debug][class,load,placeholders] loadInstanceThreadQ threads:0x00007f8f4f008800, 
[0.202s][debug][class,load,placeholders] superThreadQ threads:
[0.202s][debug][class,load,placeholders] defineThreadQ threads:
[0.202s][debug][class,load,placeholders] find_and_remove LOAD_SUPER 'jdk/internal/loader/URLClassPath$3', loader loader data: 0x00006000032ac000 of 'bootstrap', supername 'java/security/PrivilegedExceptionAction'
[0.202s][debug][class,load,placeholders] loadInstanceThreadQ threads:0x00007f8f4f008800, 
[0.202s][debug][class,load,placeholders] superThreadQ threads:0x00007f8f4f008800, 
[0.202s][debug][class,load,placeholders] defineThreadQ threads:
[0.202s][trace][cds,unshareable        ] restore: jdk.internal.loader.URLClassPath$3
[0.202s][trace][class,loader,data      ] Adding k: 0x00000001301c72c0 jdk.internal.loader.URLClassPath$3 to loader data: 0x00006000032ac000 of 'bootstrap'
[0.202s][debug][cds,mirror             ] jdk.internal.loader.URLClassPath$3 has raw archived mirror
[0.202s][debug][cds,heap               ] Clearing root 1038: was 0x00000007ffb1e248
[0.202s][debug][cds,mirror             ] Archived mirror is: 0x00000007ffb1e248
[0.202s][trace][cds,heap,mirror        ] Restored jdk.internal.loader.URLClassPath$3 archived mirror 0x00000007ffb1e248
[0.202s][debug][cds,heap               ] Clearing root 1039: was 0x00000007ffb1e2b8
[0.202s][info ][class,load             ] jdk.internal.loader.URLClassPath$3 source: shared objects file
[0.202s][debug][class,load             ]  klass: 0x00000001301c72c0 super: 0x0000000130000db8 interfaces: 0x000000013016e920 loader: [loader data: 0x00006000032ac000 of 'bootstrap']
[0.202s][debug][class,load,placeholders] find_and_add DEFINE_CLASS 'jdk/internal/loader/URLClassPath$3', loader loader data: 0x00006000032ac000 of 'bootstrap', supername 'java/security/PrivilegedExceptionAction'
[0.202s][debug][class,load,placeholders] loadInstanceThreadQ threads:0x00007f8f4f008800, 
[0.202s][debug][class,load,placeholders] superThreadQ threads:
[0.202s][debug][class,load,placeholders] defineThreadQ threads:0x00007f8f4f008800, 
[0.202s][debug][class,load,placeholders] find_and_remove DEFINE_CLASS 'jdk/internal/loader/URLClassPath$3', loader loader data: 0x00006000032ac000 of 'bootstrap', supername 'java/security/PrivilegedExceptionAction', InstanceKlass 'jdk/internal/loader/URLClassPath$3'
[0.202s][debug][class,load,placeholders] loadInstanceThreadQ threads:0x00007f8f4f008800, 
[0.202s][debug][class,load,placeholders] superThreadQ threads:
[0.202s][debug][class,load,placeholders] defineThreadQ threads:0x00007f8f4f008800, 
[0.202s][debug][class,load,placeholders] find_and_remove LOAD_INSTANCE 'jdk/internal/loader/URLClassPath$3', loader loader data: 0x00006000032ac000 of 'bootstrap', supername 'java/security/PrivilegedExceptionAction', InstanceKlass 'jdk/internal/loader/URLClassPath$3'
[0.202s][debug][class,load,placeholders] loadInstanceThreadQ threads:0x00007f8f4f008800, 
[0.202s][debug][class,load,placeholders] superThreadQ threads:
[0.202s][debug][class,load,placeholders] defineThreadQ threads:
[0.202s][debug][class,resolve          ] jdk.internal.loader.URLClassPath jdk.internal.loader.URLClassPath$3 URLClassPath.java:481
[0.202s][info ][class,init             ] 255 Initializing 'jdk/internal/loader/URLClassPath$3'(no method) (0x00000001301c72c0)
[0.202s][trace][metaspace              ] Arena @0x00006000016b2200 (non-class sm): requested 7 words.
[0.202s][trace][metaspace              ] Arena @0x00006000016b2200 (non-class sm): after allocation: 1 chunk(s), current:@0x00007f8f2d80b248, u, base 0x0000000171000000, level lv02 (524288), used: 6194, committed: 8192, committed-free: 1998
[0.202s][trace][metaspace              ] Arena @0x00006000016b2200 (non-class sm): returning 0x000000017100c158.
[0.202s][trace][metaspace              ] Metaspace::allocate: type 13 return 0x000000017100c158.
[0.202s][debug][class,resolve          ] jdk.internal.loader.URLClassPath$3 java.lang.Object URLClassPath.java:482
[0.202s][debug][class,resolve          ] jdk.internal.loader.URLClassPath java.security.AccessController URLClassPath.java:481
[0.202s][trace][metaspace              ] Arena @0x00006000016b2200 (non-class sm): requested 7 words.
[0.202s][trace][metaspace              ] Arena @0x00006000016b2200 (non-class sm): after allocation: 1 chunk(s), current:@0x00007f8f2d80b248, u, base 0x0000000171000000, level lv02 (524288), used: 6201, committed: 8192, committed-free: 1991
[0.202s][trace][metaspace              ] Arena @0x00006000016b2200 (non-class sm): returning 0x000000017100c190.
[0.202s][trace][metaspace              ] Metaspace::allocate: type 13 return 0x000000017100c190.
[0.202s][trace][metaspace              ] Arena @0x00006000016b2200 (non-class sm): requested 7 words.
[0.202s][trace][metaspace              ] Arena @0x00006000016b2200 (non-class sm): after allocation: 1 chunk(s), current:@0x00007f8f2d80b248, u, base 0x0000000171000000, level lv02 (524288), used: 6208, committed: 8192, committed-free: 1984
[0.202s][trace][metaspace              ] Arena @0x00006000016b2200 (non-class sm): returning 0x000000017100c1c8.
[0.202s][trace][metaspace              ] Metaspace::allocate: type 13 return 0x000000017100c1c8.
[0.202s][debug][class,resolve          ] java.security.AccessController java.lang.System AccessController.java:725
[0.202s][trace][metaspace              ] Arena @0x00006000016b2200 (non-class sm): requested 7 words.
[0.202s][trace][metaspace              ] Arena @0x00006000016b2200 (non-class sm): after allocation: 1 chunk(s), current:@0x00007f8f2d80b248, u, base 0x0000000171000000, level lv02 (524288), used: 6215, committed: 8192, committed-free: 1977
[0.202s][trace][metaspace              ] Arena @0x00006000016b2200 (non-class sm): returning 0x000000017100c200.
[0.202s][trace][metaspace              ] Metaspace::allocate: type 13 return 0x000000017100c200.
[0.202s][debug][class,resolve          ] java.security.AccessController java.security.PrivilegedExceptionAction AccessController.java:807
[0.202s][trace][metaspace              ] Arena @0x00006000016b2200 (non-class sm): requested 7 words.
[0.202s][trace][metaspace              ] Arena @0x00006000016b2200 (non-class sm): after allocation: 1 chunk(s), current:@0x00007f8f2d80b248, u, base 0x0000000171000000, level lv02 (524288), used: 6222, committed: 8192, committed-free: 1970
[0.202s][trace][metaspace              ] Arena @0x00006000016b2200 (non-class sm): returning 0x000000017100c238.
[0.202s][trace][metaspace              ] Metaspace::allocate: type 13 return 0x000000017100c238.
[0.202s][trace][metaspace              ] Arena @0x00006000016b2200 (non-class sm): requested 7 words.
[0.202s][trace][metaspace              ] Arena @0x00006000016b2200 (non-class sm): after allocation: 1 chunk(s), current:@0x00007f8f2d80b248, u, base 0x0000000171000000, level lv02 (524288), used: 6229, committed: 8192, committed-free: 1963
[0.202s][trace][metaspace              ] Arena @0x00006000016b2200 (non-class sm): returning 0x000000017100c270.
[0.202s][trace][metaspace              ] Metaspace::allocate: type 13 return 0x000000017100c270.
[0.202s][debug][class,resolve          ] jdk.internal.loader.URLClassPath$3 java.net.URL URLClassPath.java:484
[0.202s][debug][class,resolve          ] jdk.internal.loader.URLClassPath$3 java.lang.String URLClassPath.java:486
[0.202s][debug][class,load,placeholders] find_and_add LOAD_INSTANCE 'jdk/internal/loader/URLClassPath$FileLoader', loader loader data: 0x00006000032ac000 of 'bootstrap'
[0.202s][debug][class,load,placeholders] loadInstanceThreadQ threads:0x00007f8f4f008800, 
[0.202s][debug][class,load,placeholders] superThreadQ threads:
[0.202s][debug][class,load,placeholders] defineThreadQ threads:
[0.204s][trace][metaspace              ] Arena @0x00006000016b2200 (non-class sm): requested 17 words.
[0.204s][trace][metaspace              ] Arena @0x00006000016b2200 (non-class sm): after allocation: 1 chunk(s), current:@0x00007f8f2d80b248, u, base 0x0000000171000000, level lv02 (524288), used: 6246, committed: 8192, committed-free: 1946
[0.204s][trace][metaspace              ] Arena @0x00006000016b2200 (non-class sm): returning 0x000000017100c2a8.
[0.204s][trace][metaspace              ] Metaspace::allocate: type 2 return 0x000000017100c2a8.
[0.204s][trace][metaspace              ] Arena @0x00006000016b2200 (non-class sm): requested 136 words.
[0.204s][trace][metaspace              ] Arena @0x00006000016b2200 (non-class sm): after allocation: 1 chunk(s), current:@0x00007f8f2d80b248, u, base 0x0000000171000000, level lv02 (524288), used: 6382, committed: 8192, committed-free: 1810
[0.204s][trace][metaspace              ] Arena @0x00006000016b2200 (non-class sm): returning 0x000000017100c330.
[0.204s][trace][metaspace              ] Metaspace::allocate: type 10 return 0x000000017100c330.
[0.204s][trace][metaspace              ] Arena @0x00006000016b2200 (non-class sm): requested 12 words.
[0.204s][trace][metaspace              ] Arena @0x00006000016b2200 (non-class sm): after allocation: 1 chunk(s), current:@0x00007f8f2d80b248, u, base 0x0000000171000000, level lv02 (524288), used: 6394, committed: 8192, committed-free: 1798
[0.204s][trace][metaspace              ] Arena @0x00006000016b2200 (non-class sm): returning 0x000000017100c770.
[0.204s][trace][metaspace              ] Metaspace::allocate: type 5 return 0x000000017100c770.
[0.204s][debug][class,preorder         ] jdk.internal.loader.URLClassPath$FileLoader source: /Users/vnfedorova/Library/Java/JavaVirtualMachines/jbr-17.0.11/Contents/Home/lib/modules
[0.204s][trace][metaspace              ] Arena @0x00006000016b2200 (non-class sm): requested 3 words.
[0.204s][trace][metaspace              ] Arena @0x00006000016b2200 (non-class sm): after allocation: 1 chunk(s), current:@0x00007f8f2d80b248, u, base 0x0000000171000000, level lv02 (524288), used: 6397, committed: 8192, committed-free: 1795
[0.204s][trace][metaspace              ] Arena @0x00006000016b2200 (non-class sm): returning 0x000000017100c7d0.
[0.204s][trace][metaspace              ] Metaspace::allocate: type 3 return 0x000000017100c7d0.
[0.204s][trace][metaspace              ] Arena @0x00006000016b2200 (non-class sm): requested 4 words.
[0.204s][trace][metaspace              ] Arena @0x00006000016b2200 (non-class sm): after allocation: 1 chunk(s), current:@0x00007f8f2d80b248, u, base 0x0000000171000000, level lv02 (524288), used: 6401, committed: 8192, committed-free: 1791
[0.204s][trace][metaspace              ] Arena @0x00006000016b2200 (non-class sm): returning 0x000000017100c7e8.
[0.204s][trace][metaspace              ] Metaspace::allocate: type 5 return 0x000000017100c7e8.
[0.204s][trace][metaspace              ] Arena @0x00006000016b2200 (non-class sm): requested 18 words.
[0.204s][trace][metaspace              ] Arena @0x00006000016b2200 (non-class sm): after allocation: 1 chunk(s), current:@0x00007f8f2d80b248, u, base 0x0000000171000000, level lv02 (524288), used: 6419, committed: 8192, committed-free: 1773
[0.204s][trace][metaspace              ] Arena @0x00006000016b2200 (non-class sm): returning 0x000000017100c808.
[0.204s][trace][metaspace              ] Metaspace::allocate: type 8 return 0x000000017100c808.
[0.204s][trace][metaspace              ] Arena @0x00006000016b2200 (non-class sm): requested 13 words.
[0.204s][trace][metaspace              ] Arena @0x00006000016b2200 (non-class sm): after allocation: 1 chunk(s), current:@0x00007f8f2d80b248, u, base 0x0000000171000000, level lv02 (524288), used: 6432, committed: 8192, committed-free: 1760
[0.204s][trace][metaspace              ] Arena @0x00006000016b2200 (non-class sm): returning 0x000000017100c898.
[0.204s][trace][metaspace              ] Metaspace::allocate: type 7 return 0x000000017100c898.
[0.204s][trace][metaspace              ] Arena @0x00006000016b2200 (non-class sm): requested 16 words.
[0.204s][trace][metaspace              ] Arena @0x00006000016b2200 (non-class sm): after allocation: 1 chunk(s), current:@0x00007f8f2d80b248, u, base 0x0000000171000000, level lv02 (524288), used: 6448, committed: 8192, committed-free: 1744
[0.204s][trace][metaspace              ] Arena @0x00006000016b2200 (non-class sm): returning 0x000000017100c900.
[0.205s][trace][metaspace              ] Metaspace::allocate: type 8 return 0x000000017100c900.
[0.205s][trace][metaspace              ] Arena @0x00006000016b2200 (non-class sm): requested 13 words.
[0.205s][trace][metaspace              ] Arena @0x00006000016b2200 (non-class sm): after allocation: 1 chunk(s), current:@0x00007f8f2d80b248, u, base 0x0000000171000000, level lv02 (524288), used: 6461, committed: 8192, committed-free: 1731
[0.205s][trace][metaspace              ] Arena @0x00006000016b2200 (non-class sm): returning 0x000000017100c980.
[0.205s][trace][metaspace              ] Metaspace::allocate: type 7 return 0x000000017100c980.
[0.205s][trace][metaspace              ] Arena @0x00006000016b2200 (non-class sm): requested 47 words.
[0.205s][trace][metaspace              ] Arena @0x00006000016b2200 (non-class sm): after allocation: 1 chunk(s), current:@0x00007f8f2d80b248, u, base 0x0000000171000000, level lv02 (524288), used: 6508, committed: 8192, committed-free: 1684
[0.205s][trace][metaspace              ] Arena @0x00006000016b2200 (non-class sm): returning 0x000000017100c9e8.
[0.205s][trace][metaspace              ] Metaspace::allocate: type 8 return 0x000000017100c9e8.
[0.205s][trace][metaspace              ] Arena @0x00006000016b2200 (non-class sm): requested 13 words.
[0.205s][trace][metaspace              ] Arena @0x00006000016b2200 (non-class sm): after allocation: 1 chunk(s), current:@0x00007f8f2d80b248, u, base 0x0000000171000000, level lv02 (524288), used: 6521, committed: 8192, committed-free: 1671
[0.205s][trace][metaspace              ] Arena @0x00006000016b2200 (non-class sm): returning 0x000000017100cb60.
[0.205s][trace][metaspace              ] Metaspace::allocate: type 7 return 0x000000017100cb60.
[0.205s][trace][metaspace              ] Arena @0x00006000016b2200 (non-class sm): requested 5 words.
[0.205s][trace][metaspace              ] Arena @0x00006000016b2200 (non-class sm): after allocation: 1 chunk(s), current:@0x00007f8f2d80b248, u, base 0x0000000171000000, level lv02 (524288), used: 6526, committed: 8192, committed-free: 1666
[0.205s][trace][metaspace              ] Arena @0x00006000016b2200 (non-class sm): returning 0x000000017100cbc8.
[0.205s][trace][metaspace              ] Metaspace::allocate: type 3 return 0x000000017100cbc8.
[0.205s][debug][class,load,placeholders] find_and_add LOAD_SUPER 'jdk/internal/loader/URLClassPath$FileLoader', loader loader data: 0x00006000032ac000 of 'bootstrap', supername 'jdk/internal/loader/URLClassPath$Loader'
[0.205s][debug][class,load,placeholders] loadInstanceThreadQ threads:0x00007f8f4f008800, 
[0.205s][debug][class,load,placeholders] superThreadQ threads:0x00007f8f4f008800, 
[0.205s][debug][class,load,placeholders] defineThreadQ threads:
[0.205s][debug][class,load,placeholders] find_and_add LOAD_INSTANCE 'jdk/internal/loader/URLClassPath$Loader', loader loader data: 0x00006000032ac000 of 'bootstrap'
[0.205s][debug][class,load,placeholders] loadInstanceThreadQ threads:0x00007f8f4f008800, 
[0.205s][debug][class,load,placeholders] superThreadQ threads:
[0.205s][debug][class,load,placeholders] defineThreadQ threads:
[0.205s][trace][cds,unshareable        ] restore: jdk.internal.loader.URLClassPath$Loader
[0.205s][trace][class,loader,data      ] Adding k: 0x00000001301c6d38 jdk.internal.loader.URLClassPath$Loader to loader data: 0x00006000032ac000 of 'bootstrap'
[0.205s][debug][cds,mirror             ] jdk.internal.loader.URLClassPath$Loader has raw archived mirror
[0.205s][debug][cds,heap               ] Clearing root 1035: was 0x00000007ffb1e150
[0.205s][debug][cds,mirror             ] Archived mirror is: 0x00000007ffb1e150
[0.205s][trace][cds,heap,mirror        ] Restored jdk.internal.loader.URLClassPath$Loader archived mirror 0x00000007ffb1e150
[0.205s][debug][cds,heap               ] Clearing root 1036: was 0x00000007ffb1e1c0
[0.205s][info ][class,load             ] jdk.internal.loader.URLClassPath$Loader source: shared objects file
[0.205s][debug][class,load             ]  klass: 0x00000001301c6d38 super: 0x0000000130000db8 interfaces: 0x0000000130017250 loader: [loader data: 0x00006000032ac000 of 'bootstrap']
[0.205s][debug][class,load,placeholders] find_and_add DEFINE_CLASS 'jdk/internal/loader/URLClassPath$Loader', loader loader data: 0x00006000032ac000 of 'bootstrap'
[0.205s][debug][class,load,placeholders] loadInstanceThreadQ threads:0x00007f8f4f008800, 
[0.205s][debug][class,load,placeholders] superThreadQ threads:
[0.205s][debug][class,load,placeholders] defineThreadQ threads:0x00007f8f4f008800, 
[0.205s][debug][class,load,placeholders] find_and_remove DEFINE_CLASS 'jdk/internal/loader/URLClassPath$Loader', loader loader data: 0x00006000032ac000 of 'bootstrap', InstanceKlass 'jdk/internal/loader/URLClassPath$Loader'
[0.205s][debug][class,load,placeholders] loadInstanceThreadQ threads:0x00007f8f4f008800, 
[0.205s][debug][class,load,placeholders] superThreadQ threads:
[0.205s][debug][class,load,placeholders] defineThreadQ threads:0x00007f8f4f008800, 
[0.205s][debug][class,load,placeholders] find_and_remove LOAD_INSTANCE 'jdk/internal/loader/URLClassPath$Loader', loader loader data: 0x00006000032ac000 of 'bootstrap', InstanceKlass 'jdk/internal/loader/URLClassPath$Loader'
[0.205s][debug][class,load,placeholders] loadInstanceThreadQ threads:0x00007f8f4f008800, 
[0.205s][debug][class,load,placeholders] superThreadQ threads:
[0.205s][debug][class,load,placeholders] defineThreadQ threads:
[0.205s][debug][class,load,placeholders] find_and_remove LOAD_SUPER 'jdk/internal/loader/URLClassPath$FileLoader', loader loader data: 0x00006000032ac000 of 'bootstrap', supername 'jdk/internal/loader/URLClassPath$Loader'
[0.205s][debug][class,load,placeholders] loadInstanceThreadQ threads:0x00007f8f4f008800, 
[0.205s][debug][class,load,placeholders] superThreadQ threads:0x00007f8f4f008800, 
[0.205s][debug][class,load,placeholders] defineThreadQ threads:
[0.205s][trace][metaspace              ] Arena @0x00006000016b2240 (class sm): requested 85 words.
[0.205s][trace][metaspace              ] Arena @0x00006000016b2240 (class sm): after allocation: 1 chunk(s), current:@0x00007f8f2d80afc0, u, base 0x0000000131040000, level lv06 (32768), used: 221, committed: 8192, committed-free: 7971
[0.205s][trace][metaspace              ] Arena @0x00006000016b2240 (class sm): returning 0x0000000131040440.
[0.205s][trace][metaspace              ] Metaspace::allocate: type 0 return 0x0000000131040440.
[0.205s][trace][class,loader,data      ] Adding k: 0x0000000131040440 jdk.internal.loader.URLClassPath$FileLoader to loader data: 0x00006000032ac000 of 'bootstrap'
[0.205s][trace][module                 ] Setting package: class: jdk.internal.loader.URLClassPath$FileLoader, package: jdk/internal/loader, loader: 'bootstrap', module: java.base
[0.205s][info ][os                     ] attempting shared library load of /Users/vnfedorova/Library/Java/JavaVirtualMachines/jbr-17.0.11/Contents/Home/lib/libzip.dylib
[0.206s][info ][os                     ] shared library load of /Users/vnfedorova/Library/Java/JavaVirtualMachines/jbr-17.0.11/Contents/Home/lib/libzip.dylib was successful
[0.206s][info ][class,load             ] jdk.internal.loader.URLClassPath$FileLoader source: jrt:/java.base
[0.206s][debug][class,load             ]  klass: 0x0000000131040440 super: 0x00000001301c6d38 loader: [loader data: 0x00006000032ac000 of 'bootstrap'] bytes: 2471 checksum: ea46bb85
[0.206s][debug][class,resolve          ] jdk.internal.loader.URLClassPath$FileLoader jdk.internal.loader.URLClassPath$Loader (super)
[0.206s][debug][class,load,placeholders] find_and_add DEFINE_CLASS 'jdk/internal/loader/URLClassPath$FileLoader', loader loader data: 0x00006000032ac000 of 'bootstrap', supername 'jdk/internal/loader/URLClassPath$Loader'
[0.206s][debug][class,load,placeholders] loadInstanceThreadQ threads:0x00007f8f4f008800, 
[0.206s][debug][class,load,placeholders] superThreadQ threads:
[0.206s][debug][class,load,placeholders] defineThreadQ threads:0x00007f8f4f008800, 
[0.206s][debug][class,load,placeholders] find_and_remove DEFINE_CLASS 'jdk/internal/loader/URLClassPath$FileLoader', loader loader data: 0x00006000032ac000 of 'bootstrap', supername 'jdk/internal/loader/URLClassPath$Loader', InstanceKlass 'jdk/internal/loader/URLClassPath$FileLoader'
[0.206s][debug][class,load,placeholders] loadInstanceThreadQ threads:0x00007f8f4f008800, 
[0.206s][debug][class,load,placeholders] superThreadQ threads:
[0.206s][debug][class,load,placeholders] defineThreadQ threads:0x00007f8f4f008800, 
[0.206s][debug][class,load,placeholders] find_and_remove LOAD_INSTANCE 'jdk/internal/loader/URLClassPath$FileLoader', loader loader data: 0x00006000032ac000 of 'bootstrap', supername 'jdk/internal/loader/URLClassPath$Loader', InstanceKlass 'jdk/internal/loader/URLClassPath$FileLoader'
[0.206s][debug][class,load,placeholders] loadInstanceThreadQ threads:0x00007f8f4f008800, 
[0.206s][debug][class,load,placeholders] superThreadQ threads:
[0.206s][debug][class,load,placeholders] defineThreadQ threads:
[0.206s][debug][class,resolve          ] jdk.internal.loader.URLClassPath$3 jdk.internal.loader.URLClassPath$FileLoader URLClassPath.java:488
[0.206s][trace][metaspace              ] Arena @0x00006000016b2200 (non-class sm): requested 85 words.
[0.206s][trace][metaspace              ] Arena @0x00006000016b2200 (non-class sm): after allocation: 1 chunk(s), current:@0x00007f8f2d80b248, u, base 0x0000000171000000, level lv02 (524288), used: 6611, committed: 8192, committed-free: 1581
[0.206s][trace][metaspace              ] Arena @0x00006000016b2200 (non-class sm): returning 0x000000017100cbf0.
[0.206s][trace][metaspace              ] Metaspace::allocate: type 11 return 0x000000017100cbf0.
[0.206s][trace][metaspace              ] Arena @0x00006000016b2200 (non-class sm): requested 2 words.
[0.206s][trace][metaspace              ] Arena @0x00006000016b2200 (non-class sm): after allocation: 1 chunk(s), current:@0x00007f8f2d80b248, u, base 0x0000000171000000, level lv02 (524288), used: 6613, committed: 8192, committed-free: 1579
[0.206s][trace][metaspace              ] Arena @0x00006000016b2200 (non-class sm): returning 0x000000017100ce98.
[0.206s][trace][metaspace              ] Metaspace::allocate: type 3 return 0x000000017100ce98.
[0.206s][info ][class,init             ] 256 Initializing 'jdk/internal/loader/URLClassPath$Loader'(no method) (0x00000001301c6d38)
[0.206s][info ][class,init             ] 257 Initializing 'jdk/internal/loader/URLClassPath$FileLoader'(no method) (0x0000000131040440)
[0.206s][trace][class,nestmates        ] Resolving nest-host of jdk.internal.loader.URLClassPath$3 using cp entry for jdk/internal/loader/URLClassPath
[0.206s][debug][class,resolve          ] jdk.internal.loader.URLClassPath$3 jdk.internal.loader.URLClassPath URLClassPath.java:488
[0.206s][trace][class,nestmates        ] Checking nest membership of jdk.internal.loader.URLClassPath$3 in jdk.internal.loader.URLClassPath
[0.206s][trace][class,nestmates        ] - named class found at nest_members[8] => cp[256]
[0.206s][trace][class,nestmates        ] Resolved nest-host of jdk.internal.loader.URLClassPath$3 to jdk.internal.loader.URLClassPath
[0.206s][trace][class,nestmates        ] Resolving nest-host of jdk.internal.loader.URLClassPath$FileLoader using cp entry for jdk/internal/loader/URLClassPath
[0.206s][debug][class,resolve          ] jdk.internal.loader.URLClassPath$FileLoader jdk.internal.loader.URLClassPath URLClassPath.java:488
[0.206s][trace][class,nestmates        ] Checking nest membership of jdk.internal.loader.URLClassPath$FileLoader in jdk.internal.loader.URLClassPath
[0.206s][trace][class,nestmates        ] - named class found at nest_members[0] => cp[481]
[0.206s][trace][class,nestmates        ] Resolved nest-host of jdk.internal.loader.URLClassPath$FileLoader to jdk.internal.loader.URLClassPath
[0.206s][trace][class,nestmates        ] Class jdk.internal.loader.URLClassPath$3 does have nestmate access to jdk.internal.loader.URLClassPath$FileLoader
[0.207s][trace][metaspace              ] Arena @0x00006000016b2200 (non-class sm): requested 7 words.
[0.207s][trace][metaspace              ] Arena @0x00006000016b2200 (non-class sm): after allocation: 1 chunk(s), current:@0x00007f8f2d80b248, u, base 0x0000000171000000, level lv02 (524288), used: 6620, committed: 8192, committed-free: 1572
[0.207s][trace][metaspace              ] Arena @0x00006000016b2200 (non-class sm): returning 0x000000017100cea8.
[0.207s][trace][metaspace              ] Metaspace::allocate: type 13 return 0x000000017100cea8.
[0.207s][debug][class,resolve          ] jdk.internal.loader.URLClassPath$FileLoader jdk.internal.loader.URLClassPath$Loader URLClassPath.java:1217
[0.207s][trace][metaspace              ] Arena @0x00006000016b2200 (non-class sm): requested 7 words.
[0.207s][trace][metaspace              ] Arena @0x00006000016b2200 (non-class sm): after allocation: 1 chunk(s), current:@0x00007f8f2d80b248, u, base 0x0000000171000000, level lv02 (524288), used: 6627, committed: 8192, committed-free: 1565
[0.207s][trace][metaspace              ] Arena @0x00006000016b2200 (non-class sm): returning 0x000000017100cee0.
[0.207s][trace][metaspace              ] Metaspace::allocate: type 13 return 0x000000017100cee0.
[0.207s][debug][class,resolve          ] jdk.internal.loader.URLClassPath$Loader java.lang.Object URLClassPath.java:591
[0.207s][debug][class,resolve          ] jdk.internal.loader.URLClassPath$FileLoader java.net.URL URLClassPath.java:1218
[0.207s][debug][class,resolve          ] jdk.internal.loader.URLClassPath$FileLoader java.io.File URLClassPath.java:1218
[0.207s][debug][class,resolve          ] jdk.internal.loader.URLClassPath$FileLoader java.lang.String URLClassPath.java:1218
[0.207s][debug][class,resolve          ] jdk.internal.loader.URLClassPath$FileLoader sun.net.www.ParseUtil URLClassPath.java:1219
[0.207s][trace][metaspace              ] Arena @0x00006000016b2200 (non-class sm): requested 7 words.
[0.207s][trace][metaspace              ] Arena @0x00006000016b2200 (non-class sm): after allocation: 1 chunk(s), current:@0x00007f8f2d80b248, u, base 0x0000000171000000, level lv02 (524288), used: 6634, committed: 8192, committed-free: 1558
[0.207s][trace][metaspace              ] Arena @0x00006000016b2200 (non-class sm): returning 0x000000017100cf18.
[0.207s][trace][metaspace              ] Metaspace::allocate: type 13 return 0x000000017100cf18.
[0.207s][trace][metaspace              ] Arena @0x00006000016b2200 (non-class sm): requested 7 words.
[0.207s][trace][metaspace              ] Arena @0x00006000016b2200 (non-class sm): after allocation: 1 chunk(s), current:@0x00007f8f2d80b248, u, base 0x0000000171000000, level lv02 (524288), used: 6641, committed: 8192, committed-free: 1551
[0.207s][trace][metaspace              ] Arena @0x00006000016b2200 (non-class sm): returning 0x000000017100cf50.
[0.207s][trace][metaspace              ] Metaspace::allocate: type 13 return 0x000000017100cf50.
[0.207s][debug][class,resolve          ] jdk.internal.loader.URLClassPath jdk.internal.loader.URLClassPath$Loader URLClassPath.java:481
[0.207s][trace][metaspace              ] Arena @0x00006000016b2200 (non-class sm): requested 7 words.
[0.207s][trace][metaspace              ] Arena @0x00006000016b2200 (non-class sm): after allocation: 1 chunk(s), current:@0x00007f8f2d80b248, u, base 0x0000000171000000, level lv02 (524288), used: 6648, committed: 8192, committed-free: 1544
[0.207s][trace][metaspace              ] Arena @0x00006000016b2200 (non-class sm): returning 0x000000017100cf88.
[0.207s][trace][metaspace              ] Metaspace::allocate: type 13 return 0x000000017100cf88.
[0.207s][trace][metaspace              ] Arena @0x00006000016b2200 (non-class sm): requested 7 words.
[0.207s][trace][metaspace              ] Arena @0x00006000016b2200 (non-class sm): after allocation: 1 chunk(s), current:@0x00007f8f2d80b248, u, base 0x0000000171000000, level lv02 (524288), used: 6655, committed: 8192, committed-free: 1537
[0.207s][trace][metaspace              ] Arena @0x00006000016b2200 (non-class sm): returning 0x000000017100cfc0.
[0.207s][trace][metaspace              ] Metaspace::allocate: type 13 return 0x000000017100cfc0.
[0.207s][trace][metaspace              ] Arena @0x00006000016b2200 (non-class sm): requested 7 words.
[0.207s][trace][metaspace              ] Arena @0x00006000016b2200 (non-class sm): after allocation: 1 chunk(s), current:@0x00007f8f2d80b248, u, base 0x0000000171000000, level lv02 (524288), used: 6662, committed: 8192, committed-free: 1530
[0.207s][trace][metaspace              ] Arena @0x00006000016b2200 (non-class sm): returning 0x000000017100cff8.
[0.207s][trace][metaspace              ] Metaspace::allocate: type 13 return 0x000000017100cff8.
[0.207s][trace][metaspace              ] Arena @0x00006000016b2200 (non-class sm): requested 7 words.
[0.207s][trace][metaspace              ] Arena @0x00006000016b2200 (non-class sm): after allocation: 1 chunk(s), current:@0x00007f8f2d80b248, u, base 0x0000000171000000, level lv02 (524288), used: 6669, committed: 8192, committed-free: 1523
[0.207s][trace][metaspace              ] Arena @0x00006000016b2200 (non-class sm): returning 0x000000017100d030.
[0.207s][trace][metaspace              ] Metaspace::allocate: type 13 return 0x000000017100d030.
[0.207s][trace][metaspace              ] Arena @0x00006000016b2200 (non-class sm): requested 7 words.
[0.207s][trace][metaspace              ] Arena @0x00006000016b2200 (non-class sm): after allocation: 1 chunk(s), current:@0x00007f8f2d80b248, u, base 0x0000000171000000, level lv02 (524288), used: 6676, committed: 8192, committed-free: 1516
[0.207s][trace][metaspace              ] Arena @0x00006000016b2200 (non-class sm): returning 0x000000017100d068.
[0.207s][trace][metaspace              ] Metaspace::allocate: type 13 return 0x000000017100d068.
[0.207s][trace][metaspace              ] Arena @0x00006000016b2200 (non-class sm): requested 7 words.
[0.207s][trace][metaspace              ] Arena @0x00006000016b2200 (non-class sm): after allocation: 1 chunk(s), current:@0x00007f8f2d80b248, u, base 0x0000000171000000, level lv02 (524288), used: 6683, committed: 8192, committed-free: 1509
[0.207s][trace][metaspace              ] Arena @0x00006000016b2200 (non-class sm): returning 0x000000017100d0a0.
[0.207s][trace][metaspace              ] Metaspace::allocate: type 13 return 0x000000017100d0a0.
[0.207s][trace][metaspace              ] Arena @0x00006000016b2200 (non-class sm): requested 7 words.
[0.207s][trace][metaspace              ] Arena @0x00006000016b2200 (non-class sm): after allocation: 1 chunk(s), current:@0x00007f8f2d80b248, u, base 0x0000000171000000, level lv02 (524288), used: 6690, committed: 8192, committed-free: 1502
[0.207s][trace][metaspace              ] Arena @0x00006000016b2200 (non-class sm): returning 0x000000017100d0d8.
[0.207s][trace][metaspace              ] Metaspace::allocate: type 13 return 0x000000017100d0d8.
[0.207s][debug][class,resolve          ] sun.net.www.protocol.file.Handler java.io.File Handler.java:67
[0.207s][debug][class,resolve          ] sun.net.www.protocol.file.Handler java.lang.String Handler.java:67
[0.207s][trace][metaspace              ] Arena @0x00006000016b2200 (non-class sm): requested 7 words.
[0.207s][trace][metaspace              ] Arena @0x00006000016b2200 (non-class sm): after allocation: 1 chunk(s), current:@0x00007f8f2d80b248, u, base 0x0000000171000000, level lv02 (524288), used: 6697, committed: 8192, committed-free: 1495
[0.207s][trace][metaspace              ] Arena @0x00006000016b2200 (non-class sm): returning 0x000000017100d110.
[0.207s][trace][metaspace              ] Metaspace::allocate: type 13 return 0x000000017100d110.
[0.207s][debug][class,resolve          ] java.net.URLStreamHandler java.net.URL URLStreamHandler.java:140
[0.207s][trace][metaspace              ] Arena @0x00006000016b2200 (non-class sm): requested 7 words.
[0.207s][trace][metaspace              ] Arena @0x00006000016b2200 (non-class sm): after allocation: 1 chunk(s), current:@0x00007f8f2d80b248, u, base 0x0000000171000000, level lv02 (524288), used: 6704, committed: 8192, committed-free: 1488
[0.207s][trace][metaspace              ] Arena @0x00006000016b2200 (non-class sm): returning 0x000000017100d148.
[0.207s][trace][metaspace              ] Metaspace::allocate: type 13 return 0x000000017100d148.
[0.207s][trace][metaspace              ] Arena @0x00006000016b2200 (non-class sm): requested 7 words.
[0.207s][trace][metaspace              ] Arena @0x00006000016b2200 (non-class sm): after allocation: 1 chunk(s), current:@0x00007f8f2d80b248, u, base 0x0000000171000000, level lv02 (524288), used: 6711, committed: 8192, committed-free: 1481
[0.207s][trace][metaspace              ] Arena @0x00006000016b2200 (non-class sm): returning 0x000000017100d180.
[0.207s][trace][metaspace              ] Metaspace::allocate: type 13 return 0x000000017100d180.
[0.207s][trace][metaspace              ] Arena @0x00006000016b2200 (non-class sm): requested 7 words.
[0.207s][trace][metaspace              ] Arena @0x00006000016b2200 (non-class sm): after allocation: 1 chunk(s), current:@0x00007f8f2d80b248, u, base 0x0000000171000000, level lv02 (524288), used: 6718, committed: 8192, committed-free: 1474
[0.207s][trace][metaspace              ] Arena @0x00006000016b2200 (non-class sm): returning 0x000000017100d1b8.
[0.207s][trace][metaspace              ] Metaspace::allocate: type 13 return 0x000000017100d1b8.
[0.207s][trace][metaspace              ] Arena @0x00006000016b2200 (non-class sm): requested 7 words.
[0.207s][trace][metaspace              ] Arena @0x00006000016b2200 (non-class sm): after allocation: 1 chunk(s), current:@0x00007f8f2d80b248, u, base 0x0000000171000000, level lv02 (524288), used: 6725, committed: 8192, committed-free: 1467
[0.207s][trace][metaspace              ] Arena @0x00006000016b2200 (non-class sm): returning 0x000000017100d1f0.
[0.207s][trace][metaspace              ] Metaspace::allocate: type 13 return 0x000000017100d1f0.
[0.207s][debug][class,resolve          ] java.net.URLStreamHandler java.lang.String URLStreamHandler.java:157
[0.208s][debug][class,resolve          ] java.net.URLStreamHandler java.lang.StringBuilder URLStreamHandler.java:270
[0.208s][debug][jit,compilation        ]    3       3       java.lang.String::coder (15 bytes)
[0.208s][trace][metaspace              ] Arena @0x00006000016b2200 (non-class sm): requested 7 words.
[0.208s][trace][metaspace              ] Arena @0x00006000016b2200 (non-class sm): after allocation: 1 chunk(s), current:@0x00007f8f2d80b248, u, base 0x0000000171000000, level lv02 (524288), used: 6732, committed: 8192, committed-free: 1460
[0.208s][trace][metaspace              ] Arena @0x00006000016b2200 (non-class sm): returning 0x000000017100d228.
[0.208s][trace][metaspace              ] Metaspace::allocate: type 13 return 0x000000017100d228.
[0.208s][trace][metaspace              ] Arena @0x00006000016b2200 (non-class sm): requested 43 words.
[0.208s][debug][class,resolve          ] java.net.URLStreamHandler sun.net.util.IPAddressUtil URLStreamHandler.java:514
[0.208s][trace][metaspace              ] Arena @0x00006000016b2200 (non-class sm): after allocation: 1 chunk(s), current:@0x00007f8f2d80b248, u, base 0x0000000171000000, level lv02 (524288), used: 6775, committed: 8192, committed-free: 1417
[0.208s][trace][metaspace              ] Arena @0x00006000016b2200 (non-class sm): returning 0x000000017100d260.
[0.208s][trace][metaspace              ] Metaspace::allocate: type 9 return 0x000000017100d260.
[0.208s][trace][metaspace              ] Arena @0x00006000016b2200 (non-class sm): requested 7 words.
[0.208s][trace][metaspace              ] Arena @0x00006000016b2200 (non-class sm): after allocation: 1 chunk(s), current:@0x00007f8f2d80b248, u, base 0x0000000171000000, level lv02 (524288), used: 6782, committed: 8192, committed-free: 1410
[0.208s][trace][metaspace              ] Arena @0x00006000016b2200 (non-class sm): returning 0x000000017100d3b8.
[0.208s][trace][metaspace              ] Metaspace::allocate: type 13 return 0x000000017100d3b8.
[0.208s][trace][metaspace              ] Arena @0x00006000016b2200 (non-class sm): requested 7 words.
[0.208s][info ][nmethod,install        ] Installing method (3) java.lang.String.coder()B 
[0.208s][trace][metaspace              ] Arena @0x00006000016b2200 (non-class sm): after allocation: 1 chunk(s), current:@0x00007f8f2d80b248, u, base 0x0000000171000000, level lv02 (524288), used: 6789, committed: 8192, committed-free: 1403
[0.208s][debug][compilation,codecache  ] CodeHeap 'non-profiled nmethods': size=119168Kb used=0Kb max_used=0Kb free=119168Kb
[0.208s][trace][metaspace              ] Arena @0x00006000016b2200 (non-class sm): returning 0x000000017100d3f0.
[0.208s][debug][compilation,codecache  ] CodeHeap 'profiled nmethods': size=119164Kb used=3Kb max_used=3Kb free=119160Kb
[0.208s][trace][metaspace              ] Metaspace::allocate: type 13 return 0x000000017100d3f0.
[0.208s][debug][compilation,codecache  ] CodeHeap 'non-nmethods': size=7428Kb used=1022Kb max_used=1022Kb free=6405Kb
[0.208s][trace][metaspace              ] Arena @0x00006000016b2200 (non-class sm): requested 7 words.
[0.208s][trace][metaspace              ] Arena @0x00006000016b2200 (non-class sm): after allocation: 1 chunk(s), current:@0x00007f8f2d80b248, u, base 0x0000000171000000, level lv02 (524288), used: 6796, committed: 8192, committed-free: 1396
[0.208s][trace][metaspace              ] Arena @0x00006000016b2200 (non-class sm): returning 0x000000017100d428.
[0.208s][trace][metaspace              ] Metaspace::allocate: type 13 return 0x000000017100d428.
[0.208s][debug][class,resolve          ] java.lang.StringLatin1 java.lang.Character StringLatin1.java:404
[0.208s][trace][metaspace              ] Arena @0x00006000016b2200 (non-class sm): requested 7 words.
[0.208s][trace][metaspace              ] Arena @0x00006000016b2200 (non-class sm): after allocation: 1 chunk(s), current:@0x00007f8f2d80b248, u, base 0x0000000171000000, level lv02 (524288), used: 6803, committed: 8192, committed-free: 1389
[0.208s][trace][metaspace              ] Arena @0x00006000016b2200 (non-class sm): returning 0x000000017100d460.
[0.208s][trace][metaspace              ] Metaspace::allocate: type 13 return 0x000000017100d460.
[0.208s][debug][class,resolve          ] java.io.File java.lang.String File.java:364
[0.208s][trace][metaspace              ] Arena @0x00006000016b2200 (non-class sm): requested 7 words.
[0.208s][trace][metaspace              ] Arena @0x00006000016b2200 (non-class sm): after allocation: 1 chunk(s), current:@0x00007f8f2d80b248, u, base 0x0000000171000000, level lv02 (524288), used: 6810, committed: 8192, committed-free: 1382
[0.208s][trace][metaspace              ] Arena @0x00006000016b2200 (non-class sm): returning 0x000000017100d498.
[0.208s][trace][metaspace              ] Metaspace::allocate: type 13 return 0x000000017100d498.
[0.209s][debug][class,load,placeholders] find_and_add LOAD_INSTANCE 'jdk/internal/loader/URLClassPath$FileLoader$1', loader loader data: 0x00006000032ac000 of 'bootstrap'
[0.209s][debug][class,load,placeholders] loadInstanceThreadQ threads:0x00007f8f4f008800, 
[0.209s][debug][class,load,placeholders] superThreadQ threads:
[0.209s][debug][class,load,placeholders] defineThreadQ threads:
[0.209s][trace][metaspace              ] Arena @0x00006000016b2200 (non-class sm): requested 10 words.
[0.209s][trace][metaspace              ] Arena @0x00006000016b2200 (non-class sm): after allocation: 1 chunk(s), current:@0x00007f8f2d80b248, u, base 0x0000000171000000, level lv02 (524288), used: 6820, committed: 8192, committed-free: 1372
[0.209s][trace][metaspace              ] Arena @0x00006000016b2200 (non-class sm): returning 0x000000017100d4d0.
[0.209s][trace][metaspace              ] Metaspace::allocate: type 2 return 0x000000017100d4d0.
[0.209s][trace][metaspace              ] Arena @0x00006000016b2200 (non-class sm): requested 79 words.
[0.209s][trace][metaspace              ] Arena @0x00006000016b2200 (non-class sm): after allocation: 1 chunk(s), current:@0x00007f8f2d80b248, u, base 0x0000000171000000, level lv02 (524288), used: 6899, committed: 8192, committed-free: 1293
[0.209s][trace][metaspace              ] Arena @0x00006000016b2200 (non-class sm): returning 0x000000017100d520.
[0.209s][trace][metaspace              ] Metaspace::allocate: type 10 return 0x000000017100d520.
[0.209s][trace][metaspace              ] Arena @0x00006000016b2200 (non-class sm): requested 8 words.
[0.209s][trace][metaspace              ] Arena @0x00006000016b2200 (non-class sm): after allocation: 1 chunk(s), current:@0x00007f8f2d80b248, u, base 0x0000000171000000, level lv02 (524288), used: 6907, committed: 8192, committed-free: 1285
[0.209s][trace][metaspace              ] Arena @0x00006000016b2200 (non-class sm): returning 0x000000017100d798.
[0.209s][trace][metaspace              ] Metaspace::allocate: type 5 return 0x000000017100d798.
[0.209s][debug][class,preorder         ] jdk.internal.loader.URLClassPath$FileLoader$1 source: /Users/vnfedorova/Library/Java/JavaVirtualMachines/jbr-17.0.11/Contents/Home/lib/modules
[0.209s][trace][metaspace              ] Arena @0x00006000016b2200 (non-class sm): requested 7 words.
[0.209s][trace][metaspace              ] Arena @0x00006000016b2200 (non-class sm): after allocation: 1 chunk(s), current:@0x00007f8f2d80b248, u, base 0x0000000171000000, level lv02 (524288), used: 6914, committed: 8192, committed-free: 1278
[0.209s][trace][metaspace              ] Arena @0x00006000016b2200 (non-class sm): returning 0x000000017100d7d8.
[0.209s][trace][metaspace              ] Metaspace::allocate: type 3 return 0x000000017100d7d8.
[0.209s][trace][metaspace              ] Arena @0x00006000016b2200 (non-class sm): requested 7 words.
[0.209s][trace][metaspace              ] Arena @0x00006000016b2200 (non-class sm): after allocation: 1 chunk(s), current:@0x00007f8f2d80b248, u, base 0x0000000171000000, level lv02 (524288), used: 6921, committed: 8192, committed-free: 1271
[0.209s][trace][metaspace              ] Arena @0x00006000016b2200 (non-class sm): returning 0x000000017100d810.
[0.209s][trace][metaspace              ] Metaspace::allocate: type 5 return 0x000000017100d810.
[0.209s][trace][metaspace              ] Arena @0x00006000016b2200 (non-class sm): requested 14 words.
[0.209s][trace][metaspace              ] Arena @0x00006000016b2200 (non-class sm): after allocation: 1 chunk(s), current:@0x00007f8f2d80b248, u, base 0x0000000171000000, level lv02 (524288), used: 6935, committed: 8192, committed-free: 1257
[0.209s][trace][metaspace              ] Arena @0x00006000016b2200 (non-class sm): returning 0x000000017100d848.
[0.209s][trace][metaspace              ] Metaspace::allocate: type 8 return 0x000000017100d848.
[0.209s][trace][metaspace              ] Arena @0x00006000016b2200 (non-class sm): requested 13 words.
[0.209s][trace][metaspace              ] Arena @0x00006000016b2200 (non-class sm): after allocation: 1 chunk(s), current:@0x00007f8f2d80b248, u, base 0x0000000171000000, level lv02 (524288), used: 6948, committed: 8192, committed-free: 1244
[0.209s][trace][metaspace              ] Arena @0x00006000016b2200 (non-class sm): returning 0x000000017100d8b8.
[0.209s][trace][metaspace              ] Metaspace::allocate: type 7 return 0x000000017100d8b8.
[0.209s][trace][metaspace              ] Arena @0x00006000016b2200 (non-class sm): requested 9 words.
[0.209s][trace][metaspace              ] Arena @0x00006000016b2200 (non-class sm): after allocation: 1 chunk(s), current:@0x00007f8f2d80b248, u, base 0x0000000171000000, level lv02 (524288), used: 6957, committed: 8192, committed-free: 1235
[0.209s][trace][metaspace              ] Arena @0x00006000016b2200 (non-class sm): returning 0x000000017100d920.
[0.209s][trace][metaspace              ] Metaspace::allocate: type 8 return 0x000000017100d920.
[0.209s][trace][metaspace              ] Arena @0x00006000016b2200 (non-class sm): requested 13 words.
[0.209s][trace][metaspace              ] Arena @0x00006000016b2200 (non-class sm): after allocation: 1 chunk(s), current:@0x00007f8f2d80b248, u, base 0x0000000171000000, level lv02 (524288), used: 6970, committed: 8192, committed-free: 1222
[0.209s][trace][metaspace              ] Arena @0x00006000016b2200 (non-class sm): returning 0x000000017100d968.
[0.209s][trace][metaspace              ] Metaspace::allocate: type 7 return 0x000000017100d968.
[0.209s][trace][metaspace              ] Arena @0x00006000016b2200 (non-class sm): requested 9 words.
[0.209s][trace][metaspace              ] Arena @0x00006000016b2200 (non-class sm): after allocation: 1 chunk(s), current:@0x00007f8f2d80b248, u, base 0x0000000171000000, level lv02 (524288), used: 6979, committed: 8192, committed-free: 1213
[0.209s][trace][metaspace              ] Arena @0x00006000016b2200 (non-class sm): returning 0x000000017100d9d0.
[0.209s][trace][metaspace              ] Metaspace::allocate: type 8 return 0x000000017100d9d0.
[0.209s][trace][metaspace              ] Arena @0x00006000016b2200 (non-class sm): requested 13 words.
[0.209s][trace][metaspace              ] Arena @0x00006000016b2200 (non-class sm): after allocation: 1 chunk(s), current:@0x00007f8f2d80b248, u, base 0x0000000171000000, level lv02 (524288), used: 6992, committed: 8192, committed-free: 1200
[0.209s][trace][metaspace              ] Arena @0x00006000016b2200 (non-class sm): returning 0x000000017100da18.
[0.209s][trace][metaspace              ] Metaspace::allocate: type 7 return 0x000000017100da18.
[0.209s][trace][metaspace              ] Arena @0x00006000016b2200 (non-class sm): requested 10 words.
[0.209s][trace][metaspace              ] Arena @0x00006000016b2200 (non-class sm): after allocation: 1 chunk(s), current:@0x00007f8f2d80b248, u, base 0x0000000171000000, level lv02 (524288), used: 7002, committed: 8192, committed-free: 1190
[0.209s][trace][metaspace              ] Arena @0x00006000016b2200 (non-class sm): returning 0x000000017100da80.
[0.209s][trace][metaspace              ] Metaspace::allocate: type 8 return 0x000000017100da80.
[0.209s][trace][metaspace              ] Arena @0x00006000016b2200 (non-class sm): requested 13 words.
[0.209s][trace][metaspace              ] Arena @0x00006000016b2200 (non-class sm): after allocation: 1 chunk(s), current:@0x00007f8f2d80b248, u, base 0x0000000171000000, level lv02 (524288), used: 7015, committed: 8192, committed-free: 1177
[0.209s][trace][metaspace              ] Arena @0x00006000016b2200 (non-class sm): returning 0x000000017100dad0.
[0.209s][trace][metaspace              ] Metaspace::allocate: type 7 return 0x000000017100dad0.
[0.209s][trace][metaspace              ] Arena @0x00006000016b2200 (non-class sm): requested 11 words.
[0.209s][trace][metaspace              ] Arena @0x00006000016b2200 (non-class sm): after allocation: 1 chunk(s), current:@0x00007f8f2d80b248, u, base 0x0000000171000000, level lv02 (524288), used: 7026, committed: 8192, committed-free: 1166
[0.209s][trace][metaspace              ] Arena @0x00006000016b2200 (non-class sm): returning 0x000000017100db38.
[0.209s][trace][metaspace              ] Metaspace::allocate: type 8 return 0x000000017100db38.
[0.209s][trace][metaspace              ] Arena @0x00006000016b2200 (non-class sm): requested 13 words.
[0.209s][trace][metaspace              ] Arena @0x00006000016b2200 (non-class sm): after allocation: 1 chunk(s), current:@0x00007f8f2d80b248, u, base 0x0000000171000000, level lv02 (524288), used: 7039, committed: 8192, committed-free: 1153
[0.209s][trace][metaspace              ] Arena @0x00006000016b2200 (non-class sm): returning 0x000000017100db90.
[0.209s][trace][metaspace              ] Metaspace::allocate: type 7 return 0x000000017100db90.
[0.209s][trace][metaspace              ] Arena @0x00006000016b2200 (non-class sm): requested 10 words.
[0.209s][trace][metaspace              ] Arena @0x00006000016b2200 (non-class sm): after allocation: 1 chunk(s), current:@0x00007f8f2d80b248, u, base 0x0000000171000000, level lv02 (524288), used: 7049, committed: 8192, committed-free: 1143
[0.209s][trace][metaspace              ] Arena @0x00006000016b2200 (non-class sm): returning 0x000000017100dbf8.
[0.209s][trace][metaspace              ] Metaspace::allocate: type 8 return 0x000000017100dbf8.
[0.209s][trace][metaspace              ] Arena @0x00006000016b2200 (non-class sm): requested 13 words.
[0.209s][trace][metaspace              ] Arena @0x00006000016b2200 (non-class sm): after allocation: 1 chunk(s), current:@0x00007f8f2d80b248, u, base 0x0000000171000000, level lv02 (524288), used: 7062, committed: 8192, committed-free: 1130
[0.209s][trace][metaspace              ] Arena @0x00006000016b2200 (non-class sm): returning 0x000000017100dc48.
[0.209s][trace][metaspace              ] Metaspace::allocate: type 7 return 0x000000017100dc48.
[0.209s][trace][metaspace              ] Arena @0x00006000016b2200 (non-class sm): requested 4 words.
[0.209s][trace][metaspace              ] Arena @0x00006000016b2200 (non-class sm): after allocation: 1 chunk(s), current:@0x00007f8f2d80b248, u, base 0x0000000171000000, level lv02 (524288), used: 7066, committed: 8192, committed-free: 1126
[0.209s][trace][metaspace              ] Arena @0x00006000016b2200 (non-class sm): returning 0x000000017100dcb0.
[0.209s][trace][metaspace              ] Metaspace::allocate: type 3 return 0x000000017100dcb0.
[0.209s][debug][class,load,placeholders] find_and_add LOAD_SUPER 'jdk/internal/loader/URLClassPath$FileLoader$1', loader loader data: 0x00006000032ac000 of 'bootstrap', supername 'jdk/internal/loader/Resource'
[0.209s][debug][class,load,placeholders] loadInstanceThreadQ threads:0x00007f8f4f008800, 
[0.209s][debug][class,load,placeholders] superThreadQ threads:0x00007f8f4f008800, 
[0.209s][debug][class,load,placeholders] defineThreadQ threads:
[0.209s][debug][class,load,placeholders] find_and_add LOAD_INSTANCE 'jdk/internal/loader/Resource', loader loader data: 0x00006000032ac000 of 'bootstrap'
[0.209s][debug][class,load,placeholders] loadInstanceThreadQ threads:0x00007f8f4f008800, 
[0.209s][debug][class,load,placeholders] superThreadQ threads:
[0.209s][debug][class,load,placeholders] defineThreadQ threads:
[0.209s][trace][cds,unshareable        ] restore: jdk.internal.loader.Resource
[0.209s][trace][class,loader,data      ] Adding k: 0x00000001301c65a0 jdk.internal.loader.Resource to loader data: 0x00006000032ac000 of 'bootstrap'
[0.209s][debug][cds,mirror             ] jdk.internal.loader.Resource has raw archived mirror
[0.209s][debug][cds,heap               ] Clearing root 659: was 0x00000007ffb12530
[0.209s][debug][cds,mirror             ] Archived mirror is: 0x00000007ffb12530
[0.209s][trace][cds,heap,mirror        ] Restored jdk.internal.loader.Resource archived mirror 0x00000007ffb12530
[0.210s][debug][cds,heap               ] Clearing root 660: was 0x00000007ffb125a0
[0.210s][info ][class,load             ] jdk.internal.loader.Resource source: shared objects file
[0.210s][debug][class,load             ]  klass: 0x00000001301c65a0 super: 0x0000000130000db8 loader: [loader data: 0x00006000032ac000 of 'bootstrap']
[0.210s][debug][class,load,placeholders] find_and_add DEFINE_CLASS 'jdk/internal/loader/Resource', loader loader data: 0x00006000032ac000 of 'bootstrap'
[0.210s][debug][class,load,placeholders] loadInstanceThreadQ threads:0x00007f8f4f008800, 
[0.210s][debug][class,load,placeholders] superThreadQ threads:
[0.210s][debug][class,load,placeholders] defineThreadQ threads:0x00007f8f4f008800, 
[0.210s][debug][class,load,placeholders] find_and_remove DEFINE_CLASS 'jdk/internal/loader/Resource', loader loader data: 0x00006000032ac000 of 'bootstrap', InstanceKlass 'jdk/internal/loader/Resource'
[0.210s][debug][class,load,placeholders] loadInstanceThreadQ threads:0x00007f8f4f008800, 
[0.210s][debug][class,load,placeholders] superThreadQ threads:
[0.210s][debug][class,load,placeholders] defineThreadQ threads:0x00007f8f4f008800, 
[0.210s][debug][class,load,placeholders] find_and_remove LOAD_INSTANCE 'jdk/internal/loader/Resource', loader loader data: 0x00006000032ac000 of 'bootstrap', InstanceKlass 'jdk/internal/loader/Resource'
[0.210s][debug][class,load,placeholders] loadInstanceThreadQ threads:0x00007f8f4f008800, 
[0.210s][debug][class,load,placeholders] superThreadQ threads:
[0.210s][debug][class,load,placeholders] defineThreadQ threads:
[0.210s][debug][class,load,placeholders] find_and_remove LOAD_SUPER 'jdk/internal/loader/URLClassPath$FileLoader$1', loader loader data: 0x00006000032ac000 of 'bootstrap', supername 'jdk/internal/loader/Resource'
[0.210s][debug][class,load,placeholders] loadInstanceThreadQ threads:0x00007f8f4f008800, 
[0.210s][debug][class,load,placeholders] superThreadQ threads:0x00007f8f4f008800, 
[0.210s][debug][class,load,placeholders] defineThreadQ threads:
[0.210s][trace][metaspace              ] Arena @0x00006000016b2240 (class sm): requested 82 words.
[0.210s][trace][metaspace              ] Arena @0x00006000016b2240 (class sm): after allocation: 1 chunk(s), current:@0x00007f8f2d80afc0, u, base 0x0000000131040000, level lv06 (32768), used: 303, committed: 8192, committed-free: 7889
[0.210s][trace][metaspace              ] Arena @0x00006000016b2240 (class sm): returning 0x00000001310406e8.
[0.210s][trace][metaspace              ] Metaspace::allocate: type 0 return 0x00000001310406e8.
[0.210s][trace][class,loader,data      ] Adding k: 0x00000001310406e8 jdk.internal.loader.URLClassPath$FileLoader$1 to loader data: 0x00006000032ac000 of 'bootstrap'
[0.210s][trace][module                 ] Setting package: class: jdk.internal.loader.URLClassPath$FileLoader$1, package: jdk/internal/loader, loader: 'bootstrap', module: java.base
[0.210s][info ][class,load             ] jdk.internal.loader.URLClassPath$FileLoader$1 source: jrt:/java.base
[0.210s][debug][class,load             ]  klass: 0x00000001310406e8 super: 0x00000001301c65a0 loader: [loader data: 0x00006000032ac000 of 'bootstrap'] bytes: 1592 checksum: 913a4147
[0.210s][debug][class,resolve          ] jdk.internal.loader.URLClassPath$FileLoader$1 jdk.internal.loader.Resource (super)
[0.210s][debug][class,load,placeholders] find_and_add DEFINE_CLASS 'jdk/internal/loader/URLClassPath$FileLoader$1', loader loader data: 0x00006000032ac000 of 'bootstrap', supername 'jdk/internal/loader/Resource'
[0.210s][debug][class,load,placeholders] loadInstanceThreadQ threads:0x00007f8f4f008800, 
[0.210s][debug][class,load,placeholders] superThreadQ threads:
[0.210s][debug][class,load,placeholders] defineThreadQ threads:0x00007f8f4f008800, 
[0.210s][debug][class,load,placeholders] find_and_remove DEFINE_CLASS 'jdk/internal/loader/URLClassPath$FileLoader$1', loader loader data: 0x00006000032ac000 of 'bootstrap', supername 'jdk/internal/loader/Resource', InstanceKlass 'jdk/internal/loader/URLClassPath$FileLoader$1'
[0.210s][debug][class,load,placeholders] loadInstanceThreadQ threads:0x00007f8f4f008800, 
[0.210s][debug][class,load,placeholders] superThreadQ threads:
[0.210s][debug][class,load,placeholders] defineThreadQ threads:0x00007f8f4f008800, 
[0.210s][debug][class,load,placeholders] find_and_remove LOAD_INSTANCE 'jdk/internal/loader/URLClassPath$FileLoader$1', loader loader data: 0x00006000032ac000 of 'bootstrap', supername 'jdk/internal/loader/Resource', InstanceKlass 'jdk/internal/loader/URLClassPath$FileLoader$1'
[0.210s][debug][class,load,placeholders] loadInstanceThreadQ threads:0x00007f8f4f008800, 
[0.210s][debug][class,load,placeholders] superThreadQ threads:
[0.210s][debug][class,load,placeholders] defineThreadQ threads:
[0.210s][debug][class,resolve          ] jdk.internal.loader.URLClassPath$FileLoader jdk.internal.loader.URLClassPath$FileLoader$1 URLClassPath.java:1263
[0.210s][trace][metaspace              ] Arena @0x00006000016b2200 (non-class sm): requested 37 words.
[0.210s][trace][metaspace              ] Arena @0x00006000016b2200 (non-class sm): after allocation: 1 chunk(s), current:@0x00007f8f2d80b248, u, base 0x0000000171000000, level lv02 (524288), used: 7103, committed: 8192, committed-free: 1089
[0.210s][trace][metaspace              ] Arena @0x00006000016b2200 (non-class sm): returning 0x000000017100dcd0.
[0.210s][trace][metaspace              ] Metaspace::allocate: type 11 return 0x000000017100dcd0.
[0.210s][info ][class,init             ] 258 Initializing 'jdk/internal/loader/Resource'(no method) (0x00000001301c65a0)
[0.210s][info ][class,init             ] 259 Initializing 'jdk/internal/loader/URLClassPath$FileLoader$1'(no method) (0x00000001310406e8)
[0.210s][trace][metaspace              ] Arena @0x00006000016b2200 (non-class sm): requested 7 words.
[0.210s][trace][metaspace              ] Arena @0x00006000016b2200 (non-class sm): after allocation: 1 chunk(s), current:@0x00007f8f2d80b248, u, base 0x0000000171000000, level lv02 (524288), used: 7110, committed: 8192, committed-free: 1082
[0.210s][trace][metaspace              ] Arena @0x00006000016b2200 (non-class sm): returning 0x000000017100ddf8.
[0.210s][trace][metaspace              ] Metaspace::allocate: type 13 return 0x000000017100ddf8.
[0.210s][debug][class,resolve          ] jdk.internal.loader.URLClassPath$FileLoader$1 jdk.internal.loader.Resource URLClassPath.java:1263
[0.210s][trace][metaspace              ] Arena @0x00006000016b2200 (non-class sm): requested 7 words.
[0.210s][trace][metaspace              ] Arena @0x00006000016b2200 (non-class sm): after allocation: 1 chunk(s), current:@0x00007f8f2d80b248, u, base 0x0000000171000000, level lv02 (524288), used: 7117, committed: 8192, committed-free: 1075
[0.210s][trace][metaspace              ] Arena @0x00006000016b2200 (non-class sm): returning 0x000000017100de30.
[0.210s][trace][metaspace              ] Metaspace::allocate: type 13 return 0x000000017100de30.
[0.210s][debug][class,resolve          ] jdk.internal.loader.Resource java.lang.Object Resource.java:46
[0.210s][trace][metaspace              ] Arena @0x00006000016b2200 (non-class sm): requested 7 words.
[0.210s][trace][metaspace              ] Arena @0x00006000016b2200 (non-class sm): after allocation: 1 chunk(s), current:@0x00007f8f2d80b248, u, base 0x0000000171000000, level lv02 (524288), used: 7124, committed: 8192, committed-free: 1068
[0.210s][trace][metaspace              ] Arena @0x00006000016b2200 (non-class sm): returning 0x000000017100de68.
[0.210s][trace][metaspace              ] Metaspace::allocate: type 13 return 0x000000017100de68.
[0.210s][debug][class,resolve          ] jdk.internal.loader.BuiltinClassLoader jdk.internal.loader.Resource BuiltinClassLoader.java:842
[0.210s][trace][metaspace              ] Arena @0x00006000016b2200 (non-class sm): requested 7 words.
[0.210s][trace][metaspace              ] Arena @0x00006000016b2200 (non-class sm): after allocation: 1 chunk(s), current:@0x00007f8f2d80b248, u, base 0x0000000171000000, level lv02 (524288), used: 7131, committed: 8192, committed-free: 1061
[0.210s][trace][metaspace              ] Arena @0x00006000016b2200 (non-class sm): returning 0x000000017100dea0.
[0.210s][trace][metaspace              ] Metaspace::allocate: type 13 return 0x000000017100dea0.
[0.210s][debug][class,resolve          ] jdk.internal.loader.URLClassPath$FileLoader$1 jdk.internal.loader.URLClassPath$FileLoader URLClassPath.java:1266
[0.210s][trace][metaspace              ] Arena @0x00006000016b2200 (non-class sm): requested 7 words.
[0.210s][trace][metaspace              ] Arena @0x00006000016b2200 (non-class sm): after allocation: 1 chunk(s), current:@0x00007f8f2d80b248, u, base 0x0000000171000000, level lv02 (524288), used: 7138, committed: 8192, committed-free: 1054
[0.210s][trace][metaspace              ] Arena @0x00006000016b2200 (non-class sm): returning 0x000000017100ded8.
[0.210s][trace][metaspace              ] Metaspace::allocate: type 13 return 0x000000017100ded8.
[0.210s][trace][metaspace              ] Arena @0x00006000016b2200 (non-class sm): requested 7 words.
[0.210s][trace][metaspace              ] Arena @0x00006000016b2200 (non-class sm): after allocation: 1 chunk(s), current:@0x00007f8f2d80b248, u, base 0x0000000171000000, level lv02 (524288), used: 7145, committed: 8192, committed-free: 1047
[0.210s][trace][metaspace              ] Arena @0x00006000016b2200 (non-class sm): returning 0x000000017100df10.
[0.210s][trace][metaspace              ] Metaspace::allocate: type 13 return 0x000000017100df10.
[0.210s][trace][metaspace              ] Arena @0x00006000016b2200 (non-class sm): requested 7 words.
[0.210s][trace][metaspace              ] Arena @0x00006000016b2200 (non-class sm): after allocation: 1 chunk(s), current:@0x00007f8f2d80b248, u, base 0x0000000171000000, level lv02 (524288), used: 7152, committed: 8192, committed-free: 1040
[0.210s][trace][metaspace              ] Arena @0x00006000016b2200 (non-class sm): returning 0x000000017100df48.
[0.210s][trace][metaspace              ] Metaspace::allocate: type 13 return 0x000000017100df48.
[0.210s][debug][class,resolve          ] jdk.internal.loader.URLClassPath$FileLoader$1 java.io.FileInputStream URLClassPath.java:1268
[0.210s][trace][metaspace              ] Arena @0x00006000016b2200 (non-class sm): requested 7 words.
[0.210s][trace][metaspace              ] Arena @0x00006000016b2200 (non-class sm): after allocation: 1 chunk(s), current:@0x00007f8f2d80b248, u, base 0x0000000171000000, level lv02 (524288), used: 7159, committed: 8192, committed-free: 1033
[0.210s][trace][metaspace              ] Arena @0x00006000016b2200 (non-class sm): returning 0x000000017100df80.
[0.210s][trace][metaspace              ] Metaspace::allocate: type 13 return 0x000000017100df80.
[0.210s][debug][class,resolve          ] java.io.FileInputStream java.io.File FileInputStream.java:142
[0.211s][trace][metaspace              ] Arena @0x00006000016b2200 (non-class sm): requested 7 words.
[0.211s][trace][metaspace              ] Arena @0x00006000016b2200 (non-class sm): after allocation: 1 chunk(s), current:@0x00007f8f2d80b248, u, base 0x0000000171000000, level lv02 (524288), used: 7166, committed: 8192, committed-free: 1026
[0.211s][trace][metaspace              ] Arena @0x00006000016b2200 (non-class sm): returning 0x000000017100dfb8.
[0.211s][trace][metaspace              ] Metaspace::allocate: type 13 return 0x000000017100dfb8.
[0.211s][trace][metaspace              ] Arena @0x00006000016b2200 (non-class sm): requested 7 words.
[0.211s][trace][metaspace              ] Arena @0x00006000016b2200 (non-class sm): after allocation: 1 chunk(s), current:@0x00007f8f2d80b248, u, base 0x0000000171000000, level lv02 (524288), used: 7173, committed: 8192, committed-free: 1019
[0.211s][trace][metaspace              ] Arena @0x00006000016b2200 (non-class sm): returning 0x000000017100dff0.
[0.211s][trace][metaspace              ] Metaspace::allocate: type 13 return 0x000000017100dff0.
[0.211s][trace][metaspace              ] Arena @0x00006000016b2200 (non-class sm): requested 7 words.
[0.211s][trace][metaspace              ] Arena @0x00006000016b2200 (non-class sm): after allocation: 1 chunk(s), current:@0x00007f8f2d80b248, u, base 0x0000000171000000, level lv02 (524288), used: 7180, committed: 8192, committed-free: 1012
[0.211s][trace][metaspace              ] Arena @0x00006000016b2200 (non-class sm): returning 0x000000017100e028.
[0.211s][trace][metaspace              ] Metaspace::allocate: type 13 return 0x000000017100e028.
[0.211s][debug][jni,resolve            ] [Dynamic-linking native method java.io.FileInputStream.open0 ... JNI]
[0.211s][debug][class,load,placeholders] find_and_add LOAD_INSTANCE 'java/io/FileCleanable', loader loader data: 0x00006000032ac000 of 'bootstrap'
[0.211s][debug][class,load,placeholders] loadInstanceThreadQ threads:0x00007f8f4f008800, 
[0.211s][debug][class,load,placeholders] superThreadQ threads:
[0.211s][debug][class,load,placeholders] defineThreadQ threads:
[0.211s][debug][class,load,placeholders] find_and_add LOAD_SUPER 'java/io/FileCleanable', loader loader data: 0x00006000032ac000 of 'bootstrap', supername 'jdk/internal/ref/PhantomCleanable'
[0.211s][debug][class,load,placeholders] loadInstanceThreadQ threads:0x00007f8f4f008800, 
[0.211s][debug][class,load,placeholders] superThreadQ threads:0x00007f8f4f008800, 
[0.211s][debug][class,load,placeholders] defineThreadQ threads:
[0.211s][debug][class,load,placeholders] find_and_add LOAD_INSTANCE 'jdk/internal/ref/PhantomCleanable', loader loader data: 0x00006000032ac000 of 'bootstrap'
[0.211s][debug][class,load,placeholders] loadInstanceThreadQ threads:0x00007f8f4f008800, 
[0.211s][debug][class,load,placeholders] superThreadQ threads:
[0.211s][debug][class,load,placeholders] defineThreadQ threads:
[0.211s][debug][class,load,placeholders] find_and_add LOAD_SUPER 'jdk/internal/ref/PhantomCleanable', loader loader data: 0x00006000032ac000 of 'bootstrap', supername 'java/lang/ref/Cleaner$Cleanable'
[0.211s][debug][class,load,placeholders] loadInstanceThreadQ threads:0x00007f8f4f008800, 
[0.212s][debug][class,load,placeholders] superThreadQ threads:0x00007f8f4f008800, 
[0.212s][debug][class,load,placeholders] defineThreadQ threads:
[0.212s][debug][class,load,placeholders] find_and_add LOAD_INSTANCE 'java/lang/ref/Cleaner$Cleanable', loader loader data: 0x00006000032ac000 of 'bootstrap'
[0.212s][debug][class,load,placeholders] loadInstanceThreadQ threads:0x00007f8f4f008800, 
[0.212s][debug][class,load,placeholders] superThreadQ threads:
[0.212s][debug][class,load,placeholders] defineThreadQ threads:
[0.212s][trace][cds,unshareable        ] restore: java.lang.ref.Cleaner$Cleanable
[0.212s][trace][class,loader,data      ] Adding k: 0x000000013004d378 java.lang.ref.Cleaner$Cleanable to loader data: 0x00006000032ac000 of 'bootstrap'
[0.212s][debug][cds,mirror             ] java.lang.ref.Cleaner$Cleanable has raw archived mirror
[0.212s][debug][cds,heap               ] Clearing root 621: was 0x00000007ffb11568
[0.212s][debug][cds,mirror             ] Archived mirror is: 0x00000007ffb11568
[0.212s][trace][cds,heap,mirror        ] Restored java.lang.ref.Cleaner$Cleanable archived mirror 0x00000007ffb11568
[0.212s][info ][class,load             ] java.lang.ref.Cleaner$Cleanable source: shared objects file
[0.212s][debug][class,load             ]  klass: 0x000000013004d378 super: 0x0000000130000db8 loader: [loader data: 0x00006000032ac000 of 'bootstrap']
[0.212s][debug][class,load,placeholders] find_and_add DEFINE_CLASS 'java/lang/ref/Cleaner$Cleanable', loader loader data: 0x00006000032ac000 of 'bootstrap'
[0.212s][debug][class,load,placeholders] loadInstanceThreadQ threads:0x00007f8f4f008800, 
[0.212s][debug][class,load,placeholders] superThreadQ threads:
[0.212s][debug][class,load,placeholders] defineThreadQ threads:0x00007f8f4f008800, 
[0.212s][debug][class,load,placeholders] find_and_remove DEFINE_CLASS 'java/lang/ref/Cleaner$Cleanable', loader loader data: 0x00006000032ac000 of 'bootstrap', InstanceKlass 'java/lang/ref/Cleaner$Cleanable'
[0.212s][debug][class,load,placeholders] loadInstanceThreadQ threads:0x00007f8f4f008800, 
[0.212s][debug][class,load,placeholders] superThreadQ threads:
[0.212s][debug][class,load,placeholders] defineThreadQ threads:0x00007f8f4f008800, 
[0.212s][debug][class,load,placeholders] find_and_remove LOAD_INSTANCE 'java/lang/ref/Cleaner$Cleanable', loader loader data: 0x00006000032ac000 of 'bootstrap', InstanceKlass 'java/lang/ref/Cleaner$Cleanable'
[0.212s][debug][class,load,placeholders] loadInstanceThreadQ threads:0x00007f8f4f008800, 
[0.212s][debug][class,load,placeholders] superThreadQ threads:
[0.212s][debug][class,load,placeholders] defineThreadQ threads:
[0.212s][debug][class,load,placeholders] find_and_remove LOAD_SUPER 'jdk/internal/ref/PhantomCleanable', loader loader data: 0x00006000032ac000 of 'bootstrap', supername 'java/lang/ref/Cleaner$Cleanable'
[0.212s][debug][class,load,placeholders] loadInstanceThreadQ threads:0x00007f8f4f008800, 
[0.212s][debug][class,load,placeholders] superThreadQ threads:0x00007f8f4f008800, 
[0.212s][debug][class,load,placeholders] defineThreadQ threads:
[0.212s][trace][cds,unshareable        ] restore: jdk.internal.ref.PhantomCleanable
[0.212s][trace][class,loader,data      ] Adding k: 0x000000013004d0c8 jdk.internal.ref.PhantomCleanable to loader data: 0x00006000032ac000 of 'bootstrap'
[0.212s][debug][cds,mirror             ] jdk.internal.ref.PhantomCleanable has raw archived mirror
[0.212s][debug][cds,heap               ] Clearing root 868: was 0x00000007ffb17990
[0.212s][debug][cds,mirror             ] Archived mirror is: 0x00000007ffb17990
[0.212s][trace][cds,heap,mirror        ] Restored jdk.internal.ref.PhantomCleanable archived mirror 0x00000007ffb17990
[0.212s][debug][cds,heap               ] Clearing root 869: was 0x00000007ffb17a00
[0.212s][info ][class,load             ] jdk.internal.ref.PhantomCleanable source: shared objects file
[0.212s][debug][class,load             ]  klass: 0x000000013004d0c8 super: 0x000000013004ce48 interfaces: 0x000000013004d378 loader: [loader data: 0x00006000032ac000 of 'bootstrap']
[0.212s][debug][class,load,placeholders] find_and_add DEFINE_CLASS 'jdk/internal/ref/PhantomCleanable', loader loader data: 0x00006000032ac000 of 'bootstrap', supername 'java/lang/ref/Cleaner$Cleanable'
[0.212s][debug][class,load,placeholders] loadInstanceThreadQ threads:0x00007f8f4f008800, 
[0.212s][debug][class,load,placeholders] superThreadQ threads:
[0.212s][debug][class,load,placeholders] defineThreadQ threads:0x00007f8f4f008800, 
[0.212s][debug][class,load,placeholders] find_and_remove DEFINE_CLASS 'jdk/internal/ref/PhantomCleanable', loader loader data: 0x00006000032ac000 of 'bootstrap', supername 'java/lang/ref/Cleaner$Cleanable', InstanceKlass 'jdk/internal/ref/PhantomCleanable'
[0.212s][debug][class,load,placeholders] loadInstanceThreadQ threads:0x00007f8f4f008800, 
[0.212s][debug][class,load,placeholders] superThreadQ threads:
[0.212s][debug][class,load,placeholders] defineThreadQ threads:0x00007f8f4f008800, 
[0.212s][debug][class,load,placeholders] find_and_remove LOAD_INSTANCE 'jdk/internal/ref/PhantomCleanable', loader loader data: 0x00006000032ac000 of 'bootstrap', supername 'java/lang/ref/Cleaner$Cleanable', InstanceKlass 'jdk/internal/ref/PhantomCleanable'
[0.212s][debug][class,load,placeholders] loadInstanceThreadQ threads:0x00007f8f4f008800, 
[0.212s][debug][class,load,placeholders] superThreadQ threads:
[0.212s][debug][class,load,placeholders] defineThreadQ threads:
[0.212s][debug][class,load,placeholders] find_and_remove LOAD_SUPER 'java/io/FileCleanable', loader loader data: 0x00006000032ac000 of 'bootstrap', supername 'jdk/internal/ref/PhantomCleanable'
[0.212s][debug][class,load,placeholders] loadInstanceThreadQ threads:0x00007f8f4f008800, 
[0.212s][debug][class,load,placeholders] superThreadQ threads:0x00007f8f4f008800, 
[0.212s][debug][class,load,placeholders] defineThreadQ threads:
[0.212s][trace][cds,unshareable        ] restore: java.io.FileCleanable
[0.212s][trace][class,loader,data      ] Adding k: 0x00000001301e8998 java.io.FileCleanable to loader data: 0x00006000032ac000 of 'bootstrap'
[0.212s][debug][cds,mirror             ] java.io.FileCleanable has raw archived mirror
[0.212s][debug][cds,heap               ] Clearing root 865: was 0x00000007ffb17890
[0.212s][debug][cds,mirror             ] Archived mirror is: 0x00000007ffb17890
[0.212s][trace][cds,heap,mirror        ] Restored java.io.FileCleanable archived mirror 0x00000007ffb17890
[0.212s][debug][cds,heap               ] Clearing root 866: was 0x00000007ffb17908
[0.212s][info ][class,load             ] java.io.FileCleanable source: shared objects file
[0.212s][debug][class,load             ]  klass: 0x00000001301e8998 super: 0x000000013004d0c8 loader: [loader data: 0x00006000032ac000 of 'bootstrap']
[0.212s][debug][class,load,placeholders] find_and_add DEFINE_CLASS 'java/io/FileCleanable', loader loader data: 0x00006000032ac000 of 'bootstrap', supername 'jdk/internal/ref/PhantomCleanable'
[0.212s][debug][class,load,placeholders] loadInstanceThreadQ threads:0x00007f8f4f008800, 
[0.212s][debug][class,load,placeholders] superThreadQ threads:
[0.212s][debug][class,load,placeholders] defineThreadQ threads:0x00007f8f4f008800, 
[0.212s][debug][class,load,placeholders] find_and_remove DEFINE_CLASS 'java/io/FileCleanable', loader loader data: 0x00006000032ac000 of 'bootstrap', supername 'jdk/internal/ref/PhantomCleanable', InstanceKlass 'java/io/FileCleanable'
[0.212s][debug][class,load,placeholders] loadInstanceThreadQ threads:0x00007f8f4f008800, 
[0.212s][debug][class,load,placeholders] superThreadQ threads:
[0.212s][debug][class,load,placeholders] defineThreadQ threads:0x00007f8f4f008800, 
[0.212s][debug][class,load,placeholders] find_and_remove LOAD_INSTANCE 'java/io/FileCleanable', loader loader data: 0x00006000032ac000 of 'bootstrap', supername 'jdk/internal/ref/PhantomCleanable', InstanceKlass 'java/io/FileCleanable'
[0.212s][debug][class,load,placeholders] loadInstanceThreadQ threads:0x00007f8f4f008800, 
[0.212s][debug][class,load,placeholders] superThreadQ threads:
[0.212s][debug][class,load,placeholders] defineThreadQ threads:
[0.212s][debug][class,resolve          ] java.io.FileInputStream java.io.FileCleanable FileInputStream.java:158
[0.212s][info ][class,init             ] 260 Initializing 'jdk/internal/ref/PhantomCleanable'(no method) (0x000000013004d0c8)
[0.212s][info ][class,init             ] 261 Initializing 'java/io/FileCleanable' (0x00000001301e8998)
[0.212s][trace][metaspace              ] Arena @0x00006000016b2200 (non-class sm): requested 7 words.
[0.212s][trace][metaspace              ] Arena @0x00006000016b2200 (non-class sm): after allocation: 1 chunk(s), current:@0x00007f8f2d80b248, u, base 0x0000000171000000, level lv02 (524288), used: 7187, committed: 8192, committed-free: 1005
[0.212s][trace][metaspace              ] Arena @0x00006000016b2200 (non-class sm): returning 0x000000017100e060.
[0.212s][trace][metaspace              ] Metaspace::allocate: type 13 return 0x000000017100e060.
[0.212s][debug][class,resolve          ] java.io.FileCleanable jdk.internal.access.SharedSecrets FileCleanable.java:50
[0.213s][trace][metaspace              ] Arena @0x00006000016b2200 (non-class sm): requested 7 words.
[0.213s][trace][metaspace              ] Arena @0x00006000016b2200 (non-class sm): after allocation: 1 chunk(s), current:@0x00007f8f2d80b248, u, base 0x0000000171000000, level lv02 (524288), used: 7194, committed: 8192, committed-free: 998
[0.213s][trace][metaspace              ] Arena @0x00006000016b2200 (non-class sm): returning 0x000000017100e098.
[0.213s][trace][metaspace              ] Metaspace::allocate: type 13 return 0x000000017100e098.
[0.213s][debug][class,resolve          ] java.io.FileCleanable java.io.FileDescriptor FileCleanable.java:74
[0.213s][trace][metaspace              ] Arena @0x00006000016b2200 (non-class sm): requested 7 words.
[0.213s][trace][metaspace              ] Arena @0x00006000016b2200 (non-class sm): after allocation: 1 chunk(s), current:@0x00007f8f2d80b248, u, base 0x0000000171000000, level lv02 (524288), used: 7201, committed: 8192, committed-free: 991
[0.213s][trace][metaspace              ] Arena @0x00006000016b2200 (non-class sm): returning 0x000000017100e0d0.
[0.213s][trace][metaspace              ] Metaspace::allocate: type 13 return 0x000000017100e0d0.
[0.213s][debug][class,resolve          ] java.io.FileCleanable jdk.internal.access.JavaIOFileDescriptorAccess FileCleanable.java:75
[0.213s][trace][metaspace              ] Arena @0x00006000016b2200 (non-class sm): requested 7 words.
[0.213s][trace][metaspace              ] Arena @0x00006000016b2200 (non-class sm): after allocation: 1 chunk(s), current:@0x00007f8f2d80b248, u, base 0x0000000171000000, level lv02 (524288), used: 7208, committed: 8192, committed-free: 984
[0.213s][trace][metaspace              ] Arena @0x00006000016b2200 (non-class sm): returning 0x000000017100e108.
[0.213s][trace][metaspace              ] Metaspace::allocate: type 13 return 0x000000017100e108.
[0.213s][debug][class,resolve          ] java.io.FileDescriptor$1 java.io.FileDescriptor FileDescriptor.java:76
[0.213s][trace][class,nestmates        ] Resolving nest-host of java.io.FileDescriptor$1 using cp entry for java/io/FileDescriptor
[0.213s][trace][class,nestmates        ] Checking nest membership of java.io.FileDescriptor$1 in java.io.FileDescriptor
[0.213s][trace][class,nestmates        ] - named class found at nest_members[0] => cp[105]
[0.213s][trace][class,nestmates        ] Resolved nest-host of java.io.FileDescriptor$1 to java.io.FileDescriptor
[0.213s][trace][class,nestmates        ] Type java.io.FileDescriptor is not part of a nest: setting nest-host to self
[0.213s][trace][class,nestmates        ] Class java.io.FileDescriptor$1 does have nestmate access to java.io.FileDescriptor
[0.213s][trace][metaspace              ] Arena @0x00006000016b2200 (non-class sm): requested 7 words.
[0.213s][trace][metaspace              ] Arena @0x00006000016b2200 (non-class sm): after allocation: 1 chunk(s), current:@0x00007f8f2d80b248, u, base 0x0000000171000000, level lv02 (524288), used: 7215, committed: 8192, committed-free: 977
[0.213s][trace][metaspace              ] Arena @0x00006000016b2200 (non-class sm): returning 0x000000017100e140.
[0.213s][trace][metaspace              ] Metaspace::allocate: type 13 return 0x000000017100e140.
[0.213s][trace][class,nestmates        ] Class java.io.FileDescriptor$1 does have nestmate access to java.io.FileDescriptor
[0.213s][debug][class,load,placeholders] find_and_add LOAD_INSTANCE 'jdk/internal/ref/CleanerFactory', loader loader data: 0x00006000032ac000 of 'bootstrap'
[0.213s][debug][class,load,placeholders] loadInstanceThreadQ threads:0x00007f8f4f008800, 
[0.213s][debug][class,load,placeholders] superThreadQ threads:
[0.213s][debug][class,load,placeholders] defineThreadQ threads:
[0.213s][trace][cds,unshareable        ] restore: jdk.internal.ref.CleanerFactory
[0.213s][trace][class,loader,data      ] Adding k: 0x00000001301ae328 jdk.internal.ref.CleanerFactory to loader data: 0x00006000032ac000 of 'bootstrap'
[0.213s][debug][cds,mirror             ] jdk.internal.ref.CleanerFactory has raw archived mirror
[0.213s][debug][cds,heap               ] Clearing root 618: was 0x00000007ffb11460
[0.213s][debug][cds,mirror             ] Archived mirror is: 0x00000007ffb11460
[0.213s][trace][cds,heap,mirror        ] Restored jdk.internal.ref.CleanerFactory archived mirror 0x00000007ffb11460
[0.213s][info ][class,load             ] jdk.internal.ref.CleanerFactory source: shared objects file
[0.213s][debug][class,load             ]  klass: 0x00000001301ae328 super: 0x0000000130000db8 loader: [loader data: 0x00006000032ac000 of 'bootstrap']
[0.213s][debug][class,load,placeholders] find_and_add DEFINE_CLASS 'jdk/internal/ref/CleanerFactory', loader loader data: 0x00006000032ac000 of 'bootstrap'
[0.213s][debug][class,load,placeholders] loadInstanceThreadQ threads:0x00007f8f4f008800, 
[0.213s][debug][class,load,placeholders] superThreadQ threads:
[0.213s][debug][class,load,placeholders] defineThreadQ threads:0x00007f8f4f008800, 
[0.213s][debug][class,load,placeholders] find_and_remove DEFINE_CLASS 'jdk/internal/ref/CleanerFactory', loader loader data: 0x00006000032ac000 of 'bootstrap', InstanceKlass 'jdk/internal/ref/CleanerFactory'
[0.213s][debug][class,load,placeholders] loadInstanceThreadQ threads:0x00007f8f4f008800, 
[0.213s][debug][class,load,placeholders] superThreadQ threads:
[0.213s][debug][class,load,placeholders] defineThreadQ threads:0x00007f8f4f008800, 
[0.213s][debug][class,load,placeholders] find_and_remove LOAD_INSTANCE 'jdk/internal/ref/CleanerFactory', loader loader data: 0x00006000032ac000 of 'bootstrap', InstanceKlass 'jdk/internal/ref/CleanerFactory'
[0.213s][debug][class,load,placeholders] loadInstanceThreadQ threads:0x00007f8f4f008800, 
[0.213s][debug][class,load,placeholders] superThreadQ threads:
[0.213s][debug][class,load,placeholders] defineThreadQ threads:
[0.213s][debug][class,resolve          ] java.io.FileCleanable jdk.internal.ref.CleanerFactory FileCleanable.java:77
[0.213s][info ][class,init             ] 262 Initializing 'jdk/internal/ref/CleanerFactory' (0x00000001301ae328)
[0.213s][trace][metaspace              ] Arena @0x00006000016b2200 (non-class sm): requested 7 words.
[0.213s][trace][metaspace              ] Arena @0x00006000016b2200 (non-class sm): after allocation: 1 chunk(s), current:@0x00007f8f2d80b248, u, base 0x0000000171000000, level lv02 (524288), used: 7222, committed: 8192, committed-free: 970
[0.213s][trace][metaspace              ] Arena @0x00006000016b2200 (non-class sm): returning 0x000000017100e178.
[0.213s][trace][metaspace              ] Metaspace::allocate: type 13 return 0x000000017100e178.
[0.213s][debug][class,load,placeholders] find_and_add LOAD_INSTANCE 'jdk/internal/ref/CleanerFactory$1', loader loader data: 0x00006000032ac000 of 'bootstrap'
[0.213s][debug][class,load,placeholders] loadInstanceThreadQ threads:0x00007f8f4f008800, 
[0.213s][debug][class,load,placeholders] superThreadQ threads:
[0.213s][debug][class,load,placeholders] defineThreadQ threads:
[0.213s][debug][class,load,placeholders] find_and_add LOAD_SUPER 'jdk/internal/ref/CleanerFactory$1', loader loader data: 0x00006000032ac000 of 'bootstrap', supername 'java/util/concurrent/ThreadFactory'
[0.213s][debug][class,load,placeholders] loadInstanceThreadQ threads:0x00007f8f4f008800, 
[0.213s][debug][class,load,placeholders] superThreadQ threads:0x00007f8f4f008800, 
[0.213s][debug][class,load,placeholders] defineThreadQ threads:
[0.213s][debug][class,load,placeholders] find_and_add LOAD_INSTANCE 'java/util/concurrent/ThreadFactory', loader loader data: 0x00006000032ac000 of 'bootstrap'
[0.213s][debug][class,load,placeholders] loadInstanceThreadQ threads:0x00007f8f4f008800, 
[0.213s][debug][class,load,placeholders] superThreadQ threads:
[0.213s][debug][class,load,placeholders] defineThreadQ threads:
[0.213s][trace][cds,unshareable        ] restore: java.util.concurrent.ThreadFactory
[0.213s][trace][class,loader,data      ] Adding k: 0x0000000130177588 java.util.concurrent.ThreadFactory to loader data: 0x00006000032ac000 of 'bootstrap'
[0.213s][debug][cds,mirror             ] java.util.concurrent.ThreadFactory has raw archived mirror
[0.213s][debug][cds,heap               ] Clearing root 1618: was 0x00000007ffb2c5d8
[0.213s][debug][cds,mirror             ] Archived mirror is: 0x00000007ffb2c5d8
[0.213s][trace][cds,heap,mirror        ] Restored java.util.concurrent.ThreadFactory archived mirror 0x00000007ffb2c5d8
[0.213s][info ][class,load             ] java.util.concurrent.ThreadFactory source: shared objects file
[0.213s][debug][class,load             ]  klass: 0x0000000130177588 super: 0x0000000130000db8 loader: [loader data: 0x00006000032ac000 of 'bootstrap']
[0.213s][debug][class,load,placeholders] find_and_add DEFINE_CLASS 'java/util/concurrent/ThreadFactory', loader loader data: 0x00006000032ac000 of 'bootstrap'
[0.213s][debug][class,load,placeholders] loadInstanceThreadQ threads:0x00007f8f4f008800, 
[0.213s][debug][class,load,placeholders] superThreadQ threads:
[0.213s][debug][class,load,placeholders] defineThreadQ threads:0x00007f8f4f008800, 
[0.213s][debug][class,load,placeholders] find_and_remove DEFINE_CLASS 'java/util/concurrent/ThreadFactory', loader loader data: 0x00006000032ac000 of 'bootstrap', InstanceKlass 'java/util/concurrent/ThreadFactory'
[0.213s][debug][class,load,placeholders] loadInstanceThreadQ threads:0x00007f8f4f008800, 
[0.213s][debug][class,load,placeholders] superThreadQ threads:
[0.213s][debug][class,load,placeholders] defineThreadQ threads:0x00007f8f4f008800, 
[0.213s][debug][class,load,placeholders] find_and_remove LOAD_INSTANCE 'java/util/concurrent/ThreadFactory', loader loader data: 0x00006000032ac000 of 'bootstrap', InstanceKlass 'java/util/concurrent/ThreadFactory'
[0.213s][debug][class,load,placeholders] loadInstanceThreadQ threads:0x00007f8f4f008800, 
[0.213s][debug][class,load,placeholders] superThreadQ threads:
[0.213s][debug][class,load,placeholders] defineThreadQ threads:
[0.213s][debug][class,load,placeholders] find_and_remove LOAD_SUPER 'jdk/internal/ref/CleanerFactory$1', loader loader data: 0x00006000032ac000 of 'bootstrap', supername 'java/util/concurrent/ThreadFactory'
[0.213s][debug][class,load,placeholders] loadInstanceThreadQ threads:0x00007f8f4f008800, 
[0.213s][debug][class,load,placeholders] superThreadQ threads:0x00007f8f4f008800, 
[0.214s][debug][class,load,placeholders] defineThreadQ threads:
[0.214s][trace][cds,unshareable        ] restore: jdk.internal.ref.CleanerFactory$1
[0.214s][trace][class,loader,data      ] Adding k: 0x00000001301aeb40 jdk.internal.ref.CleanerFactory$1 to loader data: 0x00006000032ac000 of 'bootstrap'
[0.214s][debug][cds,mirror             ] jdk.internal.ref.CleanerFactory$1 has raw archived mirror
[0.214s][debug][cds,heap               ] Clearing root 1907: was 0x00000007ffb33848
[0.214s][debug][cds,mirror             ] Archived mirror is: 0x00000007ffb33848
[0.214s][trace][cds,heap,mirror        ] Restored jdk.internal.ref.CleanerFactory$1 archived mirror 0x00000007ffb33848
[0.214s][debug][cds,heap               ] Clearing root 1908: was 0x00000007ffb338b8
[0.214s][info ][class,load             ] jdk.internal.ref.CleanerFactory$1 source: shared objects file
[0.214s][debug][class,load             ]  klass: 0x00000001301aeb40 super: 0x0000000130000db8 interfaces: 0x0000000130177588 loader: [loader data: 0x00006000032ac000 of 'bootstrap']
[0.214s][debug][class,load,placeholders] find_and_add DEFINE_CLASS 'jdk/internal/ref/CleanerFactory$1', loader loader data: 0x00006000032ac000 of 'bootstrap', supername 'java/util/concurrent/ThreadFactory'
[0.214s][debug][class,load,placeholders] loadInstanceThreadQ threads:0x00007f8f4f008800, 
[0.214s][debug][class,load,placeholders] superThreadQ threads:
[0.214s][debug][class,load,placeholders] defineThreadQ threads:0x00007f8f4f008800, 
[0.214s][debug][class,load,placeholders] find_and_remove DEFINE_CLASS 'jdk/internal/ref/CleanerFactory$1', loader loader data: 0x00006000032ac000 of 'bootstrap', supername 'java/util/concurrent/ThreadFactory', InstanceKlass 'jdk/internal/ref/CleanerFactory$1'
[0.214s][debug][class,load,placeholders] loadInstanceThreadQ threads:0x00007f8f4f008800, 
[0.214s][debug][class,load,placeholders] superThreadQ threads:
[0.214s][debug][class,load,placeholders] defineThreadQ threads:0x00007f8f4f008800, 
[0.214s][debug][class,load,placeholders] find_and_remove LOAD_INSTANCE 'jdk/internal/ref/CleanerFactory$1', loader loader data: 0x00006000032ac000 of 'bootstrap', supername 'java/util/concurrent/ThreadFactory', InstanceKlass 'jdk/internal/ref/CleanerFactory$1'
[0.214s][debug][class,load,placeholders] loadInstanceThreadQ threads:0x00007f8f4f008800, 
[0.214s][debug][class,load,placeholders] superThreadQ threads:
[0.214s][debug][class,load,placeholders] defineThreadQ threads:
[0.214s][debug][class,resolve          ] jdk.internal.ref.CleanerFactory jdk.internal.ref.CleanerFactory$1 CleanerFactory.java:40
[0.214s][info ][class,init             ] 263 Initializing 'jdk/internal/ref/CleanerFactory$1'(no method) (0x00000001301aeb40)
[0.214s][trace][metaspace              ] Arena @0x00006000016b2200 (non-class sm): requested 7 words.
[0.214s][trace][metaspace              ] Arena @0x00006000016b2200 (non-class sm): after allocation: 1 chunk(s), current:@0x00007f8f2d80b248, u, base 0x0000000171000000, level lv02 (524288), used: 7229, committed: 8192, committed-free: 963
[0.214s][trace][metaspace              ] Arena @0x00006000016b2200 (non-class sm): returning 0x000000017100e1b0.
[0.214s][trace][metaspace              ] Metaspace::allocate: type 13 return 0x000000017100e1b0.
[0.214s][debug][class,resolve          ] jdk.internal.ref.CleanerFactory$1 java.lang.Object CleanerFactory.java:40
[0.214s][debug][class,load,placeholders] find_and_add LOAD_INSTANCE 'java/lang/ref/Cleaner', loader loader data: 0x00006000032ac000 of 'bootstrap'
[0.214s][debug][class,load,placeholders] loadInstanceThreadQ threads:0x00007f8f4f008800, 
[0.214s][debug][class,load,placeholders] superThreadQ threads:
[0.214s][debug][class,load,placeholders] defineThreadQ threads:
[0.214s][trace][cds,unshareable        ] restore: java.lang.ref.Cleaner
[0.214s][trace][class,loader,data      ] Adding k: 0x0000000130062098 java.lang.ref.Cleaner to loader data: 0x00006000032ac000 of 'bootstrap'
[0.214s][debug][cds,mirror             ] java.lang.ref.Cleaner has raw archived mirror
[0.214s][debug][cds,heap               ] Clearing root 619: was 0x00000007ffb114d8
[0.214s][debug][cds,mirror             ] Archived mirror is: 0x00000007ffb114d8
[0.214s][trace][cds,heap,mirror        ] Restored java.lang.ref.Cleaner archived mirror 0x00000007ffb114d8
[0.214s][debug][cds,heap               ] Clearing root 620: was 0x00000007ffb11548
[0.214s][info ][class,load             ] java.lang.ref.Cleaner source: shared objects file
[0.214s][debug][class,load             ]  klass: 0x0000000130062098 super: 0x0000000130000db8 loader: [loader data: 0x00006000032ac000 of 'bootstrap']
[0.214s][debug][class,load,placeholders] find_and_add DEFINE_CLASS 'java/lang/ref/Cleaner', loader loader data: 0x00006000032ac000 of 'bootstrap'
[0.214s][debug][class,load,placeholders] loadInstanceThreadQ threads:0x00007f8f4f008800, 
[0.214s][debug][class,load,placeholders] superThreadQ threads:
[0.214s][debug][class,load,placeholders] defineThreadQ threads:0x00007f8f4f008800, 
[0.214s][debug][class,load,placeholders] find_and_remove DEFINE_CLASS 'java/lang/ref/Cleaner', loader loader data: 0x00006000032ac000 of 'bootstrap', InstanceKlass 'java/lang/ref/Cleaner'
[0.214s][debug][class,load,placeholders] loadInstanceThreadQ threads:0x00007f8f4f008800, 
[0.214s][debug][class,load,placeholders] superThreadQ threads:
[0.214s][debug][class,load,placeholders] defineThreadQ threads:0x00007f8f4f008800, 
[0.214s][debug][class,load,placeholders] find_and_remove LOAD_INSTANCE 'java/lang/ref/Cleaner', loader loader data: 0x00006000032ac000 of 'bootstrap', InstanceKlass 'java/lang/ref/Cleaner'
[0.214s][debug][class,load,placeholders] loadInstanceThreadQ threads:0x00007f8f4f008800, 
[0.214s][debug][class,load,placeholders] superThreadQ threads:
[0.214s][debug][class,load,placeholders] defineThreadQ threads:
[0.214s][debug][class,resolve          ] jdk.internal.ref.CleanerFactory java.lang.ref.Cleaner CleanerFactory.java:40
[0.214s][info ][class,init             ] 264 Initializing 'java/lang/ref/Cleaner' (0x0000000130062098)
[0.214s][trace][metaspace              ] Arena @0x00006000016b2200 (non-class sm): requested 7 words.
[0.214s][trace][metaspace              ] Arena @0x00006000016b2200 (non-class sm): after allocation: 1 chunk(s), current:@0x00007f8f2d80b248, u, base 0x0000000171000000, level lv02 (524288), used: 7236, committed: 8192, committed-free: 956
[0.214s][trace][metaspace              ] Arena @0x00006000016b2200 (non-class sm): returning 0x000000017100e1e8.
[0.214s][trace][metaspace              ] Metaspace::allocate: type 13 return 0x000000017100e1e8.
[0.214s][debug][class,load,placeholders] find_and_add LOAD_INSTANCE 'java/lang/ref/Cleaner$1', loader loader data: 0x00006000032ac000 of 'bootstrap'
[0.214s][debug][class,load,placeholders] loadInstanceThreadQ threads:0x00007f8f4f008800, 
[0.214s][debug][class,load,placeholders] superThreadQ threads:
[0.214s][debug][class,load,placeholders] defineThreadQ threads:
[0.214s][trace][cds,unshareable        ] restore: java.lang.ref.Cleaner$1
[0.214s][trace][class,loader,data      ] Adding k: 0x0000000130061260 java.lang.ref.Cleaner$1 to loader data: 0x00006000032ac000 of 'bootstrap'
[0.214s][debug][cds,mirror             ] java.lang.ref.Cleaner$1 has raw archived mirror
[0.214s][debug][cds,heap               ] Clearing root 1224: was 0x00000007ffb22720
[0.214s][debug][cds,mirror             ] Archived mirror is: 0x00000007ffb22720
[0.214s][trace][cds,heap,mirror        ] Restored java.lang.ref.Cleaner$1 archived mirror 0x00000007ffb22720
[0.214s][info ][class,load             ] java.lang.ref.Cleaner$1 source: shared objects file
[0.214s][debug][class,load             ]  klass: 0x0000000130061260 super: 0x0000000130000db8 interfaces: 0x00000001300614e0 loader: [loader data: 0x00006000032ac000 of 'bootstrap']
[0.214s][debug][class,load,placeholders] find_and_add DEFINE_CLASS 'java/lang/ref/Cleaner$1', loader loader data: 0x00006000032ac000 of 'bootstrap'
[0.214s][debug][class,load,placeholders] loadInstanceThreadQ threads:0x00007f8f4f008800, 
[0.214s][debug][class,load,placeholders] superThreadQ threads:
[0.214s][debug][class,load,placeholders] defineThreadQ threads:0x00007f8f4f008800, 
[0.214s][debug][class,load,placeholders] find_and_remove DEFINE_CLASS 'java/lang/ref/Cleaner$1', loader loader data: 0x00006000032ac000 of 'bootstrap', InstanceKlass 'java/lang/ref/Cleaner$1'
[0.214s][debug][class,load,placeholders] loadInstanceThreadQ threads:0x00007f8f4f008800, 
[0.214s][debug][class,load,placeholders] superThreadQ threads:
[0.214s][debug][class,load,placeholders] defineThreadQ threads:0x00007f8f4f008800, 
[0.214s][debug][class,load,placeholders] find_and_remove LOAD_INSTANCE 'java/lang/ref/Cleaner$1', loader loader data: 0x00006000032ac000 of 'bootstrap', InstanceKlass 'java/lang/ref/Cleaner$1'
[0.214s][debug][class,load,placeholders] loadInstanceThreadQ threads:0x00007f8f4f008800, 
[0.214s][debug][class,load,placeholders] superThreadQ threads:
[0.214s][debug][class,load,placeholders] defineThreadQ threads:
[0.214s][debug][class,resolve          ] java.lang.ref.Cleaner java.lang.ref.Cleaner$1 Cleaner.java:139
[0.214s][info ][class,init             ] 265 Initializing 'java/lang/ref/Cleaner$1'(no method) (0x0000000130061260)
[0.214s][trace][metaspace              ] Arena @0x00006000016b2200 (non-class sm): requested 7 words.
[0.214s][trace][metaspace              ] Arena @0x00006000016b2200 (non-class sm): after allocation: 1 chunk(s), current:@0x00007f8f2d80b248, u, base 0x0000000171000000, level lv02 (524288), used: 7243, committed: 8192, committed-free: 949
[0.214s][trace][metaspace              ] Arena @0x00006000016b2200 (non-class sm): returning 0x000000017100e220.
[0.215s][trace][metaspace              ] Metaspace::allocate: type 13 return 0x000000017100e220.
[0.215s][debug][class,resolve          ] java.lang.ref.Cleaner$1 java.lang.Object Cleaner.java:139
[0.215s][debug][class,load,placeholders] find_and_add LOAD_INSTANCE 'jdk/internal/ref/CleanerImpl', loader loader data: 0x00006000032ac000 of 'bootstrap'
[0.215s][debug][class,load,placeholders] loadInstanceThreadQ threads:0x00007f8f4f008800, 
[0.215s][debug][class,load,placeholders] superThreadQ threads:
[0.215s][debug][class,load,placeholders] defineThreadQ threads:
[0.215s][trace][cds,unshareable        ] restore: jdk.internal.ref.CleanerImpl
[0.215s][trace][class,loader,data      ] Adding k: 0x0000000130223a20 jdk.internal.ref.CleanerImpl to loader data: 0x00006000032ac000 of 'bootstrap'
[0.215s][debug][cds,mirror             ] jdk.internal.ref.CleanerImpl has raw archived mirror
[0.215s][debug][cds,heap               ] Clearing root 1080: was 0x00000007ffb1f2a8
[0.215s][debug][cds,mirror             ] Archived mirror is: 0x00000007ffb1f2a8
[0.215s][trace][cds,heap,mirror        ] Restored jdk.internal.ref.CleanerImpl archived mirror 0x00000007ffb1f2a8
[0.215s][debug][cds,heap               ] Clearing root 1081: was 0x00000007ffb1f320
[0.215s][info ][class,load             ] jdk.internal.ref.CleanerImpl source: shared objects file
[0.215s][debug][class,load             ]  klass: 0x0000000130223a20 super: 0x0000000130000db8 interfaces: 0x000000013001f020 loader: [loader data: 0x00006000032ac000 of 'bootstrap']
[0.215s][debug][class,load,placeholders] find_and_add DEFINE_CLASS 'jdk/internal/ref/CleanerImpl', loader loader data: 0x00006000032ac000 of 'bootstrap'
[0.215s][debug][class,load,placeholders] loadInstanceThreadQ threads:0x00007f8f4f008800, 
[0.215s][debug][class,load,placeholders] superThreadQ threads:
[0.215s][debug][class,load,placeholders] defineThreadQ threads:0x00007f8f4f008800, 
[0.215s][debug][class,load,placeholders] find_and_remove DEFINE_CLASS 'jdk/internal/ref/CleanerImpl', loader loader data: 0x00006000032ac000 of 'bootstrap', InstanceKlass 'jdk/internal/ref/CleanerImpl'
[0.215s][debug][class,load,placeholders] loadInstanceThreadQ threads:0x00007f8f4f008800, 
[0.215s][debug][class,load,placeholders] superThreadQ threads:
[0.215s][debug][class,load,placeholders] defineThreadQ threads:0x00007f8f4f008800, 
[0.215s][debug][class,load,placeholders] find_and_remove LOAD_INSTANCE 'jdk/internal/ref/CleanerImpl', loader loader data: 0x00006000032ac000 of 'bootstrap', InstanceKlass 'jdk/internal/ref/CleanerImpl'
[0.215s][debug][class,load,placeholders] loadInstanceThreadQ threads:0x00007f8f4f008800, 
[0.215s][debug][class,load,placeholders] superThreadQ threads:
[0.215s][debug][class,load,placeholders] defineThreadQ threads:
[0.215s][debug][class,resolve          ] java.lang.ref.Cleaner jdk.internal.ref.CleanerImpl Cleaner.java:139
[0.215s][info ][class,init             ] 266 Initializing 'jdk/internal/ref/CleanerImpl' (0x0000000130223a20)
[0.215s][trace][metaspace              ] Arena @0x00006000016b2200 (non-class sm): requested 7 words.
[0.215s][trace][metaspace              ] Arena @0x00006000016b2200 (non-class sm): after allocation: 1 chunk(s), current:@0x00007f8f2d80b248, u, base 0x0000000171000000, level lv02 (524288), used: 7250, committed: 8192, committed-free: 942
[0.215s][trace][metaspace              ] Arena @0x00006000016b2200 (non-class sm): returning 0x000000017100e258.
[0.215s][trace][metaspace              ] Metaspace::allocate: type 13 return 0x000000017100e258.
[0.215s][trace][metaspace              ] Arena @0x00006000016b2200 (non-class sm): requested 7 words.
[0.215s][trace][metaspace              ] Arena @0x00006000016b2200 (non-class sm): after allocation: 1 chunk(s), current:@0x00007f8f2d80b248, u, base 0x0000000171000000, level lv02 (524288), used: 7257, committed: 8192, committed-free: 935
[0.215s][trace][metaspace              ] Arena @0x00006000016b2200 (non-class sm): returning 0x000000017100e290.
[0.215s][trace][metaspace              ] Metaspace::allocate: type 13 return 0x000000017100e290.
[0.215s][trace][metaspace              ] Arena @0x00006000016b2200 (non-class sm): requested 7 words.
[0.215s][trace][metaspace              ] Arena @0x00006000016b2200 (non-class sm): after allocation: 1 chunk(s), current:@0x00007f8f2d80b248, u, base 0x0000000171000000, level lv02 (524288), used: 7264, committed: 8192, committed-free: 928
[0.215s][trace][metaspace              ] Arena @0x00006000016b2200 (non-class sm): returning 0x000000017100e2c8.
[0.215s][trace][metaspace              ] Metaspace::allocate: type 13 return 0x000000017100e2c8.
[0.215s][debug][class,resolve          ] java.lang.ref.Cleaner java.util.Objects Cleaner.java:201
[0.215s][trace][metaspace              ] Arena @0x00006000016b2200 (non-class sm): requested 7 words.
[0.215s][trace][metaspace              ] Arena @0x00006000016b2200 (non-class sm): after allocation: 1 chunk(s), current:@0x00007f8f2d80b248, u, base 0x0000000171000000, level lv02 (524288), used: 7271, committed: 8192, committed-free: 921
[0.215s][trace][metaspace              ] Arena @0x00006000016b2200 (non-class sm): returning 0x000000017100e300.
[0.215s][trace][metaspace              ] Metaspace::allocate: type 13 return 0x000000017100e300.
[0.215s][debug][class,resolve          ] java.lang.ref.Cleaner java.lang.Object Cleaner.java:150
[0.215s][trace][metaspace              ] Arena @0x00006000016b2200 (non-class sm): requested 7 words.
[0.215s][trace][metaspace              ] Arena @0x00006000016b2200 (non-class sm): after allocation: 1 chunk(s), current:@0x00007f8f2d80b248, u, base 0x0000000171000000, level lv02 (524288), used: 7278, committed: 8192, committed-free: 914
[0.215s][trace][metaspace              ] Arena @0x00006000016b2200 (non-class sm): returning 0x000000017100e338.
[0.215s][trace][metaspace              ] Metaspace::allocate: type 13 return 0x000000017100e338.
[0.215s][debug][class,resolve          ] jdk.internal.ref.CleanerImpl java.lang.Object CleanerImpl.java:83
[0.215s][debug][class,resolve          ] jdk.internal.ref.CleanerImpl java.lang.ref.ReferenceQueue CleanerImpl.java:84
[0.215s][debug][class,load,placeholders] find_and_add LOAD_INSTANCE 'jdk/internal/ref/CleanerImpl$PhantomCleanableRef', loader loader data: 0x00006000032ac000 of 'bootstrap'
[0.215s][debug][class,load,placeholders] loadInstanceThreadQ threads:0x00007f8f4f008800, 
[0.215s][debug][class,load,placeholders] superThreadQ threads:
[0.215s][debug][class,load,placeholders] defineThreadQ threads:
[0.215s][trace][cds,unshareable        ] restore: jdk.internal.ref.CleanerImpl$PhantomCleanableRef
[0.215s][trace][class,loader,data      ] Adding k: 0x000000013004d5a8 jdk.internal.ref.CleanerImpl$PhantomCleanableRef to loader data: 0x00006000032ac000 of 'bootstrap'
[0.215s][debug][cds,mirror             ] jdk.internal.ref.CleanerImpl$PhantomCleanableRef has raw archived mirror
[0.215s][debug][cds,heap               ] Clearing root 1222: was 0x00000007ffb22698
[0.215s][debug][cds,mirror             ] Archived mirror is: 0x00000007ffb22698
[0.215s][trace][cds,heap,mirror        ] Restored jdk.internal.ref.CleanerImpl$PhantomCleanableRef archived mirror 0x00000007ffb22698
[0.215s][debug][cds,heap               ] Clearing root 1223: was 0x00000007ffb22708
[0.215s][info ][class,load             ] jdk.internal.ref.CleanerImpl$PhantomCleanableRef source: shared objects file
[0.215s][debug][class,load             ]  klass: 0x000000013004d5a8 super: 0x000000013004d0c8 loader: [loader data: 0x00006000032ac000 of 'bootstrap']
[0.215s][debug][class,load,placeholders] find_and_add DEFINE_CLASS 'jdk/internal/ref/CleanerImpl$PhantomCleanableRef', loader loader data: 0x00006000032ac000 of 'bootstrap'
[0.215s][debug][class,load,placeholders] loadInstanceThreadQ threads:0x00007f8f4f008800, 
[0.215s][debug][class,load,placeholders] superThreadQ threads:
[0.215s][debug][class,load,placeholders] defineThreadQ threads:0x00007f8f4f008800, 
[0.215s][debug][class,load,placeholders] find_and_remove DEFINE_CLASS 'jdk/internal/ref/CleanerImpl$PhantomCleanableRef', loader loader data: 0x00006000032ac000 of 'bootstrap', InstanceKlass 'jdk/internal/ref/CleanerImpl$PhantomCleanableRef'
[0.215s][debug][class,load,placeholders] loadInstanceThreadQ threads:0x00007f8f4f008800, 
[0.215s][debug][class,load,placeholders] superThreadQ threads:
[0.215s][debug][class,load,placeholders] defineThreadQ threads:0x00007f8f4f008800, 
[0.215s][debug][class,load,placeholders] find_and_remove LOAD_INSTANCE 'jdk/internal/ref/CleanerImpl$PhantomCleanableRef', loader loader data: 0x00006000032ac000 of 'bootstrap', InstanceKlass 'jdk/internal/ref/CleanerImpl$PhantomCleanableRef'
[0.215s][debug][class,load,placeholders] loadInstanceThreadQ threads:0x00007f8f4f008800, 
[0.215s][debug][class,load,placeholders] superThreadQ threads:
[0.215s][debug][class,load,placeholders] defineThreadQ threads:
[0.215s][debug][class,resolve          ] jdk.internal.ref.CleanerImpl jdk.internal.ref.CleanerImpl$PhantomCleanableRef CleanerImpl.java:85
[0.215s][info ][class,init             ] 267 Initializing 'jdk/internal/ref/CleanerImpl$PhantomCleanableRef'(no method) (0x000000013004d5a8)
[0.215s][trace][metaspace              ] Arena @0x00006000016b2200 (non-class sm): requested 7 words.
[0.215s][trace][metaspace              ] Arena @0x00006000016b2200 (non-class sm): after allocation: 1 chunk(s), current:@0x00007f8f2d80b248, u, base 0x0000000171000000, level lv02 (524288), used: 7285, committed: 8192, committed-free: 907
[0.215s][trace][metaspace              ] Arena @0x00006000016b2200 (non-class sm): returning 0x000000017100e370.
[0.215s][trace][metaspace              ] Metaspace::allocate: type 13 return 0x000000017100e370.
[0.215s][debug][class,resolve          ] jdk.internal.ref.CleanerImpl$PhantomCleanableRef jdk.internal.ref.PhantomCleanable CleanerImpl.java:172
[0.215s][trace][metaspace              ] Arena @0x00006000016b2200 (non-class sm): requested 7 words.
[0.215s][trace][metaspace              ] Arena @0x00006000016b2200 (non-class sm): after allocation: 1 chunk(s), current:@0x00007f8f2d80b248, u, base 0x0000000171000000, level lv02 (524288), used: 7292, committed: 8192, committed-free: 900
[0.215s][trace][metaspace              ] Arena @0x00006000016b2200 (non-class sm): returning 0x000000017100e3a8.
[0.215s][trace][metaspace              ] Metaspace::allocate: type 13 return 0x000000017100e3a8.
[0.215s][debug][class,resolve          ] jdk.internal.ref.PhantomCleanable java.lang.ref.PhantomReference PhantomCleanable.java:79
[0.215s][trace][metaspace              ] Arena @0x00006000016b2200 (non-class sm): requested 7 words.
[0.216s][trace][metaspace              ] Arena @0x00006000016b2200 (non-class sm): after allocation: 1 chunk(s), current:@0x00007f8f2d80b248, u, base 0x0000000171000000, level lv02 (524288), used: 7299, committed: 8192, committed-free: 893
[0.216s][trace][metaspace              ] Arena @0x00006000016b2200 (non-class sm): returning 0x000000017100e3e0.
[0.216s][trace][metaspace              ] Metaspace::allocate: type 13 return 0x000000017100e3e0.
[0.216s][debug][class,resolve          ] java.lang.ref.PhantomReference java.lang.ref.Reference PhantomReference.java:91
[0.216s][trace][metaspace              ] Arena @0x00006000016b2200 (non-class sm): requested 7 words.
[0.216s][trace][metaspace              ] Arena @0x00006000016b2200 (non-class sm): after allocation: 1 chunk(s), current:@0x00007f8f2d80b248, u, base 0x0000000171000000, level lv02 (524288), used: 7306, committed: 8192, committed-free: 886
[0.216s][trace][metaspace              ] Arena @0x00006000016b2200 (non-class sm): returning 0x000000017100e418.
[0.216s][trace][metaspace              ] Metaspace::allocate: type 13 return 0x000000017100e418.
[0.216s][trace][metaspace              ] Arena @0x00006000016b2200 (non-class sm): requested 7 words.
[0.216s][trace][metaspace              ] Arena @0x00006000016b2200 (non-class sm): after allocation: 1 chunk(s), current:@0x00007f8f2d80b248, u, base 0x0000000171000000, level lv02 (524288), used: 7313, committed: 8192, committed-free: 879
[0.216s][trace][metaspace              ] Arena @0x00006000016b2200 (non-class sm): returning 0x000000017100e450.
[0.216s][trace][metaspace              ] Metaspace::allocate: type 13 return 0x000000017100e450.
[0.216s][debug][class,resolve          ] jdk.internal.ref.CleanerImpl java.util.function.Function CleanerImpl.java:77
[0.216s][trace][metaspace              ] Arena @0x00006000016b2200 (non-class sm): requested 7 words.
[0.216s][trace][metaspace              ] Arena @0x00006000016b2200 (non-class sm): after allocation: 1 chunk(s), current:@0x00007f8f2d80b248, u, base 0x0000000171000000, level lv02 (524288), used: 7320, committed: 8192, committed-free: 872
[0.216s][trace][metaspace              ] Arena @0x00006000016b2200 (non-class sm): returning 0x000000017100e488.
[0.216s][trace][metaspace              ] Metaspace::allocate: type 13 return 0x000000017100e488.
[0.216s][debug][class,resolve          ] java.lang.ref.Cleaner$1 java.lang.ref.Cleaner Cleaner.java:139
[0.216s][trace][metaspace              ] Arena @0x00006000016b2200 (non-class sm): requested 7 words.
[0.216s][trace][metaspace              ] Arena @0x00006000016b2200 (non-class sm): after allocation: 1 chunk(s), current:@0x00007f8f2d80b248, u, base 0x0000000171000000, level lv02 (524288), used: 7327, committed: 8192, committed-free: 865
[0.216s][trace][metaspace              ] Arena @0x00006000016b2200 (non-class sm): returning 0x000000017100e4c0.
[0.216s][trace][metaspace              ] Metaspace::allocate: type 13 return 0x000000017100e4c0.
[0.216s][debug][class,load,placeholders] find_and_add LOAD_INSTANCE 'jdk/internal/ref/CleanerImpl$CleanerCleanable', loader loader data: 0x00006000032ac000 of 'bootstrap'
[0.216s][debug][class,load,placeholders] loadInstanceThreadQ threads:0x00007f8f4f008800, 
[0.216s][debug][class,load,placeholders] superThreadQ threads:
[0.216s][debug][class,load,placeholders] defineThreadQ threads:
[0.216s][trace][cds,unshareable        ] restore: jdk.internal.ref.CleanerImpl$CleanerCleanable
[0.216s][trace][class,loader,data      ] Adding k: 0x000000013004d858 jdk.internal.ref.CleanerImpl$CleanerCleanable to loader data: 0x00006000032ac000 of 'bootstrap'
[0.216s][debug][cds,mirror             ] jdk.internal.ref.CleanerImpl$CleanerCleanable has raw archived mirror
[0.216s][debug][cds,heap               ] Clearing root 1909: was 0x00000007ffb338d0
[0.216s][debug][cds,mirror             ] Archived mirror is: 0x00000007ffb338d0
[0.216s][trace][cds,heap,mirror        ] Restored jdk.internal.ref.CleanerImpl$CleanerCleanable archived mirror 0x00000007ffb338d0
[0.216s][info ][class,load             ] jdk.internal.ref.CleanerImpl$CleanerCleanable source: shared objects file
[0.216s][debug][class,load             ]  klass: 0x000000013004d858 super: 0x000000013004d0c8 loader: [loader data: 0x00006000032ac000 of 'bootstrap']
[0.216s][debug][class,load,placeholders] find_and_add DEFINE_CLASS 'jdk/internal/ref/CleanerImpl$CleanerCleanable', loader loader data: 0x00006000032ac000 of 'bootstrap'
[0.216s][debug][class,load,placeholders] loadInstanceThreadQ threads:0x00007f8f4f008800, 
[0.216s][debug][class,load,placeholders] superThreadQ threads:
[0.216s][debug][class,load,placeholders] defineThreadQ threads:0x00007f8f4f008800, 
[0.216s][debug][class,load,placeholders] find_and_remove DEFINE_CLASS 'jdk/internal/ref/CleanerImpl$CleanerCleanable', loader loader data: 0x00006000032ac000 of 'bootstrap', InstanceKlass 'jdk/internal/ref/CleanerImpl$CleanerCleanable'
[0.216s][debug][class,load,placeholders] loadInstanceThreadQ threads:0x00007f8f4f008800, 
[0.216s][debug][class,load,placeholders] superThreadQ threads:
[0.216s][debug][class,load,placeholders] defineThreadQ threads:0x00007f8f4f008800, 
[0.216s][debug][class,load,placeholders] find_and_remove LOAD_INSTANCE 'jdk/internal/ref/CleanerImpl$CleanerCleanable', loader loader data: 0x00006000032ac000 of 'bootstrap', InstanceKlass 'jdk/internal/ref/CleanerImpl$CleanerCleanable'
[0.216s][debug][class,load,placeholders] loadInstanceThreadQ threads:0x00007f8f4f008800, 
[0.216s][debug][class,load,placeholders] superThreadQ threads:
[0.216s][debug][class,load,placeholders] defineThreadQ threads:
[0.216s][debug][class,resolve          ] jdk.internal.ref.CleanerImpl jdk.internal.ref.CleanerImpl$CleanerCleanable CleanerImpl.java:101
[0.216s][info ][class,init             ] 268 Initializing 'jdk/internal/ref/CleanerImpl$CleanerCleanable'(no method) (0x000000013004d858)
[0.216s][trace][metaspace              ] Arena @0x00006000016b2200 (non-class sm): requested 7 words.
[0.216s][trace][metaspace              ] Arena @0x00006000016b2200 (non-class sm): after allocation: 1 chunk(s), current:@0x00007f8f2d80b248, u, base 0x0000000171000000, level lv02 (524288), used: 7334, committed: 8192, committed-free: 858
[0.216s][trace][metaspace              ] Arena @0x00006000016b2200 (non-class sm): returning 0x000000017100e4f8.
[0.216s][trace][metaspace              ] Metaspace::allocate: type 13 return 0x000000017100e4f8.
[0.216s][debug][class,resolve          ] jdk.internal.ref.CleanerImpl$CleanerCleanable jdk.internal.ref.PhantomCleanable CleanerImpl.java:226
[0.216s][trace][metaspace              ] Arena @0x00006000016b2200 (non-class sm): requested 7 words.
[0.216s][trace][metaspace              ] Arena @0x00006000016b2200 (non-class sm): after allocation: 1 chunk(s), current:@0x00007f8f2d80b248, u, base 0x0000000171000000, level lv02 (524288), used: 7341, committed: 8192, committed-free: 851
[0.216s][trace][metaspace              ] Arena @0x00006000016b2200 (non-class sm): returning 0x000000017100e530.
[0.216s][trace][metaspace              ] Metaspace::allocate: type 13 return 0x000000017100e530.
[0.216s][debug][class,resolve          ] jdk.internal.ref.PhantomCleanable java.util.Objects PhantomCleanable.java:66
[0.216s][debug][class,resolve          ] jdk.internal.ref.PhantomCleanable jdk.internal.ref.CleanerImpl PhantomCleanable.java:66
[0.216s][trace][metaspace              ] Arena @0x00006000016b2200 (non-class sm): requested 7 words.
[0.216s][trace][metaspace              ] Arena @0x00006000016b2200 (non-class sm): after allocation: 1 chunk(s), current:@0x00007f8f2d80b248, u, base 0x0000000171000000, level lv02 (524288), used: 7348, committed: 8192, committed-free: 844
[0.216s][trace][metaspace              ] Arena @0x00006000016b2200 (non-class sm): returning 0x000000017100e568.
[0.216s][trace][metaspace              ] Metaspace::allocate: type 13 return 0x000000017100e568.
[0.216s][debug][class,resolve          ] jdk.internal.ref.PhantomCleanable java.lang.ref.Reference PhantomCleanable.java:71
[0.216s][debug][class,resolve          ] jdk.internal.ref.CleanerImpl java.util.concurrent.ThreadFactory CleanerImpl.java:110
[0.216s][trace][metaspace              ] Arena @0x00006000016b2200 (non-class sm): requested 7 words.
[0.216s][trace][metaspace              ] Arena @0x00006000016b2200 (non-class sm): after allocation: 1 chunk(s), current:@0x00007f8f2d80b248, u, base 0x0000000171000000, level lv02 (524288), used: 7355, committed: 8192, committed-free: 837
[0.216s][trace][metaspace              ] Arena @0x00006000016b2200 (non-class sm): returning 0x000000017100e5a0.
[0.216s][trace][metaspace              ] Metaspace::allocate: type 13 return 0x000000017100e5a0.
[0.216s][debug][class,load,placeholders] find_and_add LOAD_INSTANCE 'jdk/internal/misc/InnocuousThread', loader loader data: 0x00006000032ac000 of 'bootstrap'
[0.216s][debug][class,load,placeholders] loadInstanceThreadQ threads:0x00007f8f4f008800, 
[0.216s][debug][class,load,placeholders] superThreadQ threads:
[0.216s][debug][class,load,placeholders] defineThreadQ threads:
[0.216s][trace][cds,unshareable        ] restore: jdk.internal.misc.InnocuousThread
[0.216s][trace][class,loader,data      ] Adding k: 0x000000013001ed68 jdk.internal.misc.InnocuousThread to loader data: 0x00006000032ac000 of 'bootstrap'
[0.216s][debug][cds,mirror             ] jdk.internal.misc.InnocuousThread has raw archived mirror
[0.216s][debug][cds,heap               ] Clearing root 1872: was 0x00000007ffb32b18
[0.216s][debug][cds,mirror             ] Archived mirror is: 0x00000007ffb32b18
[0.216s][trace][cds,heap,mirror        ] Restored jdk.internal.misc.InnocuousThread archived mirror 0x00000007ffb32b18
[0.216s][debug][cds,heap               ] Clearing root 1873: was 0x00000007ffb32bb8
[0.216s][info ][class,load             ] jdk.internal.misc.InnocuousThread source: shared objects file
[0.216s][debug][class,load             ]  klass: 0x000000013001ed68 super: 0x000000013001eab0 loader: [loader data: 0x00006000032ac000 of 'bootstrap']
[0.216s][debug][class,load,placeholders] find_and_add DEFINE_CLASS 'jdk/internal/misc/InnocuousThread', loader loader data: 0x00006000032ac000 of 'bootstrap'
[0.216s][debug][class,load,placeholders] loadInstanceThreadQ threads:0x00007f8f4f008800, 
[0.216s][debug][class,load,placeholders] superThreadQ threads:
[0.216s][debug][class,load,placeholders] defineThreadQ threads:0x00007f8f4f008800, 
[0.216s][debug][class,load,placeholders] find_and_remove DEFINE_CLASS 'jdk/internal/misc/InnocuousThread', loader loader data: 0x00006000032ac000 of 'bootstrap', InstanceKlass 'jdk/internal/misc/InnocuousThread'
[0.216s][debug][class,load,placeholders] loadInstanceThreadQ threads:0x00007f8f4f008800, 
[0.216s][debug][class,load,placeholders] superThreadQ threads:
[0.216s][debug][class,load,placeholders] defineThreadQ threads:0x00007f8f4f008800, 
[0.217s][debug][class,load,placeholders] find_and_remove LOAD_INSTANCE 'jdk/internal/misc/InnocuousThread', loader loader data: 0x00006000032ac000 of 'bootstrap', InstanceKlass 'jdk/internal/misc/InnocuousThread'
[0.217s][debug][class,load,placeholders] loadInstanceThreadQ threads:0x00007f8f4f008800, 
[0.217s][debug][class,load,placeholders] superThreadQ threads:
[0.217s][debug][class,load,placeholders] defineThreadQ threads:
[0.217s][debug][class,resolve          ] jdk.internal.ref.CleanerFactory$1 jdk.internal.misc.InnocuousThread CleanerFactory.java:43
[0.217s][info ][class,init             ] 269 Initializing 'jdk/internal/misc/InnocuousThread' (0x000000013001ed68)
[0.217s][trace][metaspace              ] Arena @0x00006000016b2200 (non-class sm): requested 7 words.
[0.217s][trace][metaspace              ] Arena @0x00006000016b2200 (non-class sm): after allocation: 1 chunk(s), current:@0x00007f8f2d80b248, u, base 0x0000000171000000, level lv02 (524288), used: 7362, committed: 8192, committed-free: 830
[0.217s][trace][metaspace              ] Arena @0x00006000016b2200 (non-class sm): returning 0x000000017100e5d8.
[0.217s][trace][metaspace              ] Metaspace::allocate: type 13 return 0x000000017100e5d8.
[0.217s][debug][class,resolve          ] jdk.internal.misc.InnocuousThread java.util.concurrent.atomic.AtomicInteger InnocuousThread.java:48
[0.217s][trace][metaspace              ] Arena @0x00006000016b2200 (non-class sm): requested 7 words.
[0.217s][trace][metaspace              ] Arena @0x00006000016b2200 (non-class sm): after allocation: 1 chunk(s), current:@0x00007f8f2d80b248, u, base 0x0000000171000000, level lv02 (524288), used: 7369, committed: 8192, committed-free: 823
[0.217s][trace][metaspace              ] Arena @0x00006000016b2200 (non-class sm): returning 0x000000017100e610.
[0.217s][trace][metaspace              ] Metaspace::allocate: type 13 return 0x000000017100e610.
[0.217s][debug][class,resolve          ] jdk.internal.misc.InnocuousThread java.security.AccessControlContext InnocuousThread.java:169
[0.217s][debug][class,resolve          ] jdk.internal.misc.InnocuousThread java.security.ProtectionDomain InnocuousThread.java:169
[0.217s][trace][metaspace              ] Arena @0x00006000016b2200 (non-class sm): requested 7 words.
[0.217s][trace][metaspace              ] Arena @0x00006000016b2200 (non-class sm): after allocation: 1 chunk(s), current:@0x00007f8f2d80b248, u, base 0x0000000171000000, level lv02 (524288), used: 7376, committed: 8192, committed-free: 816
[0.217s][trace][metaspace              ] Arena @0x00006000016b2200 (non-class sm): returning 0x000000017100e648.
[0.217s][trace][metaspace              ] Metaspace::allocate: type 13 return 0x000000017100e648.
[0.217s][debug][class,resolve          ] java.security.ProtectionDomain java.lang.Object ProtectionDomain.java:175
[0.217s][debug][class,resolve          ] java.security.ProtectionDomain java.security.ProtectionDomain$Key ProtectionDomain.java:158
[0.217s][trace][metaspace              ] Arena @0x00006000016b2200 (non-class sm): requested 7 words.
[0.217s][trace][metaspace              ] Arena @0x00006000016b2200 (non-class sm): after allocation: 1 chunk(s), current:@0x00007f8f2d80b248, u, base 0x0000000171000000, level lv02 (524288), used: 7383, committed: 8192, committed-free: 809
[0.217s][trace][metaspace              ] Arena @0x00006000016b2200 (non-class sm): returning 0x000000017100e680.
[0.217s][trace][metaspace              ] Metaspace::allocate: type 13 return 0x000000017100e680.
[0.217s][debug][class,resolve          ] java.security.ProtectionDomain$Key java.lang.Object ProtectionDomain.java:577
[0.217s][debug][class,resolve          ] java.security.ProtectionDomain java.security.Principal ProtectionDomain.java:186
[0.217s][trace][metaspace              ] Arena @0x00006000016b2200 (non-class sm): requested 7 words.
[0.217s][trace][metaspace              ] Arena @0x00006000016b2200 (non-class sm): after allocation: 1 chunk(s), current:@0x00007f8f2d80b248, u, base 0x0000000171000000, level lv02 (524288), used: 7390, committed: 8192, committed-free: 802
[0.217s][trace][metaspace              ] Arena @0x00006000016b2200 (non-class sm): returning 0x000000017100e6b8.
[0.217s][trace][metaspace              ] Metaspace::allocate: type 13 return 0x000000017100e6b8.
[0.217s][debug][class,resolve          ] java.security.AccessControlContext [Ljava.security.ProtectionDomain; AccessControlContext.java:143
[0.217s][trace][metaspace              ] Arena @0x00006000016b2200 (non-class sm): requested 7 words.
[0.217s][trace][metaspace              ] Arena @0x00006000016b2200 (non-class sm): after allocation: 1 chunk(s), current:@0x00007f8f2d80b248, u, base 0x0000000171000000, level lv02 (524288), used: 7397, committed: 8192, committed-free: 795
[0.217s][trace][metaspace              ] Arena @0x00006000016b2200 (non-class sm): returning 0x000000017100e6f0.
[0.217s][trace][metaspace              ] Metaspace::allocate: type 13 return 0x000000017100e6f0.
[0.217s][debug][class,resolve          ] jdk.internal.misc.InnocuousThread jdk.internal.misc.Unsafe InnocuousThread.java:174
[0.217s][debug][class,resolve          ] jdk.internal.misc.InnocuousThread java.lang.Thread InnocuousThread.java:175
[0.217s][debug][class,resolve          ] jdk.internal.misc.InnocuousThread java.lang.ThreadGroup InnocuousThread.java:176
[0.217s][trace][metaspace              ] Arena @0x00006000016b2200 (non-class sm): requested 7 words.
[0.217s][trace][metaspace              ] Arena @0x00006000016b2200 (non-class sm): after allocation: 1 chunk(s), current:@0x00007f8f2d80b248, u, base 0x0000000171000000, level lv02 (524288), used: 7404, committed: 8192, committed-free: 788
[0.217s][trace][metaspace              ] Arena @0x00006000016b2200 (non-class sm): returning 0x000000017100e728.
[0.217s][trace][metaspace              ] Metaspace::allocate: type 13 return 0x000000017100e728.
[0.217s][debug][class,resolve          ] jdk.internal.misc.InnocuousThread java.lang.System InnocuousThread.java:198
[0.217s][trace][metaspace              ] Arena @0x00006000016b2200 (non-class sm): requested 7 words.
[0.217s][trace][metaspace              ] Arena @0x00006000016b2200 (non-class sm): after allocation: 1 chunk(s), current:@0x00007f8f2d80b248, u, base 0x0000000171000000, level lv02 (524288), used: 7411, committed: 8192, committed-free: 781
[0.217s][trace][metaspace              ] Arena @0x00006000016b2200 (non-class sm): returning 0x000000017100e760.
[0.217s][trace][metaspace              ] Metaspace::allocate: type 13 return 0x000000017100e760.
[0.217s][trace][metaspace              ] Arena @0x00006000016b2200 (non-class sm): requested 7 words.
[0.217s][trace][metaspace              ] Arena @0x00006000016b2200 (non-class sm): after allocation: 1 chunk(s), current:@0x00007f8f2d80b248, u, base 0x0000000171000000, level lv02 (524288), used: 7418, committed: 8192, committed-free: 774
[0.217s][trace][metaspace              ] Arena @0x00006000016b2200 (non-class sm): returning 0x000000017100e798.
[0.217s][trace][metaspace              ] Metaspace::allocate: type 13 return 0x000000017100e798.
[0.217s][trace][metaspace              ] Arena @0x00006000016b2200 (non-class sm): requested 7 words.
[0.217s][trace][metaspace              ] Arena @0x00006000016b2200 (non-class sm): after allocation: 1 chunk(s), current:@0x00007f8f2d80b248, u, base 0x0000000171000000, level lv02 (524288), used: 7425, committed: 8192, committed-free: 767
[0.217s][trace][metaspace              ] Arena @0x00006000016b2200 (non-class sm): returning 0x000000017100e7d0.
[0.217s][trace][metaspace              ] Metaspace::allocate: type 13 return 0x000000017100e7d0.
[0.217s][trace][metaspace              ] Arena @0x00006000016b2200 (non-class sm): requested 7 words.
[0.217s][trace][metaspace              ] Arena @0x00006000016b2200 (non-class sm): after allocation: 1 chunk(s), current:@0x00007f8f2d80b248, u, base 0x0000000171000000, level lv02 (524288), used: 7432, committed: 8192, committed-free: 760
[0.217s][trace][metaspace              ] Arena @0x00006000016b2200 (non-class sm): returning 0x000000017100e808.
[0.217s][trace][metaspace              ] Metaspace::allocate: type 13 return 0x000000017100e808.
[0.217s][trace][metaspace              ] Arena @0x00006000016b2200 (non-class sm): requested 7 words.
[0.217s][trace][metaspace              ] Arena @0x00006000016b2200 (non-class sm): after allocation: 1 chunk(s), current:@0x00007f8f2d80b248, u, base 0x0000000171000000, level lv02 (524288), used: 7439, committed: 8192, committed-free: 753
[0.217s][trace][metaspace              ] Arena @0x00006000016b2200 (non-class sm): returning 0x000000017100e840.
[0.217s][trace][metaspace              ] Metaspace::allocate: type 13 return 0x000000017100e840.
[0.217s][debug][class,resolve          ] jdk.internal.ref.CleanerImpl java.lang.Thread CleanerImpl.java:111
[0.217s][info ][os,thread              ] Thread "Unknown thread" started (pthread id: 123145561776128, attributes: stacksize: 1024k, guardsize: 4k, detached). 
[0.217s][trace][oopstorage,ref         ] Thread OopStorage: allocated 0x00007f8f4e205910
[0.217s][debug][thread,smr             ] tid=10243: Threads::add: new ThreadsList=0x00006000003a5b00
[0.217s][debug][thread,smr             ] tid=10243: ThreadsSMRSupport::free_list: threads=0x00006000003b8780 is freed.
[0.217s][trace][metaspace              ] Arena @0x00006000016b2200 (non-class sm): requested 7 words.
[0.217s][trace][metaspace              ] Arena @0x00006000016b2200 (non-class sm): after allocation: 1 chunk(s), current:@0x00007f8f2d80b248, u, base 0x0000000171000000, level lv02 (524288), used: 7446, committed: 8192, committed-free: 746
[0.218s][trace][metaspace              ] Arena @0x00006000016b2200 (non-class sm): returning 0x000000017100e878.
[0.218s][trace][metaspace              ] Metaspace::allocate: type 13 return 0x000000017100e878.
[0.218s][info ][os,thread              ] Thread is alive (tid: 29443, pthread id: 123145561776128).
[0.218s][trace][metaspace              ] Arena @0x00006000016b2200 (non-class sm): requested 7 words.
[0.218s][debug][os,thread              ] Thread 29443 stack dimensions: 0x000070000f672000-0x000070000f772000 (1024k).
[0.218s][trace][metaspace              ] Arena @0x00006000016b2200 (non-class sm): after allocation: 1 chunk(s), current:@0x00007f8f2d80b248, u, base 0x0000000171000000, level lv02 (524288), used: 7453, committed: 8192, committed-free: 739
[0.218s][debug][os,thread              ] Thread 29443 stack guard pages activated: 0x000070000f672000-0x000070000f676000.
[0.218s][trace][metaspace              ] Arena @0x00006000016b2200 (non-class sm): returning 0x000000017100e8b0.
[0.218s][trace][metaspace              ] Metaspace::allocate: type 13 return 0x000000017100e8b0.
[0.218s][debug][class,resolve          ] java.io.FileCleanable jdk.internal.ref.PhantomCleanable FileCleanable.java:100
[0.218s][trace][metaspace              ] Arena @0x00006000016b2200 (non-class sm): requested 7 words.
[0.218s][trace][metaspace              ] Arena @0x00006000016b2200 (non-class sm): after allocation: 1 chunk(s), current:@0x00007f8f2d80b248, u, base 0x0000000171000000, level lv02 (524288), used: 7460, committed: 8192, committed-free: 732
[0.218s][trace][metaspace              ] Arena @0x00006000016b2200 (non-class sm): returning 0x000000017100e8e8.
[0.218s][trace][metaspace              ] Metaspace::allocate: type 13 return 0x000000017100e8e8.
[0.218s][trace][metaspace              ] Arena @0x00006000016b2200 (non-class sm): requested 7 words.
[0.218s][trace][metaspace              ] Arena @0x00006000016b2200 (non-class sm): after allocation: 1 chunk(s), current:@0x00007f8f2d80b248, u, base 0x0000000171000000, level lv02 (524288), used: 7467, committed: 8192, committed-free: 725
[0.218s][trace][metaspace              ] Arena @0x00006000016b2200 (non-class sm): returning 0x000000017100e920.
[0.218s][trace][metaspace              ] Metaspace::allocate: type 13 return 0x000000017100e920.
[0.218s][debug][class,resolve          ] java.io.FileDescriptor java.util.Objects FileDescriptor.java:263
[0.218s][debug][class,load,placeholders] find_and_add LOAD_INSTANCE 'sun/nio/ByteBuffered', loader loader data: 0x00006000032ac000 of 'bootstrap'
[0.218s][trace][metaspace              ] Arena @0x00006000016b2200 (non-class sm): requested 7 words.
[0.218s][debug][class,load,placeholders] loadInstanceThreadQ threads:0x00007f8f4f008800, 
[0.218s][trace][metaspace              ] Arena @0x00006000016b2200 (non-class sm): after allocation: 1 chunk(s), current:@0x00007f8f2d80b248, u, base 0x0000000171000000, level lv02 (524288), used: 7474, committed: 8192, committed-free: 718
[0.218s][debug][class,load,placeholders] superThreadQ threads:
[0.218s][trace][metaspace              ] Arena @0x00006000016b2200 (non-class sm): returning 0x000000017100e958.
[0.218s][debug][class,load,placeholders] defineThreadQ threads:
[0.218s][trace][metaspace              ] Metaspace::allocate: type 13 return 0x000000017100e958.
[0.218s][trace][cds,unshareable        ] restore: sun.nio.ByteBuffered
[0.218s][debug][class,resolve          ] java.lang.Thread java.lang.Runnable Thread.java:840
[0.218s][trace][class,loader,data      ] Adding k: 0x00000001302018c0 sun.nio.ByteBuffered to loader data: 0x00006000032ac000 of 'bootstrap'
[0.218s][trace][metaspace              ] Arena @0x00006000016b2200 (non-class sm): requested 7 words.
[0.218s][debug][cds,mirror             ] sun.nio.ByteBuffered has raw archived mirror
[0.218s][trace][metaspace              ] Arena @0x00006000016b2200 (non-class sm): after allocation: 1 chunk(s), current:@0x00007f8f2d80b248, u, base 0x0000000171000000, level lv02 (524288), used: 7481, committed: 8192, committed-free: 711
[0.218s][debug][cds,heap               ] Clearing root 1850: was 0x00000007ffb322d8
[0.218s][trace][metaspace              ] Arena @0x00006000016b2200 (non-class sm): returning 0x000000017100e990.
[0.218s][debug][cds,mirror             ] Archived mirror is: 0x00000007ffb322d8
[0.218s][trace][metaspace              ] Metaspace::allocate: type 13 return 0x000000017100e990.
[0.218s][trace][cds,heap,mirror        ] Restored sun.nio.ByteBuffered archived mirror 0x00000007ffb322d8
[0.218s][debug][class,resolve          ] jdk.internal.ref.CleanerImpl jdk.internal.misc.InnocuousThread CleanerImpl.java:129
[0.218s][info ][class,load             ] sun.nio.ByteBuffered source: shared objects file
[0.218s][debug][class,load             ]  klass: 0x00000001302018c0 super: 0x0000000130000db8 loader: [loader data: 0x00006000032ac000 of 'bootstrap']
[0.218s][debug][class,resolve          ] jdk.internal.ref.CleanerImpl jdk.internal.ref.PhantomCleanable CleanerImpl.java:132
[0.218s][debug][class,load,placeholders] find_and_add DEFINE_CLASS 'sun/nio/ByteBuffered', loader loader data: 0x00006000032ac000 of 'bootstrap'
[0.219s][trace][metaspace              ] Arena @0x00006000016b2200 (non-class sm): requested 7 words.
[0.219s][debug][class,load,placeholders] loadInstanceThreadQ threads:0x00007f8f4f008800, 
[0.219s][trace][metaspace              ] Arena @0x00006000016b2200 (non-class sm): after allocation: 1 chunk(s), current:@0x00007f8f2d80b248, u, base 0x0000000171000000, level lv02 (524288), used: 7488, committed: 8192, committed-free: 704
[0.219s][debug][class,load,placeholders] superThreadQ threads:
[0.219s][trace][metaspace              ] Arena @0x00006000016b2200 (non-class sm): returning 0x000000017100e9c8.
[0.219s][debug][class,load,placeholders] defineThreadQ threads:0x00007f8f4f008800, 
[0.219s][trace][metaspace              ] Metaspace::allocate: type 13 return 0x000000017100e9c8.
[0.219s][debug][class,load,placeholders] find_and_remove DEFINE_CLASS 'sun/nio/ByteBuffered', loader loader data: 0x00006000032ac000 of 'bootstrap', InstanceKlass 'sun/nio/ByteBuffered'
[0.219s][trace][metaspace              ] Arena @0x00006000016b2200 (non-class sm): requested 7 words.
[0.219s][debug][class,load,placeholders] loadInstanceThreadQ threads:0x00007f8f4f008800, 
[0.219s][trace][metaspace              ] Arena @0x00006000016b2200 (non-class sm): after allocation: 1 chunk(s), current:@0x00007f8f2d80b248, u, base 0x0000000171000000, level lv02 (524288), used: 7495, committed: 8192, committed-free: 697
[0.219s][debug][class,load,placeholders] superThreadQ threads:
[0.219s][trace][metaspace              ] Arena @0x00006000016b2200 (non-class sm): returning 0x000000017100ea00.
[0.219s][debug][class,load,placeholders] defineThreadQ threads:0x00007f8f4f008800, 
[0.219s][trace][metaspace              ] Metaspace::allocate: type 13 return 0x000000017100ea00.
[0.219s][debug][class,load,placeholders] find_and_remove LOAD_INSTANCE 'sun/nio/ByteBuffered', loader loader data: 0x00006000032ac000 of 'bootstrap', InstanceKlass 'sun/nio/ByteBuffered'
[0.219s][trace][metaspace              ] Arena @0x00006000016b2200 (non-class sm): requested 7 words.
[0.219s][debug][class,load,placeholders] loadInstanceThreadQ threads:0x00007f8f4f008800, 
[0.219s][trace][metaspace              ] Arena @0x00006000016b2200 (non-class sm): after allocation: 1 chunk(s), current:@0x00007f8f2d80b248, u, base 0x0000000171000000, level lv02 (524288), used: 7502, committed: 8192, committed-free: 690
[0.219s][debug][class,load,placeholders] superThreadQ threads:
[0.219s][trace][metaspace              ] Arena @0x00006000016b2200 (non-class sm): returning 0x000000017100ea38.
[0.219s][debug][class,load,placeholders] defineThreadQ threads:
[0.219s][trace][metaspace              ] Metaspace::allocate: type 13 return 0x000000017100ea38.
[0.219s][debug][class,resolve          ] jdk.internal.loader.Resource sun.nio.ByteBuffered Resource.java:164
[0.219s][debug][class,resolve          ] java.lang.ref.ReferenceQueue java.lang.System ReferenceQueue.java:153
[0.219s][trace][metaspace              ] Arena @0x00006000016b2200 (non-class sm): requested 7 words.
[0.219s][trace][oopstorage,ref         ] ObjectSynchronizer Weak: allocated 0x00007f8f4e105b18
[0.219s][trace][metaspace              ] Arena @0x00006000016b2200 (non-class sm): after allocation: 1 chunk(s), current:@0x00007f8f2d80b248, u, base 0x0000000171000000, level lv02 (524288), used: 7509, committed: 8192, committed-free: 683
[0.219s][trace][monitorinflation,owner ] set_owner_from(): mid=0x00006000038ac1a0, old_value=0x0000000000000000, new_value=0x000070000f771960
[0.219s][trace][metaspace              ] Arena @0x00006000016b2200 (non-class sm): returning 0x000000017100ea70.
[0.219s][trace][monitorinflation       ] inflate(has_locker): object=0x000000061fc19a68, mark=0x00006000038ac1a2, type='java.lang.ref.ReferenceQueue$Lock'
[0.219s][trace][metaspace              ] Metaspace::allocate: type 13 return 0x000000017100ea70.
[0.219s][trace][monitorinflation,owner ] set_owner_from_BasicLock(): mid=0x00006000038ac1a0, basic_lock_p=0x000070000f771960, new_value=0x00007f8f2d811e00
[0.219s][debug][class,resolve          ] jdk.internal.loader.Resource java.lang.Thread Resource.java:96
[0.219s][trace][monitorinflation,owner ] release_clear_owner(): mid=0x00006000038ac1a0, old_value=0x00007f8f2d811e00
[0.219s][trace][metaspace              ] Arena @0x00006000016b2200 (non-class sm): requested 7 words.
[0.219s][trace][metaspace              ] Arena @0x00006000016b2200 (non-class sm): after allocation: 1 chunk(s), current:@0x00007f8f2d80b248, u, base 0x0000000171000000, level lv02 (524288), used: 7516, committed: 8192, committed-free: 676
[0.219s][trace][metaspace              ] Arena @0x00006000016b2200 (non-class sm): returning 0x000000017100eaa8.
[0.219s][trace][metaspace              ] Metaspace::allocate: type 13 return 0x000000017100eaa8.
[0.219s][trace][metaspace              ] Arena @0x00006000016b2200 (non-class sm): requested 7 words.
[0.219s][trace][metaspace              ] Arena @0x00006000016b2200 (non-class sm): after allocation: 1 chunk(s), current:@0x00007f8f2d80b248, u, base 0x0000000171000000, level lv02 (524288), used: 7523, committed: 8192, committed-free: 669
[0.219s][trace][metaspace              ] Arena @0x00006000016b2200 (non-class sm): returning 0x000000017100eae0.
[0.219s][trace][metaspace              ] Metaspace::allocate: type 13 return 0x000000017100eae0.
[0.219s][debug][class,resolve          ] jdk.internal.loader.URLClassPath$FileLoader$1 java.io.File URLClassPath.java:1270
[0.219s][trace][metaspace              ] Arena @0x00006000016b2200 (non-class sm): requested 7 words.
[0.219s][trace][metaspace              ] Arena @0x00006000016b2200 (non-class sm): after allocation: 1 chunk(s), current:@0x00007f8f2d80b248, u, base 0x0000000171000000, level lv02 (524288), used: 7530, committed: 8192, committed-free: 662
[0.219s][trace][metaspace              ] Arena @0x00006000016b2200 (non-class sm): returning 0x000000017100eb18.
[0.219s][trace][metaspace              ] Metaspace::allocate: type 13 return 0x000000017100eb18.
[0.219s][trace][metaspace              ] Arena @0x00006000016b2200 (non-class sm): requested 7 words.
[0.219s][trace][metaspace              ] Arena @0x00006000016b2200 (non-class sm): after allocation: 1 chunk(s), current:@0x00007f8f2d80b248, u, base 0x0000000171000000, level lv02 (524288), used: 7537, committed: 8192, committed-free: 655
[0.219s][trace][metaspace              ] Arena @0x00006000016b2200 (non-class sm): returning 0x000000017100eb50.
[0.219s][trace][metaspace              ] Metaspace::allocate: type 13 return 0x000000017100eb50.
[0.219s][debug][jni,resolve            ] [Dynamic-linking native method java.io.UnixFileSystem.getLength ... JNI]
[0.219s][debug][class,resolve          ] jdk.internal.loader.Resource java.lang.Math Resource.java:115
[0.219s][debug][class,resolve          ] jdk.internal.loader.Resource java.util.Arrays Resource.java:120
[0.219s][debug][class,resolve          ] jdk.internal.loader.Resource java.io.InputStream Resource.java:126
[0.219s][trace][metaspace              ] Arena @0x00006000016b2200 (non-class sm): requested 7 words.
[0.219s][trace][metaspace              ] Arena @0x00006000016b2200 (non-class sm): after allocation: 1 chunk(s), current:@0x00007f8f2d80b248, u, base 0x0000000171000000, level lv02 (524288), used: 7544, committed: 8192, committed-free: 648
[0.219s][trace][metaspace              ] Arena @0x00006000016b2200 (non-class sm): returning 0x000000017100eb88.
[0.219s][trace][metaspace              ] Metaspace::allocate: type 13 return 0x000000017100eb88.
[0.220s][trace][metaspace              ] Arena @0x00006000016b2200 (non-class sm): requested 7 words.
[0.220s][trace][metaspace              ] Arena @0x00006000016b2200 (non-class sm): after allocation: 1 chunk(s), current:@0x00007f8f2d80b248, u, base 0x0000000171000000, level lv02 (524288), used: 7551, committed: 8192, committed-free: 641
[0.220s][trace][metaspace              ] Arena @0x00006000016b2200 (non-class sm): returning 0x000000017100ebc0.
[0.220s][trace][metaspace              ] Metaspace::allocate: type 13 return 0x000000017100ebc0.
[0.220s][debug][jni,resolve            ] [Dynamic-linking native method java.io.FileInputStream.readBytes ... JNI]
[0.220s][trace][metaspace              ] Arena @0x00006000016b2200 (non-class sm): requested 7 words.
[0.220s][trace][metaspace              ] Arena @0x00006000016b2200 (non-class sm): after allocation: 1 chunk(s), current:@0x00007f8f2d80b248, u, base 0x0000000171000000, level lv02 (524288), used: 7558, committed: 8192, committed-free: 634
[0.220s][trace][metaspace              ] Arena @0x00006000016b2200 (non-class sm): returning 0x000000017100ebf8.
[0.220s][trace][metaspace              ] Metaspace::allocate: type 13 return 0x000000017100ebf8.
[0.220s][debug][class,load,placeholders] find_and_add LOAD_INSTANCE 'java/io/FileInputStream$1', loader loader data: 0x00006000032ac000 of 'bootstrap'
[0.220s][debug][class,load,placeholders] loadInstanceThreadQ threads:0x00007f8f4f008800, 
[0.220s][debug][class,load,placeholders] superThreadQ threads:
[0.220s][debug][class,load,placeholders] defineThreadQ threads:
[0.220s][trace][cds,unshareable        ] restore: java.io.FileInputStream$1
[0.220s][trace][class,loader,data      ] Adding k: 0x00000001301e8720 java.io.FileInputStream$1 to loader data: 0x00006000032ac000 of 'bootstrap'
[0.220s][debug][cds,mirror             ] java.io.FileInputStream$1 has raw archived mirror
[0.220s][debug][cds,heap               ] Clearing root 867: was 0x00000007ffb17920
[0.220s][debug][cds,mirror             ] Archived mirror is: 0x00000007ffb17920
[0.220s][trace][cds,heap,mirror        ] Restored java.io.FileInputStream$1 archived mirror 0x00000007ffb17920
[0.220s][info ][class,load             ] java.io.FileInputStream$1 source: shared objects file
[0.220s][debug][class,load             ]  klass: 0x00000001301e8720 super: 0x0000000130000db8 interfaces: 0x0000000130017250 loader: [loader data: 0x00006000032ac000 of 'bootstrap']
[0.220s][debug][class,load,placeholders] find_and_add DEFINE_CLASS 'java/io/FileInputStream$1', loader loader data: 0x00006000032ac000 of 'bootstrap'
[0.220s][debug][class,load,placeholders] loadInstanceThreadQ threads:0x00007f8f4f008800, 
[0.220s][debug][class,load,placeholders] superThreadQ threads:
[0.220s][debug][class,load,placeholders] defineThreadQ threads:0x00007f8f4f008800, 
[0.220s][debug][class,load,placeholders] find_and_remove DEFINE_CLASS 'java/io/FileInputStream$1', loader loader data: 0x00006000032ac000 of 'bootstrap', InstanceKlass 'java/io/FileInputStream$1'
[0.220s][debug][class,load,placeholders] loadInstanceThreadQ threads:0x00007f8f4f008800, 
[0.220s][debug][class,load,placeholders] superThreadQ threads:
[0.220s][debug][class,load,placeholders] defineThreadQ threads:0x00007f8f4f008800, 
[0.220s][debug][class,load,placeholders] find_and_remove LOAD_INSTANCE 'java/io/FileInputStream$1', loader loader data: 0x00006000032ac000 of 'bootstrap', InstanceKlass 'java/io/FileInputStream$1'
[0.220s][debug][class,load,placeholders] loadInstanceThreadQ threads:0x00007f8f4f008800, 
[0.220s][debug][class,load,placeholders] superThreadQ threads:
[0.220s][debug][class,load,placeholders] defineThreadQ threads:
[0.220s][debug][class,resolve          ] java.io.FileInputStream java.io.FileInputStream$1 FileInputStream.java:457
[0.220s][info ][class,init             ] 270 Initializing 'java/io/FileInputStream$1'(no method) (0x00000001301e8720)
[0.220s][trace][metaspace              ] Arena @0x00006000016b2200 (non-class sm): requested 7 words.
[0.220s][trace][metaspace              ] Arena @0x00006000016b2200 (non-class sm): after allocation: 1 chunk(s), current:@0x00007f8f2d80b248, u, base 0x0000000171000000, level lv02 (524288), used: 7565, committed: 8192, committed-free: 627
[0.220s][trace][metaspace              ] Arena @0x00006000016b2200 (non-class sm): returning 0x000000017100ec30.
[0.220s][trace][metaspace              ] Metaspace::allocate: type 13 return 0x000000017100ec30.
[0.220s][debug][class,resolve          ] java.io.FileInputStream$1 java.lang.Object FileInputStream.java:457
[0.220s][trace][metaspace              ] Arena @0x00006000016b2200 (non-class sm): requested 7 words.
[0.220s][trace][metaspace              ] Arena @0x00006000016b2200 (non-class sm): after allocation: 1 chunk(s), current:@0x00007f8f2d80b248, u, base 0x0000000171000000, level lv02 (524288), used: 7572, committed: 8192, committed-free: 620
[0.220s][trace][metaspace              ] Arena @0x00006000016b2200 (non-class sm): returning 0x000000017100ec68.
[0.220s][trace][metaspace              ] Metaspace::allocate: type 13 return 0x000000017100ec68.
[0.220s][debug][class,resolve          ] java.io.FileDescriptor java.io.Closeable FileDescriptor.java:355
[0.220s][trace][metaspace              ] Arena @0x00006000016b2200 (non-class sm): requested 7 words.
[0.220s][trace][metaspace              ] Arena @0x00006000016b2200 (non-class sm): after allocation: 1 chunk(s), current:@0x00007f8f2d80b248, u, base 0x0000000171000000, level lv02 (524288), used: 7579, committed: 8192, committed-free: 613
[0.220s][trace][metaspace              ] Arena @0x00006000016b2200 (non-class sm): returning 0x000000017100eca0.
[0.220s][trace][metaspace              ] Metaspace::allocate: type 13 return 0x000000017100eca0.
[0.220s][debug][class,resolve          ] java.io.FileInputStream$1 java.io.FileInputStream FileInputStream.java:459
[0.220s][trace][class,nestmates        ] Resolving nest-host of java.io.FileInputStream$1 using cp entry for java/io/FileInputStream
[0.220s][trace][class,nestmates        ] Checking nest membership of java.io.FileInputStream$1 in java.io.FileInputStream
[0.220s][trace][class,nestmates        ] - named class found at nest_members[0] => cp[182]
[0.220s][trace][class,nestmates        ] Resolved nest-host of java.io.FileInputStream$1 to java.io.FileInputStream
[0.220s][trace][class,nestmates        ] Type java.io.FileInputStream is not part of a nest: setting nest-host to self
[0.220s][trace][class,nestmates        ] Class java.io.FileInputStream$1 does have nestmate access to java.io.FileInputStream
[0.220s][debug][class,resolve          ] java.io.FileInputStream$1 java.io.FileDescriptor FileInputStream.java:459
[0.220s][trace][metaspace              ] Arena @0x00006000016b2200 (non-class sm): requested 7 words.
[0.220s][trace][metaspace              ] Arena @0x00006000016b2200 (non-class sm): after allocation: 1 chunk(s), current:@0x00007f8f2d80b248, u, base 0x0000000171000000, level lv02 (524288), used: 7586, committed: 8192, committed-free: 606
[0.220s][trace][metaspace              ] Arena @0x00006000016b2200 (non-class sm): returning 0x000000017100ecd8.
[0.220s][trace][metaspace              ] Metaspace::allocate: type 13 return 0x000000017100ecd8.
[0.220s][trace][metaspace              ] Arena @0x00006000016b2200 (non-class sm): requested 7 words.
[0.220s][trace][metaspace              ] Arena @0x00006000016b2200 (non-class sm): after allocation: 1 chunk(s), current:@0x00007f8f2d80b248, u, base 0x0000000171000000, level lv02 (524288), used: 7593, committed: 8192, committed-free: 599
[0.220s][trace][metaspace              ] Arena @0x00006000016b2200 (non-class sm): returning 0x000000017100ed10.
[0.220s][trace][metaspace              ] Metaspace::allocate: type 13 return 0x000000017100ed10.
[0.220s][debug][class,resolve          ] java.io.FileDescriptor jdk.internal.ref.PhantomCleanable FileDescriptor.java:282
[0.220s][trace][metaspace              ] Arena @0x00006000016b2200 (non-class sm): requested 7 words.
[0.220s][trace][metaspace              ] Arena @0x00006000016b2200 (non-class sm): after allocation: 1 chunk(s), current:@0x00007f8f2d80b248, u, base 0x0000000171000000, level lv02 (524288), used: 7600, committed: 8192, committed-free: 592
[0.220s][trace][metaspace              ] Arena @0x00006000016b2200 (non-class sm): returning 0x000000017100ed48.
[0.220s][trace][metaspace              ] Metaspace::allocate: type 13 return 0x000000017100ed48.
[0.220s][trace][metaspace              ] Arena @0x00006000016b2200 (non-class sm): requested 7 words.
[0.220s][trace][metaspace              ] Arena @0x00006000016b2200 (non-class sm): after allocation: 1 chunk(s), current:@0x00007f8f2d80b248, u, base 0x0000000171000000, level lv02 (524288), used: 7607, committed: 8192, committed-free: 585
[0.220s][trace][metaspace              ] Arena @0x00006000016b2200 (non-class sm): returning 0x000000017100ed80.
[0.220s][trace][metaspace              ] Metaspace::allocate: type 13 return 0x000000017100ed80.
[0.220s][trace][metaspace              ] Arena @0x00006000016b2200 (non-class sm): requested 7 words.
[0.220s][trace][metaspace              ] Arena @0x00006000016b2200 (non-class sm): after allocation: 1 chunk(s), current:@0x00007f8f2d80b248, u, base 0x0000000171000000, level lv02 (524288), used: 7614, committed: 8192, committed-free: 578
[0.220s][trace][metaspace              ] Arena @0x00006000016b2200 (non-class sm): returning 0x000000017100edb8.
[0.220s][trace][metaspace              ] Metaspace::allocate: type 13 return 0x000000017100edb8.
[0.220s][trace][metaspace              ] Arena @0x00006000016b2200 (non-class sm): requested 7 words.
[0.220s][trace][metaspace              ] Arena @0x00006000016b2200 (non-class sm): after allocation: 1 chunk(s), current:@0x00007f8f2d80b248, u, base 0x0000000171000000, level lv02 (524288), used: 7621, committed: 8192, committed-free: 571
[0.220s][trace][metaspace              ] Arena @0x00006000016b2200 (non-class sm): returning 0x000000017100edf0.
[0.220s][trace][metaspace              ] Metaspace::allocate: type 13 return 0x000000017100edf0.
[0.220s][debug][jni,resolve            ] [Dynamic-linking native method java.lang.ref.Reference.clear0 ... JNI]
[0.220s][trace][metaspace              ] Arena @0x00006000016b2200 (non-class sm): requested 7 words.
[0.220s][trace][metaspace              ] Arena @0x00006000016b2200 (non-class sm): after allocation: 1 chunk(s), current:@0x00007f8f2d80b248, u, base 0x0000000171000000, level lv02 (524288), used: 7628, committed: 8192, committed-free: 564
[0.220s][trace][metaspace              ] Arena @0x00006000016b2200 (non-class sm): returning 0x000000017100ee28.
[0.220s][trace][metaspace              ] Metaspace::allocate: type 13 return 0x000000017100ee28.
[0.220s][debug][jni,resolve            ] [Dynamic-linking native method java.io.FileDescriptor.close0 ... JNI]
[0.221s][trace][metaspace              ] Arena @0x00006000016b2200 (non-class sm): requested 7 words.
[0.221s][trace][metaspace              ] Arena @0x00006000016b2200 (non-class sm): after allocation: 1 chunk(s), current:@0x00007f8f2d80b248, u, base 0x0000000171000000, level lv02 (524288), used: 7635, committed: 8192, committed-free: 557
[0.221s][trace][metaspace              ] Arena @0x00006000016b2200 (non-class sm): returning 0x000000017100ee60.
[0.221s][trace][metaspace              ] Metaspace::allocate: type 13 return 0x000000017100ee60.
[0.221s][debug][class,resolve          ] jdk.internal.loader.BuiltinClassLoader java.security.CodeSource BuiltinClassLoader.java:861
[0.221s][trace][metaspace              ] Arena @0x00006000016b2200 (non-class sm): requested 7 words.
[0.221s][trace][metaspace              ] Arena @0x00006000016b2200 (non-class sm): after allocation: 1 chunk(s), current:@0x00007f8f2d80b248, u, base 0x0000000171000000, level lv02 (524288), used: 7642, committed: 8192, committed-free: 550
[0.221s][trace][metaspace              ] Arena @0x00006000016b2200 (non-class sm): returning 0x000000017100ee98.
[0.221s][trace][metaspace              ] Metaspace::allocate: type 13 return 0x000000017100ee98.
[0.221s][debug][class,resolve          ] java.security.CodeSource java.lang.Object CodeSource.java:120
[0.221s][debug][class,resolve          ] java.security.CodeSource sun.net.util.URLUtil CodeSource.java:123
[0.221s][trace][metaspace              ] Arena @0x00006000016b2200 (non-class sm): requested 7 words.
[0.221s][trace][metaspace              ] Arena @0x00006000016b2200 (non-class sm): after allocation: 1 chunk(s), current:@0x00007f8f2d80b248, u, base 0x0000000171000000, level lv02 (524288), used: 7649, committed: 8192, committed-free: 543
[0.221s][trace][metaspace              ] Arena @0x00006000016b2200 (non-class sm): returning 0x000000017100eed0.
[0.221s][trace][metaspace              ] Metaspace::allocate: type 13 return 0x000000017100eed0.
[0.221s][trace][metaspace              ] Arena @0x00006000016b2200 (non-class sm): requested 7 words.
[0.221s][trace][metaspace              ] Arena @0x00006000016b2200 (non-class sm): after allocation: 1 chunk(s), current:@0x00007f8f2d80b248, u, base 0x0000000171000000, level lv02 (524288), used: 7656, committed: 8192, committed-free: 536
[0.221s][trace][metaspace              ] Arena @0x00006000016b2200 (non-class sm): returning 0x000000017100ef08.
[0.221s][trace][metaspace              ] Metaspace::allocate: type 13 return 0x000000017100ef08.
[0.221s][debug][class,load,placeholders] find_and_add LOAD_INSTANCE 'java/security/SecureClassLoader$CodeSourceKey', loader loader data: 0x00006000032ac000 of 'bootstrap'
[0.221s][debug][class,load,placeholders] loadInstanceThreadQ threads:0x00007f8f4f008800, 
[0.221s][debug][class,load,placeholders] superThreadQ threads:
[0.221s][debug][class,load,placeholders] defineThreadQ threads:
[0.221s][trace][cds,unshareable        ] restore: java.security.SecureClassLoader$CodeSourceKey
[0.221s][trace][class,loader,data      ] Adding k: 0x000000013016ec20 java.security.SecureClassLoader$CodeSourceKey to loader data: 0x00006000032ac000 of 'bootstrap'
[0.221s][debug][cds,mirror             ] java.security.SecureClassLoader$CodeSourceKey has raw archived mirror
[0.221s][debug][cds,heap               ] Clearing root 468: was 0x00000007ffb0d070
[0.221s][debug][cds,mirror             ] Archived mirror is: 0x00000007ffb0d070
[0.221s][trace][cds,heap,mirror        ] Restored java.security.SecureClassLoader$CodeSourceKey archived mirror 0x00000007ffb0d070
[0.221s][info ][class,load             ] java.security.SecureClassLoader$CodeSourceKey source: shared objects file
[0.221s][debug][class,load             ]  klass: 0x000000013016ec20 super: 0x0000000130000db8 loader: [loader data: 0x00006000032ac000 of 'bootstrap']
[0.221s][debug][class,load,placeholders] find_and_add DEFINE_CLASS 'java/security/SecureClassLoader$CodeSourceKey', loader loader data: 0x00006000032ac000 of 'bootstrap'
[0.221s][debug][class,load,placeholders] loadInstanceThreadQ threads:0x00007f8f4f008800, 
[0.221s][debug][class,load,placeholders] superThreadQ threads:
[0.221s][debug][class,load,placeholders] defineThreadQ threads:0x00007f8f4f008800, 
[0.221s][debug][class,load,placeholders] find_and_remove DEFINE_CLASS 'java/security/SecureClassLoader$CodeSourceKey', loader loader data: 0x00006000032ac000 of 'bootstrap', InstanceKlass 'java/security/SecureClassLoader$CodeSourceKey'
[0.221s][debug][class,load,placeholders] loadInstanceThreadQ threads:0x00007f8f4f008800, 
[0.221s][debug][class,load,placeholders] superThreadQ threads:
[0.221s][debug][class,load,placeholders] defineThreadQ threads:0x00007f8f4f008800, 
[0.221s][debug][class,load,placeholders] find_and_remove LOAD_INSTANCE 'java/security/SecureClassLoader$CodeSourceKey', loader loader data: 0x00006000032ac000 of 'bootstrap', InstanceKlass 'java/security/SecureClassLoader$CodeSourceKey'
[0.221s][debug][class,load,placeholders] loadInstanceThreadQ threads:0x00007f8f4f008800, 
[0.221s][debug][class,load,placeholders] superThreadQ threads:
[0.221s][debug][class,load,placeholders] defineThreadQ threads:
[0.221s][debug][class,resolve          ] java.security.SecureClassLoader java.security.SecureClassLoader$CodeSourceKey SecureClassLoader.java:221
[0.221s][info ][class,init             ] 271 Initializing 'java/security/SecureClassLoader$CodeSourceKey'(no method) (0x000000013016ec20)
[0.221s][trace][metaspace              ] Arena @0x00006000016b2200 (non-class sm): requested 7 words.
[0.221s][trace][metaspace              ] Arena @0x00006000016b2200 (non-class sm): after allocation: 1 chunk(s), current:@0x00007f8f2d80b248, u, base 0x0000000171000000, level lv02 (524288), used: 7663, committed: 8192, committed-free: 529
[0.221s][trace][metaspace              ] Arena @0x00006000016b2200 (non-class sm): returning 0x000000017100ef40.
[0.221s][trace][metaspace              ] Metaspace::allocate: type 13 return 0x000000017100ef40.
[0.221s][debug][class,resolve          ] java.security.SecureClassLoader$CodeSourceKey java.lang.Object SecureClassLoader.java:241
[0.221s][debug][class,load,placeholders] find_and_add LOAD_INSTANCE 'java/security/SecureClassLoader$1', loader loader data: 0x00006000032ac000 of 'bootstrap'
[0.221s][debug][class,load,placeholders] loadInstanceThreadQ threads:0x00007f8f4f008800, 
[0.221s][debug][class,load,placeholders] superThreadQ threads:
[0.221s][debug][class,load,placeholders] defineThreadQ threads:
[0.221s][trace][cds,unshareable        ] restore: java.security.SecureClassLoader$1
[0.221s][trace][class,loader,data      ] Adding k: 0x000000013016ee60 java.security.SecureClassLoader$1 to loader data: 0x00006000032ac000 of 'bootstrap'
[0.221s][debug][cds,mirror             ] java.security.SecureClassLoader$1 has raw archived mirror
[0.221s][debug][cds,heap               ] Clearing root 469: was 0x00000007ffb0d0e0
[0.221s][debug][cds,mirror             ] Archived mirror is: 0x00000007ffb0d0e0
[0.221s][trace][cds,heap,mirror        ] Restored java.security.SecureClassLoader$1 archived mirror 0x00000007ffb0d0e0
[0.221s][debug][cds,heap               ] Clearing root 470: was 0x00000007ffb0d150
[0.221s][info ][class,load             ] java.security.SecureClassLoader$1 source: shared objects file
[0.221s][debug][class,load             ]  klass: 0x000000013016ee60 super: 0x0000000130000db8 interfaces: 0x00000001300614e0 loader: [loader data: 0x00006000032ac000 of 'bootstrap']
[0.221s][debug][class,load,placeholders] find_and_add DEFINE_CLASS 'java/security/SecureClassLoader$1', loader loader data: 0x00006000032ac000 of 'bootstrap'
[0.221s][debug][class,load,placeholders] loadInstanceThreadQ threads:0x00007f8f4f008800, 
[0.221s][debug][class,load,placeholders] superThreadQ threads:
[0.221s][debug][class,load,placeholders] defineThreadQ threads:0x00007f8f4f008800, 
[0.221s][debug][class,load,placeholders] find_and_remove DEFINE_CLASS 'java/security/SecureClassLoader$1', loader loader data: 0x00006000032ac000 of 'bootstrap', InstanceKlass 'java/security/SecureClassLoader$1'
[0.221s][debug][class,load,placeholders] loadInstanceThreadQ threads:0x00007f8f4f008800, 
[0.221s][debug][class,load,placeholders] superThreadQ threads:
[0.221s][debug][class,load,placeholders] defineThreadQ threads:0x00007f8f4f008800, 
[0.221s][debug][class,load,placeholders] find_and_remove LOAD_INSTANCE 'java/security/SecureClassLoader$1', loader loader data: 0x00006000032ac000 of 'bootstrap', InstanceKlass 'java/security/SecureClassLoader$1'
[0.221s][debug][class,load,placeholders] loadInstanceThreadQ threads:0x00007f8f4f008800, 
[0.221s][debug][class,load,placeholders] superThreadQ threads:
[0.221s][debug][class,load,placeholders] defineThreadQ threads:
[0.222s][debug][class,resolve          ] java.security.SecureClassLoader java.security.SecureClassLoader$1 SecureClassLoader.java:222
[0.222s][info ][class,init             ] 272 Initializing 'java/security/SecureClassLoader$1'(no method) (0x000000013016ee60)
[0.222s][trace][metaspace              ] Arena @0x00006000016b2200 (non-class sm): requested 7 words.
[0.222s][trace][metaspace              ] Arena @0x00006000016b2200 (non-class sm): after allocation: 1 chunk(s), current:@0x00007f8f2d80b248, u, base 0x0000000171000000, level lv02 (524288), used: 7670, committed: 8192, committed-free: 522
[0.222s][trace][metaspace              ] Arena @0x00006000016b2200 (non-class sm): returning 0x000000017100ef78.
[0.222s][trace][metaspace              ] Metaspace::allocate: type 13 return 0x000000017100ef78.
[0.222s][debug][class,resolve          ] java.security.SecureClassLoader$1 java.lang.Object SecureClassLoader.java:222
[0.222s][debug][class,resolve          ] java.security.SecureClassLoader java.util.Map SecureClassLoader.java:222
[0.222s][trace][metaspace              ] Arena @0x00006000016b2200 (non-class sm): requested 7 words.
[0.222s][trace][metaspace              ] Arena @0x00006000016b2200 (non-class sm): after allocation: 1 chunk(s), current:@0x00007f8f2d80b248, u, base 0x0000000171000000, level lv02 (524288), used: 7677, committed: 8192, committed-free: 515
[0.222s][trace][metaspace              ] Arena @0x00006000016b2200 (non-class sm): returning 0x000000017100efb0.
[0.222s][trace][metaspace              ] Metaspace::allocate: type 13 return 0x000000017100efb0.
[0.222s][trace][metaspace              ] Arena @0x00006000016b2200 (non-class sm): requested 7 words.
[0.222s][trace][metaspace              ] Arena @0x00006000016b2200 (non-class sm): after allocation: 1 chunk(s), current:@0x00007f8f2d80b248, u, base 0x0000000171000000, level lv02 (524288), used: 7684, committed: 8192, committed-free: 508
[0.222s][trace][metaspace              ] Arena @0x00006000016b2200 (non-class sm): returning 0x000000017100efe8.
[0.222s][trace][metaspace              ] Metaspace::allocate: type 13 return 0x000000017100efe8.
[0.222s][debug][class,resolve          ] java.security.SecureClassLoader$CodeSourceKey java.security.CodeSource SecureClassLoader.java:247
[0.222s][trace][metaspace              ] Arena @0x00006000016b2200 (non-class sm): requested 7 words.
[0.222s][trace][metaspace              ] Arena @0x00006000016b2200 (non-class sm): after allocation: 1 chunk(s), current:@0x00007f8f2d80b248, u, base 0x0000000171000000, level lv02 (524288), used: 7691, committed: 8192, committed-free: 501
[0.222s][trace][metaspace              ] Arena @0x00006000016b2200 (non-class sm): returning 0x000000017100f020.
[0.222s][trace][metaspace              ] Metaspace::allocate: type 13 return 0x000000017100f020.
[0.222s][debug][class,resolve          ] java.security.SecureClassLoader$CodeSourceKey java.lang.String SecureClassLoader.java:248
[0.222s][info ][class,init             ] 273 Initializing 'java/util/concurrent/ConcurrentHashMap$ReservationNode'(no method) (0x000000013012bb30)
[0.222s][trace][metaspace              ] Arena @0x00006000016b2200 (non-class sm): requested 7 words.
[0.222s][trace][metaspace              ] Arena @0x00006000016b2200 (non-class sm): after allocation: 1 chunk(s), current:@0x00007f8f2d80b248, u, base 0x0000000171000000, level lv02 (524288), used: 7698, committed: 8192, committed-free: 494
[0.222s][trace][metaspace              ] Arena @0x00006000016b2200 (non-class sm): returning 0x000000017100f058.
[0.222s][trace][metaspace              ] Metaspace::allocate: type 13 return 0x000000017100f058.
[0.222s][debug][class,resolve          ] java.util.concurrent.ConcurrentHashMap$ReservationNode java.util.concurrent.ConcurrentHashMap$Node ConcurrentHashMap.java:2270
[0.222s][debug][class,resolve          ] java.util.concurrent.ConcurrentHashMap java.util.function.Function ConcurrentHashMap.java:1708
[0.222s][trace][metaspace              ] Arena @0x00006000016b2200 (non-class sm): requested 7 words.
[0.222s][trace][metaspace              ] Arena @0x00006000016b2200 (non-class sm): after allocation: 1 chunk(s), current:@0x00007f8f2d80b248, u, base 0x0000000171000000, level lv02 (524288), used: 7705, committed: 8192, committed-free: 487
[0.222s][trace][metaspace              ] Arena @0x00006000016b2200 (non-class sm): returning 0x000000017100f090.
[0.222s][trace][metaspace              ] Metaspace::allocate: type 13 return 0x000000017100f090.
[0.222s][debug][class,resolve          ] java.security.SecureClassLoader$1 java.security.SecureClassLoader$CodeSourceKey SecureClassLoader.java:222
[0.222s][trace][metaspace              ] Arena @0x00006000016b2200 (non-class sm): requested 7 words.
[0.222s][trace][metaspace              ] Arena @0x00006000016b2200 (non-class sm): after allocation: 1 chunk(s), current:@0x00007f8f2d80b248, u, base 0x0000000171000000, level lv02 (524288), used: 7712, committed: 8192, committed-free: 480
[0.222s][trace][metaspace              ] Arena @0x00006000016b2200 (non-class sm): returning 0x000000017100f0c8.
[0.222s][trace][metaspace              ] Metaspace::allocate: type 13 return 0x000000017100f0c8.
[0.222s][debug][class,resolve          ] java.security.SecureClassLoader$1 java.security.SecureClassLoader SecureClassLoader.java:226
[0.222s][trace][metaspace              ] Arena @0x00006000016b2200 (non-class sm): requested 7 words.
[0.222s][trace][metaspace              ] Arena @0x00006000016b2200 (non-class sm): after allocation: 1 chunk(s), current:@0x00007f8f2d80b248, u, base 0x0000000171000000, level lv02 (524288), used: 7719, committed: 8192, committed-free: 473
[0.222s][trace][metaspace              ] Arena @0x00006000016b2200 (non-class sm): returning 0x000000017100f100.
[0.222s][trace][metaspace              ] Metaspace::allocate: type 13 return 0x000000017100f100.
[0.222s][trace][metaspace              ] Arena @0x00006000016b2200 (non-class sm): requested 7 words.
[0.222s][trace][metaspace              ] Arena @0x00006000016b2200 (non-class sm): after allocation: 1 chunk(s), current:@0x00007f8f2d80b248, u, base 0x0000000171000000, level lv02 (524288), used: 7726, committed: 8192, committed-free: 466
[0.222s][trace][metaspace              ] Arena @0x00006000016b2200 (non-class sm): returning 0x000000017100f138.
[0.222s][trace][metaspace              ] Metaspace::allocate: type 13 return 0x000000017100f138.
[0.222s][debug][class,load,placeholders] find_and_add LOAD_INSTANCE 'sun/security/util/LazyCodeSourcePermissionCollection', loader loader data: 0x00006000032ac000 of 'bootstrap'
[0.222s][debug][class,load,placeholders] loadInstanceThreadQ threads:0x00007f8f4f008800, 
[0.222s][debug][class,load,placeholders] superThreadQ threads:
[0.222s][debug][class,load,placeholders] defineThreadQ threads:
[0.222s][debug][class,load,placeholders] find_and_add LOAD_SUPER 'sun/security/util/LazyCodeSourcePermissionCollection', loader loader data: 0x00006000032ac000 of 'bootstrap', supername 'java/security/PermissionCollection'
[0.222s][debug][class,load,placeholders] loadInstanceThreadQ threads:0x00007f8f4f008800, 
[0.222s][debug][class,load,placeholders] superThreadQ threads:0x00007f8f4f008800, 
[0.222s][debug][class,load,placeholders] defineThreadQ threads:
[0.222s][debug][class,load,placeholders] find_and_add LOAD_INSTANCE 'java/security/PermissionCollection', loader loader data: 0x00006000032ac000 of 'bootstrap'
[0.222s][debug][class,load,placeholders] loadInstanceThreadQ threads:0x00007f8f4f008800, 
[0.222s][debug][class,load,placeholders] superThreadQ threads:
[0.222s][debug][class,load,placeholders] defineThreadQ threads:
[0.222s][trace][cds,unshareable        ] restore: java.security.PermissionCollection
[0.222s][trace][class,loader,data      ] Adding k: 0x0000000130133158 java.security.PermissionCollection to loader data: 0x00006000032ac000 of 'bootstrap'
[0.222s][debug][cds,mirror             ] java.security.PermissionCollection has raw archived mirror
[0.222s][debug][cds,heap               ] Clearing root 455: was 0x00000007ffb0cad8
[0.222s][debug][cds,mirror             ] Archived mirror is: 0x00000007ffb0cad8
[0.222s][trace][cds,heap,mirror        ] Restored java.security.PermissionCollection archived mirror 0x00000007ffb0cad8
[0.222s][debug][cds,heap               ] Clearing root 456: was 0x00000007ffb0cb50
[0.222s][info ][class,load             ] java.security.PermissionCollection source: shared objects file
[0.222s][debug][class,load             ]  klass: 0x0000000130133158 super: 0x0000000130000db8 interfaces: 0x00000001300037c0 loader: [loader data: 0x00006000032ac000 of 'bootstrap']
[0.222s][debug][class,load,placeholders] find_and_add DEFINE_CLASS 'java/security/PermissionCollection', loader loader data: 0x00006000032ac000 of 'bootstrap'
[0.222s][debug][class,load,placeholders] loadInstanceThreadQ threads:0x00007f8f4f008800, 
[0.222s][debug][class,load,placeholders] superThreadQ threads:
[0.222s][debug][class,load,placeholders] defineThreadQ threads:0x00007f8f4f008800, 
[0.222s][debug][class,load,placeholders] find_and_remove DEFINE_CLASS 'java/security/PermissionCollection', loader loader data: 0x00006000032ac000 of 'bootstrap', InstanceKlass 'java/security/PermissionCollection'
[0.222s][debug][class,load,placeholders] loadInstanceThreadQ threads:0x00007f8f4f008800, 
[0.222s][debug][class,load,placeholders] superThreadQ threads:
[0.222s][debug][class,load,placeholders] defineThreadQ threads:0x00007f8f4f008800, 
[0.222s][debug][class,load,placeholders] find_and_remove LOAD_INSTANCE 'java/security/PermissionCollection', loader loader data: 0x00006000032ac000 of 'bootstrap', InstanceKlass 'java/security/PermissionCollection'
[0.222s][debug][class,load,placeholders] loadInstanceThreadQ threads:0x00007f8f4f008800, 
[0.222s][debug][class,load,placeholders] superThreadQ threads:
[0.222s][debug][class,load,placeholders] defineThreadQ threads:
[0.222s][debug][class,load,placeholders] find_and_remove LOAD_SUPER 'sun/security/util/LazyCodeSourcePermissionCollection', loader loader data: 0x00006000032ac000 of 'bootstrap', supername 'java/security/PermissionCollection'
[0.223s][debug][class,load,placeholders] loadInstanceThreadQ threads:0x00007f8f4f008800, 
[0.223s][debug][class,load,placeholders] superThreadQ threads:0x00007f8f4f008800, 
[0.223s][debug][class,load,placeholders] defineThreadQ threads:
[0.223s][trace][cds,unshareable        ] restore: sun.security.util.LazyCodeSourcePermissionCollection
[0.223s][trace][class,loader,data      ] Adding k: 0x00000001301333c0 sun.security.util.LazyCodeSourcePermissionCollection to loader data: 0x00006000032ac000 of 'bootstrap'
[0.223s][debug][cds,mirror             ] sun.security.util.LazyCodeSourcePermissionCollection has raw archived mirror
[0.223s][debug][cds,heap               ] Clearing root 664: was 0x00000007ffb12768
[0.223s][debug][cds,mirror             ] Archived mirror is: 0x00000007ffb12768
[0.223s][trace][cds,heap,mirror        ] Restored sun.security.util.LazyCodeSourcePermissionCollection archived mirror 0x00000007ffb12768
[0.223s][debug][cds,heap               ] Clearing root 665: was 0x00000007ffb127e0
[0.223s][info ][class,load             ] sun.security.util.LazyCodeSourcePermissionCollection source: shared objects file
[0.223s][debug][class,load             ]  klass: 0x00000001301333c0 super: 0x0000000130133158 loader: [loader data: 0x00006000032ac000 of 'bootstrap']
[0.223s][debug][class,load,placeholders] find_and_add DEFINE_CLASS 'sun/security/util/LazyCodeSourcePermissionCollection', loader loader data: 0x00006000032ac000 of 'bootstrap', supername 'java/security/PermissionCollection'
[0.223s][debug][class,load,placeholders] loadInstanceThreadQ threads:0x00007f8f4f008800, 
[0.223s][debug][class,load,placeholders] superThreadQ threads:
[0.223s][debug][class,load,placeholders] defineThreadQ threads:0x00007f8f4f008800, 
[0.223s][debug][class,load,placeholders] find_and_remove DEFINE_CLASS 'sun/security/util/LazyCodeSourcePermissionCollection', loader loader data: 0x00006000032ac000 of 'bootstrap', supername 'java/security/PermissionCollection', InstanceKlass 'sun/security/util/LazyCodeSourcePermissionCollection'
[0.223s][debug][class,load,placeholders] loadInstanceThreadQ threads:0x00007f8f4f008800, 
[0.223s][debug][class,load,placeholders] superThreadQ threads:
[0.223s][debug][class,load,placeholders] defineThreadQ threads:0x00007f8f4f008800, 
[0.223s][debug][class,load,placeholders] find_and_remove LOAD_INSTANCE 'sun/security/util/LazyCodeSourcePermissionCollection', loader loader data: 0x00006000032ac000 of 'bootstrap', supername 'java/security/PermissionCollection', InstanceKlass 'sun/security/util/LazyCodeSourcePermissionCollection'
[0.223s][debug][class,load,placeholders] loadInstanceThreadQ threads:0x00007f8f4f008800, 
[0.223s][debug][class,load,placeholders] superThreadQ threads:
[0.223s][debug][class,load,placeholders] defineThreadQ threads:
[0.223s][debug][class,resolve          ] jdk.internal.loader.BuiltinClassLoader sun.security.util.LazyCodeSourcePermissionCollection BuiltinClassLoader.java:1008
[0.223s][info ][class,init             ] 274 Initializing 'java/security/PermissionCollection'(no method) (0x0000000130133158)
[0.223s][info ][class,init             ] 275 Initializing 'sun/security/util/LazyCodeSourcePermissionCollection'(no method) (0x00000001301333c0)
[0.223s][debug][class,resolve          ] jdk.internal.loader.BuiltinClassLoader java.security.SecureClassLoader BuiltinClassLoader.java:1008
[0.223s][trace][metaspace              ] Arena @0x00006000016b2200 (non-class sm): requested 7 words.
[0.223s][trace][metaspace              ] Arena @0x00006000016b2200 (non-class sm): after allocation: 1 chunk(s), current:@0x00007f8f2d80b248, u, base 0x0000000171000000, level lv02 (524288), used: 7733, committed: 8192, committed-free: 459
[0.223s][trace][metaspace              ] Arena @0x00006000016b2200 (non-class sm): returning 0x000000017100f170.
[0.223s][trace][metaspace              ] Metaspace::allocate: type 13 return 0x000000017100f170.
[0.223s][debug][class,load,placeholders] find_and_add LOAD_INSTANCE 'java/security/Permissions', loader loader data: 0x00006000032ac000 of 'bootstrap'
[0.223s][debug][class,load,placeholders] loadInstanceThreadQ threads:0x00007f8f4f008800, 
[0.223s][debug][class,load,placeholders] superThreadQ threads:
[0.223s][debug][class,load,placeholders] defineThreadQ threads:
[0.223s][trace][cds,unshareable        ] restore: java.security.Permissions
[0.223s][trace][class,loader,data      ] Adding k: 0x0000000130132ee8 java.security.Permissions to loader data: 0x00006000032ac000 of 'bootstrap'
[0.223s][debug][cds,mirror             ] java.security.Permissions has raw archived mirror
[0.223s][debug][cds,heap               ] Clearing root 345: was 0x00000007ffb09dd0
[0.223s][debug][cds,mirror             ] Archived mirror is: 0x00000007ffb09dd0
[0.223s][trace][cds,heap,mirror        ] Restored java.security.Permissions archived mirror 0x00000007ffb09dd0
[0.223s][debug][cds,heap               ] Clearing root 346: was 0x00000007ffb09e50
[0.223s][info ][class,load             ] java.security.Permissions source: shared objects file
[0.223s][debug][class,load             ]  klass: 0x0000000130132ee8 super: 0x0000000130133158 interfaces: 0x00000001300037c0 loader: [loader data: 0x00006000032ac000 of 'bootstrap']
[0.223s][debug][class,load,placeholders] find_and_add DEFINE_CLASS 'java/security/Permissions', loader loader data: 0x00006000032ac000 of 'bootstrap'
[0.223s][debug][class,load,placeholders] loadInstanceThreadQ threads:0x00007f8f4f008800, 
[0.223s][debug][class,load,placeholders] superThreadQ threads:
[0.223s][debug][class,load,placeholders] defineThreadQ threads:0x00007f8f4f008800, 
[0.223s][debug][class,load,placeholders] find_and_remove DEFINE_CLASS 'java/security/Permissions', loader loader data: 0x00006000032ac000 of 'bootstrap', InstanceKlass 'java/security/Permissions'
[0.223s][debug][class,load,placeholders] loadInstanceThreadQ threads:0x00007f8f4f008800, 
[0.223s][debug][class,load,placeholders] superThreadQ threads:
[0.223s][debug][class,load,placeholders] defineThreadQ threads:0x00007f8f4f008800, 
[0.223s][debug][class,load,placeholders] find_and_remove LOAD_INSTANCE 'java/security/Permissions', loader loader data: 0x00006000032ac000 of 'bootstrap', InstanceKlass 'java/security/Permissions'
[0.223s][debug][class,load,placeholders] loadInstanceThreadQ threads:0x00007f8f4f008800, 
[0.223s][debug][class,load,placeholders] superThreadQ threads:
[0.223s][debug][class,load,placeholders] defineThreadQ threads:
[0.223s][debug][class,resolve          ] java.security.SecureClassLoader java.security.Permissions SecureClassLoader.java:199
[0.223s][info ][class,init             ] 276 Initializing 'java/security/Permissions' (0x0000000130132ee8)
[0.223s][trace][metaspace              ] Arena @0x00006000016b2200 (non-class sm): requested 7 words.
[0.223s][trace][metaspace              ] Arena @0x00006000016b2200 (non-class sm): after allocation: 1 chunk(s), current:@0x00007f8f2d80b248, u, base 0x0000000171000000, level lv02 (524288), used: 7740, committed: 8192, committed-free: 452
[0.223s][trace][metaspace              ] Arena @0x00006000016b2200 (non-class sm): returning 0x000000017100f1a8.
[0.223s][trace][metaspace              ] Metaspace::allocate: type 13 return 0x000000017100f1a8.
[0.223s][debug][class,resolve          ] java.security.Permissions java.io.ObjectStreamField Permissions.java:355
[0.223s][debug][class,resolve          ] java.security.Permissions java.util.Hashtable Permissions.java:355
[0.223s][debug][class,resolve          ] java.security.Permissions java.security.PermissionCollection Permissions.java:355
[0.223s][trace][metaspace              ] Arena @0x00006000016b2200 (non-class sm): requested 7 words.
[0.223s][trace][metaspace              ] Arena @0x00006000016b2200 (non-class sm): after allocation: 1 chunk(s), current:@0x00007f8f2d80b248, u, base 0x0000000171000000, level lv02 (524288), used: 7747, committed: 8192, committed-free: 445
[0.223s][trace][metaspace              ] Arena @0x00006000016b2200 (non-class sm): returning 0x000000017100f1e0.
[0.223s][trace][metaspace              ] Metaspace::allocate: type 13 return 0x000000017100f1e0.
[0.223s][trace][metaspace              ] Arena @0x00006000016b2200 (non-class sm): requested 7 words.
[0.223s][trace][metaspace              ] Arena @0x00006000016b2200 (non-class sm): after allocation: 1 chunk(s), current:@0x00007f8f2d80b248, u, base 0x0000000171000000, level lv02 (524288), used: 7754, committed: 8192, committed-free: 438
[0.223s][trace][metaspace              ] Arena @0x00006000016b2200 (non-class sm): returning 0x000000017100f218.
[0.223s][trace][metaspace              ] Metaspace::allocate: type 13 return 0x000000017100f218.
[0.223s][debug][class,resolve          ] java.security.PermissionCollection java.lang.Object PermissionCollection.java:112
[0.223s][debug][class,resolve          ] java.security.Permissions java.util.concurrent.ConcurrentHashMap Permissions.java:102
[0.223s][trace][metaspace              ] Arena @0x00006000016b2200 (non-class sm): requested 7 words.
[0.223s][trace][metaspace              ] Arena @0x00006000016b2200 (non-class sm): after allocation: 1 chunk(s), current:@0x00007f8f2d80b248, u, base 0x0000000171000000, level lv02 (524288), used: 7761, committed: 8192, committed-free: 431
[0.224s][trace][metaspace              ] Arena @0x00006000016b2200 (non-class sm): returning 0x000000017100f250.
[0.224s][trace][metaspace              ] Metaspace::allocate: type 13 return 0x000000017100f250.
[0.224s][debug][class,resolve          ] sun.security.util.LazyCodeSourcePermissionCollection java.security.PermissionCollection LazyCodeSourcePermissionCollection.java:54
[0.224s][debug][class,load,placeholders] find_and_add LOAD_INSTANCE 'java/lang/RuntimePermission', loader loader data: 0x00006000032ac000 of 'bootstrap'
[0.224s][debug][class,load,placeholders] loadInstanceThreadQ threads:0x00007f8f4f008800, 
[0.224s][debug][class,load,placeholders] superThreadQ threads:
[0.224s][debug][class,load,placeholders] defineThreadQ threads:
[0.224s][trace][cds,unshareable        ] restore: java.lang.RuntimePermission
[0.224s][trace][class,loader,data      ] Adding k: 0x000000013002b498 java.lang.RuntimePermission to loader data: 0x00006000032ac000 of 'bootstrap'
[0.224s][debug][cds,mirror             ] java.lang.RuntimePermission has raw archived mirror
[0.224s][debug][cds,heap               ] Clearing root 405: was 0x00000007ffb0b5e8
[0.224s][debug][cds,mirror             ] Archived mirror is: 0x00000007ffb0b5e8
[0.224s][trace][cds,heap,mirror        ] Restored java.lang.RuntimePermission archived mirror 0x00000007ffb0b5e8
[0.224s][info ][class,load             ] java.lang.RuntimePermission source: shared objects file
[0.224s][debug][class,load             ]  klass: 0x000000013002b498 super: 0x000000013002af98 loader: [loader data: 0x00006000032ac000 of 'bootstrap']
[0.224s][debug][class,load,placeholders] find_and_add DEFINE_CLASS 'java/lang/RuntimePermission', loader loader data: 0x00006000032ac000 of 'bootstrap'
[0.224s][debug][class,load,placeholders] loadInstanceThreadQ threads:0x00007f8f4f008800, 
[0.224s][debug][class,load,placeholders] superThreadQ threads:
[0.224s][debug][class,load,placeholders] defineThreadQ threads:0x00007f8f4f008800, 
[0.224s][debug][class,load,placeholders] find_and_remove DEFINE_CLASS 'java/lang/RuntimePermission', loader loader data: 0x00006000032ac000 of 'bootstrap', InstanceKlass 'java/lang/RuntimePermission'
[0.224s][debug][class,load,placeholders] loadInstanceThreadQ threads:0x00007f8f4f008800, 
[0.224s][debug][class,load,placeholders] superThreadQ threads:
[0.224s][debug][class,load,placeholders] defineThreadQ threads:0x00007f8f4f008800, 
[0.224s][debug][class,load,placeholders] find_and_remove LOAD_INSTANCE 'java/lang/RuntimePermission', loader loader data: 0x00006000032ac000 of 'bootstrap', InstanceKlass 'java/lang/RuntimePermission'
[0.224s][debug][class,load,placeholders] loadInstanceThreadQ threads:0x00007f8f4f008800, 
[0.224s][debug][class,load,placeholders] superThreadQ threads:
[0.224s][debug][class,load,placeholders] defineThreadQ threads:
[0.224s][debug][class,resolve          ] jdk.internal.loader.ClassLoaders$AppClassLoader java.lang.RuntimePermission ClassLoaders.java:194
[0.224s][info ][class,init             ] 277 Initializing 'java/lang/RuntimePermission'(no method) (0x000000013002b498)
[0.224s][trace][metaspace              ] Arena @0x00006000016b2200 (non-class sm): requested 7 words.
[0.224s][trace][metaspace              ] Arena @0x00006000016b2200 (non-class sm): after allocation: 1 chunk(s), current:@0x00007f8f2d80b248, u, base 0x0000000171000000, level lv02 (524288), used: 7768, committed: 8192, committed-free: 424
[0.224s][trace][metaspace              ] Arena @0x00006000016b2200 (non-class sm): returning 0x000000017100f288.
[0.224s][trace][metaspace              ] Metaspace::allocate: type 13 return 0x000000017100f288.
[0.224s][debug][class,resolve          ] java.lang.RuntimePermission java.security.BasicPermission RuntimePermission.java:420
[0.224s][debug][class,resolve          ] jdk.internal.loader.ClassLoaders$AppClassLoader java.security.PermissionCollection ClassLoaders.java:194
[0.224s][trace][metaspace              ] Arena @0x00006000016b2200 (non-class sm): requested 7 words.
[0.224s][trace][metaspace              ] Arena @0x00006000016b2200 (non-class sm): after allocation: 1 chunk(s), current:@0x00007f8f2d80b248, u, base 0x0000000171000000, level lv02 (524288), used: 7775, committed: 8192, committed-free: 417
[0.224s][trace][metaspace              ] Arena @0x00006000016b2200 (non-class sm): returning 0x000000017100f2c0.
[0.224s][trace][metaspace              ] Metaspace::allocate: type 13 return 0x000000017100f2c0.
[0.224s][trace][metaspace              ] Arena @0x00006000016b2200 (non-class sm): requested 7 words.
[0.224s][trace][metaspace              ] Arena @0x00006000016b2200 (non-class sm): after allocation: 1 chunk(s), current:@0x00007f8f2d80b248, u, base 0x0000000171000000, level lv02 (524288), used: 7782, committed: 8192, committed-free: 410
[0.224s][trace][metaspace              ] Arena @0x00006000016b2200 (non-class sm): returning 0x000000017100f2f8.
[0.224s][trace][metaspace              ] Metaspace::allocate: type 13 return 0x000000017100f2f8.
[0.224s][trace][metaspace              ] Arena @0x00006000016b2200 (non-class sm): requested 7 words.
[0.224s][trace][metaspace              ] Arena @0x00006000016b2200 (non-class sm): after allocation: 1 chunk(s), current:@0x00007f8f2d80b248, u, base 0x0000000171000000, level lv02 (524288), used: 7789, committed: 8192, committed-free: 403
[0.224s][trace][metaspace              ] Arena @0x00006000016b2200 (non-class sm): returning 0x000000017100f330.
[0.224s][trace][metaspace              ] Metaspace::allocate: type 13 return 0x000000017100f330.
[0.224s][trace][metaspace              ] Arena @0x00006000016b2200 (non-class sm): requested 7 words.
[0.224s][trace][metaspace              ] Arena @0x00006000016b2200 (non-class sm): after allocation: 1 chunk(s), current:@0x00007f8f2d80b248, u, base 0x0000000171000000, level lv02 (524288), used: 7796, committed: 8192, committed-free: 396
[0.224s][trace][metaspace              ] Arena @0x00006000016b2200 (non-class sm): returning 0x000000017100f368.
[0.224s][trace][metaspace              ] Metaspace::allocate: type 13 return 0x000000017100f368.
[0.224s][debug][class,resolve          ] java.security.Permissions java.lang.Object Permissions.java:232
[0.224s][trace][metaspace              ] Arena @0x00006000016b2200 (non-class sm): requested 7 words.
[0.224s][trace][metaspace              ] Arena @0x00006000016b2200 (non-class sm): after allocation: 1 chunk(s), current:@0x00007f8f2d80b248, u, base 0x0000000171000000, level lv02 (524288), used: 7803, committed: 8192, committed-free: 389
[0.224s][trace][metaspace              ] Arena @0x00006000016b2200 (non-class sm): returning 0x000000017100f3a0.
[0.224s][trace][metaspace              ] Metaspace::allocate: type 13 return 0x000000017100f3a0.
[0.224s][debug][class,resolve          ] java.security.Permissions java.security.Permission Permissions.java:259
[0.224s][trace][metaspace              ] Arena @0x00006000016b2200 (non-class sm): requested 7 words.
[0.224s][trace][metaspace              ] Arena @0x00006000016b2200 (non-class sm): after allocation: 1 chunk(s), current:@0x00007f8f2d80b248, u, base 0x0000000171000000, level lv02 (524288), used: 7810, committed: 8192, committed-free: 382
[0.224s][trace][metaspace              ] Arena @0x00006000016b2200 (non-class sm): returning 0x000000017100f3d8.
[0.224s][trace][metaspace              ] Metaspace::allocate: type 13 return 0x000000017100f3d8.
[0.224s][debug][class,load,placeholders] find_and_add LOAD_INSTANCE 'java/security/BasicPermissionCollection', loader loader data: 0x00006000032ac000 of 'bootstrap'
[0.224s][debug][class,load,placeholders] loadInstanceThreadQ threads:0x00007f8f4f008800, 
[0.224s][debug][class,load,placeholders] superThreadQ threads:
[0.224s][debug][class,load,placeholders] defineThreadQ threads:
[0.224s][trace][cds,unshareable        ] restore: java.security.BasicPermissionCollection
[0.224s][trace][class,loader,data      ] Adding k: 0x0000000130134558 java.security.BasicPermissionCollection to loader data: 0x00006000032ac000 of 'bootstrap'
[0.224s][debug][cds,mirror             ] java.security.BasicPermissionCollection has raw archived mirror
[0.224s][debug][cds,heap               ] Clearing root 796: was 0x00000007ffb15cd0
[0.224s][debug][cds,mirror             ] Archived mirror is: 0x00000007ffb15cd0
[0.224s][trace][cds,heap,mirror        ] Restored java.security.BasicPermissionCollection archived mirror 0x00000007ffb15cd0
[0.224s][debug][cds,heap               ] Clearing root 797: was 0x00000007ffb15d50
[0.224s][info ][class,load             ] java.security.BasicPermissionCollection source: shared objects file
[0.224s][debug][class,load             ]  klass: 0x0000000130134558 super: 0x0000000130133158 interfaces: 0x00000001300037c0 loader: [loader data: 0x00006000032ac000 of 'bootstrap']
[0.224s][debug][class,load,placeholders] find_and_add DEFINE_CLASS 'java/security/BasicPermissionCollection', loader loader data: 0x00006000032ac000 of 'bootstrap'
[0.224s][debug][class,load,placeholders] loadInstanceThreadQ threads:0x00007f8f4f008800, 
[0.224s][debug][class,load,placeholders] superThreadQ threads:
[0.224s][debug][class,load,placeholders] defineThreadQ threads:0x00007f8f4f008800, 
[0.224s][debug][class,load,placeholders] find_and_remove DEFINE_CLASS 'java/security/BasicPermissionCollection', loader loader data: 0x00006000032ac000 of 'bootstrap', InstanceKlass 'java/security/BasicPermissionCollection'
[0.224s][debug][class,load,placeholders] loadInstanceThreadQ threads:0x00007f8f4f008800, 
[0.224s][debug][class,load,placeholders] superThreadQ threads:
[0.224s][debug][class,load,placeholders] defineThreadQ threads:0x00007f8f4f008800, 
[0.224s][debug][class,load,placeholders] find_and_remove LOAD_INSTANCE 'java/security/BasicPermissionCollection', loader loader data: 0x00006000032ac000 of 'bootstrap', InstanceKlass 'java/security/BasicPermissionCollection'
[0.224s][debug][class,load,placeholders] loadInstanceThreadQ threads:0x00007f8f4f008800, 
[0.224s][debug][class,load,placeholders] superThreadQ threads:
[0.225s][debug][class,load,placeholders] defineThreadQ threads:
[0.225s][debug][class,resolve          ] java.security.BasicPermission java.security.BasicPermissionCollection BasicPermission.java:257
[0.225s][info ][class,init             ] 278 Initializing 'java/security/BasicPermissionCollection' (0x0000000130134558)
[0.225s][trace][metaspace              ] Arena @0x00006000016b2200 (non-class sm): requested 7 words.
[0.225s][trace][metaspace              ] Arena @0x00006000016b2200 (non-class sm): after allocation: 1 chunk(s), current:@0x00007f8f2d80b248, u, base 0x0000000171000000, level lv02 (524288), used: 7817, committed: 8192, committed-free: 375
[0.225s][trace][metaspace              ] Arena @0x00006000016b2200 (non-class sm): returning 0x000000017100f410.
[0.225s][trace][metaspace              ] Metaspace::allocate: type 13 return 0x000000017100f410.
[0.225s][debug][class,resolve          ] java.security.BasicPermissionCollection java.io.ObjectStreamField BasicPermission.java:485
[0.225s][debug][class,resolve          ] java.security.BasicPermissionCollection java.util.Hashtable BasicPermission.java:485
[0.225s][debug][class,resolve          ] java.security.BasicPermissionCollection java.lang.Boolean BasicPermission.java:485
[0.225s][debug][class,resolve          ] java.security.BasicPermissionCollection java.lang.Class BasicPermission.java:485
[0.225s][debug][class,resolve          ] java.security.BasicPermission java.lang.Object BasicPermission.java:257
[0.225s][trace][metaspace              ] Arena @0x00006000016b2200 (non-class sm): requested 7 words.
[0.225s][trace][metaspace              ] Arena @0x00006000016b2200 (non-class sm): after allocation: 1 chunk(s), current:@0x00007f8f2d80b248, u, base 0x0000000171000000, level lv02 (524288), used: 7824, committed: 8192, committed-free: 368
[0.225s][trace][metaspace              ] Arena @0x00006000016b2200 (non-class sm): returning 0x000000017100f448.
[0.225s][trace][metaspace              ] Metaspace::allocate: type 13 return 0x000000017100f448.
[0.225s][debug][class,resolve          ] java.security.BasicPermissionCollection java.security.PermissionCollection BasicPermission.java:344
[0.225s][debug][class,resolve          ] java.security.BasicPermissionCollection java.util.concurrent.ConcurrentHashMap BasicPermission.java:345
[0.225s][trace][metaspace              ] Arena @0x00006000016b2200 (non-class sm): requested 7 words.
[0.225s][trace][metaspace              ] Arena @0x00006000016b2200 (non-class sm): after allocation: 1 chunk(s), current:@0x00007f8f2d80b248, u, base 0x0000000171000000, level lv02 (524288), used: 7831, committed: 8192, committed-free: 361
[0.225s][trace][metaspace              ] Arena @0x00006000016b2200 (non-class sm): returning 0x000000017100f480.
[0.225s][trace][metaspace              ] Metaspace::allocate: type 13 return 0x000000017100f480.
[0.225s][debug][class,resolve          ] java.security.BasicPermissionCollection java.security.BasicPermission BasicPermission.java:367
[0.225s][debug][class,resolve          ] java.security.BasicPermissionCollection java.lang.Object BasicPermission.java:380
[0.225s][trace][metaspace              ] Arena @0x00006000016b2200 (non-class sm): requested 7 words.
[0.225s][trace][metaspace              ] Arena @0x00006000016b2200 (non-class sm): after allocation: 1 chunk(s), current:@0x00007f8f2d80b248, u, base 0x0000000171000000, level lv02 (524288), used: 7838, committed: 8192, committed-free: 354
[0.225s][trace][metaspace              ] Arena @0x00006000016b2200 (non-class sm): returning 0x000000017100f4b8.
[0.225s][trace][metaspace              ] Metaspace::allocate: type 13 return 0x000000017100f4b8.
[0.225s][debug][class,resolve          ] java.security.BasicPermissionCollection java.lang.String BasicPermission.java:390
[0.225s][debug][class,load,placeholders] find_and_add LOAD_INSTANCE 'java/security/AllPermission', loader loader data: 0x00006000032ac000 of 'bootstrap'
[0.225s][debug][class,load,placeholders] loadInstanceThreadQ threads:0x00007f8f4f008800, 
[0.225s][debug][class,load,placeholders] superThreadQ threads:
[0.225s][debug][class,load,placeholders] defineThreadQ threads:
[0.225s][trace][cds,unshareable        ] restore: java.security.AllPermission
[0.225s][trace][class,loader,data      ] Adding k: 0x0000000130028a08 java.security.AllPermission to loader data: 0x00006000032ac000 of 'bootstrap'
[0.225s][debug][cds,mirror             ] java.security.AllPermission has raw archived mirror
[0.225s][debug][cds,heap               ] Clearing root 465: was 0x00000007ffb0cf70
[0.225s][debug][cds,mirror             ] Archived mirror is: 0x00000007ffb0cf70
[0.225s][trace][cds,heap,mirror        ] Restored java.security.AllPermission archived mirror 0x00000007ffb0cf70
[0.225s][debug][cds,heap               ] Clearing root 466: was 0x00000007ffb0cfe8
[0.225s][info ][class,load             ] java.security.AllPermission source: shared objects file
[0.225s][debug][class,load             ]  klass: 0x0000000130028a08 super: 0x0000000130028060 loader: [loader data: 0x00006000032ac000 of 'bootstrap']
[0.225s][debug][class,load,placeholders] find_and_add DEFINE_CLASS 'java/security/AllPermission', loader loader data: 0x00006000032ac000 of 'bootstrap'
[0.225s][debug][class,load,placeholders] loadInstanceThreadQ threads:0x00007f8f4f008800, 
[0.225s][debug][class,load,placeholders] superThreadQ threads:
[0.225s][debug][class,load,placeholders] defineThreadQ threads:0x00007f8f4f008800, 
[0.225s][debug][class,load,placeholders] find_and_remove DEFINE_CLASS 'java/security/AllPermission', loader loader data: 0x00006000032ac000 of 'bootstrap', InstanceKlass 'java/security/AllPermission'
[0.225s][debug][class,load,placeholders] loadInstanceThreadQ threads:0x00007f8f4f008800, 
[0.225s][debug][class,load,placeholders] superThreadQ threads:
[0.225s][debug][class,load,placeholders] defineThreadQ threads:0x00007f8f4f008800, 
[0.225s][debug][class,load,placeholders] find_and_remove LOAD_INSTANCE 'java/security/AllPermission', loader loader data: 0x00006000032ac000 of 'bootstrap', InstanceKlass 'java/security/AllPermission'
[0.225s][debug][class,load,placeholders] loadInstanceThreadQ threads:0x00007f8f4f008800, 
[0.225s][debug][class,load,placeholders] superThreadQ threads:
[0.225s][debug][class,load,placeholders] defineThreadQ threads:
[0.225s][debug][class,resolve          ] java.security.Permissions java.security.AllPermission Permissions.java:133
[0.225s][debug][class,load,placeholders] find_and_add LOAD_INSTANCE 'java/security/UnresolvedPermission', loader loader data: 0x00006000032ac000 of 'bootstrap'
[0.225s][debug][class,load,placeholders] loadInstanceThreadQ threads:0x00007f8f4f008800, 
[0.225s][debug][class,load,placeholders] superThreadQ threads:
[0.225s][debug][class,load,placeholders] defineThreadQ threads:
[0.225s][trace][cds,unshareable        ] restore: java.security.UnresolvedPermission
[0.225s][trace][class,loader,data      ] Adding k: 0x0000000130028790 java.security.UnresolvedPermission to loader data: 0x00006000032ac000 of 'bootstrap'
[0.225s][debug][cds,mirror             ] java.security.UnresolvedPermission has raw archived mirror
[0.225s][debug][cds,heap               ] Clearing root 1289: was 0x00000007ffb23fb0
[0.225s][debug][cds,mirror             ] Archived mirror is: 0x00000007ffb23fb0
[0.225s][trace][cds,heap,mirror        ] Restored java.security.UnresolvedPermission archived mirror 0x00000007ffb23fb0
[0.225s][debug][cds,heap               ] Clearing root 1290: was 0x00000007ffb24038
[0.225s][info ][class,load             ] java.security.UnresolvedPermission source: shared objects file
[0.225s][debug][class,load             ]  klass: 0x0000000130028790 super: 0x0000000130028060 interfaces: 0x00000001300037c0 loader: [loader data: 0x00006000032ac000 of 'bootstrap']
[0.225s][debug][class,load,placeholders] find_and_add DEFINE_CLASS 'java/security/UnresolvedPermission', loader loader data: 0x00006000032ac000 of 'bootstrap'
[0.225s][debug][class,load,placeholders] loadInstanceThreadQ threads:0x00007f8f4f008800, 
[0.225s][debug][class,load,placeholders] superThreadQ threads:
[0.225s][debug][class,load,placeholders] defineThreadQ threads:0x00007f8f4f008800, 
[0.225s][debug][class,load,placeholders] find_and_remove DEFINE_CLASS 'java/security/UnresolvedPermission', loader loader data: 0x00006000032ac000 of 'bootstrap', InstanceKlass 'java/security/UnresolvedPermission'
[0.225s][debug][class,load,placeholders] loadInstanceThreadQ threads:0x00007f8f4f008800, 
[0.225s][debug][class,load,placeholders] superThreadQ threads:
[0.225s][debug][class,load,placeholders] defineThreadQ threads:0x00007f8f4f008800, 
[0.225s][debug][class,load,placeholders] find_and_remove LOAD_INSTANCE 'java/security/UnresolvedPermission', loader loader data: 0x00006000032ac000 of 'bootstrap', InstanceKlass 'java/security/UnresolvedPermission'
[0.225s][debug][class,load,placeholders] loadInstanceThreadQ threads:0x00007f8f4f008800, 
[0.225s][debug][class,load,placeholders] superThreadQ threads:
[0.225s][debug][class,load,placeholders] defineThreadQ threads:
[0.225s][debug][class,resolve          ] java.security.Permissions java.security.UnresolvedPermission Permissions.java:136
[0.225s][debug][class,resolve          ] java.security.SecureClassLoader$1 java.security.ProtectionDomain SecureClassLoader.java:227
[0.225s][trace][metaspace              ] Arena @0x00006000016b2200 (non-class sm): requested 7 words.
[0.225s][trace][metaspace              ] Arena @0x00006000016b2200 (non-class sm): after allocation: 1 chunk(s), current:@0x00007f8f2d80b248, u, base 0x0000000171000000, level lv02 (524288), used: 7845, committed: 8192, committed-free: 347
[0.226s][trace][metaspace              ] Arena @0x00006000016b2200 (non-class sm): returning 0x000000017100f4f0.
[0.226s][trace][metaspace              ] Metaspace::allocate: type 13 return 0x000000017100f4f0.
[0.226s][debug][class,resolve          ] java.security.ProtectionDomain java.security.PermissionCollection ProtectionDomain.java:227
[0.226s][trace][metaspace              ] Arena @0x00006000016b2200 (non-class sm): requested 7 words.
[0.226s][trace][metaspace              ] Arena @0x00006000016b2200 (non-class sm): after allocation: 1 chunk(s), current:@0x00007f8f2d80b248, u, base 0x0000000171000000, level lv02 (524288), used: 7852, committed: 8192, committed-free: 340
[0.226s][trace][metaspace              ] Arena @0x00006000016b2200 (non-class sm): returning 0x000000017100f528.
[0.226s][trace][metaspace              ] Metaspace::allocate: type 13 return 0x000000017100f528.
[0.226s][debug][class,resolve          ] java.security.ProtectionDomain java.security.Permissions ProtectionDomain.java:228
[0.226s][debug][class,load,placeholders] find_and_add LOAD_INSTANCE 'java/security/SecureClassLoader$DebugHolder', loader loader data: 0x00006000032ac000 of 'bootstrap'
[0.226s][debug][class,load,placeholders] loadInstanceThreadQ threads:0x00007f8f4f008800, 
[0.226s][debug][class,load,placeholders] superThreadQ threads:
[0.226s][debug][class,load,placeholders] defineThreadQ threads:
[0.226s][trace][cds,unshareable        ] restore: java.security.SecureClassLoader$DebugHolder
[0.226s][trace][class,loader,data      ] Adding k: 0x000000013016f4f0 java.security.SecureClassLoader$DebugHolder to loader data: 0x00006000032ac000 of 'bootstrap'
[0.226s][debug][cds,mirror             ] java.security.SecureClassLoader$DebugHolder has raw archived mirror
[0.226s][debug][cds,heap               ] Clearing root 471: was 0x00000007ffb0d168
[0.226s][debug][cds,mirror             ] Archived mirror is: 0x00000007ffb0d168
[0.226s][trace][cds,heap,mirror        ] Restored java.security.SecureClassLoader$DebugHolder archived mirror 0x00000007ffb0d168
[0.226s][debug][cds,heap               ] Clearing root 472: was 0x00000007ffb0d1e0
[0.226s][info ][class,load             ] java.security.SecureClassLoader$DebugHolder source: shared objects file
[0.226s][debug][class,load             ]  klass: 0x000000013016f4f0 super: 0x0000000130000db8 loader: [loader data: 0x00006000032ac000 of 'bootstrap']
[0.226s][debug][class,load,placeholders] find_and_add DEFINE_CLASS 'java/security/SecureClassLoader$DebugHolder', loader loader data: 0x00006000032ac000 of 'bootstrap'
[0.226s][debug][class,load,placeholders] loadInstanceThreadQ threads:0x00007f8f4f008800, 
[0.226s][debug][class,load,placeholders] superThreadQ threads:
[0.226s][debug][class,load,placeholders] defineThreadQ threads:0x00007f8f4f008800, 
[0.226s][debug][class,load,placeholders] find_and_remove DEFINE_CLASS 'java/security/SecureClassLoader$DebugHolder', loader loader data: 0x00006000032ac000 of 'bootstrap', InstanceKlass 'java/security/SecureClassLoader$DebugHolder'
[0.226s][debug][class,load,placeholders] loadInstanceThreadQ threads:0x00007f8f4f008800, 
[0.226s][debug][class,load,placeholders] superThreadQ threads:
[0.226s][debug][class,load,placeholders] defineThreadQ threads:0x00007f8f4f008800, 
[0.226s][debug][class,load,placeholders] find_and_remove LOAD_INSTANCE 'java/security/SecureClassLoader$DebugHolder', loader loader data: 0x00006000032ac000 of 'bootstrap', InstanceKlass 'java/security/SecureClassLoader$DebugHolder'
[0.226s][debug][class,load,placeholders] loadInstanceThreadQ threads:0x00007f8f4f008800, 
[0.226s][debug][class,load,placeholders] superThreadQ threads:
[0.226s][debug][class,load,placeholders] defineThreadQ threads:
[0.226s][debug][class,resolve          ] java.security.SecureClassLoader$1 java.security.SecureClassLoader$DebugHolder SecureClassLoader.java:229
[0.226s][trace][class,nestmates        ] Resolving nest-host of java.security.SecureClassLoader$1 using cp entry for java/security/SecureClassLoader
[0.226s][trace][class,nestmates        ] Checking nest membership of java.security.SecureClassLoader$1 in java.security.SecureClassLoader
[0.226s][trace][class,nestmates        ] - named class found at nest_members[2] => cp[43]
[0.226s][trace][class,nestmates        ] Resolved nest-host of java.security.SecureClassLoader$1 to java.security.SecureClassLoader
[0.226s][trace][class,nestmates        ] Resolving nest-host of java.security.SecureClassLoader$DebugHolder using cp entry for java/security/SecureClassLoader
[0.226s][debug][class,resolve          ] java.security.SecureClassLoader$DebugHolder java.security.SecureClassLoader SecureClassLoader.java:229
[0.226s][trace][class,nestmates        ] Checking nest membership of java.security.SecureClassLoader$DebugHolder in java.security.SecureClassLoader
[0.226s][trace][class,nestmates        ] - named class found at nest_members[1] => cp[97]
[0.226s][trace][class,nestmates        ] Resolved nest-host of java.security.SecureClassLoader$DebugHolder to java.security.SecureClassLoader
[0.226s][trace][class,nestmates        ] Class java.security.SecureClassLoader$1 does have nestmate access to java.security.SecureClassLoader$DebugHolder
[0.226s][info ][class,init             ] 279 Initializing 'java/security/SecureClassLoader$DebugHolder' (0x000000013016f4f0)
[0.226s][trace][metaspace              ] Arena @0x00006000016b2200 (non-class sm): requested 7 words.
[0.226s][trace][metaspace              ] Arena @0x00006000016b2200 (non-class sm): after allocation: 1 chunk(s), current:@0x00007f8f2d80b248, u, base 0x0000000171000000, level lv02 (524288), used: 7859, committed: 8192, committed-free: 333
[0.226s][trace][metaspace              ] Arena @0x00006000016b2200 (non-class sm): returning 0x000000017100f560.
[0.226s][trace][metaspace              ] Metaspace::allocate: type 13 return 0x000000017100f560.
[0.226s][debug][class,load,placeholders] find_and_add LOAD_INSTANCE 'sun/security/util/Debug', loader loader data: 0x00006000032ac000 of 'bootstrap'
[0.226s][debug][class,load,placeholders] loadInstanceThreadQ threads:0x00007f8f4f008800, 
[0.226s][debug][class,load,placeholders] superThreadQ threads:
[0.226s][debug][class,load,placeholders] defineThreadQ threads:
[0.226s][trace][cds,unshareable        ] restore: sun.security.util.Debug
[0.226s][trace][class,loader,data      ] Adding k: 0x0000000130133868 sun.security.util.Debug to loader data: 0x00006000032ac000 of 'bootstrap'
[0.226s][debug][cds,mirror             ] sun.security.util.Debug has raw archived mirror
[0.226s][debug][cds,heap               ] Clearing root 463: was 0x00000007ffb0cdc8
[0.226s][debug][cds,mirror             ] Archived mirror is: 0x00000007ffb0cdc8
[0.226s][trace][cds,heap,mirror        ] Restored sun.security.util.Debug archived mirror 0x00000007ffb0cdc8
[0.226s][debug][cds,heap               ] Clearing root 464: was 0x00000007ffb0ce40
[0.226s][info ][class,load             ] sun.security.util.Debug source: shared objects file
[0.226s][debug][class,load             ]  klass: 0x0000000130133868 super: 0x0000000130000db8 loader: [loader data: 0x00006000032ac000 of 'bootstrap']
[0.226s][debug][class,load,placeholders] find_and_add DEFINE_CLASS 'sun/security/util/Debug', loader loader data: 0x00006000032ac000 of 'bootstrap'
[0.226s][debug][class,load,placeholders] loadInstanceThreadQ threads:0x00007f8f4f008800, 
[0.226s][debug][class,load,placeholders] superThreadQ threads:
[0.226s][debug][class,load,placeholders] defineThreadQ threads:0x00007f8f4f008800, 
[0.226s][debug][class,load,placeholders] find_and_remove DEFINE_CLASS 'sun/security/util/Debug', loader loader data: 0x00006000032ac000 of 'bootstrap', InstanceKlass 'sun/security/util/Debug'
[0.226s][debug][class,load,placeholders] loadInstanceThreadQ threads:0x00007f8f4f008800, 
[0.226s][debug][class,load,placeholders] superThreadQ threads:
[0.226s][debug][class,load,placeholders] defineThreadQ threads:0x00007f8f4f008800, 
[0.226s][debug][class,load,placeholders] find_and_remove LOAD_INSTANCE 'sun/security/util/Debug', loader loader data: 0x00006000032ac000 of 'bootstrap', InstanceKlass 'sun/security/util/Debug'
[0.226s][debug][class,load,placeholders] loadInstanceThreadQ threads:0x00007f8f4f008800, 
[0.226s][debug][class,load,placeholders] superThreadQ threads:
[0.226s][debug][class,load,placeholders] defineThreadQ threads:
[0.226s][debug][class,resolve          ] java.security.SecureClassLoader$DebugHolder sun.security.util.Debug SecureClassLoader.java:206
[0.226s][info ][class,init             ] 280 Initializing 'sun/security/util/Debug' (0x0000000130133868)
[0.226s][trace][metaspace              ] Arena @0x00006000016b2200 (non-class sm): requested 7 words.
[0.226s][trace][metaspace              ] Arena @0x00006000016b2200 (non-class sm): after allocation: 1 chunk(s), current:@0x00007f8f2d80b248, u, base 0x0000000171000000, level lv02 (524288), used: 7866, committed: 8192, committed-free: 326
[0.226s][trace][metaspace              ] Arena @0x00006000016b2200 (non-class sm): returning 0x000000017100f598.
[0.226s][trace][metaspace              ] Metaspace::allocate: type 13 return 0x000000017100f598.
[0.226s][debug][class,resolve          ] sun.security.util.Debug sun.security.action.GetPropertyAction Debug.java:48
[0.226s][trace][metaspace              ] Arena @0x00006000016b2200 (non-class sm): requested 7 words.
[0.226s][trace][metaspace              ] Arena @0x00006000016b2200 (non-class sm): after allocation: 1 chunk(s), current:@0x00007f8f2d80b248, u, base 0x0000000171000000, level lv02 (524288), used: 7873, committed: 8192, committed-free: 319
[0.226s][trace][metaspace              ] Arena @0x00006000016b2200 (non-class sm): returning 0x000000017100f5d0.
[0.226s][trace][metaspace              ] Metaspace::allocate: type 13 return 0x000000017100f5d0.
[0.226s][trace][metaspace              ] Arena @0x00006000016b2200 (non-class sm): requested 7 words.
[0.226s][trace][metaspace              ] Arena @0x00006000016b2200 (non-class sm): after allocation: 1 chunk(s), current:@0x00007f8f2d80b248, u, base 0x0000000171000000, level lv02 (524288), used: 7880, committed: 8192, committed-free: 312
[0.226s][trace][metaspace              ] Arena @0x00006000016b2200 (non-class sm): returning 0x000000017100f608.
[0.226s][trace][metaspace              ] Metaspace::allocate: type 13 return 0x000000017100f608.
[0.226s][trace][metaspace              ] Arena @0x00006000016b2200 (non-class sm): requested 7 words.
[0.226s][trace][metaspace              ] Arena @0x00006000016b2200 (non-class sm): after allocation: 1 chunk(s), current:@0x00007f8f2d80b248, u, base 0x0000000171000000, level lv02 (524288), used: 7887, committed: 8192, committed-free: 305
[0.227s][trace][metaspace              ] Arena @0x00006000016b2200 (non-class sm): returning 0x000000017100f640.
[0.227s][trace][metaspace              ] Metaspace::allocate: type 13 return 0x000000017100f640.
[0.227s][trace][metaspace              ] Arena @0x00006000016b2200 (non-class sm): requested 7 words.
[0.227s][trace][metaspace              ] Arena @0x00006000016b2200 (non-class sm): after allocation: 1 chunk(s), current:@0x00007f8f2d80b248, u, base 0x0000000171000000, level lv02 (524288), used: 7894, committed: 8192, committed-free: 298
[0.227s][trace][metaspace              ] Arena @0x00006000016b2200 (non-class sm): returning 0x000000017100f678.
[0.227s][trace][metaspace              ] Metaspace::allocate: type 13 return 0x000000017100f678.
[0.227s][debug][class,resolve          ] java.security.SecureClassLoader java.security.ProtectionDomain SecureClassLoader.java:222
[0.227s][trace][metaspace              ] Arena @0x00006000016b2200 (non-class sm): requested 7 words.
[0.227s][trace][metaspace              ] Arena @0x00006000016b2200 (non-class sm): after allocation: 1 chunk(s), current:@0x00007f8f2d80b248, u, base 0x0000000171000000, level lv02 (524288), used: 7901, committed: 8192, committed-free: 291
[0.227s][trace][metaspace              ] Arena @0x00006000016b2200 (non-class sm): returning 0x000000017100f6b0.
[0.227s][trace][metaspace              ] Metaspace::allocate: type 13 return 0x000000017100f6b0.
[0.227s][trace][metaspace              ] Arena @0x00006000016b2200 (non-class sm): requested 7 words.
[0.227s][trace][metaspace              ] Arena @0x00006000016b2200 (non-class sm): after allocation: 1 chunk(s), current:@0x00007f8f2d80b248, u, base 0x0000000171000000, level lv02 (524288), used: 7908, committed: 8192, committed-free: 284
[0.227s][trace][metaspace              ] Arena @0x00006000016b2200 (non-class sm): returning 0x000000017100f6e8.
[0.227s][trace][metaspace              ] Metaspace::allocate: type 13 return 0x000000017100f6e8.
[0.227s][debug][class,resolve          ] java.lang.ClassLoader java.security.ProtectionDomain ClassLoader.java:907
[0.227s][trace][metaspace              ] Arena @0x00006000016b2200 (non-class sm): requested 7 words.
[0.227s][trace][metaspace              ] Arena @0x00006000016b2200 (non-class sm): after allocation: 1 chunk(s), current:@0x00007f8f2d80b248, u, base 0x0000000171000000, level lv02 (524288), used: 7915, committed: 8192, committed-free: 277
[0.227s][trace][metaspace              ] Arena @0x00006000016b2200 (non-class sm): returning 0x000000017100f720.
[0.227s][trace][metaspace              ] Metaspace::allocate: type 13 return 0x000000017100f720.
[0.227s][trace][metaspace              ] Arena @0x00006000016b2200 (non-class sm): requested 7 words.
[0.227s][trace][metaspace              ] Arena @0x00006000016b2200 (non-class sm): after allocation: 1 chunk(s), current:@0x00007f8f2d80b248, u, base 0x0000000171000000, level lv02 (524288), used: 7922, committed: 8192, committed-free: 270
[0.227s][trace][metaspace              ] Arena @0x00006000016b2200 (non-class sm): returning 0x000000017100f758.
[0.227s][trace][metaspace              ] Metaspace::allocate: type 13 return 0x000000017100f758.
[0.227s][debug][class,resolve          ] java.lang.ClassLoader java.security.CodeSource ClassLoader.java:1158
[0.227s][trace][metaspace              ] Arena @0x00006000016b2200 (non-class sm): requested 7 words.
[0.227s][trace][metaspace              ] Arena @0x00006000016b2200 (non-class sm): after allocation: 1 chunk(s), current:@0x00007f8f2d80b248, u, base 0x0000000171000000, level lv02 (524288), used: 7929, committed: 8192, committed-free: 263
[0.227s][trace][metaspace              ] Arena @0x00006000016b2200 (non-class sm): returning 0x000000017100f790.
[0.227s][trace][metaspace              ] Metaspace::allocate: type 13 return 0x000000017100f790.
[0.227s][trace][metaspace              ] Arena @0x00006000016b2200 (non-class sm): requested 7 words.
[0.227s][trace][metaspace              ] Arena @0x00006000016b2200 (non-class sm): after allocation: 1 chunk(s), current:@0x00007f8f2d80b248, u, base 0x0000000171000000, level lv02 (524288), used: 7936, committed: 8192, committed-free: 256
[0.227s][trace][metaspace              ] Arena @0x00006000016b2200 (non-class sm): returning 0x000000017100f7c8.
[0.227s][trace][metaspace              ] Metaspace::allocate: type 13 return 0x000000017100f7c8.
[0.227s][trace][metaspace              ] Arena @0x00006000016b2200 (non-class sm): requested 7 words.
[0.227s][trace][metaspace              ] Arena @0x00006000016b2200 (non-class sm): after allocation: 1 chunk(s), current:@0x00007f8f2d80b248, u, base 0x0000000171000000, level lv02 (524288), used: 7943, committed: 8192, committed-free: 249
[0.227s][trace][metaspace              ] Arena @0x00006000016b2200 (non-class sm): returning 0x000000017100f800.
[0.227s][trace][metaspace              ] Metaspace::allocate: type 13 return 0x000000017100f800.
[0.227s][debug][class,resolve          ] java.lang.ClassLoader java.net.URL ClassLoader.java:917
[0.227s][trace][metaspace              ] Arena @0x00006000016b2200 (non-class sm): requested 7 words.
[0.227s][trace][metaspace              ] Arena @0x00006000016b2200 (non-class sm): after allocation: 1 chunk(s), current:@0x00007f8f2d80b248, u, base 0x0000000171000000, level lv02 (524288), used: 7950, committed: 8192, committed-free: 242
[0.227s][trace][metaspace              ] Arena @0x00006000016b2200 (non-class sm): returning 0x000000017100f838.
[0.227s][trace][metaspace              ] Metaspace::allocate: type 13 return 0x000000017100f838.
[0.227s][trace][metaspace              ] Arena @0x00006000016b2200 (non-class sm): requested 7 words.
[0.227s][trace][metaspace              ] Arena @0x00006000016b2200 (non-class sm): after allocation: 1 chunk(s), current:@0x00007f8f2d80b248, u, base 0x0000000171000000, level lv02 (524288), used: 7957, committed: 8192, committed-free: 235
[0.227s][trace][metaspace              ] Arena @0x00006000016b2200 (non-class sm): returning 0x000000017100f870.
[0.227s][trace][metaspace              ] Metaspace::allocate: type 13 return 0x000000017100f870.
[0.227s][trace][metaspace              ] Arena @0x00006000016b2200 (non-class sm): requested 7 words.
[0.227s][trace][metaspace              ] Arena @0x00006000016b2200 (non-class sm): after allocation: 1 chunk(s), current:@0x00007f8f2d80b248, u, base 0x0000000171000000, level lv02 (524288), used: 7964, committed: 8192, committed-free: 228
[0.227s][trace][metaspace              ] Arena @0x00006000016b2200 (non-class sm): returning 0x000000017100f8a8.
[0.227s][trace][metaspace              ] Metaspace::allocate: type 13 return 0x000000017100f8a8.
[0.227s][trace][metaspace              ] Arena @0x00006000016b2200 (non-class sm): requested 7 words.
[0.227s][trace][metaspace              ] Arena @0x00006000016b2200 (non-class sm): after allocation: 1 chunk(s), current:@0x00007f8f2d80b248, u, base 0x0000000171000000, level lv02 (524288), used: 7971, committed: 8192, committed-free: 221
[0.227s][trace][metaspace              ] Arena @0x00006000016b2200 (non-class sm): returning 0x000000017100f8e0.
[0.227s][trace][metaspace              ] Metaspace::allocate: type 13 return 0x000000017100f8e0.
[0.227s][debug][jni,resolve            ] [Dynamic-linking native method java.lang.ClassLoader.defineClass1 ... JNI]
[0.227s][debug][metaspace              ] Arena @0x000060000169cb00 (non-class sm): : born.
[0.227s][debug][metaspace              ] Arena @0x000060000169cb40 (class sm): : born.
[0.227s][debug][metaspace              ] CLMS @0x00006000003b3660 : born (nonclass arena: 0x000060000169cb00, class arena: 0x000060000169cb40.
[0.227s][trace][metaspace              ] Arena @0x000060000169cb00 (non-class sm): requested 5 words.
[0.227s][debug][metaspace              ] ChkMgr @0x00007f8f3cf044e0 (non-class-space): requested chunk: pref_level: lv12, max_level: lv14, min committed size: 5.
[0.227s][trace][metaspace              ] ChkMgr @0x00007f8f3cf044e0 (non-class-space): taken from freelist.
[0.227s][debug][metaspace              ] ChkMgr @0x00007f8f3cf044e0 (non-class-space): splitting chunk @0x00007f8f2d80b2d8, f, base 0x0000000171400000, level lv02 to lv12.
[0.227s][trace][metaspace              ] Splitting chunk: @0x00007f8f2d80b2d8, f, base 0x0000000171400000, level lv02 (524288), used: 0, committed: 0, committed-free: 0.
[0.227s][trace][metaspace              ] .. Result chunk: @0x00007f8f2d80b2d8, f, base 0x0000000171400000, level lv03 (262144), used: 0, committed: 0, committed-free: 0.
[0.227s][trace][metaspace              ] .. Splinter chunk: @0x00007f8f2d80b320, f, base 0x0000000171600000, level lv03 (262144), used: 0, committed: 0, committed-free: 0.
[0.227s][trace][metaspace              ] Splitting chunk: @0x00007f8f2d80b2d8, f, base 0x0000000171400000, level lv03 (262144), used: 0, committed: 0, committed-free: 0.
[0.227s][trace][metaspace              ] .. Result chunk: @0x00007f8f2d80b2d8, f, base 0x0000000171400000, level lv04 (131072), used: 0, committed: 0, committed-free: 0.
[0.227s][trace][metaspace              ] .. Splinter chunk: @0x00007f8f2d80b368, f, base 0x0000000171500000, level lv04 (131072), used: 0, committed: 0, committed-free: 0.
[0.227s][trace][metaspace              ] Splitting chunk: @0x00007f8f2d80b2d8, f, base 0x0000000171400000, level lv04 (131072), used: 0, committed: 0, committed-free: 0.
[0.227s][trace][metaspace              ] .. Result chunk: @0x00007f8f2d80b2d8, f, base 0x0000000171400000, level lv05 (65536), used: 0, committed: 0, committed-free: 0.
[0.227s][trace][metaspace              ] .. Splinter chunk: @0x00007f8f2d80b3b0, f, base 0x0000000171480000, level lv05 (65536), used: 0, committed: 0, committed-free: 0.
[0.227s][trace][metaspace              ] Splitting chunk: @0x00007f8f2d80b2d8, f, base 0x0000000171400000, level lv05 (65536), used: 0, committed: 0, committed-free: 0.
[0.227s][trace][metaspace              ] .. Result chunk: @0x00007f8f2d80b2d8, f, base 0x0000000171400000, level lv06 (32768), used: 0, committed: 0, committed-free: 0.
[0.227s][trace][metaspace              ] .. Splinter chunk: @0x00007f8f2d80b3f8, f, base 0x0000000171440000, level lv06 (32768), used: 0, committed: 0, committed-free: 0.
[0.227s][trace][metaspace              ] Splitting chunk: @0x00007f8f2d80b2d8, f, base 0x0000000171400000, level lv06 (32768), used: 0, committed: 0, committed-free: 0.
[0.227s][trace][metaspace              ] .. Result chunk: @0x00007f8f2d80b2d8, f, base 0x0000000171400000, level lv07 (16384), used: 0, committed: 0, committed-free: 0.
[0.227s][trace][metaspace              ] .. Splinter chunk: @0x00007f8f2d80b440, f, base 0x0000000171420000, level lv07 (16384), used: 0, committed: 0, committed-free: 0.
[0.227s][trace][metaspace              ] Splitting chunk: @0x00007f8f2d80b2d8, f, base 0x0000000171400000, level lv07 (16384), used: 0, committed: 0, committed-free: 0.
[0.227s][trace][metaspace              ] .. Result chunk: @0x00007f8f2d80b2d8, f, base 0x0000000171400000, level lv08 (8192), used: 0, committed: 0, committed-free: 0.
[0.227s][trace][metaspace              ] .. Splinter chunk: @0x00007f8f2d80b488, f, base 0x0000000171410000, level lv08 (8192), used: 0, committed: 0, committed-free: 0.
[0.227s][trace][metaspace              ] Splitting chunk: @0x00007f8f2d80b2d8, f, base 0x0000000171400000, level lv08 (8192), used: 0, committed: 0, committed-free: 0.
[0.227s][trace][metaspace              ] .. Result chunk: @0x00007f8f2d80b2d8, f, base 0x0000000171400000, level lv09 (4096), used: 0, committed: 0, committed-free: 0.
[0.227s][trace][metaspace              ] .. Splinter chunk: @0x00007f8f2d80b4d0, f, base 0x0000000171408000, level lv09 (4096), used: 0, committed: 0, committed-free: 0.
[0.227s][trace][metaspace              ] Splitting chunk: @0x00007f8f2d80b2d8, f, base 0x0000000171400000, level lv09 (4096), used: 0, committed: 0, committed-free: 0.
[0.227s][trace][metaspace              ] .. Result chunk: @0x00007f8f2d80b2d8, f, base 0x0000000171400000, level lv10 (2048), used: 0, committed: 0, committed-free: 0.
[0.227s][trace][metaspace              ] .. Splinter chunk: @0x00007f8f2d80b518, f, base 0x0000000171404000, level lv10 (2048), used: 0, committed: 0, committed-free: 0.
[0.227s][trace][metaspace              ] Splitting chunk: @0x00007f8f2d80b2d8, f, base 0x0000000171400000, level lv10 (2048), used: 0, committed: 0, committed-free: 0.
[0.227s][trace][metaspace              ] .. Result chunk: @0x00007f8f2d80b2d8, f, base 0x0000000171400000, level lv11 (1024), used: 0, committed: 0, committed-free: 0.
[0.227s][trace][metaspace              ] .. Splinter chunk: @0x00007f8f2d80b560, f, base 0x0000000171402000, level lv11 (1024), used: 0, committed: 0, committed-free: 0.
[0.228s][trace][metaspace              ] Splitting chunk: @0x00007f8f2d80b2d8, f, base 0x0000000171400000, level lv11 (1024), used: 0, committed: 0, committed-free: 0.
[0.228s][trace][metaspace              ] .. Result chunk: @0x00007f8f2d80b2d8, f, base 0x0000000171400000, level lv12 (512), used: 0, committed: 0, committed-free: 0.
[0.228s][trace][metaspace              ] .. Splinter chunk: @0x00007f8f2d80b5a8, f, base 0x0000000171401000, level lv12 (512), used: 0, committed: 0, committed-free: 0.
[0.228s][debug][metaspace              ] Chunk @0x00007f8f2d80b2d8, f, base 0x0000000171400000, level lv12: attempting to move commit line to 512 words.
[0.228s][debug][metaspace              ] VsListNode @0x00006000036b8180 base 0x0000000171000000 : committing range 0x0000000171400000..0x0000000171410000(8192 words)
[0.228s][trace][gc,metaspace,freelist  ] allowed expansion words: 2736128 (left_until_max: 2305843009213677567, left_until_GC: 2736128.
[0.228s][debug][metaspace              ] VsListNode @0x00006000036b8180 base 0x0000000171000000 : ... committed 8192 additional words.
[0.228s][debug][metaspace              ] ChkMgr @0x00007f8f3cf044e0 (non-class-space): handing out chunk @0x00007f8f2d80b2d8, u, base 0x0000000171400000, level lv12.
[0.228s][debug][metaspace              ] Arena @0x000060000169cb00 (non-class sm): allocated new chunk @0x00007f8f2d80b2d8, u, base 0x0000000171400000, level lv12 for requested word size 5.
[0.228s][trace][metaspace              ] Arena @0x000060000169cb00 (non-class sm): after allocation: 1 chunk(s), current:@0x00007f8f2d80b2d8, u, base 0x0000000171400000, level lv12 (512), used: 5, committed: 512, committed-free: 507
[0.228s][trace][metaspace              ] Arena @0x000060000169cb00 (non-class sm): returning 0x0000000171400000.
[0.228s][trace][metaspace              ] Metaspace::allocate: type 2 return 0x0000000171400000.
[0.228s][trace][metaspace              ] Arena @0x000060000169cb00 (non-class sm): requested 38 words.
[0.228s][trace][metaspace              ] Arena @0x000060000169cb00 (non-class sm): after allocation: 1 chunk(s), current:@0x00007f8f2d80b2d8, u, base 0x0000000171400000, level lv12 (512), used: 43, committed: 512, committed-free: 469
[0.228s][trace][metaspace              ] Arena @0x000060000169cb00 (non-class sm): returning 0x0000000171400028.
[0.228s][trace][metaspace              ] Metaspace::allocate: type 10 return 0x0000000171400028.
[0.228s][trace][metaspace              ] Arena @0x000060000169cb00 (non-class sm): requested 5 words.
[0.228s][trace][metaspace              ] Arena @0x000060000169cb00 (non-class sm): after allocation: 1 chunk(s), current:@0x00007f8f2d80b2d8, u, base 0x0000000171400000, level lv12 (512), used: 48, committed: 512, committed-free: 464
[0.228s][trace][metaspace              ] Arena @0x000060000169cb00 (non-class sm): returning 0x0000000171400158.
[0.228s][trace][metaspace              ] Metaspace::allocate: type 5 return 0x0000000171400158.
[0.228s][debug][class,preorder         ] high.skill.girl.learns.jvm.main.Main source: file:/Users/vnfedorova/IdeaProjects/my/JVM_learning/src/
[0.228s][trace][metaspace              ] Arena @0x000060000169cb00 (non-class sm): requested 1 words.
[0.228s][trace][metaspace              ] Arena @0x000060000169cb00 (non-class sm): after allocation: 1 chunk(s), current:@0x00007f8f2d80b2d8, u, base 0x0000000171400000, level lv12 (512), used: 50, committed: 512, committed-free: 462
[0.228s][trace][metaspace              ] Arena @0x000060000169cb00 (non-class sm): returning 0x0000000171400180.
[0.228s][trace][metaspace              ] Metaspace::allocate: type 3 return 0x0000000171400180.
[0.228s][trace][metaspace              ] Arena @0x000060000169cb00 (non-class sm): requested 3 words.
[0.228s][trace][metaspace              ] Arena @0x000060000169cb00 (non-class sm): after allocation: 1 chunk(s), current:@0x00007f8f2d80b2d8, u, base 0x0000000171400000, level lv12 (512), used: 53, committed: 512, committed-free: 459
[0.228s][trace][metaspace              ] Arena @0x000060000169cb00 (non-class sm): returning 0x0000000171400190.
[0.228s][trace][metaspace              ] Metaspace::allocate: type 5 return 0x0000000171400190.
[0.228s][trace][metaspace              ] Arena @0x000060000169cb00 (non-class sm): requested 7 words.
[0.228s][trace][metaspace              ] Arena @0x000060000169cb00 (non-class sm): after allocation: 1 chunk(s), current:@0x00007f8f2d80b2d8, u, base 0x0000000171400000, level lv12 (512), used: 60, committed: 512, committed-free: 452
[0.228s][trace][metaspace              ] Arena @0x000060000169cb00 (non-class sm): returning 0x00000001714001a8.
[0.228s][trace][metaspace              ] Metaspace::allocate: type 8 return 0x00000001714001a8.
[0.228s][trace][metaspace              ] Arena @0x000060000169cb00 (non-class sm): requested 13 words.
[0.228s][trace][metaspace              ] Arena @0x000060000169cb00 (non-class sm): after allocation: 1 chunk(s), current:@0x00007f8f2d80b2d8, u, base 0x0000000171400000, level lv12 (512), used: 73, committed: 512, committed-free: 439
[0.228s][trace][metaspace              ] Arena @0x000060000169cb00 (non-class sm): returning 0x00000001714001e0.
[0.228s][trace][metaspace              ] Metaspace::allocate: type 7 return 0x00000001714001e0.
[0.228s][trace][metaspace              ] Arena @0x000060000169cb00 (non-class sm): requested 8 words.
[0.228s][trace][metaspace              ] Arena @0x000060000169cb00 (non-class sm): after allocation: 1 chunk(s), current:@0x00007f8f2d80b2d8, u, base 0x0000000171400000, level lv12 (512), used: 81, committed: 512, committed-free: 431
[0.228s][trace][metaspace              ] Arena @0x000060000169cb00 (non-class sm): returning 0x0000000171400248.
[0.228s][trace][metaspace              ] Metaspace::allocate: type 8 return 0x0000000171400248.
[0.228s][trace][metaspace              ] Arena @0x000060000169cb00 (non-class sm): requested 13 words.
[0.228s][trace][metaspace              ] Arena @0x000060000169cb00 (non-class sm): after allocation: 1 chunk(s), current:@0x00007f8f2d80b2d8, u, base 0x0000000171400000, level lv12 (512), used: 94, committed: 512, committed-free: 418
[0.228s][trace][metaspace              ] Arena @0x000060000169cb00 (non-class sm): returning 0x0000000171400288.
[0.228s][trace][metaspace              ] Metaspace::allocate: type 7 return 0x0000000171400288.
[0.228s][debug][class,load,placeholders] find_and_add LOAD_SUPER 'high.skill.girl.learns.jvm.main.Main', loader loader data: 0x00006000032a4460 for instance a 'jdk/internal/loader/ClassLoaders$AppClassLoader'{0x00000007ffb556a8}, supername 'java/lang/Object'
[0.228s][debug][class,load,placeholders] loadInstanceThreadQ threads:
[0.228s][debug][class,load,placeholders] superThreadQ threads:0x00007f8f4f008800, 
[0.228s][debug][class,load,placeholders] defineThreadQ threads:
[0.228s][debug][class,resolve          ] jdk.internal.loader.BuiltinClassLoader java.util.Map BuiltinClassLoader.java:714
[0.228s][debug][class,resolve          ] jdk.internal.loader.BuiltinClassLoader jdk.internal.loader.BuiltinClassLoader$LoadedModule BuiltinClassLoader.java:714
[0.228s][trace][metaspace              ] Arena @0x00006000016b2200 (non-class sm): requested 7 words.
[0.228s][trace][metaspace              ] Arena @0x00006000016b2200 (non-class sm): after allocation: 1 chunk(s), current:@0x00007f8f2d80b248, u, base 0x0000000171000000, level lv02 (524288), used: 7978, committed: 8192, committed-free: 214
[0.228s][trace][metaspace              ] Arena @0x00006000016b2200 (non-class sm): returning 0x000000017100f918.
[0.228s][trace][metaspace              ] Metaspace::allocate: type 13 return 0x000000017100f918.
[0.228s][debug][protectiondomain,table ] protection domain added a 'java/security/ProtectionDomain'{0x000000061fc1a4a0}
[0.228s][trace][oopstorage,ref         ] VM Weak: allocated 0x00007f8f4e00c010
[0.228s][trace][protectiondomain       ] adding protection domain for class java/lang/Object class loader: a 'jdk/internal/loader/ClassLoaders$AppClassLoader'{0x00000007ffb556a8} protection domain: a 'java/security/ProtectionDomain'{0x000000061fc1a4a0} pd set count = #1
[0.228s][debug][class,load,placeholders] find_and_remove LOAD_SUPER 'high.skill.girl.learns.jvm.main.Main', loader loader data: 0x00006000032a4460 for instance a 'jdk/internal/loader/ClassLoaders$AppClassLoader'{0x00000007ffb556a8}, supername 'java/lang/Object'
[0.228s][debug][class,load,placeholders] loadInstanceThreadQ threads:
[0.228s][debug][class,load,placeholders] superThreadQ threads:0x00007f8f4f008800, 
[0.228s][debug][class,load,placeholders] defineThreadQ threads:
[0.228s][trace][metaspace              ] Arena @0x000060000169cb40 (class sm): requested 70 words.
[0.228s][debug][metaspace              ] ChkMgr @0x00007f8f3cf042e0 (class-space): requested chunk: pref_level: lv13, max_level: lv14, min committed size: 70.
[0.228s][trace][metaspace              ] ChkMgr @0x00007f8f3cf042e0 (class-space): taken from freelist.
[0.228s][debug][metaspace              ] Chunk @0x00007f8f2d80b1b8, f, base 0x0000000131000800, level lv13: attempting to move commit line to 256 words.
[0.228s][debug][metaspace              ] VsListNode @0x00006000036b4000 base 0x0000000131000000 : committing range 0x0000000131000000..0x0000000131010000(8192 words)
[0.228s][trace][gc,metaspace,freelist  ] allowed expansion words: 2727936 (left_until_max: 2305843009213669375, left_until_GC: 2727936.
[0.228s][debug][metaspace              ] VsListNode @0x00006000036b4000 base 0x0000000131000000 : ... committed 8192 additional words.
[0.228s][debug][metaspace              ] ChkMgr @0x00007f8f3cf042e0 (class-space): handing out chunk @0x00007f8f2d80b1b8, u, base 0x0000000131000800, level lv13.
[0.228s][debug][metaspace              ] Arena @0x000060000169cb40 (class sm): allocated new chunk @0x00007f8f2d80b1b8, u, base 0x0000000131000800, level lv13 for requested word size 70.
[0.228s][trace][metaspace              ] Arena @0x000060000169cb40 (class sm): after allocation: 1 chunk(s), current:@0x00007f8f2d80b1b8, u, base 0x0000000131000800, level lv13 (256), used: 70, committed: 256, committed-free: 186
[0.228s][trace][metaspace              ] Arena @0x000060000169cb40 (class sm): returning 0x0000000131000800.
[0.228s][trace][metaspace              ] Metaspace::allocate: type 0 return 0x0000000131000800.
[0.228s][trace][class,loader,data      ] Adding k: 0x0000000131000800 high.skill.girl.learns.jvm.main.Main to loader data: 0x00006000032a4460 for instance a 'jdk/internal/loader/ClassLoaders$AppClassLoader'{0x00000007ffb556a8}
[0.228s][trace][module                 ] Setting package: class: high.skill.girl.learns.jvm.main.Main, package: unnamed, loader: 'app', module: unnamed module
[0.228s][info ][class,load             ] high.skill.girl.learns.jvm.main.Main source: file:/Users/vnfedorova/IdeaProjects/my/JVM_learning/src/
[0.228s][debug][class,load             ]  klass: 0x0000000131000800 super: 0x0000000130000db8 loader: [loader data: 0x00006000032a4460 for instance a 'jdk/internal/loader/ClassLoaders$AppClassLoader'{0x00000007ffb556a8}] bytes: 414 checksum: 3db0d263
[0.228s][debug][class,resolve          ] high.skill.girl.learns.jvm.main.Main java.lang.Object (super)
[0.228s][debug][class,load,placeholders] find_and_add DEFINE_CLASS 'high.skill.girl.learns.jvm.main.Main', loader loader data: 0x00006000032a4460 for instance a 'jdk/internal/loader/ClassLoaders$AppClassLoader'{0x00000007ffb556a8}
[0.229s][debug][class,load,placeholders] loadInstanceThreadQ threads:
[0.229s][debug][class,load,placeholders] superThreadQ threads:
[0.229s][debug][class,load,placeholders] defineThreadQ threads:0x00007f8f4f008800, 
[0.229s][trace][metaspace              ] Arena @0x00006000016b2200 (non-class sm): requested 7 words.
[0.229s][trace][metaspace              ] Arena @0x00006000016b2200 (non-class sm): after allocation: 1 chunk(s), current:@0x00007f8f2d80b248, u, base 0x0000000171000000, level lv02 (524288), used: 7985, committed: 8192, committed-free: 207
[0.229s][trace][metaspace              ] Arena @0x00006000016b2200 (non-class sm): returning 0x000000017100f950.
[0.229s][trace][metaspace              ] Metaspace::allocate: type 13 return 0x000000017100f950.
[0.229s][debug][class,resolve          ] java.lang.ClassLoader java.util.ArrayList ClassLoader.java:322
[0.229s][debug][class,resolve          ] java.util.ArrayList jdk.internal.util.ArraysSupport ArrayList.java:234
[0.229s][debug][class,resolve          ] java.util.ArrayList java.util.Arrays ArrayList.java:237
[0.229s][debug][class,load,placeholders] find_and_remove DEFINE_CLASS 'high.skill.girl.learns.jvm.main.Main', loader loader data: 0x00006000032a4460 for instance a 'jdk/internal/loader/ClassLoaders$AppClassLoader'{0x00000007ffb556a8}, InstanceKlass 'high.skill.girl.learns.jvm.main.Main'
[0.229s][debug][class,load,placeholders] loadInstanceThreadQ threads:
[0.229s][debug][class,load,placeholders] superThreadQ threads:
[0.229s][debug][class,load,placeholders] defineThreadQ threads:0x00007f8f4f008800, 
[0.229s][debug][class,resolve          ] sun.launcher.LauncherHelper high.skill.girl.learns.jvm.main.Main LauncherHelper.java:794 (explicit)
[0.229s][trace][metaspace              ] Arena @0x00006000016b2200 (non-class sm): requested 7 words.
[0.229s][trace][metaspace              ] Arena @0x00006000016b2200 (non-class sm): after allocation: 1 chunk(s), current:@0x00007f8f2d80b248, u, base 0x0000000171000000, level lv02 (524288), used: 7992, committed: 8192, committed-free: 200
[0.229s][trace][metaspace              ] Arena @0x00006000016b2200 (non-class sm): returning 0x000000017100f988.
[0.229s][trace][metaspace              ] Metaspace::allocate: type 13 return 0x000000017100f988.
[0.229s][trace][oopstorage,ref         ] StringTable Weak: allocated 0x00007f8f4cf05f40
[0.229s][trace][metaspace              ] Arena @0x00006000016b2200 (non-class sm): requested 7 words.
[0.229s][trace][metaspace              ] Arena @0x00006000016b2200 (non-class sm): after allocation: 1 chunk(s), current:@0x00007f8f2d80b248, u, base 0x0000000171000000, level lv02 (524288), used: 7999, committed: 8192, committed-free: 193
[0.229s][trace][metaspace              ] Arena @0x00006000016b2200 (non-class sm): returning 0x000000017100f9c0.
[0.229s][trace][metaspace              ] Metaspace::allocate: type 13 return 0x000000017100f9c0.
[0.229s][debug][class,load,placeholders] find_and_add LOAD_INSTANCE 'java/lang/NamedPackage', loader loader data: 0x00006000032ac000 of 'bootstrap'
[0.229s][debug][jit,compilation        ]    4       3       java.lang.String::length (11 bytes)
[0.229s][debug][class,load,placeholders] loadInstanceThreadQ threads:0x00007f8f4f008800, 
[0.229s][trace][metaspace              ] Arena @0x00006000016b2200 (non-class sm): requested 45 words.
[0.229s][debug][class,load,placeholders] superThreadQ threads:
[0.229s][trace][metaspace              ] Arena @0x00006000016b2200 (non-class sm): after allocation: 1 chunk(s), current:@0x00007f8f2d80b248, u, base 0x0000000171000000, level lv02 (524288), used: 8044, committed: 8192, committed-free: 148
[0.229s][debug][class,load,placeholders] defineThreadQ threads:
[0.229s][trace][metaspace              ] Arena @0x00006000016b2200 (non-class sm): returning 0x000000017100f9f8.
[0.229s][trace][cds,unshareable        ] restore: java.lang.NamedPackage
[0.229s][trace][metaspace              ] Metaspace::allocate: type 9 return 0x000000017100f9f8.
[0.229s][trace][class,loader,data      ] Adding k: 0x0000000130021e50 java.lang.NamedPackage to loader data: 0x00006000032ac000 of 'bootstrap'
[0.229s][debug][jit,inlining           ]                               @ 6   java.lang.String::coder (15 bytes)   inline
[0.229s][debug][cds,mirror             ] java.lang.NamedPackage has raw archived mirror
[0.229s][debug][cds,heap               ] Clearing root 385: was 0x00000007ffb0ae40
[0.229s][debug][cds,mirror             ] Archived mirror is: 0x00000007ffb0ae40
[0.229s][trace][cds,heap,mirror        ] Restored java.lang.NamedPackage archived mirror 0x00000007ffb0ae40
[0.229s][debug][cds,heap               ] Clearing root 386: was 0x00000007ffb0aeb0
[0.229s][info ][class,load             ] java.lang.NamedPackage source: shared objects file
[0.229s][debug][class,load             ]  klass: 0x0000000130021e50 super: 0x0000000130000db8 loader: [loader data: 0x00006000032ac000 of 'bootstrap']
[0.229s][info ][nmethod,install        ] Installing method (3) java.lang.String.length()I 
[0.229s][debug][class,load,placeholders] find_and_add DEFINE_CLASS 'java/lang/NamedPackage', loader loader data: 0x00006000032ac000 of 'bootstrap'
[0.229s][debug][compilation,codecache  ] CodeHeap 'non-profiled nmethods': size=119168Kb used=0Kb max_used=0Kb free=119168Kb
[0.229s][debug][class,load,placeholders] loadInstanceThreadQ threads:0x00007f8f4f008800, 
[0.229s][debug][compilation,codecache  ] CodeHeap 'profiled nmethods': size=119164Kb used=4Kb max_used=4Kb free=119159Kb
[0.229s][debug][class,load,placeholders] superThreadQ threads:
[0.229s][debug][compilation,codecache  ] CodeHeap 'non-nmethods': size=7428Kb used=1023Kb max_used=1023Kb free=6404Kb
[0.229s][debug][class,load,placeholders] defineThreadQ threads:0x00007f8f4f008800, 
[0.230s][debug][class,load,placeholders] find_and_remove DEFINE_CLASS 'java/lang/NamedPackage', loader loader data: 0x00006000032ac000 of 'bootstrap', InstanceKlass 'java/lang/NamedPackage'
[0.230s][debug][class,load,placeholders] loadInstanceThreadQ threads:0x00007f8f4f008800, 
[0.230s][debug][class,load,placeholders] superThreadQ threads:
[0.230s][debug][class,load,placeholders] defineThreadQ threads:0x00007f8f4f008800, 
[0.230s][debug][class,load,placeholders] find_and_remove LOAD_INSTANCE 'java/lang/NamedPackage', loader loader data: 0x00006000032ac000 of 'bootstrap', InstanceKlass 'java/lang/NamedPackage'
[0.230s][debug][class,load,placeholders] loadInstanceThreadQ threads:0x00007f8f4f008800, 
[0.230s][debug][class,load,placeholders] superThreadQ threads:
[0.230s][debug][class,load,placeholders] defineThreadQ threads:
[0.230s][debug][class,resolve          ] java.lang.ClassLoader java.lang.NamedPackage ClassLoader.java:342
[0.230s][info ][class,init             ] 281 Initializing 'java/lang/NamedPackage'(no method) (0x0000000130021e50)
[0.230s][trace][metaspace              ] Arena @0x00006000016b2200 (non-class sm): requested 7 words.
[0.230s][trace][metaspace              ] Arena @0x00006000016b2200 (non-class sm): after allocation: 1 chunk(s), current:@0x00007f8f2d80b248, u, base 0x0000000171000000, level lv02 (524288), used: 8051, committed: 8192, committed-free: 141
[0.230s][trace][metaspace              ] Arena @0x00006000016b2200 (non-class sm): returning 0x000000017100fb60.
[0.230s][trace][metaspace              ] Metaspace::allocate: type 13 return 0x000000017100fb60.
[0.230s][debug][class,resolve          ] java.lang.NamedPackage java.lang.Object NamedPackage.java:47
[0.230s][debug][class,resolve          ] java.lang.NamedPackage java.lang.String NamedPackage.java:48
[0.230s][debug][class,resolve          ] java.lang.NamedPackage java.lang.Module NamedPackage.java:48
[0.230s][trace][metaspace              ] Arena @0x00006000016b2200 (non-class sm): requested 7 words.
[0.230s][trace][metaspace              ] Arena @0x00006000016b2200 (non-class sm): after allocation: 1 chunk(s), current:@0x00007f8f2d80b248, u, base 0x0000000171000000, level lv02 (524288), used: 8058, committed: 8192, committed-free: 134
[0.230s][trace][metaspace              ] Arena @0x00006000016b2200 (non-class sm): returning 0x000000017100fb98.
[0.230s][trace][metaspace              ] Metaspace::allocate: type 13 return 0x000000017100fb98.
[0.230s][debug][class,resolve          ] sun.launcher.LauncherHelper high.skill.girl.learns.jvm.main.Main LauncherHelper.java:794 (explicit)
[0.230s][trace][metaspace              ] Arena @0x00006000016b2200 (non-class sm): requested 7 words.
[0.230s][trace][metaspace              ] Arena @0x00006000016b2200 (non-class sm): after allocation: 1 chunk(s), current:@0x00007f8f2d80b248, u, base 0x0000000171000000, level lv02 (524288), used: 8065, committed: 8192, committed-free: 127
[0.230s][trace][metaspace              ] Arena @0x00006000016b2200 (non-class sm): returning 0x000000017100fbd0.
[0.230s][trace][metaspace              ] Metaspace::allocate: type 13 return 0x000000017100fbd0.
[0.230s][trace][oopstorage,ref         ] StringTable Weak: allocated 0x00007f8f4cf05f48
[0.230s][trace][metaspace              ] Arena @0x00006000016b2200 (non-class sm): requested 7 words.
[0.230s][trace][metaspace              ] Arena @0x00006000016b2200 (non-class sm): after allocation: 1 chunk(s), current:@0x00007f8f2d80b248, u, base 0x0000000171000000, level lv02 (524288), used: 8072, committed: 8192, committed-free: 120
[0.230s][trace][metaspace              ] Arena @0x00006000016b2200 (non-class sm): returning 0x000000017100fc08.
[0.230s][trace][metaspace              ] Metaspace::allocate: type 13 return 0x000000017100fc08.
[0.230s][debug][class,resolve          ] sun.launcher.LauncherHelper [Ljava.lang.String; LauncherHelper.java:850
[0.230s][trace][metaspace              ] Arena @0x00006000016b2200 (non-class sm): requested 7 words.
[0.230s][trace][metaspace              ] Arena @0x00006000016b2200 (non-class sm): after allocation: 1 chunk(s), current:@0x00007f8f2d80b248, u, base 0x0000000171000000, level lv02 (524288), used: 8079, committed: 8192, committed-free: 113
[0.230s][trace][metaspace              ] Arena @0x00006000016b2200 (non-class sm): returning 0x000000017100fc40.
[0.230s][trace][metaspace              ] Metaspace::allocate: type 13 return 0x000000017100fc40.
[0.230s][debug][class,resolve          ] java.lang.Class java.util.Objects Class.java:2219
[0.230s][trace][metaspace              ] Arena @0x00006000016b2200 (non-class sm): requested 7 words.
[0.230s][trace][metaspace              ] Arena @0x00006000016b2200 (non-class sm): after allocation: 1 chunk(s), current:@0x00007f8f2d80b248, u, base 0x0000000171000000, level lv02 (524288), used: 8086, committed: 8192, committed-free: 106
[0.230s][trace][metaspace              ] Arena @0x00006000016b2200 (non-class sm): returning 0x000000017100fc78.
[0.230s][trace][metaspace              ] Metaspace::allocate: type 13 return 0x000000017100fc78.
[0.230s][trace][metaspace              ] Arena @0x00006000016b2200 (non-class sm): requested 7 words.
[0.230s][trace][metaspace              ] Arena @0x00006000016b2200 (non-class sm): after allocation: 1 chunk(s), current:@0x00007f8f2d80b248, u, base 0x0000000171000000, level lv02 (524288), used: 8093, committed: 8192, committed-free: 99
[0.230s][trace][metaspace              ] Arena @0x00006000016b2200 (non-class sm): returning 0x000000017100fcb0.
[0.230s][trace][metaspace              ] Metaspace::allocate: type 13 return 0x000000017100fcb0.
[0.230s][trace][metaspace              ] Arena @0x00006000016b2200 (non-class sm): requested 7 words.
[0.230s][trace][metaspace              ] Arena @0x00006000016b2200 (non-class sm): after allocation: 1 chunk(s), current:@0x00007f8f2d80b248, u, base 0x0000000171000000, level lv02 (524288), used: 8100, committed: 8192, committed-free: 92
[0.230s][trace][metaspace              ] Arena @0x00006000016b2200 (non-class sm): returning 0x000000017100fce8.
[0.230s][trace][metaspace              ] Metaspace::allocate: type 13 return 0x000000017100fce8.
[0.230s][trace][metaspace              ] Arena @0x00006000016b2200 (non-class sm): requested 7 words.
[0.230s][trace][metaspace              ] Arena @0x00006000016b2200 (non-class sm): after allocation: 1 chunk(s), current:@0x00007f8f2d80b248, u, base 0x0000000171000000, level lv02 (524288), used: 8107, committed: 8192, committed-free: 85
[0.230s][trace][metaspace              ] Arena @0x00006000016b2200 (non-class sm): returning 0x000000017100fd20.
[0.230s][trace][metaspace              ] Metaspace::allocate: type 13 return 0x000000017100fd20.
[0.230s][trace][metaspace              ] Arena @0x00006000016b2200 (non-class sm): requested 7 words.
[0.230s][trace][metaspace              ] Arena @0x00006000016b2200 (non-class sm): after allocation: 1 chunk(s), current:@0x00007f8f2d80b248, u, base 0x0000000171000000, level lv02 (524288), used: 8114, committed: 8192, committed-free: 78
[0.230s][trace][metaspace              ] Arena @0x00006000016b2200 (non-class sm): returning 0x000000017100fd58.
[0.230s][trace][metaspace              ] Metaspace::allocate: type 13 return 0x000000017100fd58.
[0.230s][debug][class,load,placeholders] find_and_add LOAD_INSTANCE 'java/lang/Class$ReflectionData', loader loader data: 0x00006000032ac000 of 'bootstrap'
[0.230s][debug][class,load,placeholders] loadInstanceThreadQ threads:0x00007f8f4f008800, 
[0.230s][debug][class,load,placeholders] superThreadQ threads:
[0.230s][debug][class,load,placeholders] defineThreadQ threads:
[0.230s][trace][cds,unshareable        ] restore: java.lang.Class$ReflectionData
[0.230s][trace][class,loader,data      ] Adding k: 0x000000013012c3e0 java.lang.Class$ReflectionData to loader data: 0x00006000032ac000 of 'bootstrap'
[0.230s][debug][cds,mirror             ] java.lang.Class$ReflectionData has raw archived mirror
[0.230s][debug][cds,heap               ] Clearing root 339: was 0x00000007ffb09b80
[0.230s][debug][cds,mirror             ] Archived mirror is: 0x00000007ffb09b80
[0.230s][trace][cds,heap,mirror        ] Restored java.lang.Class$ReflectionData archived mirror 0x00000007ffb09b80
[0.230s][info ][class,load             ] java.lang.Class$ReflectionData source: shared objects file
[0.230s][debug][class,load             ]  klass: 0x000000013012c3e0 super: 0x0000000130000db8 loader: [loader data: 0x00006000032ac000 of 'bootstrap']
[0.230s][debug][class,load,placeholders] find_and_add DEFINE_CLASS 'java/lang/Class$ReflectionData', loader loader data: 0x00006000032ac000 of 'bootstrap'
[0.230s][debug][class,load,placeholders] loadInstanceThreadQ threads:0x00007f8f4f008800, 
[0.230s][debug][class,load,placeholders] superThreadQ threads:
[0.230s][debug][class,load,placeholders] defineThreadQ threads:0x00007f8f4f008800, 
[0.230s][debug][class,load,placeholders] find_and_remove DEFINE_CLASS 'java/lang/Class$ReflectionData', loader loader data: 0x00006000032ac000 of 'bootstrap', InstanceKlass 'java/lang/Class$ReflectionData'
[0.230s][debug][class,load,placeholders] loadInstanceThreadQ threads:0x00007f8f4f008800, 
[0.230s][debug][class,load,placeholders] superThreadQ threads:
[0.230s][debug][class,load,placeholders] defineThreadQ threads:0x00007f8f4f008800, 
[0.230s][debug][class,load,placeholders] find_and_remove LOAD_INSTANCE 'java/lang/Class$ReflectionData', loader loader data: 0x00006000032ac000 of 'bootstrap', InstanceKlass 'java/lang/Class$ReflectionData'
[0.231s][debug][class,load,placeholders] loadInstanceThreadQ threads:0x00007f8f4f008800, 
[0.231s][debug][class,load,placeholders] superThreadQ threads:
[0.231s][debug][class,load,placeholders] defineThreadQ threads:
[0.231s][debug][class,resolve          ] java.lang.Class java.lang.Class$ReflectionData Class.java:3226
[0.231s][info ][class,init             ] 282 Initializing 'java/lang/Class$ReflectionData' (0x000000013012c3e0)
[0.231s][trace][metaspace              ] Arena @0x00006000016b2200 (non-class sm): requested 7 words.
[0.231s][trace][metaspace              ] Arena @0x00006000016b2200 (non-class sm): after allocation: 1 chunk(s), current:@0x00007f8f2d80b248, u, base 0x0000000171000000, level lv02 (524288), used: 8121, committed: 8192, committed-free: 71
[0.231s][trace][metaspace              ] Arena @0x00006000016b2200 (non-class sm): returning 0x000000017100fd90.
[0.231s][trace][metaspace              ] Metaspace::allocate: type 13 return 0x000000017100fd90.
[0.231s][debug][class,resolve          ] java.lang.Class$ReflectionData java.lang.String Class.java:3192
[0.231s][trace][metaspace              ] Arena @0x00006000016b2200 (non-class sm): requested 7 words.
[0.231s][trace][metaspace              ] Arena @0x00006000016b2200 (non-class sm): after allocation: 1 chunk(s), current:@0x00007f8f2d80b248, u, base 0x0000000171000000, level lv02 (524288), used: 8128, committed: 8192, committed-free: 64
[0.231s][trace][metaspace              ] Arena @0x00006000016b2200 (non-class sm): returning 0x000000017100fdc8.
[0.231s][trace][metaspace              ] Metaspace::allocate: type 13 return 0x000000017100fdc8.
[0.231s][trace][metaspace              ] Arena @0x00006000016b2200 (non-class sm): requested 7 words.
[0.231s][trace][metaspace              ] Arena @0x00006000016b2200 (non-class sm): after allocation: 1 chunk(s), current:@0x00007f8f2d80b248, u, base 0x0000000171000000, level lv02 (524288), used: 8135, committed: 8192, committed-free: 57
[0.231s][trace][metaspace              ] Arena @0x00006000016b2200 (non-class sm): returning 0x000000017100fe00.
[0.231s][trace][metaspace              ] Metaspace::allocate: type 13 return 0x000000017100fe00.
[0.231s][debug][class,resolve          ] java.lang.Class$ReflectionData java.lang.Object Class.java:3197
[0.231s][debug][class,resolve          ] java.lang.Class java.lang.ref.SoftReference Class.java:3228
[0.231s][debug][class,load,placeholders] find_and_add LOAD_INSTANCE 'java/lang/Class$Atomic', loader loader data: 0x00006000032ac000 of 'bootstrap'
[0.231s][debug][class,load,placeholders] loadInstanceThreadQ threads:0x00007f8f4f008800, 
[0.231s][debug][class,load,placeholders] superThreadQ threads:
[0.231s][debug][class,load,placeholders] defineThreadQ threads:
[0.231s][trace][cds,unshareable        ] restore: java.lang.Class$Atomic
[0.231s][trace][class,loader,data      ] Adding k: 0x000000013012c620 java.lang.Class$Atomic to loader data: 0x00006000032ac000 of 'bootstrap'
[0.231s][debug][cds,mirror             ] java.lang.Class$Atomic has raw archived mirror
[0.231s][debug][cds,heap               ] Clearing root 349: was 0x00000007ffb09f18
[0.231s][debug][cds,mirror             ] Archived mirror is: 0x00000007ffb09f18
[0.231s][trace][cds,heap,mirror        ] Restored java.lang.Class$Atomic archived mirror 0x00000007ffb09f18
[0.231s][debug][cds,heap               ] Clearing root 350: was 0x00000007ffb09fa8
[0.231s][info ][class,load             ] java.lang.Class$Atomic source: shared objects file
[0.231s][debug][class,load             ]  klass: 0x000000013012c620 super: 0x0000000130000db8 loader: [loader data: 0x00006000032ac000 of 'bootstrap']
[0.231s][debug][class,load,placeholders] find_and_add DEFINE_CLASS 'java/lang/Class$Atomic', loader loader data: 0x00006000032ac000 of 'bootstrap'
[0.231s][debug][class,load,placeholders] loadInstanceThreadQ threads:0x00007f8f4f008800, 
[0.231s][debug][class,load,placeholders] superThreadQ threads:
[0.231s][debug][class,load,placeholders] defineThreadQ threads:0x00007f8f4f008800, 
[0.231s][debug][class,load,placeholders] find_and_remove DEFINE_CLASS 'java/lang/Class$Atomic', loader loader data: 0x00006000032ac000 of 'bootstrap', InstanceKlass 'java/lang/Class$Atomic'
[0.231s][debug][class,load,placeholders] loadInstanceThreadQ threads:0x00007f8f4f008800, 
[0.231s][debug][class,load,placeholders] superThreadQ threads:
[0.231s][debug][class,load,placeholders] defineThreadQ threads:0x00007f8f4f008800, 
[0.231s][debug][class,load,placeholders] find_and_remove LOAD_INSTANCE 'java/lang/Class$Atomic', loader loader data: 0x00006000032ac000 of 'bootstrap', InstanceKlass 'java/lang/Class$Atomic'
[0.231s][debug][class,load,placeholders] loadInstanceThreadQ threads:0x00007f8f4f008800, 
[0.231s][debug][class,load,placeholders] superThreadQ threads:
[0.231s][debug][class,load,placeholders] defineThreadQ threads:
[0.231s][debug][class,resolve          ] java.lang.Class java.lang.Class$Atomic Class.java:3228
[0.231s][info ][class,init             ] 283 Initializing 'java/lang/Class$Atomic' (0x000000013012c620)
[0.231s][trace][metaspace              ] Arena @0x00006000016b2200 (non-class sm): requested 7 words.
[0.231s][trace][metaspace              ] Arena @0x00006000016b2200 (non-class sm): after allocation: 1 chunk(s), current:@0x00007f8f2d80b248, u, base 0x0000000171000000, level lv02 (524288), used: 8142, committed: 8192, committed-free: 50
[0.231s][trace][metaspace              ] Arena @0x00006000016b2200 (non-class sm): returning 0x000000017100fe38.
[0.231s][trace][metaspace              ] Metaspace::allocate: type 13 return 0x000000017100fe38.
[0.231s][debug][class,resolve          ] java.lang.Class$Atomic jdk.internal.misc.Unsafe Class.java:3141
[0.231s][debug][class,resolve          ] java.lang.Class$Atomic java.lang.Class Class.java:3143
[0.231s][trace][metaspace              ] Arena @0x00006000016b2200 (non-class sm): requested 7 words.
[0.231s][trace][metaspace              ] Arena @0x00006000016b2200 (non-class sm): after allocation: 1 chunk(s), current:@0x00007f8f2d80b248, u, base 0x0000000171000000, level lv02 (524288), used: 8149, committed: 8192, committed-free: 43
[0.231s][trace][metaspace              ] Arena @0x00006000016b2200 (non-class sm): returning 0x000000017100fe70.
[0.231s][trace][metaspace              ] Metaspace::allocate: type 13 return 0x000000017100fe70.
[0.231s][trace][metaspace              ] Arena @0x00006000016b2200 (non-class sm): requested 7 words.
[0.231s][trace][metaspace              ] Arena @0x00006000016b2200 (non-class sm): after allocation: 1 chunk(s), current:@0x00007f8f2d80b248, u, base 0x0000000171000000, level lv02 (524288), used: 8156, committed: 8192, committed-free: 36
[0.231s][trace][metaspace              ] Arena @0x00006000016b2200 (non-class sm): returning 0x000000017100fea8.
[0.231s][trace][metaspace              ] Metaspace::allocate: type 13 return 0x000000017100fea8.
[0.231s][info ][class,init             ] Start class verification for: high.skill.girl.learns.jvm.main.Main
[0.231s][info ][verification           ] Verifying class high.skill.girl.learns.jvm.main.Main with new format
[0.231s][info ][verification           ] Verifying method high.skill.girl.learns.jvm.main.Main.<init>()V
[0.231s][debug][verification           ] StackMapTable: frame_count = 0
[0.231s][debug][verification           ] table = { 
[0.231s][debug][verification           ]  }
[0.231s][debug][verification           ] bci: @0
[0.231s][debug][verification           ] flags: { flagThisUninit }
[0.231s][debug][verification           ] locals: { uninitializedThis }
[0.231s][debug][verification           ] stack: { }
[0.231s][debug][verification           ] offset = 0,  opcode = aload_0
[0.231s][debug][verification           ] bci: @1
[0.231s][debug][verification           ] flags: { flagThisUninit }
[0.231s][debug][verification           ] locals: { uninitializedThis }
[0.231s][debug][verification           ] stack: { uninitializedThis }
[0.231s][debug][verification           ] offset = 1,  opcode = invokespecial
[0.231s][debug][verification           ] bci: @4
[0.231s][debug][verification           ] flags: { }
[0.231s][debug][verification           ] locals: { 'high.skill.girl.learns.jvm.main.Main' }
[0.231s][debug][verification           ] stack: { }
[0.231s][debug][verification           ] offset = 4,  opcode = return
[0.231s][info ][verification           ] Verifying method high.skill.girl.learns.jvm.main.Main.main([Ljava/lang/String;)V
[0.231s][debug][verification           ] StackMapTable: frame_count = 0
[0.231s][debug][verification           ] table = { 
[0.231s][debug][verification           ]  }
[0.231s][debug][verification           ] bci: @0
[0.231s][debug][verification           ] flags: { }
[0.232s][debug][verification           ] locals: { '[Ljava/lang/String;' }
[0.232s][debug][verification           ] stack: { }
[0.232s][debug][verification           ] offset = 0,  opcode = getstatic
[0.232s][debug][verification           ] bci: @3
[0.232s][debug][verification           ] flags: { }
[0.232s][debug][verification           ] locals: { '[Ljava/lang/String;' }
[0.232s][debug][verification           ] stack: { 'java/io/PrintStream' }
[0.232s][debug][verification           ] offset = 3,  opcode = ldc
[0.232s][debug][verification           ] bci: @5
[0.232s][debug][verification           ] flags: { }
[0.232s][debug][verification           ] locals: { '[Ljava/lang/String;' }
[0.232s][debug][verification           ] stack: { 'java/io/PrintStream', 'java/lang/String' }
[0.232s][debug][verification           ] offset = 5,  opcode = invokevirtual
[0.232s][debug][verification           ] bci: @8
[0.232s][debug][verification           ] flags: { }
[0.232s][debug][verification           ] locals: { '[Ljava/lang/String;' }
[0.232s][debug][verification           ] stack: { }
[0.232s][debug][verification           ] offset = 8,  opcode = return
[0.232s][info ][class,init             ] End class verification for: high.skill.girl.learns.jvm.main.Main
[0.232s][info ][verification           ] End class verification for: high.skill.girl.learns.jvm.main.Main
[0.232s][trace][metaspace              ] Arena @0x000060000169cb00 (non-class sm): requested 17 words.
[0.232s][trace][metaspace              ] Arena @0x000060000169cb00 (non-class sm): after allocation: 1 chunk(s), current:@0x00007f8f2d80b2d8, u, base 0x0000000171400000, level lv12 (512), used: 111, committed: 512, committed-free: 401
[0.232s][trace][metaspace              ] Arena @0x000060000169cb00 (non-class sm): returning 0x00000001714002f0.
[0.232s][trace][metaspace              ] Metaspace::allocate: type 11 return 0x00000001714002f0.
[0.232s][trace][metaspace              ] Arena @0x000060000169cb00 (non-class sm): requested 1 words.
[0.232s][trace][metaspace              ] Arena @0x000060000169cb00 (non-class sm): after allocation: 1 chunk(s), current:@0x00007f8f2d80b2d8, u, base 0x0000000171400000, level lv12 (512), used: 113, committed: 512, committed-free: 399
[0.232s][trace][metaspace              ] Arena @0x000060000169cb00 (non-class sm): returning 0x0000000171400378.
[0.232s][trace][metaspace              ] Metaspace::allocate: type 3 return 0x0000000171400378.
[0.232s][trace][protectiondomain       ] adding protection domain for class java/lang/String class loader: a 'jdk/internal/loader/ClassLoaders$AppClassLoader'{0x00000007ffb556a8} protection domain: a 'java/security/ProtectionDomain'{0x000000061fc1a4a0} pd set count = #1
[0.232s][debug][class,resolve          ] sun.launcher.LauncherHelper [Ljava.lang.String; LauncherHelper.java:850 (reflection)
[0.232s][debug][class,resolve          ] java.lang.Class jdk.internal.reflect.Reflection Class.java:3402
[0.232s][trace][metaspace              ] Arena @0x00006000016b2200 (non-class sm): requested 7 words.
[0.232s][trace][metaspace              ] Arena @0x00006000016b2200 (non-class sm): after allocation: 1 chunk(s), current:@0x00007f8f2d80b248, u, base 0x0000000171000000, level lv02 (524288), used: 8163, committed: 8192, committed-free: 29
[0.232s][trace][metaspace              ] Arena @0x00006000016b2200 (non-class sm): returning 0x000000017100fee0.
[0.232s][trace][metaspace              ] Metaspace::allocate: type 13 return 0x000000017100fee0.
[0.232s][trace][metaspace              ] Arena @0x00006000016b2200 (non-class sm): requested 7 words.
[0.232s][trace][metaspace              ] Arena @0x00006000016b2200 (non-class sm): after allocation: 1 chunk(s), current:@0x00007f8f2d80b248, u, base 0x0000000171000000, level lv02 (524288), used: 8170, committed: 8192, committed-free: 22
[0.232s][trace][metaspace              ] Arena @0x00006000016b2200 (non-class sm): returning 0x000000017100ff18.
[0.232s][trace][metaspace              ] Metaspace::allocate: type 13 return 0x000000017100ff18.
[0.232s][debug][class,resolve          ] jdk.internal.reflect.Reflection [Ljava.lang.reflect.Method; Reflection.java:308
[0.232s][debug][class,load,placeholders] find_and_add LOAD_INSTANCE 'java/lang/PublicMethods$MethodList', loader loader data: 0x00006000032ac000 of 'bootstrap'
[0.232s][debug][class,load,placeholders] loadInstanceThreadQ threads:0x00007f8f4f008800, 
[0.232s][debug][class,load,placeholders] superThreadQ threads:
[0.232s][debug][class,load,placeholders] defineThreadQ threads:
[0.232s][trace][cds,unshareable        ] restore: java.lang.PublicMethods$MethodList
[0.232s][trace][class,loader,data      ] Adding k: 0x0000000130045c78 java.lang.PublicMethods$MethodList to loader data: 0x00006000032ac000 of 'bootstrap'
[0.232s][debug][cds,mirror             ] java.lang.PublicMethods$MethodList has raw archived mirror
[0.232s][debug][cds,heap               ] Clearing root 355: was 0x00000007ffb0a190
[0.232s][debug][cds,mirror             ] Archived mirror is: 0x00000007ffb0a190
[0.232s][trace][cds,heap,mirror        ] Restored java.lang.PublicMethods$MethodList archived mirror 0x00000007ffb0a190
[0.232s][info ][class,load             ] java.lang.PublicMethods$MethodList source: shared objects file
[0.232s][debug][class,load             ]  klass: 0x0000000130045c78 super: 0x0000000130000db8 loader: [loader data: 0x00006000032ac000 of 'bootstrap']
[0.232s][debug][class,load,placeholders] find_and_add DEFINE_CLASS 'java/lang/PublicMethods$MethodList', loader loader data: 0x00006000032ac000 of 'bootstrap'
[0.232s][debug][class,load,placeholders] loadInstanceThreadQ threads:0x00007f8f4f008800, 
[0.232s][debug][class,load,placeholders] superThreadQ threads:
[0.232s][debug][class,load,placeholders] defineThreadQ threads:0x00007f8f4f008800, 
[0.232s][debug][class,load,placeholders] find_and_remove DEFINE_CLASS 'java/lang/PublicMethods$MethodList', loader loader data: 0x00006000032ac000 of 'bootstrap', InstanceKlass 'java/lang/PublicMethods$MethodList'
[0.232s][debug][class,load,placeholders] loadInstanceThreadQ threads:0x00007f8f4f008800, 
[0.232s][debug][class,load,placeholders] superThreadQ threads:
[0.232s][debug][class,load,placeholders] defineThreadQ threads:0x00007f8f4f008800, 
[0.232s][debug][class,load,placeholders] find_and_remove LOAD_INSTANCE 'java/lang/PublicMethods$MethodList', loader loader data: 0x00006000032ac000 of 'bootstrap', InstanceKlass 'java/lang/PublicMethods$MethodList'
[0.232s][debug][class,load,placeholders] loadInstanceThreadQ threads:0x00007f8f4f008800, 
[0.232s][debug][class,load,placeholders] superThreadQ threads:
[0.232s][debug][class,load,placeholders] defineThreadQ threads:
[0.232s][debug][class,resolve          ] java.lang.Class java.lang.PublicMethods$MethodList Class.java:3545
[0.232s][info ][class,init             ] 284 Initializing 'java/lang/PublicMethods$MethodList'(no method) (0x0000000130045c78)
[0.232s][trace][metaspace              ] Arena @0x00006000016b2200 (non-class sm): requested 7 words.
[0.232s][trace][metaspace              ] Arena @0x00006000016b2200 (non-class sm): after allocation: 1 chunk(s), current:@0x00007f8f2d80b248, u, base 0x0000000171000000, level lv02 (524288), used: 8177, committed: 8192, committed-free: 15
[0.232s][trace][metaspace              ] Arena @0x00006000016b2200 (non-class sm): returning 0x000000017100ff50.
[0.232s][trace][metaspace              ] Metaspace::allocate: type 13 return 0x000000017100ff50.
[0.232s][debug][class,load,placeholders] find_and_add LOAD_INSTANCE 'java/lang/PublicMethods$Key', loader loader data: 0x00006000032ac000 of 'bootstrap'
[0.232s][debug][class,load,placeholders] loadInstanceThreadQ threads:0x00007f8f4f008800, 
[0.232s][debug][class,load,placeholders] superThreadQ threads:
[0.232s][debug][class,load,placeholders] defineThreadQ threads:
[0.232s][trace][cds,unshareable        ] restore: java.lang.PublicMethods$Key
[0.232s][trace][class,loader,data      ] Adding k: 0x0000000130045eb8 java.lang.PublicMethods$Key to loader data: 0x00006000032ac000 of 'bootstrap'
[0.232s][debug][cds,mirror             ] java.lang.PublicMethods$Key has raw archived mirror
[0.232s][debug][cds,heap               ] Clearing root 1090: was 0x00000007ffb1f6c8
[0.232s][debug][cds,mirror             ] Archived mirror is: 0x00000007ffb1f6c8
[0.232s][trace][cds,heap,mirror        ] Restored java.lang.PublicMethods$Key archived mirror 0x00000007ffb1f6c8
[0.232s][info ][class,load             ] java.lang.PublicMethods$Key source: shared objects file
[0.232s][debug][class,load             ]  klass: 0x0000000130045eb8 super: 0x0000000130000db8 loader: [loader data: 0x00006000032ac000 of 'bootstrap']
[0.233s][debug][class,load,placeholders] find_and_add DEFINE_CLASS 'java/lang/PublicMethods$Key', loader loader data: 0x00006000032ac000 of 'bootstrap'
[0.233s][debug][class,load,placeholders] loadInstanceThreadQ threads:0x00007f8f4f008800, 
[0.233s][debug][class,load,placeholders] superThreadQ threads:
[0.233s][debug][class,load,placeholders] defineThreadQ threads:0x00007f8f4f008800, 
[0.233s][debug][class,load,placeholders] find_and_remove DEFINE_CLASS 'java/lang/PublicMethods$Key', loader loader data: 0x00006000032ac000 of 'bootstrap', InstanceKlass 'java/lang/PublicMethods$Key'
[0.233s][debug][class,load,placeholders] loadInstanceThreadQ threads:0x00007f8f4f008800, 
[0.233s][debug][class,load,placeholders] superThreadQ threads:
[0.233s][debug][class,load,placeholders] defineThreadQ threads:0x00007f8f4f008800, 
[0.233s][debug][class,load,placeholders] find_and_remove LOAD_INSTANCE 'java/lang/PublicMethods$Key', loader loader data: 0x00006000032ac000 of 'bootstrap', InstanceKlass 'java/lang/PublicMethods$Key'
[0.233s][debug][class,load,placeholders] loadInstanceThreadQ threads:0x00007f8f4f008800, 
[0.233s][debug][class,load,placeholders] superThreadQ threads:
[0.233s][debug][class,load,placeholders] defineThreadQ threads:
[0.233s][debug][class,resolve          ] java.lang.PublicMethods$MethodList java.lang.PublicMethods$Key PublicMethods.java:153
[0.233s][info ][class,init             ] 285 Initializing 'java/lang/PublicMethods$Key' (0x0000000130045eb8)
[0.233s][trace][metaspace              ] Arena @0x00006000016b2200 (non-class sm): requested 7 words.
[0.233s][trace][metaspace              ] Arena @0x00006000016b2200 (non-class sm): after allocation: 1 chunk(s), current:@0x00007f8f2d80b248, u, base 0x0000000171000000, level lv02 (524288), used: 8184, committed: 8192, committed-free: 8
[0.233s][trace][metaspace              ] Arena @0x00006000016b2200 (non-class sm): returning 0x000000017100ff88.
[0.233s][trace][metaspace              ] Metaspace::allocate: type 13 return 0x000000017100ff88.
[0.233s][debug][class,resolve          ] java.lang.PublicMethods$Key jdk.internal.reflect.ReflectionFactory$GetReflectionFactoryAction PublicMethods.java:92
[0.233s][debug][class,resolve          ] java.lang.PublicMethods$Key java.security.AccessController PublicMethods.java:93
[0.233s][debug][class,resolve          ] java.lang.PublicMethods$Key jdk.internal.reflect.ReflectionFactory PublicMethods.java:93
[0.233s][trace][metaspace              ] Arena @0x00006000016b2200 (non-class sm): requested 7 words.
[0.233s][trace][metaspace              ] Arena @0x00006000016b2200 (non-class sm): after allocation: 1 chunk(s), current:@0x00007f8f2d80b248, u, base 0x0000000171000000, level lv02 (524288), used: 8191, committed: 8192, committed-free: 1
[0.233s][trace][metaspace              ] Arena @0x00006000016b2200 (non-class sm): returning 0x000000017100ffc0.
[0.233s][trace][metaspace              ] Metaspace::allocate: type 13 return 0x000000017100ffc0.
[0.233s][debug][class,resolve          ] java.lang.PublicMethods$Key java.lang.reflect.Method PublicMethods.java:107
[0.233s][trace][metaspace              ] Arena @0x00006000016b2200 (non-class sm): requested 7 words.
[0.233s][debug][metaspace              ] Chunk @0x00007f8f2d80b248, u, base 0x0000000171000000, level lv02: attempting to move commit line to 16384 words.
[0.233s][debug][metaspace              ] VsListNode @0x00006000036b8180 base 0x0000000171000000 : committing range 0x0000000171010000..0x0000000171020000(8192 words)
[0.233s][trace][gc,metaspace,freelist  ] allowed expansion words: 2719744 (left_until_max: 2305843009213661183, left_until_GC: 2719744.
[0.233s][debug][metaspace              ] VsListNode @0x00006000036b8180 base 0x0000000171000000 : ... committed 8192 additional words.
[0.233s][trace][metaspace              ] Arena @0x00006000016b2200 (non-class sm): after allocation: 1 chunk(s), current:@0x00007f8f2d80b248, u, base 0x0000000171000000, level lv02 (524288), used: 8198, committed: 16384, committed-free: 8186
[0.233s][trace][metaspace              ] Arena @0x00006000016b2200 (non-class sm): returning 0x000000017100fff8.
[0.233s][trace][metaspace              ] Metaspace::allocate: type 13 return 0x000000017100fff8.
[0.233s][debug][class,resolve          ] java.lang.PublicMethods$Key java.lang.String PublicMethods.java:107
[0.233s][trace][metaspace              ] Arena @0x00006000016b2200 (non-class sm): requested 7 words.
[0.233s][trace][metaspace              ] Arena @0x00006000016b2200 (non-class sm): after allocation: 1 chunk(s), current:@0x00007f8f2d80b248, u, base 0x0000000171000000, level lv02 (524288), used: 8205, committed: 16384, committed-free: 8179
[0.233s][trace][metaspace              ] Arena @0x00006000016b2200 (non-class sm): returning 0x0000000171010030.
[0.233s][trace][metaspace              ] Metaspace::allocate: type 13 return 0x0000000171010030.
[0.233s][debug][class,resolve          ] jdk.internal.reflect.ReflectionFactory jdk.internal.access.JavaLangReflectAccess ReflectionFactory.java:341
[0.233s][trace][metaspace              ] Arena @0x00006000016b2200 (non-class sm): requested 7 words.
[0.233s][trace][metaspace              ] Arena @0x00006000016b2200 (non-class sm): after allocation: 1 chunk(s), current:@0x00007f8f2d80b248, u, base 0x0000000171000000, level lv02 (524288), used: 8212, committed: 16384, committed-free: 8172
[0.233s][trace][metaspace              ] Arena @0x00006000016b2200 (non-class sm): returning 0x0000000171010068.
[0.233s][trace][metaspace              ] Metaspace::allocate: type 13 return 0x0000000171010068.
[0.233s][debug][class,resolve          ] java.lang.reflect.ReflectAccess java.lang.reflect.Executable ReflectAccess.java:94
[0.233s][trace][metaspace              ] Arena @0x00006000016b2200 (non-class sm): requested 7 words.
[0.233s][trace][metaspace              ] Arena @0x00006000016b2200 (non-class sm): after allocation: 1 chunk(s), current:@0x00007f8f2d80b248, u, base 0x0000000171000000, level lv02 (524288), used: 8219, committed: 16384, committed-free: 8165
[0.233s][trace][metaspace              ] Arena @0x00006000016b2200 (non-class sm): returning 0x00000001710100a0.
[0.233s][trace][metaspace              ] Metaspace::allocate: type 13 return 0x00000001710100a0.
[0.233s][debug][class,resolve          ] java.lang.PublicMethods$Key java.util.Arrays PublicMethods.java:108
[0.233s][trace][metaspace              ] Arena @0x00006000016b2200 (non-class sm): requested 7 words.
[0.233s][trace][metaspace              ] Arena @0x00006000016b2200 (non-class sm): after allocation: 1 chunk(s), current:@0x00007f8f2d80b248, u, base 0x0000000171000000, level lv02 (524288), used: 8226, committed: 16384, committed-free: 8158
[0.233s][trace][metaspace              ] Arena @0x00006000016b2200 (non-class sm): returning 0x00000001710100d8.
[0.233s][trace][metaspace              ] Metaspace::allocate: type 13 return 0x00000001710100d8.
[0.233s][debug][class,resolve          ] java.util.Arrays java.util.Objects Arrays.java:2979
[0.233s][trace][metaspace              ] Arena @0x00006000016b2200 (non-class sm): requested 7 words.
[0.233s][trace][metaspace              ] Arena @0x00006000016b2200 (non-class sm): after allocation: 1 chunk(s), current:@0x00007f8f2d80b248, u, base 0x0000000171000000, level lv02 (524288), used: 8233, committed: 16384, committed-free: 8151
[0.233s][trace][metaspace              ] Arena @0x00006000016b2200 (non-class sm): returning 0x0000000171010110.
[0.233s][trace][metaspace              ] Metaspace::allocate: type 13 return 0x0000000171010110.
[0.233s][trace][metaspace              ] Arena @0x00006000016b2200 (non-class sm): requested 7 words.
[0.233s][trace][metaspace              ] Arena @0x00006000016b2200 (non-class sm): after allocation: 1 chunk(s), current:@0x00007f8f2d80b248, u, base 0x0000000171000000, level lv02 (524288), used: 8240, committed: 16384, committed-free: 8144
[0.233s][trace][metaspace              ] Arena @0x00006000016b2200 (non-class sm): returning 0x0000000171010148.
[0.233s][trace][metaspace              ] Metaspace::allocate: type 13 return 0x0000000171010148.
[0.233s][debug][class,resolve          ] java.lang.PublicMethods$MethodList java.lang.Object PublicMethods.java:138
[0.233s][trace][metaspace              ] Arena @0x00006000016b2200 (non-class sm): requested 7 words.
[0.233s][trace][metaspace              ] Arena @0x00006000016b2200 (non-class sm): after allocation: 1 chunk(s), current:@0x00007f8f2d80b248, u, base 0x0000000171000000, level lv02 (524288), used: 8247, committed: 16384, committed-free: 8137
[0.233s][trace][metaspace              ] Arena @0x00006000016b2200 (non-class sm): returning 0x0000000171010180.
[0.233s][trace][metaspace              ] Metaspace::allocate: type 13 return 0x0000000171010180.
[0.233s][debug][class,resolve          ] java.lang.PublicMethods$MethodList java.lang.reflect.Method PublicMethods.java:261
[0.233s][trace][metaspace              ] Arena @0x00006000016b2200 (non-class sm): requested 7 words.
[0.233s][trace][metaspace              ] Arena @0x00006000016b2200 (non-class sm): after allocation: 1 chunk(s), current:@0x00007f8f2d80b248, u, base 0x0000000171000000, level lv02 (524288), used: 8254, committed: 16384, committed-free: 8130
[0.233s][trace][metaspace              ] Arena @0x00006000016b2200 (non-class sm): returning 0x00000001710101b8.
[0.233s][trace][metaspace              ] Metaspace::allocate: type 13 return 0x00000001710101b8.
[0.233s][trace][metaspace              ] Arena @0x00006000016b2200 (non-class sm): requested 7 words.
[0.233s][trace][metaspace              ] Arena @0x00006000016b2200 (non-class sm): after allocation: 1 chunk(s), current:@0x00007f8f2d80b248, u, base 0x0000000171000000, level lv02 (524288), used: 8261, committed: 16384, committed-free: 8123
[0.233s][trace][metaspace              ] Arena @0x00006000016b2200 (non-class sm): returning 0x00000001710101f0.
[0.233s][trace][metaspace              ] Metaspace::allocate: type 13 return 0x00000001710101f0.
[0.233s][debug][class,resolve          ] java.lang.Class jdk.internal.reflect.ReflectionFactory$GetReflectionFactoryAction Class.java:3795
[0.233s][debug][class,resolve          ] java.lang.Class java.security.AccessController Class.java:3797
[0.233s][debug][class,resolve          ] java.lang.Class jdk.internal.reflect.ReflectionFactory Class.java:3797
[0.233s][trace][metaspace              ] Arena @0x00006000016b2200 (non-class sm): requested 7 words.
[0.233s][trace][metaspace              ] Arena @0x00006000016b2200 (non-class sm): after allocation: 1 chunk(s), current:@0x00007f8f2d80b248, u, base 0x0000000171000000, level lv02 (524288), used: 8268, committed: 16384, committed-free: 8116
[0.233s][trace][metaspace              ] Arena @0x00006000016b2200 (non-class sm): returning 0x0000000171010228.
[0.233s][trace][metaspace              ] Metaspace::allocate: type 13 return 0x0000000171010228.
[0.233s][trace][metaspace              ] Arena @0x00006000016b2200 (non-class sm): requested 7 words.
[0.233s][trace][metaspace              ] Arena @0x00006000016b2200 (non-class sm): after allocation: 1 chunk(s), current:@0x00007f8f2d80b248, u, base 0x0000000171000000, level lv02 (524288), used: 8275, committed: 16384, committed-free: 8109
[0.233s][trace][metaspace              ] Arena @0x00006000016b2200 (non-class sm): returning 0x0000000171010260.
[0.234s][trace][metaspace              ] Metaspace::allocate: type 13 return 0x0000000171010260.
[0.234s][debug][class,resolve          ] java.lang.reflect.ReflectAccess java.lang.reflect.Method ReflectAccess.java:102
[0.234s][trace][metaspace              ] Arena @0x00006000016b2200 (non-class sm): requested 7 words.
[0.234s][trace][metaspace              ] Arena @0x00006000016b2200 (non-class sm): after allocation: 1 chunk(s), current:@0x00007f8f2d80b248, u, base 0x0000000171000000, level lv02 (524288), used: 8282, committed: 16384, committed-free: 8102
[0.234s][trace][metaspace              ] Arena @0x00006000016b2200 (non-class sm): returning 0x0000000171010298.
[0.234s][trace][metaspace              ] Metaspace::allocate: type 13 return 0x0000000171010298.
[0.234s][trace][metaspace              ] Arena @0x00006000016b2200 (non-class sm): requested 7 words.
[0.234s][trace][metaspace              ] Arena @0x00006000016b2200 (non-class sm): after allocation: 1 chunk(s), current:@0x00007f8f2d80b248, u, base 0x0000000171000000, level lv02 (524288), used: 8289, committed: 16384, committed-free: 8095
[0.234s][trace][metaspace              ] Arena @0x00006000016b2200 (non-class sm): returning 0x00000001710102d0.
[0.234s][trace][metaspace              ] Metaspace::allocate: type 13 return 0x00000001710102d0.
[0.234s][debug][class,resolve          ] java.lang.reflect.Method java.lang.reflect.Executable Method.java:131
[0.234s][trace][metaspace              ] Arena @0x00006000016b2200 (non-class sm): requested 7 words.
[0.234s][trace][metaspace              ] Arena @0x00006000016b2200 (non-class sm): after allocation: 1 chunk(s), current:@0x00007f8f2d80b248, u, base 0x0000000171000000, level lv02 (524288), used: 8296, committed: 16384, committed-free: 8088
[0.234s][trace][metaspace              ] Arena @0x00006000016b2200 (non-class sm): returning 0x0000000171010308.
[0.234s][trace][metaspace              ] Metaspace::allocate: type 13 return 0x0000000171010308.
[0.234s][debug][class,resolve          ] java.lang.reflect.Executable java.lang.reflect.AccessibleObject Executable.java:56
[0.234s][trace][metaspace              ] Arena @0x00006000016b2200 (non-class sm): requested 7 words.
[0.234s][trace][metaspace              ] Arena @0x00006000016b2200 (non-class sm): after allocation: 1 chunk(s), current:@0x00007f8f2d80b248, u, base 0x0000000171000000, level lv02 (524288), used: 8303, committed: 16384, committed-free: 8081
[0.234s][trace][metaspace              ] Arena @0x00006000016b2200 (non-class sm): returning 0x0000000171010340.
[0.234s][trace][metaspace              ] Metaspace::allocate: type 13 return 0x0000000171010340.
[0.234s][debug][class,resolve          ] java.lang.reflect.AccessibleObject java.lang.Object AccessibleObject.java:474
[0.234s][debug][class,resolve          ] sun.launcher.LauncherHelper java.lang.reflect.Method LauncherHelper.java:871
[0.234s][trace][metaspace              ] Arena @0x00006000016b2200 (non-class sm): requested 7 words.
[0.234s][trace][metaspace              ] Arena @0x00006000016b2200 (non-class sm): after allocation: 1 chunk(s), current:@0x00007f8f2d80b248, u, base 0x0000000171000000, level lv02 (524288), used: 8310, committed: 16384, committed-free: 8074
[0.234s][trace][metaspace              ] Arena @0x00006000016b2200 (non-class sm): returning 0x0000000171010378.
[0.234s][trace][metaspace              ] Metaspace::allocate: type 13 return 0x0000000171010378.
[0.234s][debug][class,resolve          ] sun.launcher.LauncherHelper java.lang.reflect.Modifier LauncherHelper.java:872
[0.234s][trace][metaspace              ] Arena @0x00006000016b2200 (non-class sm): requested 7 words.
[0.234s][trace][metaspace              ] Arena @0x00006000016b2200 (non-class sm): after allocation: 1 chunk(s), current:@0x00007f8f2d80b248, u, base 0x0000000171000000, level lv02 (524288), used: 8317, committed: 16384, committed-free: 8067
[0.234s][trace][metaspace              ] Arena @0x00006000016b2200 (non-class sm): returning 0x00000001710103b0.
[0.234s][trace][metaspace              ] Metaspace::allocate: type 13 return 0x00000001710103b0.
[0.234s][debug][class,load,placeholders] find_and_add LOAD_INSTANCE 'java/lang/Void', loader loader data: 0x00006000032ac000 of 'bootstrap'
[0.234s][debug][class,load,placeholders] loadInstanceThreadQ threads:0x00007f8f4f008800, 
[0.234s][debug][class,load,placeholders] superThreadQ threads:
[0.234s][debug][class,load,placeholders] defineThreadQ threads:
[0.234s][trace][cds,unshareable        ] restore: java.lang.Void
[0.234s][trace][class,loader,data      ] Adding k: 0x00000001300c7108 java.lang.Void to loader data: 0x00006000032ac000 of 'bootstrap'
[0.234s][debug][cds,mirror             ] java.lang.Void has raw archived mirror
[0.234s][debug][cds,heap               ] Clearing root 320: was 0x00000007ffb090f0
[0.234s][debug][cds,mirror             ] Archived mirror is: 0x00000007ffb090f0
[0.234s][trace][cds,heap,mirror        ] Restored java.lang.Void archived mirror 0x00000007ffb090f0
[0.234s][debug][cds,heap               ] Clearing root 321: was 0x00000007ffb09168
[0.234s][info ][class,load             ] java.lang.Void source: shared objects file
[0.234s][debug][class,load             ]  klass: 0x00000001300c7108 super: 0x0000000130000db8 loader: [loader data: 0x00006000032ac000 of 'bootstrap']
[0.234s][debug][class,load,placeholders] find_and_add DEFINE_CLASS 'java/lang/Void', loader loader data: 0x00006000032ac000 of 'bootstrap'
[0.234s][debug][class,load,placeholders] loadInstanceThreadQ threads:0x00007f8f4f008800, 
[0.234s][debug][class,load,placeholders] superThreadQ threads:
[0.234s][debug][class,load,placeholders] defineThreadQ threads:0x00007f8f4f008800, 
[0.234s][debug][class,load,placeholders] find_and_remove DEFINE_CLASS 'java/lang/Void', loader loader data: 0x00006000032ac000 of 'bootstrap', InstanceKlass 'java/lang/Void'
[0.234s][debug][class,load,placeholders] loadInstanceThreadQ threads:0x00007f8f4f008800, 
[0.234s][debug][class,load,placeholders] superThreadQ threads:
[0.234s][debug][class,load,placeholders] defineThreadQ threads:0x00007f8f4f008800, 
[0.234s][debug][class,load,placeholders] find_and_remove LOAD_INSTANCE 'java/lang/Void', loader loader data: 0x00006000032ac000 of 'bootstrap', InstanceKlass 'java/lang/Void'
[0.234s][debug][class,load,placeholders] loadInstanceThreadQ threads:0x00007f8f4f008800, 
[0.234s][debug][class,load,placeholders] superThreadQ threads:
[0.234s][debug][class,load,placeholders] defineThreadQ threads:
[0.234s][debug][class,resolve          ] sun.launcher.LauncherHelper java.lang.Void LauncherHelper.java:876
[0.234s][info ][class,init             ] 286 Initializing 'java/lang/Void' (0x00000001300c7108)
[0.234s][trace][metaspace              ] Arena @0x00006000016b2200 (non-class sm): requested 7 words.
[0.234s][trace][metaspace              ] Arena @0x00006000016b2200 (non-class sm): after allocation: 1 chunk(s), current:@0x00007f8f2d80b248, u, base 0x0000000171000000, level lv02 (524288), used: 8324, committed: 16384, committed-free: 8060
[0.234s][trace][metaspace              ] Arena @0x00006000016b2200 (non-class sm): returning 0x00000001710103e8.
[0.234s][trace][metaspace              ] Metaspace::allocate: type 13 return 0x00000001710103e8.
[0.234s][debug][class,resolve          ] java.lang.Void java.lang.Class Void.java:43
[0.234s][trace][metaspace              ] Arena @0x00006000016b2200 (non-class sm): requested 7 words.
[0.234s][trace][metaspace              ] Arena @0x00006000016b2200 (non-class sm): after allocation: 1 chunk(s), current:@0x00007f8f2d80b248, u, base 0x0000000171000000, level lv02 (524288), used: 8331, committed: 16384, committed-free: 8053
[0.234s][trace][metaspace              ] Arena @0x00006000016b2200 (non-class sm): returning 0x0000000171010420.
[0.234s][trace][metaspace              ] Metaspace::allocate: type 13 return 0x0000000171010420.
[0.234s][trace][metaspace              ] Arena @0x00006000016b2200 (non-class sm): requested 7 words.
[0.234s][trace][metaspace              ] Arena @0x00006000016b2200 (non-class sm): after allocation: 1 chunk(s), current:@0x00007f8f2d80b248, u, base 0x0000000171000000, level lv02 (524288), used: 8338, committed: 16384, committed-free: 8046
[0.234s][trace][metaspace              ] Arena @0x00006000016b2200 (non-class sm): returning 0x0000000171010458.
[0.234s][trace][metaspace              ] Metaspace::allocate: type 13 return 0x0000000171010458.
[0.234s][trace][metaspace              ] Arena @0x00006000016b2200 (non-class sm): requested 7 words.
[0.234s][trace][metaspace              ] Arena @0x00006000016b2200 (non-class sm): after allocation: 1 chunk(s), current:@0x00007f8f2d80b248, u, base 0x0000000171000000, level lv02 (524288), used: 8345, committed: 16384, committed-free: 8039
[0.234s][trace][metaspace              ] Arena @0x00006000016b2200 (non-class sm): returning 0x0000000171010490.
[0.234s][trace][metaspace              ] Metaspace::allocate: type 13 return 0x0000000171010490.
[0.234s][trace][metaspace              ] Arena @0x00006000016b2200 (non-class sm): requested 7 words.
[0.234s][trace][metaspace              ] Arena @0x00006000016b2200 (non-class sm): after allocation: 1 chunk(s), current:@0x00007f8f2d80b248, u, base 0x0000000171000000, level lv02 (524288), used: 8352, committed: 16384, committed-free: 8032
[0.234s][trace][metaspace              ] Arena @0x00006000016b2200 (non-class sm): returning 0x00000001710104c8.
[0.234s][trace][metaspace              ] Metaspace::allocate: type 13 return 0x00000001710104c8.
[0.234s][trace][metaspace              ] Arena @0x00006000016b2200 (non-class sm): requested 7 words.
[0.234s][trace][metaspace              ] Arena @0x00006000016b2200 (non-class sm): after allocation: 1 chunk(s), current:@0x00007f8f2d80b248, u, base 0x0000000171000000, level lv02 (524288), used: 8359, committed: 16384, committed-free: 8025
[0.234s][trace][metaspace              ] Arena @0x00006000016b2200 (non-class sm): returning 0x0000000171010500.
[0.234s][trace][metaspace              ] Metaspace::allocate: type 13 return 0x0000000171010500.
[0.234s][trace][metaspace              ] Arena @0x00006000016b2200 (non-class sm): requested 7 words.
[0.234s][trace][metaspace              ] Arena @0x00006000016b2200 (non-class sm): after allocation: 1 chunk(s), current:@0x00007f8f2d80b248, u, base 0x0000000171000000, level lv02 (524288), used: 8366, committed: 16384, committed-free: 8018
[0.234s][trace][metaspace              ] Arena @0x00006000016b2200 (non-class sm): returning 0x0000000171010538.
[0.234s][trace][metaspace              ] Metaspace::allocate: type 13 return 0x0000000171010538.
[0.234s][trace][metaspace              ] Arena @0x00006000016b2200 (non-class sm): requested 7 words.
[0.234s][trace][metaspace              ] Arena @0x00006000016b2200 (non-class sm): after allocation: 1 chunk(s), current:@0x00007f8f2d80b248, u, base 0x0000000171000000, level lv02 (524288), used: 8373, committed: 16384, committed-free: 8011
[0.234s][trace][metaspace              ] Arena @0x00006000016b2200 (non-class sm): returning 0x0000000171010570.
[0.235s][trace][metaspace              ] Metaspace::allocate: type 13 return 0x0000000171010570.
[0.235s][trace][metaspace              ] Arena @0x00006000016b2200 (non-class sm): requested 7 words.
[0.235s][trace][metaspace              ] Arena @0x00006000016b2200 (non-class sm): after allocation: 1 chunk(s), current:@0x00007f8f2d80b248, u, base 0x0000000171000000, level lv02 (524288), used: 8380, committed: 16384, committed-free: 8004
[0.235s][trace][metaspace              ] Arena @0x00006000016b2200 (non-class sm): returning 0x00000001710105a8.
[0.235s][trace][metaspace              ] Metaspace::allocate: type 13 return 0x00000001710105a8.
[0.235s][trace][metaspace              ] Arena @0x00006000016b2200 (non-class sm): requested 7 words.
[0.235s][trace][metaspace              ] Arena @0x00006000016b2200 (non-class sm): after allocation: 1 chunk(s), current:@0x00007f8f2d80b248, u, base 0x0000000171000000, level lv02 (524288), used: 8387, committed: 16384, committed-free: 7997
[0.235s][trace][metaspace              ] Arena @0x00006000016b2200 (non-class sm): returning 0x00000001710105e0.
[0.235s][trace][metaspace              ] Metaspace::allocate: type 13 return 0x00000001710105e0.
[0.235s][trace][metaspace              ] Arena @0x00006000016b2200 (non-class sm): requested 7 words.
[0.235s][trace][metaspace              ] Arena @0x00006000016b2200 (non-class sm): after allocation: 1 chunk(s), current:@0x00007f8f2d80b248, u, base 0x0000000171000000, level lv02 (524288), used: 8394, committed: 16384, committed-free: 7990
[0.235s][trace][metaspace              ] Arena @0x00006000016b2200 (non-class sm): returning 0x0000000171010618.
[0.235s][trace][metaspace              ] Metaspace::allocate: type 13 return 0x0000000171010618.
[0.235s][info ][class,init             ] 287 Initializing 'high.skill.girl.learns.jvm.main.Main'(no method) (0x0000000131000800)
[0.235s][trace][metaspace              ] Arena @0x000060000169cb00 (non-class sm): requested 7 words.
[0.235s][trace][metaspace              ] Arena @0x000060000169cb00 (non-class sm): after allocation: 1 chunk(s), current:@0x00007f8f2d80b2d8, u, base 0x0000000171400000, level lv12 (512), used: 120, committed: 512, committed-free: 392
[0.235s][trace][metaspace              ] Arena @0x000060000169cb00 (non-class sm): returning 0x0000000171400388.
[0.235s][trace][metaspace              ] Metaspace::allocate: type 13 return 0x0000000171400388.
[0.235s][trace][protectiondomain       ] adding protection domain for class java/lang/System class loader: a 'jdk/internal/loader/ClassLoaders$AppClassLoader'{0x00000007ffb556a8} protection domain: a 'java/security/ProtectionDomain'{0x000000061fc1a4a0} pd set count = #1
[0.235s][debug][class,resolve          ] high.skill.girl.learns.jvm.main.Main java.lang.System high.skill.girl.learns.jvm.main.Main.java:3
[0.235s][info ][class,loader,constraints] adding new constraint for name: java/io/PrintStream, loader[0]: 'app', loader[1]: 'bootstrap'
[0.235s][trace][oopstorage,ref          ] StringTable Weak: allocated 0x00007f8f4cf05f50
[0.235s][trace][protectiondomain        ] adding protection domain for class java/io/PrintStream class loader: a 'jdk/internal/loader/ClassLoaders$AppClassLoader'{0x00000007ffb556a8} protection domain: a 'java/security/ProtectionDomain'{0x000000061fc1a4a0} pd set count = #1
[0.235s][debug][class,resolve           ] high.skill.girl.learns.jvm.main.Main java.io.PrintStream high.skill.girl.learns.jvm.main.Main.java:3
[0.235s][trace][metaspace               ] Arena @0x00006000016b2200 (non-class sm): requested 7 words.
[0.235s][trace][metaspace               ] Arena @0x00006000016b2200 (non-class sm): after allocation: 1 chunk(s), current:@0x00007f8f2d80b248, u, base 0x0000000171000000, level lv02 (524288), used: 8401, committed: 16384, committed-free: 7983
[0.235s][trace][metaspace               ] Arena @0x00006000016b2200 (non-class sm): returning 0x0000000171010650.
[0.235s][trace][metaspace               ] Metaspace::allocate: type 13 return 0x0000000171010650.
[0.235s][debug][class,resolve           ] java.io.PrintStream java.lang.Object PrintStream.java:1027
[0.235s][debug][class,resolve           ] java.io.PrintStream java.lang.String PrintStream.java:1028
[0.235s][trace][metaspace               ] Arena @0x00006000016b2200 (non-class sm): requested 7 words.
[0.235s][trace][metaspace               ] Arena @0x00006000016b2200 (non-class sm): after allocation: 1 chunk(s), current:@0x00007f8f2d80b248, u, base 0x0000000171000000, level lv02 (524288), used: 8408, committed: 16384, committed-free: 7976
[0.235s][trace][metaspace               ] Arena @0x00006000016b2200 (non-class sm): returning 0x0000000171010688.
[0.235s][trace][metaspace               ] Metaspace::allocate: type 13 return 0x0000000171010688.
[0.235s][trace][metaspace               ] Arena @0x00006000016b2200 (non-class sm): requested 7 words.
[0.235s][trace][metaspace               ] Arena @0x00006000016b2200 (non-class sm): after allocation: 1 chunk(s), current:@0x00007f8f2d80b248, u, base 0x0000000171000000, level lv02 (524288), used: 8415, committed: 16384, committed-free: 7969
[0.235s][trace][metaspace               ] Arena @0x00006000016b2200 (non-class sm): returning 0x00000001710106c0.
[0.235s][trace][metaspace               ] Metaspace::allocate: type 13 return 0x00000001710106c0.
[0.235s][trace][metaspace               ] Arena @0x00006000016b2200 (non-class sm): requested 7 words.
[0.235s][trace][metaspace               ] Arena @0x00006000016b2200 (non-class sm): after allocation: 1 chunk(s), current:@0x00007f8f2d80b248, u, base 0x0000000171000000, level lv02 (524288), used: 8422, committed: 16384, committed-free: 7962
[0.235s][trace][metaspace               ] Arena @0x00006000016b2200 (non-class sm): returning 0x00000001710106f8.
[0.235s][trace][metaspace               ] Metaspace::allocate: type 13 return 0x00000001710106f8.
[0.235s][trace][metaspace               ] Arena @0x00006000016b2200 (non-class sm): requested 7 words.
[0.235s][trace][metaspace               ] Arena @0x00006000016b2200 (non-class sm): after allocation: 1 chunk(s), current:@0x00007f8f2d80b248, u, base 0x0000000171000000, level lv02 (524288), used: 8429, committed: 16384, committed-free: 7955
[0.235s][trace][metaspace               ] Arena @0x00006000016b2200 (non-class sm): returning 0x0000000171010730.
[0.235s][trace][metaspace               ] Metaspace::allocate: type 13 return 0x0000000171010730.
[0.235s][debug][class,resolve           ] java.io.Writer java.lang.String Writer.java:249
[0.235s][trace][metaspace               ] Arena @0x00006000016b2200 (non-class sm): requested 7 words.
[0.235s][trace][metaspace               ] Arena @0x00006000016b2200 (non-class sm): after allocation: 1 chunk(s), current:@0x00007f8f2d80b248, u, base 0x0000000171000000, level lv02 (524288), used: 8436, committed: 16384, committed-free: 7948
[0.235s][trace][metaspace               ] Arena @0x00006000016b2200 (non-class sm): returning 0x0000000171010768.
[0.235s][trace][metaspace               ] Metaspace::allocate: type 13 return 0x0000000171010768.
[0.235s][trace][metaspace               ] Arena @0x00006000016b2200 (non-class sm): requested 7 words.
[0.235s][trace][metaspace               ] Arena @0x00006000016b2200 (non-class sm): after allocation: 1 chunk(s), current:@0x00007f8f2d80b248, u, base 0x0000000171000000, level lv02 (524288), used: 8443, committed: 16384, committed-free: 7941
[0.235s][trace][metaspace               ] Arena @0x00006000016b2200 (non-class sm): returning 0x00000001710107a0.
[0.235s][trace][metaspace               ] Metaspace::allocate: type 13 return 0x00000001710107a0.
[0.235s][trace][metaspace               ] Arena @0x00006000016b2200 (non-class sm): requested 7 words.
[0.235s][trace][metaspace               ] Arena @0x00006000016b2200 (non-class sm): after allocation: 1 chunk(s), current:@0x00007f8f2d80b248, u, base 0x0000000171000000, level lv02 (524288), used: 8450, committed: 16384, committed-free: 7934
[0.235s][trace][metaspace               ] Arena @0x00006000016b2200 (non-class sm): returning 0x00000001710107d8.
[0.235s][trace][metaspace               ] Metaspace::allocate: type 13 return 0x00000001710107d8.
[0.235s][debug][class,resolve           ] java.io.BufferedWriter java.lang.String BufferedWriter.java:229
[0.235s][trace][metaspace               ] Arena @0x00006000016b2200 (non-class sm): requested 7 words.
[0.235s][trace][metaspace               ] Arena @0x00006000016b2200 (non-class sm): after allocation: 1 chunk(s), current:@0x00007f8f2d80b248, u, base 0x0000000171000000, level lv02 (524288), used: 8457, committed: 16384, committed-free: 7927
[0.235s][trace][metaspace               ] Arena @0x00006000016b2200 (non-class sm): returning 0x0000000171010810.
[0.235s][trace][metaspace               ] Metaspace::allocate: type 13 return 0x0000000171010810.
[0.235s][trace][metaspace               ] Arena @0x00006000016b2200 (non-class sm): requested 7 words.
[0.235s][trace][metaspace               ] Arena @0x00006000016b2200 (non-class sm): after allocation: 1 chunk(s), current:@0x00007f8f2d80b248, u, base 0x0000000171000000, level lv02 (524288), used: 8464, committed: 16384, committed-free: 7920
[0.235s][trace][metaspace               ] Arena @0x00006000016b2200 (non-class sm): returning 0x0000000171010848.
[0.235s][trace][metaspace               ] Metaspace::allocate: type 13 return 0x0000000171010848.
[0.235s][trace][metaspace               ] Arena @0x00006000016b2200 (non-class sm): requested 7 words.
[0.235s][trace][metaspace               ] Arena @0x00006000016b2200 (non-class sm): after allocation: 1 chunk(s), current:@0x00007f8f2d80b248, u, base 0x0000000171000000, level lv02 (524288), used: 8471, committed: 16384, committed-free: 7913
[0.235s][trace][metaspace               ] Arena @0x00006000016b2200 (non-class sm): returning 0x0000000171010880.
[0.235s][trace][metaspace               ] Metaspace::allocate: type 13 return 0x0000000171010880.
[0.235s][trace][metaspace               ] Arena @0x00006000016b2200 (non-class sm): requested 7 words.
[0.235s][trace][metaspace               ] Arena @0x00006000016b2200 (non-class sm): after allocation: 1 chunk(s), current:@0x00007f8f2d80b248, u, base 0x0000000171000000, level lv02 (524288), used: 8478, committed: 16384, committed-free: 7906
[0.235s][trace][metaspace               ] Arena @0x00006000016b2200 (non-class sm): returning 0x00000001710108b8.
[0.235s][trace][metaspace               ] Metaspace::allocate: type 13 return 0x00000001710108b8.
[0.235s][debug][class,resolve           ] java.io.BufferedWriter java.lang.System BufferedWriter.java:246
[0.235s][trace][metaspace               ] Arena @0x00006000016b2200 (non-class sm): requested 7 words.
[0.235s][trace][metaspace               ] Arena @0x00006000016b2200 (non-class sm): after allocation: 1 chunk(s), current:@0x00007f8f2d80b248, u, base 0x0000000171000000, level lv02 (524288), used: 8485, committed: 16384, committed-free: 7899
[0.235s][trace][metaspace               ] Arena @0x00006000016b2200 (non-class sm): returning 0x00000001710108f0.
[0.236s][trace][metaspace               ] Metaspace::allocate: type 13 return 0x00000001710108f0.
[0.236s][trace][metaspace               ] Arena @0x00006000016b2200 (non-class sm): requested 7 words.
[0.236s][trace][metaspace               ] Arena @0x00006000016b2200 (non-class sm): after allocation: 1 chunk(s), current:@0x00007f8f2d80b248, u, base 0x0000000171000000, level lv02 (524288), used: 8492, committed: 16384, committed-free: 7892
[0.236s][trace][metaspace               ] Arena @0x00006000016b2200 (non-class sm): returning 0x0000000171010928.
[0.236s][trace][metaspace               ] Metaspace::allocate: type 13 return 0x0000000171010928.
[0.236s][trace][metaspace               ] Arena @0x00006000016b2200 (non-class sm): requested 7 words.
[0.236s][trace][metaspace               ] Arena @0x00006000016b2200 (non-class sm): after allocation: 1 chunk(s), current:@0x00007f8f2d80b248, u, base 0x0000000171000000, level lv02 (524288), used: 8499, committed: 16384, committed-free: 7885
[0.236s][trace][metaspace               ] Arena @0x00006000016b2200 (non-class sm): returning 0x0000000171010960.
[0.236s][trace][metaspace               ] Metaspace::allocate: type 13 return 0x0000000171010960.
[0.236s][trace][metaspace               ] Arena @0x00006000016b2200 (non-class sm): requested 7 words.
[0.236s][trace][metaspace               ] Arena @0x00006000016b2200 (non-class sm): after allocation: 1 chunk(s), current:@0x00007f8f2d80b248, u, base 0x0000000171000000, level lv02 (524288), used: 8506, committed: 16384, committed-free: 7878
[0.236s][trace][metaspace               ] Arena @0x00006000016b2200 (non-class sm): returning 0x0000000171010998.
[0.236s][trace][metaspace               ] Metaspace::allocate: type 13 return 0x0000000171010998.
[0.236s][trace][metaspace               ] Arena @0x00006000016b2200 (non-class sm): requested 7 words.
[0.236s][trace][metaspace               ] Arena @0x00006000016b2200 (non-class sm): after allocation: 1 chunk(s), current:@0x00007f8f2d80b248, u, base 0x0000000171000000, level lv02 (524288), used: 8513, committed: 16384, committed-free: 7871
[0.236s][trace][metaspace               ] Arena @0x00006000016b2200 (non-class sm): returning 0x00000001710109d0.
[0.236s][trace][metaspace               ] Metaspace::allocate: type 13 return 0x00000001710109d0.
[0.236s][trace][metaspace               ] Arena @0x00006000016b2200 (non-class sm): requested 7 words.
[0.236s][trace][metaspace               ] Arena @0x00006000016b2200 (non-class sm): after allocation: 1 chunk(s), current:@0x00007f8f2d80b248, u, base 0x0000000171000000, level lv02 (524288), used: 8520, committed: 16384, committed-free: 7864
[0.236s][trace][metaspace               ] Arena @0x00006000016b2200 (non-class sm): returning 0x0000000171010a08.
[0.236s][trace][metaspace               ] Metaspace::allocate: type 13 return 0x0000000171010a08.
[0.236s][debug][class,load,placeholders ] find_and_add LOAD_INSTANCE 'java/nio/CharBuffer', loader loader data: 0x00006000032ac000 of 'bootstrap'
[0.236s][debug][class,load,placeholders ] loadInstanceThreadQ threads:0x00007f8f4f008800, 
[0.236s][debug][class,load,placeholders ] superThreadQ threads:
[0.236s][debug][class,load,placeholders ] defineThreadQ threads:
[0.236s][debug][class,load,placeholders ] find_and_add LOAD_SUPER 'java/nio/CharBuffer', loader loader data: 0x00006000032ac000 of 'bootstrap', supername 'java/lang/Readable'
[0.236s][debug][class,load,placeholders ] loadInstanceThreadQ threads:0x00007f8f4f008800, 
[0.236s][debug][class,load,placeholders ] superThreadQ threads:0x00007f8f4f008800, 
[0.236s][debug][class,load,placeholders ] defineThreadQ threads:
[0.236s][debug][class,load,placeholders ] find_and_add LOAD_INSTANCE 'java/lang/Readable', loader loader data: 0x00006000032ac000 of 'bootstrap'
[0.236s][debug][class,load,placeholders ] loadInstanceThreadQ threads:0x00007f8f4f008800, 
[0.236s][debug][class,load,placeholders ] superThreadQ threads:
[0.236s][debug][class,load,placeholders ] defineThreadQ threads:
[0.236s][trace][cds,unshareable         ] restore: java.lang.Readable
[0.236s][trace][class,loader,data       ] Adding k: 0x0000000130045a48 java.lang.Readable to loader data: 0x00006000032ac000 of 'bootstrap'
[0.236s][debug][cds,mirror              ] java.lang.Readable has raw archived mirror
[0.236s][debug][cds,heap                ] Clearing root 1091: was 0x00000007ffb1f740
[0.236s][debug][cds,mirror              ] Archived mirror is: 0x00000007ffb1f740
[0.236s][trace][cds,heap,mirror         ] Restored java.lang.Readable archived mirror 0x00000007ffb1f740
[0.236s][info ][class,load              ] java.lang.Readable source: shared objects file
[0.236s][debug][class,load              ]  klass: 0x0000000130045a48 super: 0x0000000130000db8 loader: [loader data: 0x00006000032ac000 of 'bootstrap']
[0.236s][debug][class,load,placeholders ] find_and_add DEFINE_CLASS 'java/lang/Readable', loader loader data: 0x00006000032ac000 of 'bootstrap'
[0.236s][debug][class,load,placeholders ] loadInstanceThreadQ threads:0x00007f8f4f008800, 
[0.236s][debug][class,load,placeholders ] superThreadQ threads:
[0.236s][debug][class,load,placeholders ] defineThreadQ threads:0x00007f8f4f008800, 
[0.236s][debug][class,load,placeholders ] find_and_remove DEFINE_CLASS 'java/lang/Readable', loader loader data: 0x00006000032ac000 of 'bootstrap', InstanceKlass 'java/lang/Readable'
[0.236s][debug][class,load,placeholders ] loadInstanceThreadQ threads:0x00007f8f4f008800, 
[0.236s][debug][class,load,placeholders ] superThreadQ threads:
[0.236s][debug][class,load,placeholders ] defineThreadQ threads:0x00007f8f4f008800, 
[0.236s][debug][class,load,placeholders ] find_and_remove LOAD_INSTANCE 'java/lang/Readable', loader loader data: 0x00006000032ac000 of 'bootstrap', InstanceKlass 'java/lang/Readable'
[0.236s][debug][class,load,placeholders ] loadInstanceThreadQ threads:0x00007f8f4f008800, 
[0.236s][debug][class,load,placeholders ] superThreadQ threads:
[0.236s][debug][class,load,placeholders ] defineThreadQ threads:
[0.236s][debug][class,load,placeholders ] find_and_remove LOAD_SUPER 'java/nio/CharBuffer', loader loader data: 0x00006000032ac000 of 'bootstrap', supername 'java/lang/Readable'
[0.236s][debug][class,load,placeholders ] loadInstanceThreadQ threads:0x00007f8f4f008800, 
[0.236s][debug][class,load,placeholders ] superThreadQ threads:0x00007f8f4f008800, 
[0.236s][debug][class,load,placeholders ] defineThreadQ threads:
[0.236s][trace][cds,unshareable         ] restore: java.nio.CharBuffer
[0.236s][trace][class,loader,data       ] Adding k: 0x000000013008d8b0 java.nio.CharBuffer to loader data: 0x00006000032ac000 of 'bootstrap'
[0.236s][debug][cds,mirror              ] java.nio.CharBuffer has raw archived mirror
[0.236s][debug][cds,heap                ] Clearing root 278: was 0x00000007ffb078e0
[0.236s][debug][cds,mirror              ] Archived mirror is: 0x00000007ffb078e0
[0.236s][trace][cds,heap,mirror         ] Restored java.nio.CharBuffer archived mirror 0x00000007ffb078e0
[0.236s][debug][cds,heap                ] Clearing root 279: was 0x00000007ffb07960
[0.236s][info ][class,load              ] java.nio.CharBuffer source: shared objects file
[0.236s][debug][class,load              ]  klass: 0x000000013008d8b0 super: 0x0000000130089338 interfaces: 0x00000001300098f8 0x00000001300176b0 0x0000000130063dd8 0x0000000130045a48 loader: [loader data: 0x00006000032ac000 of 'bootstrap']
[0.236s][debug][class,load,placeholders ] find_and_add DEFINE_CLASS 'java/nio/CharBuffer', loader loader data: 0x00006000032ac000 of 'bootstrap', supername 'java/lang/Readable'
[0.236s][debug][class,load,placeholders ] loadInstanceThreadQ threads:0x00007f8f4f008800, 
[0.236s][debug][class,load,placeholders ] superThreadQ threads:
[0.236s][debug][class,load,placeholders ] defineThreadQ threads:0x00007f8f4f008800, 
[0.236s][debug][class,load,placeholders ] find_and_remove DEFINE_CLASS 'java/nio/CharBuffer', loader loader data: 0x00006000032ac000 of 'bootstrap', supername 'java/lang/Readable', InstanceKlass 'java/nio/CharBuffer'
[0.236s][debug][class,load,placeholders ] loadInstanceThreadQ threads:0x00007f8f4f008800, 
[0.236s][debug][class,load,placeholders ] superThreadQ threads:
[0.236s][debug][class,load,placeholders ] defineThreadQ threads:0x00007f8f4f008800, 
[0.236s][debug][class,load,placeholders ] find_and_remove LOAD_INSTANCE 'java/nio/CharBuffer', loader loader data: 0x00006000032ac000 of 'bootstrap', supername 'java/lang/Readable', InstanceKlass 'java/nio/CharBuffer'
[0.236s][debug][class,load,placeholders ] loadInstanceThreadQ threads:0x00007f8f4f008800, 
[0.236s][debug][class,load,placeholders ] superThreadQ threads:
[0.236s][debug][class,load,placeholders ] defineThreadQ threads:
[0.236s][debug][class,resolve           ] sun.nio.cs.StreamEncoder java.nio.CharBuffer StreamEncoder.java:281
[0.236s][info ][class,init              ] 288 Initializing 'java/nio/CharBuffer' (0x000000013008d8b0)
[0.236s][trace][metaspace               ] Arena @0x00006000016b2200 (non-class sm): requested 7 words.
[0.236s][trace][metaspace               ] Arena @0x00006000016b2200 (non-class sm): after allocation: 1 chunk(s), current:@0x00007f8f2d80b248, u, base 0x0000000171000000, level lv02 (524288), used: 8527, committed: 16384, committed-free: 7857
[0.237s][trace][metaspace               ] Arena @0x00006000016b2200 (non-class sm): returning 0x0000000171010a40.
[0.237s][trace][metaspace               ] Metaspace::allocate: type 13 return 0x0000000171010a40.
[0.237s][debug][class,resolve           ] java.nio.CharBuffer java.lang.Class CharBuffer.java:267
[0.237s][debug][class,resolve           ] java.nio.CharBuffer [C CharBuffer.java:272
[0.237s][debug][class,resolve           ] java.nio.CharBuffer jdk.internal.misc.Unsafe CharBuffer.java:272
[0.237s][trace][metaspace               ] Arena @0x00006000016b2200 (non-class sm): requested 7 words.
[0.237s][trace][metaspace               ] Arena @0x00006000016b2200 (non-class sm): after allocation: 1 chunk(s), current:@0x00007f8f2d80b248, u, base 0x0000000171000000, level lv02 (524288), used: 8534, committed: 16384, committed-free: 7850
[0.237s][trace][metaspace               ] Arena @0x00006000016b2200 (non-class sm): returning 0x0000000171010a78.
[0.237s][trace][metaspace               ] Metaspace::allocate: type 13 return 0x0000000171010a78.
[0.237s][debug][class,load,placeholders ] find_and_add LOAD_INSTANCE 'java/nio/HeapCharBuffer', loader loader data: 0x00006000032ac000 of 'bootstrap'
[0.237s][debug][class,load,placeholders ] loadInstanceThreadQ threads:0x00007f8f4f008800, 
[0.237s][debug][class,load,placeholders ] superThreadQ threads:
[0.237s][debug][class,load,placeholders ] defineThreadQ threads:
[0.237s][trace][cds,unshareable         ] restore: java.nio.HeapCharBuffer
[0.237s][trace][class,loader,data       ] Adding k: 0x000000013008dd58 java.nio.HeapCharBuffer to loader data: 0x00006000032ac000 of 'bootstrap'
[0.237s][debug][cds,mirror              ] java.nio.HeapCharBuffer has raw archived mirror
[0.237s][debug][cds,heap                ] Clearing root 1253: was 0x00000007ffb230f0
[0.237s][debug][cds,mirror              ] Archived mirror is: 0x00000007ffb230f0
[0.237s][trace][cds,heap,mirror         ] Restored java.nio.HeapCharBuffer archived mirror 0x00000007ffb230f0
[0.237s][info ][class,load              ] java.nio.HeapCharBuffer source: shared objects file
[0.237s][debug][class,load              ]  klass: 0x000000013008dd58 super: 0x000000013008d8b0 loader: [loader data: 0x00006000032ac000 of 'bootstrap']
[0.237s][debug][class,load,placeholders ] find_and_add DEFINE_CLASS 'java/nio/HeapCharBuffer', loader loader data: 0x00006000032ac000 of 'bootstrap'
[0.237s][debug][class,load,placeholders ] loadInstanceThreadQ threads:0x00007f8f4f008800, 
[0.237s][debug][class,load,placeholders ] superThreadQ threads:
[0.237s][debug][class,load,placeholders ] defineThreadQ threads:0x00007f8f4f008800, 
[0.237s][debug][class,load,placeholders ] find_and_remove DEFINE_CLASS 'java/nio/HeapCharBuffer', loader loader data: 0x00006000032ac000 of 'bootstrap', InstanceKlass 'java/nio/HeapCharBuffer'
[0.237s][debug][class,load,placeholders ] loadInstanceThreadQ threads:0x00007f8f4f008800, 
[0.237s][debug][class,load,placeholders ] superThreadQ threads:
[0.237s][debug][class,load,placeholders ] defineThreadQ threads:0x00007f8f4f008800, 
[0.237s][debug][class,load,placeholders ] find_and_remove LOAD_INSTANCE 'java/nio/HeapCharBuffer', loader loader data: 0x00006000032ac000 of 'bootstrap', InstanceKlass 'java/nio/HeapCharBuffer'
[0.237s][debug][class,load,placeholders ] loadInstanceThreadQ threads:0x00007f8f4f008800, 
[0.237s][debug][class,load,placeholders ] superThreadQ threads:
[0.237s][debug][class,load,placeholders ] defineThreadQ threads:
[0.237s][debug][class,resolve           ] java.nio.CharBuffer java.nio.HeapCharBuffer CharBuffer.java:408
[0.237s][info ][class,init              ] 289 Initializing 'java/nio/HeapCharBuffer' (0x000000013008dd58)
[0.237s][trace][metaspace               ] Arena @0x00006000016b2200 (non-class sm): requested 7 words.
[0.237s][trace][metaspace               ] Arena @0x00006000016b2200 (non-class sm): after allocation: 1 chunk(s), current:@0x00007f8f2d80b248, u, base 0x0000000171000000, level lv02 (524288), used: 8541, committed: 16384, committed-free: 7843
[0.237s][trace][metaspace               ] Arena @0x00006000016b2200 (non-class sm): returning 0x0000000171010ab0.
[0.237s][trace][metaspace               ] Metaspace::allocate: type 13 return 0x0000000171010ab0.
[0.237s][debug][class,resolve           ] java.nio.HeapCharBuffer java.lang.Class HeapCharBuffer.java:44
[0.237s][debug][class,resolve           ] java.nio.HeapCharBuffer [C HeapCharBuffer.java:48
[0.237s][debug][class,resolve           ] java.nio.HeapCharBuffer jdk.internal.misc.Unsafe HeapCharBuffer.java:48
[0.237s][trace][metaspace               ] Arena @0x00006000016b2200 (non-class sm): requested 7 words.
[0.237s][trace][metaspace               ] Arena @0x00006000016b2200 (non-class sm): after allocation: 1 chunk(s), current:@0x00007f8f2d80b248, u, base 0x0000000171000000, level lv02 (524288), used: 8548, committed: 16384, committed-free: 7836
[0.237s][trace][metaspace               ] Arena @0x00006000016b2200 (non-class sm): returning 0x0000000171010ae8.
[0.237s][trace][metaspace               ] Metaspace::allocate: type 13 return 0x0000000171010ae8.
[0.237s][debug][class,resolve           ] java.nio.HeapCharBuffer java.nio.CharBuffer HeapCharBuffer.java:78
[0.237s][trace][metaspace               ] Arena @0x00006000016b2200 (non-class sm): requested 7 words.
[0.237s][trace][metaspace               ] Arena @0x00006000016b2200 (non-class sm): after allocation: 1 chunk(s), current:@0x00007f8f2d80b248, u, base 0x0000000171000000, level lv02 (524288), used: 8555, committed: 16384, committed-free: 7829
[0.237s][trace][metaspace               ] Arena @0x00006000016b2200 (non-class sm): returning 0x0000000171010b20.
[0.237s][trace][metaspace               ] Metaspace::allocate: type 13 return 0x0000000171010b20.
[0.237s][debug][class,resolve           ] java.nio.CharBuffer java.nio.Buffer CharBuffer.java:288
[0.237s][trace][metaspace               ] Arena @0x00006000016b2200 (non-class sm): requested 7 words.
[0.237s][trace][metaspace               ] Arena @0x00006000016b2200 (non-class sm): after allocation: 1 chunk(s), current:@0x00007f8f2d80b248, u, base 0x0000000171000000, level lv02 (524288), used: 8562, committed: 16384, committed-free: 7822
[0.237s][trace][metaspace               ] Arena @0x00006000016b2200 (non-class sm): returning 0x0000000171010b58.
[0.237s][trace][metaspace               ] Metaspace::allocate: type 13 return 0x0000000171010b58.
[0.237s][trace][metaspace               ] Arena @0x00006000016b2200 (non-class sm): requested 7 words.
[0.237s][trace][metaspace               ] Arena @0x00006000016b2200 (non-class sm): after allocation: 1 chunk(s), current:@0x00007f8f2d80b248, u, base 0x0000000171000000, level lv02 (524288), used: 8569, committed: 16384, committed-free: 7815
[0.237s][trace][metaspace               ] Arena @0x00006000016b2200 (non-class sm): returning 0x0000000171010b90.
[0.237s][trace][metaspace               ] Metaspace::allocate: type 13 return 0x0000000171010b90.
[0.237s][trace][metaspace               ] Arena @0x00006000016b2200 (non-class sm): requested 7 words.
[0.237s][trace][metaspace               ] Arena @0x00006000016b2200 (non-class sm): after allocation: 1 chunk(s), current:@0x00007f8f2d80b248, u, base 0x0000000171000000, level lv02 (524288), used: 8576, committed: 16384, committed-free: 7808
[0.237s][trace][metaspace               ] Arena @0x00006000016b2200 (non-class sm): returning 0x0000000171010bc8.
[0.237s][trace][metaspace               ] Metaspace::allocate: type 13 return 0x0000000171010bc8.
[0.237s][trace][metaspace               ] Arena @0x00006000016b2200 (non-class sm): requested 7 words.
[0.237s][trace][metaspace               ] Arena @0x00006000016b2200 (non-class sm): after allocation: 1 chunk(s), current:@0x00007f8f2d80b248, u, base 0x0000000171000000, level lv02 (524288), used: 8583, committed: 16384, committed-free: 7801
[0.237s][trace][metaspace               ] Arena @0x00006000016b2200 (non-class sm): returning 0x0000000171010c00.
[0.237s][trace][metaspace               ] Metaspace::allocate: type 13 return 0x0000000171010c00.
[0.237s][trace][metaspace               ] Arena @0x00006000016b2200 (non-class sm): requested 7 words.
[0.237s][trace][metaspace               ] Arena @0x00006000016b2200 (non-class sm): after allocation: 1 chunk(s), current:@0x00007f8f2d80b248, u, base 0x0000000171000000, level lv02 (524288), used: 8590, committed: 16384, committed-free: 7794
[0.237s][trace][metaspace               ] Arena @0x00006000016b2200 (non-class sm): returning 0x0000000171010c38.
[0.237s][trace][metaspace               ] Metaspace::allocate: type 13 return 0x0000000171010c38.
[0.237s][trace][metaspace               ] Arena @0x00006000016b2200 (non-class sm): requested 7 words.
[0.237s][trace][metaspace               ] Arena @0x00006000016b2200 (non-class sm): after allocation: 1 chunk(s), current:@0x00007f8f2d80b248, u, base 0x0000000171000000, level lv02 (524288), used: 8597, committed: 16384, committed-free: 7787
[0.237s][trace][metaspace               ] Arena @0x00006000016b2200 (non-class sm): returning 0x0000000171010c70.
[0.237s][trace][metaspace               ] Metaspace::allocate: type 13 return 0x0000000171010c70.
[0.237s][trace][metaspace               ] Arena @0x00006000016b2200 (non-class sm): requested 7 words.
[0.237s][trace][metaspace               ] Arena @0x00006000016b2200 (non-class sm): after allocation: 1 chunk(s), current:@0x00007f8f2d80b248, u, base 0x0000000171000000, level lv02 (524288), used: 8604, committed: 16384, committed-free: 7780
[0.237s][trace][metaspace               ] Arena @0x00006000016b2200 (non-class sm): returning 0x0000000171010ca8.
[0.237s][trace][metaspace               ] Metaspace::allocate: type 13 return 0x0000000171010ca8.
[0.237s][trace][metaspace               ] Arena @0x00006000016b2200 (non-class sm): requested 7 words.
[0.237s][trace][metaspace               ] Arena @0x00006000016b2200 (non-class sm): after allocation: 1 chunk(s), current:@0x00007f8f2d80b248, u, base 0x0000000171000000, level lv02 (524288), used: 8611, committed: 16384, committed-free: 7773
[0.237s][trace][metaspace               ] Arena @0x00006000016b2200 (non-class sm): returning 0x0000000171010ce0.
[0.237s][trace][metaspace               ] Metaspace::allocate: type 13 return 0x0000000171010ce0.
[0.237s][debug][class,resolve           ] sun.nio.cs.UTF_8$Encoder java.nio.CharBuffer UTF_8.java:563
[0.237s][trace][metaspace               ] Arena @0x00006000016b2200 (non-class sm): requested 7 words.
[0.237s][trace][metaspace               ] Arena @0x00006000016b2200 (non-class sm): after allocation: 1 chunk(s), current:@0x00007f8f2d80b248, u, base 0x0000000171000000, level lv02 (524288), used: 8618, committed: 16384, committed-free: 7766
[0.238s][trace][metaspace               ] Arena @0x00006000016b2200 (non-class sm): returning 0x0000000171010d18.
[0.238s][trace][metaspace               ] Metaspace::allocate: type 13 return 0x0000000171010d18.
[0.238s][debug][class,resolve           ] sun.nio.cs.UTF_8$Encoder java.nio.ByteBuffer UTF_8.java:563
[0.238s][trace][metaspace               ] Arena @0x00006000016b2200 (non-class sm): requested 7 words.
[0.238s][trace][metaspace               ] Arena @0x00006000016b2200 (non-class sm): after allocation: 1 chunk(s), current:@0x00007f8f2d80b248, u, base 0x0000000171000000, level lv02 (524288), used: 8625, committed: 16384, committed-free: 7759
[0.238s][trace][metaspace               ] Arena @0x00006000016b2200 (non-class sm): returning 0x0000000171010d50.
[0.238s][trace][metaspace               ] Metaspace::allocate: type 13 return 0x0000000171010d50.
[0.238s][trace][metaspace               ] Arena @0x00006000016b2200 (non-class sm): requested 7 words.
[0.238s][trace][metaspace               ] Arena @0x00006000016b2200 (non-class sm): after allocation: 1 chunk(s), current:@0x00007f8f2d80b248, u, base 0x0000000171000000, level lv02 (524288), used: 8632, committed: 16384, committed-free: 7752
[0.238s][trace][metaspace               ] Arena @0x00006000016b2200 (non-class sm): returning 0x0000000171010d88.
[0.238s][trace][metaspace               ] Metaspace::allocate: type 13 return 0x0000000171010d88.
[0.238s][trace][metaspace               ] Arena @0x00006000016b2200 (non-class sm): requested 7 words.
[0.238s][trace][metaspace               ] Arena @0x00006000016b2200 (non-class sm): after allocation: 1 chunk(s), current:@0x00007f8f2d80b248, u, base 0x0000000171000000, level lv02 (524288), used: 8639, committed: 16384, committed-free: 7745
[0.238s][trace][metaspace               ] Arena @0x00006000016b2200 (non-class sm): returning 0x0000000171010dc0.
[0.238s][trace][metaspace               ] Metaspace::allocate: type 13 return 0x0000000171010dc0.
[0.238s][trace][metaspace               ] Arena @0x00006000016b2200 (non-class sm): requested 7 words.
[0.238s][trace][metaspace               ] Arena @0x00006000016b2200 (non-class sm): after allocation: 1 chunk(s), current:@0x00007f8f2d80b248, u, base 0x0000000171000000, level lv02 (524288), used: 8646, committed: 16384, committed-free: 7738
[0.238s][trace][metaspace               ] Arena @0x00006000016b2200 (non-class sm): returning 0x0000000171010df8.
[0.238s][trace][metaspace               ] Metaspace::allocate: type 13 return 0x0000000171010df8.
[0.238s][trace][metaspace               ] Arena @0x00006000016b2200 (non-class sm): requested 7 words.
[0.238s][trace][metaspace               ] Arena @0x00006000016b2200 (non-class sm): after allocation: 1 chunk(s), current:@0x00007f8f2d80b248, u, base 0x0000000171000000, level lv02 (524288), used: 8653, committed: 16384, committed-free: 7731
[0.238s][trace][metaspace               ] Arena @0x00006000016b2200 (non-class sm): returning 0x0000000171010e30.
[0.238s][trace][metaspace               ] Metaspace::allocate: type 13 return 0x0000000171010e30.
[0.238s][trace][metaspace               ] Arena @0x00006000016b2200 (non-class sm): requested 7 words.
[0.238s][trace][metaspace               ] Arena @0x00006000016b2200 (non-class sm): after allocation: 1 chunk(s), current:@0x00007f8f2d80b248, u, base 0x0000000171000000, level lv02 (524288), used: 8660, committed: 16384, committed-free: 7724
[0.238s][trace][metaspace               ] Arena @0x00006000016b2200 (non-class sm): returning 0x0000000171010e68.
[0.238s][trace][metaspace               ] Metaspace::allocate: type 13 return 0x0000000171010e68.
[0.238s][trace][metaspace               ] Arena @0x00006000016b2200 (non-class sm): requested 7 words.
[0.238s][trace][metaspace               ] Arena @0x00006000016b2200 (non-class sm): after allocation: 1 chunk(s), current:@0x00007f8f2d80b248, u, base 0x0000000171000000, level lv02 (524288), used: 8667, committed: 16384, committed-free: 7717
[0.238s][trace][metaspace               ] Arena @0x00006000016b2200 (non-class sm): returning 0x0000000171010ea0.
[0.238s][trace][metaspace               ] Metaspace::allocate: type 13 return 0x0000000171010ea0.
[0.238s][trace][metaspace               ] Arena @0x00006000016b2200 (non-class sm): requested 7 words.
[0.238s][trace][metaspace               ] Arena @0x00006000016b2200 (non-class sm): after allocation: 1 chunk(s), current:@0x00007f8f2d80b248, u, base 0x0000000171000000, level lv02 (524288), used: 8674, committed: 16384, committed-free: 7710
[0.238s][trace][metaspace               ] Arena @0x00006000016b2200 (non-class sm): returning 0x0000000171010ed8.
[0.238s][trace][metaspace               ] Metaspace::allocate: type 13 return 0x0000000171010ed8.
[0.238s][trace][class,nestmates         ] Class sun.nio.cs.UTF_8$Encoder does have nestmate access to sun.nio.cs.UTF_8
[0.238s][debug][class,resolve           ] sun.nio.cs.UTF_8$Encoder java.lang.Math UTF_8.java:456
[0.238s][debug][class,resolve           ] sun.nio.cs.UTF_8$Encoder jdk.internal.access.JavaLangAccess UTF_8.java:456
[0.238s][trace][metaspace               ] Arena @0x00006000016b2200 (non-class sm): requested 7 words.
[0.238s][trace][metaspace               ] Arena @0x00006000016b2200 (non-class sm): after allocation: 1 chunk(s), current:@0x00007f8f2d80b248, u, base 0x0000000171000000, level lv02 (524288), used: 8681, committed: 16384, committed-free: 7703
[0.238s][trace][metaspace               ] Arena @0x00006000016b2200 (non-class sm): returning 0x0000000171010f10.
[0.238s][trace][metaspace               ] Metaspace::allocate: type 13 return 0x0000000171010f10.
[0.238s][debug][class,resolve           ] java.lang.System$2 java.lang.StringCoding System.java:2418
[0.238s][trace][metaspace               ] Arena @0x00006000016b2200 (non-class sm): requested 7 words.
[0.238s][trace][metaspace               ] Arena @0x00006000016b2200 (non-class sm): after allocation: 1 chunk(s), current:@0x00007f8f2d80b248, u, base 0x0000000171000000, level lv02 (524288), used: 8688, committed: 16384, committed-free: 7696
[0.238s][trace][metaspace               ] Arena @0x00006000016b2200 (non-class sm): returning 0x0000000171010f48.
[0.238s][trace][metaspace               ] Metaspace::allocate: type 13 return 0x0000000171010f48.
[0.238s][trace][metaspace               ] Arena @0x00006000016b2200 (non-class sm): requested 7 words.
[0.238s][trace][metaspace               ] Arena @0x00006000016b2200 (non-class sm): after allocation: 1 chunk(s), current:@0x00007f8f2d80b248, u, base 0x0000000171000000, level lv02 (524288), used: 8695, committed: 16384, committed-free: 7689
[0.238s][trace][metaspace               ] Arena @0x00006000016b2200 (non-class sm): returning 0x0000000171010f80.
[0.238s][trace][metaspace               ] Metaspace::allocate: type 13 return 0x0000000171010f80.
[0.238s][debug][class,resolve           ] sun.nio.cs.UTF_8 java.nio.Buffer UTF_8.java:82
[0.238s][debug][class,load,placeholders ] find_and_add LOAD_INSTANCE 'java/nio/charset/CoderResult', loader loader data: 0x00006000032ac000 of 'bootstrap'
[0.238s][debug][class,load,placeholders ] loadInstanceThreadQ threads:0x00007f8f4f008800, 
[0.238s][debug][class,load,placeholders ] superThreadQ threads:
[0.238s][debug][class,load,placeholders ] defineThreadQ threads:
[0.238s][trace][cds,unshareable         ] restore: java.nio.charset.CoderResult
[0.238s][trace][class,loader,data       ] Adding k: 0x00000001300f3ff0 java.nio.charset.CoderResult to loader data: 0x00006000032ac000 of 'bootstrap'
[0.238s][debug][cds,mirror              ] java.nio.charset.CoderResult has raw archived mirror
[0.238s][debug][cds,heap                ] Clearing root 280: was 0x00000007ffb07988
[0.238s][debug][cds,mirror              ] Archived mirror is: 0x00000007ffb07988
[0.238s][trace][cds,heap,mirror         ] Restored java.nio.charset.CoderResult archived mirror 0x00000007ffb07988
[0.238s][debug][cds,heap                ] Clearing root 281: was 0x00000007ffb07a28
[0.238s][info ][class,load              ] java.nio.charset.CoderResult source: shared objects file
[0.238s][debug][class,load              ]  klass: 0x00000001300f3ff0 super: 0x0000000130000db8 loader: [loader data: 0x00006000032ac000 of 'bootstrap']
[0.238s][debug][class,load,placeholders ] find_and_add DEFINE_CLASS 'java/nio/charset/CoderResult', loader loader data: 0x00006000032ac000 of 'bootstrap'
[0.238s][debug][class,load,placeholders ] loadInstanceThreadQ threads:0x00007f8f4f008800, 
[0.238s][debug][class,load,placeholders ] superThreadQ threads:
[0.238s][debug][class,load,placeholders ] defineThreadQ threads:0x00007f8f4f008800, 
[0.238s][debug][class,load,placeholders ] find_and_remove DEFINE_CLASS 'java/nio/charset/CoderResult', loader loader data: 0x00006000032ac000 of 'bootstrap', InstanceKlass 'java/nio/charset/CoderResult'
[0.238s][debug][class,load,placeholders ] loadInstanceThreadQ threads:0x00007f8f4f008800, 
[0.238s][debug][class,load,placeholders ] superThreadQ threads:
[0.238s][debug][class,load,placeholders ] defineThreadQ threads:0x00007f8f4f008800, 
[0.238s][debug][class,load,placeholders ] find_and_remove LOAD_INSTANCE 'java/nio/charset/CoderResult', loader loader data: 0x00006000032ac000 of 'bootstrap', InstanceKlass 'java/nio/charset/CoderResult'
[0.238s][debug][class,load,placeholders ] loadInstanceThreadQ threads:0x00007f8f4f008800, 
[0.238s][debug][class,load,placeholders ] superThreadQ threads:
[0.238s][debug][class,load,placeholders ] defineThreadQ threads:
[0.238s][debug][class,resolve           ] sun.nio.cs.UTF_8$Encoder java.nio.charset.CoderResult UTF_8.java:464
[0.238s][info ][class,init              ] 290 Initializing 'java/nio/charset/CoderResult' (0x00000001300f3ff0)
[0.238s][trace][metaspace               ] Arena @0x00006000016b2200 (non-class sm): requested 7 words.
[0.238s][trace][metaspace               ] Arena @0x00006000016b2200 (non-class sm): after allocation: 1 chunk(s), current:@0x00007f8f2d80b248, u, base 0x0000000171000000, level lv02 (524288), used: 8702, committed: 16384, committed-free: 7682
[0.238s][trace][metaspace               ] Arena @0x00006000016b2200 (non-class sm): returning 0x0000000171010fb8.
[0.238s][trace][metaspace               ] Metaspace::allocate: type 13 return 0x0000000171010fb8.
[0.238s][debug][class,resolve           ] java.nio.charset.CoderResult java.lang.Class CoderResult.java:84
[0.238s][debug][class,resolve           ] java.nio.charset.CoderResult java.lang.String CoderResult.java:92
[0.238s][trace][metaspace               ] Arena @0x00006000016b2200 (non-class sm): requested 7 words.
[0.238s][trace][metaspace               ] Arena @0x00006000016b2200 (non-class sm): after allocation: 1 chunk(s), current:@0x00007f8f2d80b248, u, base 0x0000000171000000, level lv02 (524288), used: 8709, committed: 16384, committed-free: 7675
[0.238s][trace][metaspace               ] Arena @0x00006000016b2200 (non-class sm): returning 0x0000000171010ff0.
[0.239s][trace][metaspace               ] Metaspace::allocate: type 13 return 0x0000000171010ff0.
[0.239s][debug][class,resolve           ] java.nio.charset.CoderResult java.lang.Object CoderResult.java:98
[0.239s][trace][metaspace               ] Arena @0x00006000016b2240 (class sm): requested 68 words.
[0.239s][trace][metaspace               ] Arena @0x00006000016b2240 (class sm): after allocation: 1 chunk(s), current:@0x00007f8f2d80afc0, u, base 0x0000000131040000, level lv06 (32768), used: 371, committed: 8192, committed-free: 7821
[0.239s][trace][metaspace               ] Arena @0x00006000016b2240 (class sm): returning 0x0000000131040978.
[0.239s][trace][metaspace               ] Metaspace::allocate: type 0 return 0x0000000131040978.
[0.239s][trace][class,loader,data       ] Adding k: 0x0000000131040978 [Ljava.nio.charset.CoderResult; to loader data: 0x00006000032ac000 of 'bootstrap'
[0.239s][debug][class,resolve           ] java.nio.charset.CharsetEncoder java.nio.charset.CoderResult CharsetEncoder.java:590
[0.239s][trace][metaspace               ] Arena @0x00006000016b2200 (non-class sm): requested 7 words.
[0.239s][trace][metaspace               ] Arena @0x00006000016b2200 (non-class sm): after allocation: 1 chunk(s), current:@0x00007f8f2d80b248, u, base 0x0000000171000000, level lv02 (524288), used: 8716, committed: 16384, committed-free: 7668
[0.239s][trace][metaspace               ] Arena @0x00006000016b2200 (non-class sm): returning 0x0000000171011028.
[0.239s][trace][metaspace               ] Metaspace::allocate: type 13 return 0x0000000171011028.
[0.239s][trace][metaspace               ] Arena @0x00006000016b2200 (non-class sm): requested 7 words.
[0.239s][trace][metaspace               ] Arena @0x00006000016b2200 (non-class sm): after allocation: 1 chunk(s), current:@0x00007f8f2d80b248, u, base 0x0000000171000000, level lv02 (524288), used: 8723, committed: 16384, committed-free: 7661
[0.239s][trace][metaspace               ] Arena @0x00006000016b2200 (non-class sm): returning 0x0000000171011060.
[0.239s][trace][metaspace               ] Metaspace::allocate: type 13 return 0x0000000171011060.
[0.239s][debug][class,resolve           ] sun.nio.cs.StreamEncoder java.nio.charset.CoderResult StreamEncoder.java:294
[0.239s][trace][metaspace               ] Arena @0x00006000016b2200 (non-class sm): requested 7 words.
[0.239s][trace][metaspace               ] Arena @0x00006000016b2200 (non-class sm): after allocation: 1 chunk(s), current:@0x00007f8f2d80b248, u, base 0x0000000171000000, level lv02 (524288), used: 8730, committed: 16384, committed-free: 7654
[0.239s][trace][metaspace               ] Arena @0x00006000016b2200 (non-class sm): returning 0x0000000171011098.
[0.239s][trace][metaspace               ] Metaspace::allocate: type 13 return 0x0000000171011098.
[0.239s][trace][metaspace               ] Arena @0x00006000016b2200 (non-class sm): requested 7 words.
[0.239s][trace][metaspace               ] Arena @0x00006000016b2200 (non-class sm): after allocation: 1 chunk(s), current:@0x00007f8f2d80b248, u, base 0x0000000171000000, level lv02 (524288), used: 8737, committed: 16384, committed-free: 7647
[0.239s][trace][metaspace               ] Arena @0x00006000016b2200 (non-class sm): returning 0x00000001710110d0.
[0.239s][trace][metaspace               ] Metaspace::allocate: type 13 return 0x00000001710110d0.
[0.239s][trace][metaspace               ] Arena @0x00006000016b2200 (non-class sm): requested 7 words.
[0.239s][trace][metaspace               ] Arena @0x00006000016b2200 (non-class sm): after allocation: 1 chunk(s), current:@0x00007f8f2d80b248, u, base 0x0000000171000000, level lv02 (524288), used: 8744, committed: 16384, committed-free: 7640
[0.239s][trace][metaspace               ] Arena @0x00006000016b2200 (non-class sm): returning 0x0000000171011108.
[0.239s][trace][metaspace               ] Metaspace::allocate: type 13 return 0x0000000171011108.
[0.239s][trace][metaspace               ] Arena @0x00006000016b2200 (non-class sm): requested 7 words.
[0.239s][trace][metaspace               ] Arena @0x00006000016b2200 (non-class sm): after allocation: 1 chunk(s), current:@0x00007f8f2d80b248, u, base 0x0000000171000000, level lv02 (524288), used: 8751, committed: 16384, committed-free: 7633
[0.239s][trace][metaspace               ] Arena @0x00006000016b2200 (non-class sm): returning 0x0000000171011140.
[0.239s][trace][metaspace               ] Metaspace::allocate: type 13 return 0x0000000171011140.
[0.239s][trace][metaspace               ] Arena @0x00006000016b2200 (non-class sm): requested 7 words.
[0.239s][trace][metaspace               ] Arena @0x00006000016b2200 (non-class sm): after allocation: 1 chunk(s), current:@0x00007f8f2d80b248, u, base 0x0000000171000000, level lv02 (524288), used: 8758, committed: 16384, committed-free: 7626
[0.239s][trace][metaspace               ] Arena @0x00006000016b2200 (non-class sm): returning 0x0000000171011178.
[0.239s][trace][metaspace               ] Metaspace::allocate: type 13 return 0x0000000171011178.
[0.239s][trace][metaspace               ] Arena @0x00006000016b2200 (non-class sm): requested 7 words.
[0.239s][trace][metaspace               ] Arena @0x00006000016b2200 (non-class sm): after allocation: 1 chunk(s), current:@0x00007f8f2d80b248, u, base 0x0000000171000000, level lv02 (524288), used: 8765, committed: 16384, committed-free: 7619
[0.239s][trace][metaspace               ] Arena @0x00006000016b2200 (non-class sm): returning 0x00000001710111b0.
[0.239s][trace][metaspace               ] Metaspace::allocate: type 13 return 0x00000001710111b0.
[0.239s][trace][metaspace               ] Arena @0x00006000016b2200 (non-class sm): requested 7 words.
[0.239s][trace][metaspace               ] Arena @0x00006000016b2200 (non-class sm): after allocation: 1 chunk(s), current:@0x00007f8f2d80b248, u, base 0x0000000171000000, level lv02 (524288), used: 8772, committed: 16384, committed-free: 7612
[0.239s][trace][metaspace               ] Arena @0x00006000016b2200 (non-class sm): returning 0x00000001710111e8.
[0.239s][trace][metaspace               ] Metaspace::allocate: type 13 return 0x00000001710111e8.
[0.239s][trace][metaspace               ] Arena @0x00006000016b2200 (non-class sm): requested 7 words.
[0.239s][trace][metaspace               ] Arena @0x00006000016b2200 (non-class sm): after allocation: 1 chunk(s), current:@0x00007f8f2d80b248, u, base 0x0000000171000000, level lv02 (524288), used: 8779, committed: 16384, committed-free: 7605
[0.239s][trace][metaspace               ] Arena @0x00006000016b2200 (non-class sm): returning 0x0000000171011220.
[0.239s][trace][metaspace               ] Metaspace::allocate: type 13 return 0x0000000171011220.
[0.239s][debug][class,resolve           ] sun.nio.cs.StreamEncoder java.io.OutputStream StreamEncoder.java:234
[0.239s][trace][metaspace               ] Arena @0x00006000016b2200 (non-class sm): requested 7 words.
[0.239s][trace][metaspace               ] Arena @0x00006000016b2200 (non-class sm): after allocation: 1 chunk(s), current:@0x00007f8f2d80b248, u, base 0x0000000171000000, level lv02 (524288), used: 8786, committed: 16384, committed-free: 7598
[0.239s][trace][metaspace               ] Arena @0x00006000016b2200 (non-class sm): returning 0x0000000171011258.
[0.239s][trace][metaspace               ] Metaspace::allocate: type 13 return 0x0000000171011258.
[0.239s][trace][metaspace               ] Arena @0x00006000016b2200 (non-class sm): requested 7 words.
[0.239s][trace][metaspace               ] Arena @0x00006000016b2200 (non-class sm): after allocation: 1 chunk(s), current:@0x00007f8f2d80b248, u, base 0x0000000171000000, level lv02 (524288), used: 8793, committed: 16384, committed-free: 7591
[0.239s][trace][metaspace               ] Arena @0x00006000016b2200 (non-class sm): returning 0x0000000171011290.
[0.239s][trace][metaspace               ] Metaspace::allocate: type 13 return 0x0000000171011290.
[0.239s][debug][class,resolve           ] java.io.BufferedOutputStream java.lang.System BufferedOutputStream.java:129
[0.239s][trace][metaspace               ] Arena @0x00006000016b2200 (non-class sm): requested 7 words.
[0.239s][trace][metaspace               ] Arena @0x00006000016b2200 (non-class sm): after allocation: 1 chunk(s), current:@0x00007f8f2d80b248, u, base 0x0000000171000000, level lv02 (524288), used: 8800, committed: 16384, committed-free: 7584
[0.239s][trace][metaspace               ] Arena @0x00006000016b2200 (non-class sm): returning 0x00000001710112c8.
[0.239s][trace][metaspace               ] Metaspace::allocate: type 13 return 0x00000001710112c8.
[0.239s][trace][metaspace               ] Arena @0x00006000016b2200 (non-class sm): requested 7 words.
[0.239s][trace][metaspace               ] Arena @0x00006000016b2200 (non-class sm): after allocation: 1 chunk(s), current:@0x00007f8f2d80b248, u, base 0x0000000171000000, level lv02 (524288), used: 8807, committed: 16384, committed-free: 7577
[0.239s][trace][metaspace               ] Arena @0x00006000016b2200 (non-class sm): returning 0x0000000171011300.
[0.239s][trace][metaspace               ] Metaspace::allocate: type 13 return 0x0000000171011300.
[0.239s][debug][class,resolve           ] java.io.BufferedOutputStream java.io.OutputStream BufferedOutputStream.java:81
[0.239s][trace][metaspace               ] Arena @0x00006000016b2200 (non-class sm): requested 7 words.
[0.239s][trace][metaspace               ] Arena @0x00006000016b2200 (non-class sm): after allocation: 1 chunk(s), current:@0x00007f8f2d80b248, u, base 0x0000000171000000, level lv02 (524288), used: 8814, committed: 16384, committed-free: 7570
[0.239s][trace][metaspace               ] Arena @0x00006000016b2200 (non-class sm): returning 0x0000000171011338.
[0.239s][trace][metaspace               ] Metaspace::allocate: type 13 return 0x0000000171011338.
[0.239s][debug][class,resolve           ] java.io.FileOutputStream jdk.internal.access.JavaIOFileDescriptorAccess FileOutputStream.java:349
[0.239s][trace][metaspace               ] Arena @0x00006000016b2200 (non-class sm): requested 7 words.
[0.239s][trace][metaspace               ] Arena @0x00006000016b2200 (non-class sm): after allocation: 1 chunk(s), current:@0x00007f8f2d80b248, u, base 0x0000000171000000, level lv02 (524288), used: 8821, committed: 16384, committed-free: 7563
[0.239s][trace][metaspace               ] Arena @0x00006000016b2200 (non-class sm): returning 0x0000000171011370.
[0.239s][trace][metaspace               ] Metaspace::allocate: type 13 return 0x0000000171011370.
[0.240s][trace][class,nestmates         ] Class java.io.FileDescriptor$1 does have nestmate access to java.io.FileDescriptor
[0.240s][trace][metaspace               ] Arena @0x00006000016b2200 (non-class sm): requested 7 words.
[0.240s][trace][metaspace               ] Arena @0x00006000016b2200 (non-class sm): after allocation: 1 chunk(s), current:@0x00007f8f2d80b248, u, base 0x0000000171000000, level lv02 (524288), used: 8828, committed: 16384, committed-free: 7556
[0.240s][trace][metaspace               ] Arena @0x00006000016b2200 (non-class sm): returning 0x00000001710113a8.
[0.240s][trace][metaspace               ] Metaspace::allocate: type 13 return 0x00000001710113a8.
[0.240s][debug][jni,resolve             ] [Dynamic-linking native method java.io.FileOutputStream.writeBytes ... JNI]
[0.240s][trace][metaspace               ] Arena @0x00006000016b2200 (non-class sm): requested 7 words.
[0.240s][trace][metaspace               ] Arena @0x00006000016b2200 (non-class sm): after allocation: 1 chunk(s), current:@0x00007f8f2d80b248, u, base 0x0000000171000000, level lv02 (524288), used: 8835, committed: 16384, committed-free: 7549
[0.240s][trace][metaspace               ] Arena @0x00006000016b2200 (non-class sm): returning 0x00000001710113e0.
[0.240s][trace][metaspace               ] Metaspace::allocate: type 13 return 0x00000001710113e0.
[0.240s][trace][metaspace               ] Arena @0x00006000016b2200 (non-class sm): requested 7 words.
[0.240s][trace][metaspace               ] Arena @0x00006000016b2200 (non-class sm): after allocation: 1 chunk(s), current:@0x00007f8f2d80b248, u, base 0x0000000171000000, level lv02 (524288), used: 8842, committed: 16384, committed-free: 7542
[0.240s][trace][metaspace               ] Arena @0x00006000016b2200 (non-class sm): returning 0x0000000171011418.
[0.240s][trace][metaspace               ] Metaspace::allocate: type 13 return 0x0000000171011418.
[0.240s][trace][metaspace               ] Arena @0x00006000016b2200 (non-class sm): requested 7 words.
[0.240s][trace][metaspace               ] Arena @0x00006000016b2200 (non-class sm): after allocation: 1 chunk(s), current:@0x00007f8f2d80b248, u, base 0x0000000171000000, level lv02 (524288), used: 8849, committed: 16384, committed-free: 7535
[0.240s][trace][metaspace               ] Arena @0x00006000016b2200 (non-class sm): returning 0x0000000171011450.
[0.240s][trace][metaspace               ] Metaspace::allocate: type 13 return 0x0000000171011450.
[0.240s][trace][metaspace               ] Arena @0x00006000016b2200 (non-class sm): requested 7 words.
[0.240s][trace][metaspace               ] Arena @0x00006000016b2200 (non-class sm): after allocation: 1 chunk(s), current:@0x00007f8f2d80b248, u, base 0x0000000171000000, level lv02 (524288), used: 8856, committed: 16384, committed-free: 7528
[0.240s][trace][metaspace               ] Arena @0x00006000016b2200 (non-class sm): returning 0x0000000171011488.
[0.240s][trace][metaspace               ] Metaspace::allocate: type 13 return 0x0000000171011488.
[0.240s][trace][metaspace               ] Arena @0x00006000016b2200 (non-class sm): requested 7 words.
[0.240s][trace][metaspace               ] Arena @0x00006000016b2200 (non-class sm): after allocation: 1 chunk(s), current:@0x00007f8f2d80b248, u, base 0x0000000171000000, level lv02 (524288), used: 8863, committed: 16384, committed-free: 7521
[0.240s][trace][metaspace               ] Arena @0x00006000016b2200 (non-class sm): returning 0x00000001710114c0.
[0.240s][trace][metaspace               ] Metaspace::allocate: type 13 return 0x00000001710114c0.
[0.240s][trace][metaspace               ] Arena @0x00006000016b2200 (non-class sm): requested 7 words.
[0.240s][trace][metaspace               ] Arena @0x00006000016b2200 (non-class sm): after allocation: 1 chunk(s), current:@0x00007f8f2d80b248, u, base 0x0000000171000000, level lv02 (524288), used: 8870, committed: 16384, committed-free: 7514
[0.240s][trace][metaspace               ] Arena @0x00006000016b2200 (non-class sm): returning 0x00000001710114f8.
[0.240s][trace][metaspace               ] Metaspace::allocate: type 13 return 0x00000001710114f8.
[0.240s][debug][os,thread               ] Thread 10243 stack guard pages removed: 0x000070000e439000-0x000070000e43d000.
[0.240s][info ][os,thread               ] JavaThread detaching (tid: 10243).
[0.240s][debug][thread,smr              ] tid=10243: Threads::remove: new ThreadsList=0x00006000003bfd20
[0.240s][debug][thread,smr              ] tid=10243: ThreadsSMRSupport::free_list: threads=0x00006000003a5b00 is freed.
[0.240s][debug][os,thread,timer         ] name='main', exit-phase1=0, exit-phase2=0, exit-phase3=0, exit-phase4=0
[0.240s][debug][thread,smr              ] tid=10243: ThreadsSMRSupport::smr_delete: thread=0x00007f8f4f008800 is deleted.
[0.240s][trace][oopstorage,ref          ] Thread OopStorage: releasing 0x00007f8f4e2058c0
[0.240s][info ][os,thread               ] Thread attached (tid: 10243, pthread id: 123145542668288, stack: 0x000070000e539000 - 0x000070000e439000 (1024K) ).
[0.240s][debug][os,thread               ] Thread 10243 stack guard pages activated: 0x000070000e439000-0x000070000e43d000.
[0.240s][debug][thread,smr              ] tid=10243: Threads::add: new ThreadsList=0x000060000039c040
[0.240s][debug][thread,smr              ] tid=10243: ThreadsSMRSupport::free_list: threads=0x00006000003bfd20 is freed.
[0.240s][trace][gc,tlab                 ] ThreadLocalAllocBuffer::compute_size(46) returns 62960
[0.240s][trace][gc,tlab                 ] TLAB: fill thread: 0x00007f8f3d008200 [id: 10243] desired_size: 491KB slow allocs: 0  refill waste: 7864B alloc: 0.99999     4096KB refills: 1 waste  0.0% gc: 0B slow: 0B
[0.240s][trace][oopstorage,ref          ] Thread OopStorage: allocated 0x00007f8f4e2058c0
[0.240s][debug][class,load,placeholders ] find_and_add LOAD_INSTANCE 'java/lang/Shutdown', loader loader data: 0x00006000032ac000 of 'bootstrap'
[0.240s][debug][class,load,placeholders ] loadInstanceThreadQ threads:0x00007f8f3d008200, 
[0.240s][debug][class,load,placeholders ] superThreadQ threads:
[0.240s][debug][class,load,placeholders ] defineThreadQ threads:
[0.240s][trace][cds,unshareable         ] restore: java.lang.Shutdown
[0.240s][trace][class,loader,data       ] Adding k: 0x000000013004c200 java.lang.Shutdown to loader data: 0x00006000032ac000 of 'bootstrap'
[0.240s][debug][cds,mirror              ] java.lang.Shutdown has raw archived mirror
[0.240s][debug][cds,heap                ] Clearing root 69: was 0x00000007ffb020b8
[0.240s][debug][cds,mirror              ] Archived mirror is: 0x00000007ffb020b8
[0.240s][trace][cds,heap,mirror         ] Restored java.lang.Shutdown archived mirror 0x00000007ffb020b8
[0.240s][debug][cds,heap                ] Clearing root 70: was 0x00000007ffb02140
[0.240s][info ][class,load              ] java.lang.Shutdown source: shared objects file
[0.240s][debug][class,load              ]  klass: 0x000000013004c200 super: 0x0000000130000db8 loader: [loader data: 0x00006000032ac000 of 'bootstrap']
[0.240s][debug][class,load,placeholders ] find_and_add DEFINE_CLASS 'java/lang/Shutdown', loader loader data: 0x00006000032ac000 of 'bootstrap'
[0.240s][debug][class,load,placeholders ] loadInstanceThreadQ threads:0x00007f8f3d008200, 
[0.240s][debug][class,load,placeholders ] superThreadQ threads:
[0.240s][debug][class,load,placeholders ] defineThreadQ threads:0x00007f8f3d008200, 
[0.240s][debug][class,load,placeholders ] find_and_remove DEFINE_CLASS 'java/lang/Shutdown', loader loader data: 0x00006000032ac000 of 'bootstrap', InstanceKlass 'java/lang/Shutdown'
[0.240s][debug][class,load,placeholders ] loadInstanceThreadQ threads:0x00007f8f3d008200, 
[0.240s][debug][class,load,placeholders ] superThreadQ threads:
[0.240s][debug][class,load,placeholders ] defineThreadQ threads:0x00007f8f3d008200, 
[0.240s][debug][class,load,placeholders ] find_and_remove LOAD_INSTANCE 'java/lang/Shutdown', loader loader data: 0x00006000032ac000 of 'bootstrap', InstanceKlass 'java/lang/Shutdown'
[0.240s][debug][class,load,placeholders ] loadInstanceThreadQ threads:0x00007f8f3d008200, 
[0.240s][debug][class,load,placeholders ] superThreadQ threads:
[0.241s][debug][class,load,placeholders ] defineThreadQ threads:
[0.241s][info ][class,init              ] 291 Initializing 'java/lang/Shutdown' (0x000000013004c200)
[0.241s][trace][metaspace               ] Arena @0x00006000016b2200 (non-class sm): requested 7 words.
[0.241s][trace][metaspace               ] Arena @0x00006000016b2200 (non-class sm): after allocation: 1 chunk(s), current:@0x00007f8f2d80b248, u, base 0x0000000171000000, level lv02 (524288), used: 8877, committed: 16384, committed-free: 7507
[0.241s][trace][metaspace               ] Arena @0x00006000016b2200 (non-class sm): returning 0x0000000171011530.
[0.241s][trace][metaspace               ] Metaspace::allocate: type 13 return 0x0000000171011530.
[0.241s][debug][class,resolve           ] java.lang.Shutdown java.lang.Runnable Shutdown.java:52
[0.241s][debug][class,load,placeholders ] find_and_add LOAD_INSTANCE 'java/lang/Shutdown$Lock', loader loader data: 0x00006000032ac000 of 'bootstrap'
[0.241s][debug][class,load,placeholders ] loadInstanceThreadQ threads:0x00007f8f3d008200, 
[0.241s][debug][class,load,placeholders ] superThreadQ threads:
[0.241s][debug][class,load,placeholders ] defineThreadQ threads:
[0.241s][trace][cds,unshareable         ] restore: java.lang.Shutdown$Lock
[0.241s][trace][class,loader,data       ] Adding k: 0x0000000130228e48 java.lang.Shutdown$Lock to loader data: 0x00006000032ac000 of 'bootstrap'
[0.241s][debug][cds,mirror              ] java.lang.Shutdown$Lock has raw archived mirror
[0.241s][debug][cds,heap                ] Clearing root 1092: was 0x00000007ffb1f7b0
[0.241s][debug][cds,mirror              ] Archived mirror is: 0x00000007ffb1f7b0
[0.241s][trace][cds,heap,mirror         ] Restored java.lang.Shutdown$Lock archived mirror 0x00000007ffb1f7b0
[0.241s][info ][class,load              ] java.lang.Shutdown$Lock source: shared objects file
[0.241s][debug][class,load              ]  klass: 0x0000000130228e48 super: 0x0000000130000db8 loader: [loader data: 0x00006000032ac000 of 'bootstrap']
[0.241s][debug][class,load,placeholders ] find_and_add DEFINE_CLASS 'java/lang/Shutdown$Lock', loader loader data: 0x00006000032ac000 of 'bootstrap'
[0.241s][debug][class,load,placeholders ] loadInstanceThreadQ threads:0x00007f8f3d008200, 
[0.241s][debug][class,load,placeholders ] superThreadQ threads:
[0.241s][debug][class,load,placeholders ] defineThreadQ threads:0x00007f8f3d008200, 
[0.241s][debug][class,load,placeholders ] find_and_remove DEFINE_CLASS 'java/lang/Shutdown$Lock', loader loader data: 0x00006000032ac000 of 'bootstrap', InstanceKlass 'java/lang/Shutdown$Lock'
[0.241s][debug][class,load,placeholders ] loadInstanceThreadQ threads:0x00007f8f3d008200, 
[0.241s][debug][class,load,placeholders ] superThreadQ threads:
[0.241s][debug][class,load,placeholders ] defineThreadQ threads:0x00007f8f3d008200, 
[0.241s][debug][class,load,placeholders ] find_and_remove LOAD_INSTANCE 'java/lang/Shutdown$Lock', loader loader data: 0x00006000032ac000 of 'bootstrap', InstanceKlass 'java/lang/Shutdown$Lock'
[0.241s][debug][class,load,placeholders ] loadInstanceThreadQ threads:0x00007f8f3d008200, 
[0.241s][debug][class,load,placeholders ] superThreadQ threads:
[0.241s][debug][class,load,placeholders ] defineThreadQ threads:
[0.241s][debug][class,resolve           ] java.lang.Shutdown java.lang.Shutdown$Lock Shutdown.java:59
[0.241s][info ][class,init              ] 292 Initializing 'java/lang/Shutdown$Lock'(no method) (0x0000000130228e48)
[0.241s][trace][class,nestmates         ] Type java.lang.Shutdown is not part of a nest: setting nest-host to self
[0.241s][trace][class,nestmates         ] Resolving nest-host of java.lang.Shutdown$Lock using cp entry for java/lang/Shutdown
[0.241s][debug][class,resolve           ] java.lang.Shutdown$Lock java.lang.Shutdown Shutdown.java:59
[0.241s][trace][class,nestmates         ] Checking nest membership of java.lang.Shutdown$Lock in java.lang.Shutdown
[0.241s][trace][class,nestmates         ] - named class found at nest_members[0] => cp[88]
[0.241s][trace][class,nestmates         ] Resolved nest-host of java.lang.Shutdown$Lock to java.lang.Shutdown
[0.241s][trace][class,nestmates         ] Class java.lang.Shutdown does have nestmate access to java.lang.Shutdown$Lock
[0.241s][trace][metaspace               ] Arena @0x00006000016b2200 (non-class sm): requested 7 words.
[0.241s][trace][metaspace               ] Arena @0x00006000016b2200 (non-class sm): after allocation: 1 chunk(s), current:@0x00007f8f2d80b248, u, base 0x0000000171000000, level lv02 (524288), used: 8884, committed: 16384, committed-free: 7500
[0.241s][trace][metaspace               ] Arena @0x00006000016b2200 (non-class sm): returning 0x0000000171011568.
[0.241s][trace][metaspace               ] Metaspace::allocate: type 13 return 0x0000000171011568.
[0.241s][debug][class,resolve           ] java.lang.Shutdown$Lock java.lang.Object Shutdown.java:58
[0.241s][trace][metaspace               ] Arena @0x00006000016b2200 (non-class sm): requested 7 words.
[0.241s][trace][metaspace               ] Arena @0x00006000016b2200 (non-class sm): after allocation: 1 chunk(s), current:@0x00007f8f2d80b248, u, base 0x0000000171000000, level lv02 (524288), used: 8891, committed: 16384, committed-free: 7493
[0.241s][trace][metaspace               ] Arena @0x00006000016b2200 (non-class sm): returning 0x00000001710115a0.
[0.241s][trace][metaspace               ] Metaspace::allocate: type 13 return 0x00000001710115a0.
[0.241s][trace][metaspace               ] Arena @0x00006000016b2200 (non-class sm): requested 7 words.
[0.241s][trace][metaspace               ] Arena @0x00006000016b2200 (non-class sm): after allocation: 1 chunk(s), current:@0x00007f8f2d80b248, u, base 0x0000000171000000, level lv02 (524288), used: 8898, committed: 16384, committed-free: 7486
[0.241s][trace][metaspace               ] Arena @0x00006000016b2200 (non-class sm): returning 0x00000001710115d8.
[0.241s][trace][metaspace               ] Metaspace::allocate: type 13 return 0x00000001710115d8.
[0.241s][debug][class,resolve           ] java.lang.Shutdown jdk.internal.misc.VM Shutdown.java:118
[0.241s][trace][metaspace               ] Arena @0x00006000016b2200 (non-class sm): requested 7 words.
[0.241s][trace][metaspace               ] Arena @0x00006000016b2200 (non-class sm): after allocation: 1 chunk(s), current:@0x00007f8f2d80b248, u, base 0x0000000171000000, level lv02 (524288), used: 8905, committed: 16384, committed-free: 7479
[0.241s][trace][metaspace               ] Arena @0x00006000016b2200 (non-class sm): returning 0x0000000171011610.
[0.241s][trace][metaspace               ] Metaspace::allocate: type 13 return 0x0000000171011610.
[0.241s][trace][metaspace               ] Arena @0x00006000016b2200 (non-class sm): requested 7 words.
[0.241s][trace][metaspace               ] Arena @0x00006000016b2200 (non-class sm): after allocation: 1 chunk(s), current:@0x00007f8f2d80b248, u, base 0x0000000171000000, level lv02 (524288), used: 8912, committed: 16384, committed-free: 7472
[0.241s][trace][metaspace               ] Arena @0x00006000016b2200 (non-class sm): returning 0x0000000171011648.
[0.241s][trace][metaspace               ] Metaspace::allocate: type 13 return 0x0000000171011648.
[0.241s][trace][monitorinflation,owner  ] try_set_owner_from(): mid=0x00006000038b0340, prev=0x0000000000000000, new=0x00007f8f3d008200
[0.241s][trace][monitorinflation,owner  ] release_clear_owner(): mid=0x00006000038b0340, old_value=0x00007f8f3d008200
[0.241s][info ][os,thread               ] Thread finished (tid: 29699, pthread id: 123145560715264).
[0.241s][debug][gc,refine               ] Stopping 0
[0.241s][info ][os,thread               ] Thread finished (tid: 21251, pthread id: 123145546911744).
[0.241s][debug][gc,task                 ] G1 Service Thread (stopping)
[0.241s][info ][os,thread               ] Thread finished (tid: 16899, pthread id: 123145547972608).
[0.241s][info ][os,thread               ] Thread finished (tid: 14339, pthread id: 123145544790016).
[0.241s][info ][gc,heap,exit            ] Heap
[0.241s][info ][gc,heap,exit            ]  garbage-first heap   total 532480K, used 5474K [0x0000000600000000, 0x0000000800000000)
[0.241s][info ][gc,heap,exit            ]   region size 4096K, 1 young (4096K), 0 survivors (0K)
[0.242s][info ][gc,heap,exit            ]  Metaspace       used 74K, committed 320K, reserved 1114112K
[0.242s][info ][gc,heap,exit            ]   class space    used 3K, committed 128K, reserved 1048576K
[0.242s][info ][thread,smr              ] Threads class SMR info:
[0.242s][info ][thread,smr              ] _java_thread_list=0x000060000039c040, length=11, elements={
[0.242s][info ][thread,smr              ] 0x00007f8f4e818400, 0x00007f8f2d088600, 0x00007f8f4f03ca00, 0x00007f8f4f03b600,
[0.242s][info ][thread,smr              ] 0x00007f8f2d81a400, 0x00007f8f2d088c00, 0x00007f8f4e81a600, 0x00007f8f4d809000,
[0.242s][info ][thread,smr              ] 0x00007f8f4f040a00, 0x00007f8f2d811e00, 0x00007f8f3d008200
[0.242s][info ][thread,smr              ] }
[0.242s][trace][gc,remset,exit          ]  Cumulative RS summary
[0.242s][trace][gc,remset,exit          ]   Did 0 coarsenings.
[0.242s][trace][gc,remset,exit          ]   Concurrent refinement threads times (s)
[0.242s][trace][gc,remset,exit          ]           0.00     0.00     0.00     0.00     0.00     0.00     0.00     0.00     0.00     0.00     0.00     0.00     0.00
[0.242s][trace][gc,remset,exit          ]   Sampling task time (ms)
[0.242s][debug][os,thread               ] Thread 31491 stack guard pages removed: 0x000070000ee5a000-0x000070000ee5e000.
[0.242s][trace][gc,remset,exit          ]          0.000
[0.242s][info ][os,thread               ] JavaThread exiting (tid: 31491).
[0.242s][trace][gc,remset,exit          ]  Current rem set statistics
[0.242s][debug][thread,smr              ] tid=31491: Threads::remove: new ThreadsList=0x00006000003b7620
[0.242s][trace][gc,remset,exit          ]   Total per region rem sets sizes = 551K. Max = 4344B.
[0.242s][debug][thread,smr              ] tid=31491: ThreadsSMRSupport::free_list: threads=0x000060000039c040 is freed.
[0.242s][trace][gc,remset,exit          ]         4344B (  0.8%) by 1 Young regions
[0.242s][debug][os,thread,timer         ] name='Signal Dispatcher', exit-phase1=0, exit-phase2=0, exit-phase3=0, exit-phase4=0
[0.242s][trace][gc,remset,exit          ]            0B (  0.0%) by 0 Humongous regions
[0.242s][debug][thread,smr              ] tid=31491: ThreadsSMRSupport::smr_delete: thread=0x00007f8f4f03ca00 is deleted.
[0.242s][trace][gc,remset,exit          ]          538K ( 97.7%) by 127 Free regions
[0.242s][trace][oopstorage,ref          ] Thread OopStorage: releasing 0x00007f8f4e2058d8
[0.242s][info ][os,thread               ] Thread finished (tid: 31491, pthread id: 123145553289216).
[0.242s][trace][gc,remset,exit          ]            0B (  0.0%) by 0 Old regions
[0.242s][trace][gc,remset,exit          ]         8688B (  1.5%) by 2 Archive regions
[0.242s][trace][gc,remset,exit          ]    Static structures = 784K, free_lists = 0B.
[0.242s][trace][gc,remset,exit          ]     0 occupied cards represented.
[0.242s][trace][gc,remset,exit          ]             0 (  0.0%) entries by 1 Young regions
[0.242s][trace][gc,remset,exit          ]             0 (  0.0%) entries by 0 Humongous regions
[0.242s][trace][gc,remset,exit          ]             0 (  0.0%) entries by 127 Free regions
[0.242s][trace][gc,remset,exit          ]             0 (  0.0%) entries by 0 Old regions
[0.242s][trace][gc,remset,exit          ]             0 (  0.0%) entries by 2 Archive regions
[0.242s][trace][gc,remset,exit          ]     Region with largest rem set = 0:(F)[0x0000000600000000,0x0000000600000000,0x0000000600400000], size = 4344B, occupied = 0B.
[0.242s][trace][gc,remset,exit          ]   Total heap region code root sets sizes = 2080B.  Max = 16B.
[0.242s][trace][gc,remset,exit          ]           16B (  0.8%) by 1 Young regions
[0.242s][trace][gc,remset,exit          ]            0B (  0.0%) by 0 Humongous regions
[0.242s][trace][gc,remset,exit          ]         2032B ( 97.7%) by 127 Free regions
[0.242s][trace][gc,remset,exit          ]            0B (  0.0%) by 0 Old regions
[0.242s][trace][gc,remset,exit          ]           32B (  1.5%) by 2 Archive regions
[0.242s][trace][gc,remset,exit          ]     0 code roots represented.
[0.242s][trace][gc,remset,exit          ]             0 (  0.0%) elements by 1 Young regions
[0.242s][trace][gc,remset,exit          ]             0 (  0.0%) elements by 0 Humongous regions
[0.242s][trace][gc,remset,exit          ]             0 (  0.0%) elements by 127 Free regions
[0.242s][trace][gc,remset,exit          ]             0 (  0.0%) elements by 0 Old regions
[0.242s][trace][gc,remset,exit          ]             0 (  0.0%) elements by 2 Archive regions
[0.242s][trace][gc,remset,exit          ]     Region with largest amount of code roots = 0:(F)[0x0000000600000000,0x0000000600000000,0x0000000600400000], size = 16B, num_elems = 0.
[0.242s][trace][gc,marking              ]  Concurrent marking:
[0.242s][trace][gc,marking              ]       0   init marks: total time =     0.00 s (avg =     0.00 ms).
[0.242s][trace][gc,marking              ]       0      remarks: total time =     0.00 s (avg =     0.00 ms).
[0.242s][trace][gc,marking              ]          0  final marks: total time =     0.00 s (avg =     0.00 ms).
[0.242s][trace][gc,marking              ]          0    weak refs: total time =     0.00 s (avg =     0.00 ms).
[0.242s][trace][gc,marking              ]       0     cleanups: total time =     0.00 s (avg =     0.00 ms).
[0.242s][trace][gc,marking              ]     Finalize live data total time =     0.00 s (avg =     0.00 ms).
[0.242s][trace][gc,marking              ]   Total stop_world time =     0.00 s.
[0.242s][trace][gc,marking              ]   Total concurrent time =     0.00 s (    0.00 s marking).
[0.242s][debug][os,thread               ] Thread 10243 stack guard pages removed: 0x000070000e439000-0x000070000e43d000.
[0.242s][info ][os,thread               ] JavaThread exiting (tid: 10243).
[0.242s][debug][thread,smr              ] tid=10243: Threads::remove: new ThreadsList=0x00006000003b3860
[0.242s][debug][thread,smr              ] tid=10243: ThreadsSMRSupport::free_list: threads=0x00006000003b7620 is freed.
[0.242s][debug][os,thread,timer         ] name='DestroyJavaVM', exit-phase1=0, exit-phase2=0, exit-phase3=0, exit-phase4=0
[0.243s][debug][safepoint               ] Safepoint synchronization initiated using semaphore wait barrier. (9 threads)
[0.243s][trace][safepoint               ] Setting thread local yield flag for threads
[0.243s][info ][safepoint,cleanup       ] updating inline caches, 0.0000004 secs
[0.243s][trace][monitorinflation        ] Checking in_use_list:
[0.243s][trace][monitorinflation        ] count=4, max=4
[0.243s][trace][monitorinflation        ] in_use_count=4 equals ck_in_use_count=4
[0.243s][trace][monitorinflation        ] in_use_max=4 equals ck_in_use_max=4
[0.243s][trace][monitorinflation        ] No errors found in in_use_list checks.
[0.243s][trace][monitorinflation        ] In-use monitor info:
[0.243s][trace][monitorinflation        ] (B -> is_busy, H -> has hash code, L -> lock status)
[0.243s][trace][monitorinflation        ]            monitor  BHL              object         object type
[0.243s][trace][monitorinflation        ] ==================  ===  ==================  ==================
[0.243s][trace][monitorinflation        ] 0x00006000038ac1a0  100  0x000000061fc19a68  java.lang.ref.ReferenceQueue$Lock (is_busy: waiters=1, contentions=0owner=0x0000000000000000, cxq=0x0000000000000000, EntryList=0x0000000000000000)
[0.243s][trace][monitorinflation        ] 0x00006000038ac0d0  100  0x000000061fc02f60  java.lang.ref.ReferenceQueue$Lock (is_busy: waiters=1, contentions=0owner=0x0000000000000000, cxq=0x0000000000000000, EntryList=0x0000000000000000)
[0.243s][trace][monitorinflation        ] 0x00006000038b0340  000  0x000000061fc7ae30  java.lang.Object
[0.243s][trace][monitorinflation        ] 0x00006000038ac000  000  0x000000061fc00260  [I
[0.243s][info ][safepoint,cleanup       ] safepoint cleanup tasks, 0.0001728 secs
[0.243s][info ][monitorinflation        ] Starting the final audit.
[0.243s][debug][monitorinflation        ] begin deflating: in_use_list stats: ceiling=10240, count=4, max=4
[0.243s][trace][monitorinflation,owner  ] try_set_owner_from(): mid=0x00006000038b0340, prev=0x0000000000000000, new=0xffffffffffffffff
[0.243s][trace][monitorinflation        ] deflate_monitor: object=0x000000061fc7ae30, mark=0x00006000038b0342, type='java.lang.Object'
[0.243s][trace][monitorinflation,owner  ] try_set_owner_from(): mid=0x00006000038ac000, prev=0x0000000000000000, new=0xffffffffffffffff
[0.243s][trace][monitorinflation        ] deflate_monitor: object=0x000000061fc00260, mark=0x00006000038ac002, type='[I'
[0.243s][trace][oopstorage,ref          ] ObjectSynchronizer Weak: releasing 0x00007f8f4e105b08
[0.243s][trace][oopstorage,ref          ] ObjectSynchronizer Weak: releasing 0x00007f8f4e105b00
[0.243s][debug][monitorinflation        ] deflated 2 monitors in 0.0000583 secs
[0.243s][debug][monitorinflation        ] end deflating: in_use_list stats: ceiling=10240, count=2, max=4
[0.243s][debug][monitorinflation        ] begin deflating: in_use_list stats: ceiling=10240, count=2, max=4
[0.243s][debug][monitorinflation        ] deflated 0 monitors in 0.0000003 secs
[0.243s][debug][monitorinflation        ] end deflating: in_use_list stats: ceiling=10240, count=2, max=4
[0.243s][trace][monitorinflation        ] Checking in_use_list:
[0.243s][trace][monitorinflation        ] count=2, max=4
[0.243s][trace][monitorinflation        ] in_use_count=2 equals ck_in_use_count=2
[0.243s][trace][monitorinflation        ] in_use_max=4 equals ck_in_use_max=4
[0.243s][trace][monitorinflation        ] No errors found in in_use_list checks.
[0.243s][trace][monitorinflation        ] In-use monitor info:
[0.243s][trace][monitorinflation        ] (B -> is_busy, H -> has hash code, L -> lock status)
[0.243s][trace][monitorinflation        ]            monitor  BHL              object         object type
[0.243s][trace][monitorinflation        ] ==================  ===  ==================  ==================
[0.243s][trace][monitorinflation        ] 0x00006000038ac1a0  100  0x000000061fc19a68  java.lang.ref.ReferenceQueue$Lock (is_busy: waiters=1, contentions=0owner=0x0000000000000000, cxq=0x0000000000000000, EntryList=0x0000000000000000)
[0.243s][trace][monitorinflation        ] 0x00006000038ac0d0  100  0x000000061fc02f60  java.lang.ref.ReferenceQueue$Lock (is_busy: waiters=1, contentions=0owner=0x0000000000000000, cxq=0x0000000000000000, EntryList=0x0000000000000000)
[0.243s][info ][os,thread               ] Thread finished (tid: 18179, pthread id: 123145549033472).
[0.244s][debug][perf,datacreation       ] Total = 187, Sampled = 1, Constants = 51
[0.244s][info ][safepoint,stats         ] None                                 1
[0.244s][info ][safepoint,stats         ] Maximum sync time  0 ns
[0.245s][info ][safepoint,stats         ] Maximum cleanup time  0 ns
[0.245s][info ][safepoint,stats         ] Maximum vm operation time (except for Exit VM operation)  0 ns
